# Legnica receiver log, slot S = 2026-09-28 12:48:00 UTC, window S-30 s .. S+45 s ($GPRMC lines omitted)
# column 1-2: host receive time (UTC, NTP); $PECZ = receiver diagnostics, [uptime s]
2026-09-28 12:47:30.043  2026-09-28 12:47:30
2026-09-28 12:47:31.044  2026-09-28 12:47:31
2026-09-28 12:47:32.045  2026-09-28 12:47:32
2026-09-28 12:47:33.046  2026-09-28 12:47:33
2026-09-28 12:47:34.047  2026-09-28 12:47:34
2026-09-28 12:47:35.048  2026-09-28 12:47:35
2026-09-28 12:47:36.039  2026-09-28 12:47:36
2026-09-28 12:47:36.238  TX end CW at 12:47:36.202, 36.2 s
2026-09-28 12:47:36.392  $PECZ,[ 137279.2] SIGNAL  level  62% [############--------] OK, volume 57/63, centre 1% | carrier 1015.38 Hz (+15.38) locked, '0' bits at -33 deg, noise 20 deg | radio RSSI 64 dBuV SNR 0 dB*64
2026-09-28 12:47:37.046  2026-09-28 12:47:37
2026-09-28 12:47:37.377  $PECZ,[ 137280.2] STATUS  2026-09-28 12:47:37 UTC (14:47:37 local, UTC+2) VALID, last good frame 85 s ago | frames heard 6416, undecodable 3700, accepted 2626 (2028 by matching the expected fr*49
2026-09-28 12:47:38.041  2026-09-28 12:47:38
2026-09-28 12:47:39.042  2026-09-28 12:47:39
2026-09-28 12:47:40.044  2026-09-28 12:47:40
2026-09-28 12:47:41.044  2026-09-28 12:47:41
2026-09-28 12:47:42.045  2026-09-28 12:47:42
2026-09-28 12:47:43.047  2026-09-28 12:47:43
2026-09-28 12:47:44.048  2026-09-28 12:47:44
2026-09-28 12:47:45.048  2026-09-28 12:47:45
2026-09-28 12:47:46.039  2026-09-28 12:47:46
2026-09-28 12:47:46.392  $PECZ,[ 137289.2] SIGNAL  level  56% [###########---------] OK, volume 57/63, centre -1% | carrier 1015.35 Hz (+15.35) locked, '0' bits at -33 deg, noise 21 deg | radio RSSI 64 dBuV SNR 0 dB*4E
2026-09-28 12:47:47.045  2026-09-28 12:47:47
2026-09-28 12:47:47.376  $PECZ,[ 137290.2] STATUS  2026-09-28 12:47:47 UTC (14:47:47 local, UTC+2) VALID, last good frame 95 s ago | frames heard 6416, undecodable 3700, accepted 2626 (2028 by matching the expected fr*49
2026-09-28 12:47:48.039  2026-09-28 12:47:48
2026-09-28 12:47:49.042  2026-09-28 12:47:49
2026-09-28 12:47:50.043  2026-09-28 12:47:50
2026-09-28 12:47:51.044  2026-09-28 12:47:51
2026-09-28 12:47:52.045  2026-09-28 12:47:52
2026-09-28 12:47:53.046  2026-09-28 12:47:53
2026-09-28 12:47:54.048  2026-09-28 12:47:54
2026-09-28 12:47:55.049  2026-09-28 12:47:55
2026-09-28 12:47:56.040  2026-09-28 12:47:56
2026-09-28 12:47:56.392  $PECZ,[ 137299.2] SIGNAL  level  59% [###########---------] OK, volume 57/63, centre -5% | carrier 1015.31 Hz (+15.31) locked, '0' bits at -33 deg, noise 22 deg | radio RSSI 64 dBuV SNR 0 dB*47
2026-09-28 12:47:57.047  2026-09-28 12:47:57
2026-09-28 12:47:57.377  $PECZ,[ 137300.2] STATUS  2026-09-28 12:47:57 UTC (14:47:57 local, UTC+2) VALID, last good frame 105 s ago | frames heard 6416, undecodable 3700, accepted 2626 (2028 by matching the expected f*0B
2026-09-28 12:47:58.042  2026-09-28 12:47:58
2026-09-28 12:47:59.043  2026-09-28 12:47:59
2026-09-28 12:48:00.040  TX start Q65 at 12:48:00.000
2026-09-28 12:48:00.045  2026-09-28 12:48:00
2026-09-28 12:48:01.046  2026-09-28 12:48:01
2026-09-28 12:48:02.047  2026-09-28 12:48:02
2026-09-28 12:48:03.048  2026-09-28 12:48:03
2026-09-28 12:48:04.039  2026-09-28 12:48:04
2026-09-28 12:48:05.041  2026-09-28 12:48:05
2026-09-28 12:48:06.041  2026-09-28 12:48:06
2026-09-28 12:48:06.392  $PECZ,[ 137309.2] SIGNAL  level  55% [###########---------] OK, volume 57/63, centre 0% | carrier 1015.28 Hz (+15.28) locked, '0' bits at -33 deg, noise 19 deg | radio RSSI 64 dBuV SNR 0 dB*63
2026-09-28 12:48:07.047  2026-09-28 12:48:07
2026-09-28 12:48:07.377  $PECZ,[ 137310.2] STATUS  2026-09-28 12:48:07 UTC (14:48:07 local, UTC+2) VALID, last good frame 115 s ago | frames heard 6416, undecodable 3700, accepted 2626 (2028 by matching the expected f*0B
2026-09-28 12:48:08.042  2026-09-28 12:48:08
2026-09-28 12:48:09.044  2026-09-28 12:48:09
2026-09-28 12:48:10.045  2026-09-28 12:48:10
2026-09-28 12:48:11.046  2026-09-28 12:48:11
2026-09-28 12:48:12.047  2026-09-28 12:48:12
2026-09-28 12:48:13.048  2026-09-28 12:48:13
2026-09-28 12:48:14.048  2026-09-28 12:48:14
2026-09-28 12:48:15.040  2026-09-28 12:48:15
2026-09-28 12:48:16.041  2026-09-28 12:48:16
2026-09-28 12:48:16.392  $PECZ,[ 137319.2] SIGNAL  level  60% [############--------] OK, volume 57/63, centre 0% | carrier 1015.42 Hz (+15.42) locked, '0' bits at -33 deg, noise 20 deg | radio RSSI 64 dBuV SNR 0 dB*60
2026-09-28 12:48:17.045  2026-09-28 12:48:17
2026-09-28 12:48:17.377  $PECZ,[ 137320.2] STATUS  2026-09-28 12:48:17 UTC (14:48:17 local, UTC+2) VALID, last good frame 125 s ago | frames heard 6416, undecodable 3700, accepted 2626 (2028 by matching the expected f*0B
2026-09-28 12:48:18.040  2026-09-28 12:48:18
2026-09-28 12:48:19.043  2026-09-28 12:48:19
2026-09-28 12:48:20.045  2026-09-28 12:48:20
2026-09-28 12:48:21.045  2026-09-28 12:48:21
2026-09-28 12:48:22.047  2026-09-28 12:48:22
2026-09-28 12:48:23.048  2026-09-28 12:48:23
2026-09-28 12:48:24.048  2026-09-28 12:48:24
2026-09-28 12:48:25.039  2026-09-28 12:48:25
2026-09-28 12:48:26.040  2026-09-28 12:48:26
2026-09-28 12:48:26.393  $PECZ,[ 137329.2] SIGNAL  level  59% [###########---------] OK, volume 57/63, centre -3% | carrier 1015.36 Hz (+15.36) locked, '0' bits at -33 deg, noise 20 deg | radio RSSI 64 dBuV SNR 0 dB*49
2026-09-28 12:48:27.047  2026-09-28 12:48:27
2026-09-28 12:48:27.378  $PECZ,[ 137330.2] STATUS  2026-09-28 12:48:27 UTC (14:48:27 local, UTC+2) VALID, last good frame 135 s ago | frames heard 6416, undecodable 3700, accepted 2626 (2028 by matching the expected f*0B
2026-09-28 12:48:28.042  2026-09-28 12:48:28
2026-09-28 12:48:29.043  2026-09-28 12:48:29
2026-09-28 12:48:30.044  2026-09-28 12:48:30
2026-09-28 12:48:31.045  2026-09-28 12:48:31
2026-09-28 12:48:32.046  2026-09-28 12:48:32
2026-09-28 12:48:33.047  2026-09-28 12:48:33
2026-09-28 12:48:34.038  2026-09-28 12:48:34
2026-09-28 12:48:35.039  2026-09-28 12:48:35
2026-09-28 12:48:36.040  2026-09-28 12:48:36
2026-09-28 12:48:36.393  $PECZ,[ 137339.2] SIGNAL  level  62% [############--------] OK, volume 57/63, centre 3% | carrier 1015.34 Hz (+15.34) locked, '0' bits at -33 deg, noise 20 deg | radio RSSI 64 dBuV SNR 0 dB*63
2026-09-28 12:48:37.047  2026-09-28 12:48:37
2026-09-28 12:48:37.378  $PECZ,[ 137340.2] STATUS  2026-09-28 12:48:37 UTC (14:48:37 local, UTC+2) VALID, last good frame 145 s ago | frames heard 6416, undecodable 3700, accepted 2626 (2028 by matching the expected f*0B
2026-09-28 12:48:38.042  2026-09-28 12:48:38
2026-09-28 12:48:39.043  2026-09-28 12:48:39
2026-09-28 12:48:40.045  2026-09-28 12:48:40
2026-09-28 12:48:41.045  2026-09-28 12:48:41
2026-09-28 12:48:42.046  2026-09-28 12:48:42
2026-09-28 12:48:43.047  2026-09-28 12:48:43
2026-09-28 12:48:44.038  2026-09-28 12:48:44
