# Legnica receiver log, slot S = 2026-09-28 03:21:54 UTC, window S-30 s .. S+45 s ($GPRMC lines omitted)
# column 1-2: host receive time (UTC, NTP); $PECZ = receiver diagnostics, [uptime s]
2026-09-28 03:21:24.050  2026-09-28 03:21:24
2026-09-28 03:21:25.051  2026-09-28 03:21:25
2026-09-28 03:21:25.512  $PECZ,[ 103309.1] SIGNAL  level  58% [###########---------] OK, volume 57/63, centre 2% | carrier 1020.89 Hz (+20.89) locked, '0' bits at -33 deg, noise 28 deg | radio RSSI 64 dBuV SNR 0 dB*6A
2026-09-28 03:21:26.044  2026-09-28 03:21:26
2026-09-28 03:21:26.518  $PECZ,[ 103310.1] STATUS  2026-09-28 03:21:26 UTC (05:21:26 local, UTC+2) VALID, last good frame 344 s ago | frames heard 5263, undecodable 2993, accepted 2197 (1616 by matching the expected f*0E
2026-09-28 03:21:27.051  2026-09-28 03:21:27
2026-09-28 03:21:28.055  2026-09-28 03:21:28
2026-09-28 03:21:29.045  2026-09-28 03:21:29
2026-09-28 03:21:30.047  2026-09-28 03:21:30
2026-09-28 03:21:31.048  2026-09-28 03:21:31
2026-09-28 03:21:32.048  2026-09-28 03:21:32
2026-09-28 03:21:33.049  2026-09-28 03:21:33
2026-09-28 03:21:34.051  2026-09-28 03:21:34
2026-09-28 03:21:35.052  2026-09-28 03:21:35
2026-09-28 03:21:35.511  $PECZ,[ 103319.1] SIGNAL  level  60% [############--------] OK, volume 57/63, centre 1% | carrier 1021.19 Hz (+21.19) locked, '0' bits at -33 deg, noise 25 deg | radio RSSI 64 dBuV SNR 0 dB*60
2026-09-28 03:21:36.047  2026-09-28 03:21:36
2026-09-28 03:21:36.249  TX end CW at 03:21:36.206, 36.2 s
2026-09-28 03:21:36.519  $PECZ,[ 103320.1] STATUS  2026-09-28 03:21:36 UTC (05:21:36 local, UTC+2) VALID, last good frame 354 s ago | frames heard 5263, undecodable 2993, accepted 2197 (1616 by matching the expected f*0C
2026-09-28 03:21:37.053  2026-09-28 03:21:37
2026-09-28 03:21:38.055  2026-09-28 03:21:38
2026-09-28 03:21:39.046  2026-09-28 03:21:39
2026-09-28 03:21:40.047  2026-09-28 03:21:40
2026-09-28 03:21:41.048  2026-09-28 03:21:41
2026-09-28 03:21:42.049  2026-09-28 03:21:42
2026-09-28 03:21:43.050  2026-09-28 03:21:43
2026-09-28 03:21:44.050  2026-09-28 03:21:44
2026-09-28 03:21:45.051  2026-09-28 03:21:45
2026-09-28 03:21:45.511  $PECZ,[ 103329.1] SIGNAL  level  60% [############--------] OK, volume 57/63, centre -2% | carrier 1020.92 Hz (+20.92) locked, '0' bits at -33 deg, noise 22 deg | radio RSSI 64 dBuV SNR 0 dB*4A
2026-09-28 03:21:46.044  2026-09-28 03:21:46
2026-09-28 03:21:46.518  $PECZ,[ 103330.1] STATUS  2026-09-28 03:21:46 UTC (05:21:46 local, UTC+2) VALID, last good frame 364 s ago | frames heard 5263, undecodable 2993, accepted 2197 (1616 by matching the expected f*0E
2026-09-28 03:21:47.051  2026-09-28 03:21:47
2026-09-28 03:21:48.054  2026-09-28 03:21:48
2026-09-28 03:21:49.045  2026-09-28 03:21:49
2026-09-28 03:21:50.046  2026-09-28 03:21:50
2026-09-28 03:21:51.047  2026-09-28 03:21:51
2026-09-28 03:21:52.048  2026-09-28 03:21:52
2026-09-28 03:21:53.049  2026-09-28 03:21:53
2026-09-28 03:21:54.050  2026-09-28 03:21:54
2026-09-28 03:21:55.051  2026-09-28 03:21:55
2026-09-28 03:21:55.511  $PECZ,[ 103339.1] SIGNAL  level  62% [############--------] OK, volume 57/63, centre -2% | carrier 1020.81 Hz (+20.81) locked, '0' bits at -33 deg, noise 26 deg | radio RSSI 64 dBuV SNR 0 dB*4D
2026-09-28 03:21:56.044  2026-09-28 03:21:56
2026-09-28 03:21:56.519  $PECZ,[ 103340.1] STATUS  2026-09-28 03:21:56 UTC (05:21:56 local, UTC+2) VALID, last good frame 374 s ago | frames heard 5263, undecodable 2993, accepted 2197 (1616 by matching the expected f*08
2026-09-28 03:21:57.052  2026-09-28 03:21:57
2026-09-28 03:21:58.045  2026-09-28 03:21:58
2026-09-28 03:21:59.047  2026-09-28 03:21:59
2026-09-28 03:22:00.044  TX start Q65 at 03:22:00.000
2026-09-28 03:22:00.048  2026-09-28 03:22:00
2026-09-28 03:22:01.050  2026-09-28 03:22:01
2026-09-28 03:22:02.051  2026-09-28 03:22:02
2026-09-28 03:22:03.052  2026-09-28 03:22:03
2026-09-28 03:22:04.053  2026-09-28 03:22:04
2026-09-28 03:22:05.054  2026-09-28 03:22:05
2026-09-28 03:22:05.514  $PECZ,[ 103349.1] SIGNAL  level  57% [###########---------] OK, volume 57/63, centre -1% | carrier 1021.00 Hz (+21.00) locked, '0' bits at -33 deg, noise 27 deg | radio RSSI 64 dBuV SNR 0 dB*40
2026-09-28 03:22:06.049  2026-09-28 03:22:06
2026-09-28 03:22:06.520  $PECZ,[ 103350.1] STATUS  2026-09-28 03:22:06 UTC (05:22:06 local, UTC+2) VALID, last good frame 384 s ago | frames heard 5263, undecodable 2993, accepted 2197 (1616 by matching the expected f*06
2026-09-28 03:22:07.055  2026-09-28 03:22:07
2026-09-28 03:22:08.046  2026-09-28 03:22:08
2026-09-28 03:22:09.047  2026-09-28 03:22:09
2026-09-28 03:22:10.048  2026-09-28 03:22:10
2026-09-28 03:22:11.049  2026-09-28 03:22:11
2026-09-28 03:22:12.050  2026-09-28 03:22:12
2026-09-28 03:22:13.051  2026-09-28 03:22:13
2026-09-28 03:22:14.052  2026-09-28 03:22:14
2026-09-28 03:22:15.053  2026-09-28 03:22:15
2026-09-28 03:22:15.513  $PECZ,[ 103359.1] SIGNAL  level  62% [############--------] OK, volume 57/63, centre -2% | carrier 1020.84 Hz (+20.84) locked, '0' bits at -33 deg, noise 21 deg | radio RSSI 64 dBuV SNR 0 dB*4C
2026-09-28 03:22:16.046  2026-09-28 03:22:16
2026-09-28 03:22:16.520  $PECZ,[ 103360.1] STATUS  2026-09-28 03:22:16 UTC (05:22:16 local, UTC+2) VALID, last good frame 394 s ago | frames heard 5263, undecodable 2993, accepted 2197 (1616 by matching the expected f*04
2026-09-28 03:22:17.053  2026-09-28 03:22:17
2026-09-28 03:22:18.045  2026-09-28 03:22:18
2026-09-28 03:22:19.046  2026-09-28 03:22:19
2026-09-28 03:22:20.047  2026-09-28 03:22:20
2026-09-28 03:22:21.048  2026-09-28 03:22:21
2026-09-28 03:22:22.049  2026-09-28 03:22:22
2026-09-28 03:22:23.062  2026-09-28 03:22:23
2026-09-28 03:22:24.052  2026-09-28 03:22:24
2026-09-28 03:22:25.052  2026-09-28 03:22:25
2026-09-28 03:22:25.513  $PECZ,[ 103369.1] SIGNAL  level  63% [############--------] OK, volume 57/63, centre 1% | carrier 1021.03 Hz (+21.03) locked, '0' bits at -33 deg, noise 21 deg | radio RSSI 64 dBuV SNR 0 dB*60
2026-09-28 03:22:26.046  2026-09-28 03:22:26
2026-09-28 03:22:26.521  $PECZ,[ 103370.1] STATUS  2026-09-28 03:22:26 UTC (05:22:26 local, UTC+2) VALID, last good frame 404 s ago | frames heard 5263, undecodable 2993, accepted 2197 (1616 by matching the expected f*0B
2026-09-28 03:22:27.043  2026-09-28 03:22:27
2026-09-28 03:22:28.047  2026-09-28 03:22:28
2026-09-28 03:22:29.047  2026-09-28 03:22:29
2026-09-28 03:22:30.048  2026-09-28 03:22:30
2026-09-28 03:22:31.049  2026-09-28 03:22:31
2026-09-28 03:22:32.050  2026-09-28 03:22:32
2026-09-28 03:22:33.051  2026-09-28 03:22:33
2026-09-28 03:22:34.052  2026-09-28 03:22:34
2026-09-28 03:22:35.053  2026-09-28 03:22:35
2026-09-28 03:22:35.514  $PECZ,[ 103379.1] SIGNAL  level  63% [############--------] OK, volume 57/63, centre 0% | carrier 1020.99 Hz (+20.99) locked, '0' bits at -33 deg, noise 19 deg | radio RSSI 65 dBuV SNR 0 dB*6A
2026-09-28 03:22:36.048  2026-09-28 03:22:36
2026-09-28 03:22:36.521  $PECZ,[ 103380.1] STATUS  2026-09-28 03:22:36 UTC (05:22:36 local, UTC+2) VALID, last good frame 414 s ago | frames heard 5263, undecodable 2993, accepted 2197 (1616 by matching the expected f*05
2026-09-28 03:22:37.045  2026-09-28 03:22:37
2026-09-28 03:22:38.046  2026-09-28 03:22:38
2026-09-28 03:22:39.047  2026-09-28 03:22:39
