# Legnica receiver log, slot S = 2026-09-28 06:40:15 UTC, window S-30 s .. S+45 s ($GPRMC lines omitted)
# column 1-2: host receive time (UTC, NTP); $PECZ = receiver diagnostics, [uptime s]
2026-09-28 06:39:45.046  2026-09-28 06:39:45
2026-09-28 06:39:46.037  2026-09-28 06:39:46
2026-09-28 06:39:46.086  $PECZ,[ 115209.2] SIGNAL  level  57% [###########---------] OK, volume 57/63, centre 1% | carrier 1019.97 Hz (+19.97) locked, '0' bits at -33 deg, noise 15 deg | radio RSSI 64 dBuV SNR 0 dB*6D
2026-09-28 06:39:47.042  2026-09-28 06:39:47
2026-09-28 06:39:47.082  $PECZ,[ 115210.1] STATUS  2026-09-28 06:39:46 UTC (08:39:46 local, UTC+2) VALID, last good frame 67 s ago | frames heard 5648, undecodable 3221, accepted 2349 (1762 by matching the expected fr*4D
2026-09-28 06:39:48.038  2026-09-28 06:39:48
2026-09-28 06:39:49.039  2026-09-28 06:39:49
2026-09-28 06:39:50.040  2026-09-28 06:39:50
2026-09-28 06:39:51.041  2026-09-28 06:39:51
2026-09-28 06:39:52.042  2026-09-28 06:39:52
2026-09-28 06:39:53.043  2026-09-28 06:39:53
2026-09-28 06:39:54.044  2026-09-28 06:39:54
2026-09-28 06:39:55.045  2026-09-28 06:39:55
2026-09-28 06:39:56.046  2026-09-28 06:39:56
2026-09-28 06:39:56.085  $PECZ,[ 115219.2] SIGNAL  level  57% [###########---------] OK, volume 57/63, centre 0% | carrier 1019.29 Hz (+19.29) locked, '0' bits at -33 deg, noise 14 deg | radio RSSI 64 dBuV SNR 0 dB*6C
2026-09-28 06:39:57.041  2026-09-28 06:39:57
2026-09-28 06:39:57.082  $PECZ,[ 115220.1] STATUS  2026-09-28 06:39:56 UTC (08:39:56 local, UTC+2) VALID, last good frame 77 s ago | frames heard 5648, undecodable 3221, accepted 2349 (1762 by matching the expected fr*4F
2026-09-28 06:39:58.038  2026-09-28 06:39:58
2026-09-28 06:39:59.039  2026-09-28 06:39:59
2026-09-28 06:40:00.036  TX start Q65 at 06:40:00.000
2026-09-28 06:40:00.041  2026-09-28 06:40:00
2026-09-28 06:40:01.042  2026-09-28 06:40:01
2026-09-28 06:40:02.043  2026-09-28 06:40:02
2026-09-28 06:40:03.044  2026-09-28 06:40:03
2026-09-28 06:40:04.045  2026-09-28 06:40:04
2026-09-28 06:40:05.046  2026-09-28 06:40:05
2026-09-28 06:40:05.083  $PECZ,[ 115228.3] FRAME   #5649 corr 0.33 - not decodable (too many bit errors, snr -2 dB)*2F
2026-09-28 06:40:06.038  2026-09-28 06:40:06
2026-09-28 06:40:06.088  $PECZ,[ 115229.2] SIGNAL  level  58% [###########---------] OK, volume 57/63, centre 5% | carrier 1019.53 Hz (+19.53) locked, '0' bits at -33 deg, noise 17 deg | radio RSSI 64 dBuV SNR 0 dB*66
2026-09-28 06:40:07.043  2026-09-28 06:40:07
2026-09-28 06:40:07.083  $PECZ,[ 115230.1] STATUS  2026-09-28 06:40:06 UTC (08:40:06 local, UTC+2) VALID, last good frame 87 s ago | frames heard 5649, undecodable 3222, accepted 2349 (1762 by matching the expected fr*43
2026-09-28 06:40:08.038  2026-09-28 06:40:08
2026-09-28 06:40:09.039  2026-09-28 06:40:09
2026-09-28 06:40:10.040  2026-09-28 06:40:10
2026-09-28 06:40:11.041  2026-09-28 06:40:11
2026-09-28 06:40:12.042  2026-09-28 06:40:12
2026-09-28 06:40:13.043  2026-09-28 06:40:13
2026-09-28 06:40:14.044  2026-09-28 06:40:14
2026-09-28 06:40:15.045  2026-09-28 06:40:15
2026-09-28 06:40:16.046  2026-09-28 06:40:16
2026-09-28 06:40:16.086  $PECZ,[ 115239.2] SIGNAL  level  60% [############--------] OK, volume 57/63, centre -1% | carrier 1019.54 Hz (+19.54) locked, '0' bits at -33 deg, noise 15 deg | radio RSSI 64 dBuV SNR 0 dB*49
2026-09-28 06:40:17.041  2026-09-28 06:40:17
2026-09-28 06:40:17.083  $PECZ,[ 115240.1] STATUS  2026-09-28 06:40:16 UTC (08:40:16 local, UTC+2) VALID, last good frame 97 s ago | frames heard 5649, undecodable 3222, accepted 2349 (1762 by matching the expected fr*45
2026-09-28 06:40:17.555  $PECZ,[ 115240.9] FRAME   #5650 corr 0.35 - not decodable (too many bit errors, snr 1 dB)*0B
2026-09-28 06:40:18.038  2026-09-28 06:40:18
2026-09-28 06:40:19.041  2026-09-28 06:40:19
2026-09-28 06:40:20.042  2026-09-28 06:40:20
2026-09-28 06:40:21.043  2026-09-28 06:40:21
2026-09-28 06:40:22.044  2026-09-28 06:40:22
2026-09-28 06:40:23.045  2026-09-28 06:40:23
2026-09-28 06:40:24.046  2026-09-28 06:40:24
2026-09-28 06:40:25.037  2026-09-28 06:40:25
2026-09-28 06:40:26.038  2026-09-28 06:40:26
2026-09-28 06:40:26.088  $PECZ,[ 115249.2] SIGNAL  level  58% [###########---------] OK, volume 57/63, centre 0% | carrier 1019.92 Hz (+19.92) locked, '0' bits at -33 deg, noise 17 deg | radio RSSI 64 dBuV SNR 0 dB*65
2026-09-28 06:40:27.042  2026-09-28 06:40:27
2026-09-28 06:40:27.084  $PECZ,[ 115250.1] STATUS  2026-09-28 06:40:26 UTC (08:40:26 local, UTC+2) VALID, last good frame 107 s ago | frames heard 5650, undecodable 3223, accepted 2349 (1762 by matching the expected f*07
2026-09-28 06:40:28.038  2026-09-28 06:40:28
2026-09-28 06:40:29.039  2026-09-28 06:40:29
2026-09-28 06:40:29.087  $PECZ,[ 115252.4] FRAME   #5651 corr 0.35 - not decodable, but 0.88 of it agrees with the expected frame (snr 0 dB): 2026-09-28 06:40:27 UTC (08:40:27 local, UTC+2)*20
2026-09-28 06:40:29.098  $PECZ,[ 115252.4] CLOCK   confirmed, error +0.82 ms, xtal -24139 ppb*0D
2026-09-28 06:40:30.042  2026-09-28 06:40:30
2026-09-28 06:40:31.044  2026-09-28 06:40:31
2026-09-28 06:40:32.044  2026-09-28 06:40:32
2026-09-28 06:40:33.045  2026-09-28 06:40:33
2026-09-28 06:40:34.036  2026-09-28 06:40:34
2026-09-28 06:40:35.037  2026-09-28 06:40:35
2026-09-28 06:40:35.807  $PECZ,[ 115259.1] FRAME   #5652 corr 0.33 snr -6 dB, fixed 5 symbol(s): 2057-01-07 08:04:15 UTC (09:04:15 local, UTC+1) leap second insertion announced DST change announced*46
2026-09-28 06:40:35.817  $PECZ,[ 115259.2] CLOCK   REJECTED - frame differs from clock by 1535365160 ms (kept as candidate)*5C
2026-09-28 06:40:35.827  $PECZ,[ 115259.2] RAW     55 55 60 BB A7 5A 2B FD 85 AF 51 A9 *55
2026-09-28 06:40:36.041  2026-09-28 06:40:36
2026-09-28 06:40:36.083  $PECZ,[ 115259.2] SIGNAL  level  62% [############--------] OK, volume 57/63, centre 1% | carrier 1020.09 Hz (+20.09) locked, '0' bits at -33 deg, noise 16 deg | radio RSSI 64 dBuV SNR 0 dB*63
2026-09-28 06:40:37.038  2026-09-28 06:40:37
2026-09-28 06:40:37.089  $PECZ,[ 115260.1] STATUS  2026-09-28 06:40:36 UTC (08:40:36 local, UTC+2) VALID, last good frame 9 s ago | frames heard 5652, undecodable 3223, accepted 2350 (1763 by matching the expected fra*13
2026-09-28 06:40:38.043  2026-09-28 06:40:38
2026-09-28 06:40:39.044  2026-09-28 06:40:39
2026-09-28 06:40:40.045  2026-09-28 06:40:40
2026-09-28 06:40:41.036  2026-09-28 06:40:41
2026-09-28 06:40:42.037  2026-09-28 06:40:42
2026-09-28 06:40:43.038  2026-09-28 06:40:43
2026-09-28 06:40:44.039  2026-09-28 06:40:44
2026-09-28 06:40:45.040  2026-09-28 06:40:45
2026-09-28 06:40:46.041  2026-09-28 06:40:46
2026-09-28 06:40:46.084  $PECZ,[ 115269.2] SIGNAL  level  59% [###########---------] OK, volume 57/63, centre -1% | carrier 1020.22 Hz (+20.22) locked, '0' bits at -33 deg, noise 13 deg | radio RSSI 65 dBuV SNR 0 dB*4F
2026-09-28 06:40:47.038  2026-09-28 06:40:47
2026-09-28 06:40:47.089  $PECZ,[ 115270.1] STATUS  2026-09-28 06:40:46 UTC (08:40:46 local, UTC+2) VALID, last good frame 19 s ago | frames heard 5652, undecodable 3223, accepted 2350 (1763 by matching the expected fr*42
2026-09-28 06:40:48.043  2026-09-28 06:40:48
2026-09-28 06:40:49.044  2026-09-28 06:40:49
2026-09-28 06:40:50.046  2026-09-28 06:40:50
2026-09-28 06:40:51.036  2026-09-28 06:40:51
2026-09-28 06:40:51.039  TX end Q65 at 06:40:51.003, 51.0 s
2026-09-28 06:40:52.037  2026-09-28 06:40:52
2026-09-28 06:40:53.040  2026-09-28 06:40:53
2026-09-28 06:40:54.040  2026-09-28 06:40:54
2026-09-28 06:40:55.041  2026-09-28 06:40:55
2026-09-28 06:40:56.042  2026-09-28 06:40:56
2026-09-28 06:40:56.084  $PECZ,[ 115279.2] SIGNAL  level  56% [###########---------] OK, volume 57/63, centre -3% | carrier 1020.44 Hz (+20.44) locked, '0' bits at -33 deg, noise 18 deg | radio RSSI 64 dBuV SNR 0 dB*49
2026-09-28 06:40:57.038  2026-09-28 06:40:57
2026-09-28 06:40:57.089  $PECZ,[ 115280.1] STATUS  2026-09-28 06:40:56 UTC (08:40:56 local, UTC+2) VALID, last good frame 29 s ago | frames heard 5652, undecodable 3223, accepted 2350 (1763 by matching the expected fr*4E
2026-09-28 06:40:58.044  2026-09-28 06:40:58
2026-09-28 06:40:59.044  2026-09-28 06:40:59
2026-09-28 06:41:00.041  TX start CW at 06:41:00.000
2026-09-28 06:41:00.046  2026-09-28 06:41:00
