# Legnica receiver log, slot S = 2026-09-25 23:47:12 UTC, window S-30 s .. S+45 s ($GPRMC lines omitted)
# column 1-2: host receive time (UTC, NTP); $PECZ = receiver diagnostics, [uptime s]
2026-09-25 23:46:42.041  2026-09-25 23:46:42
2026-09-25 23:46:43.043  2026-09-25 23:46:43
2026-09-25 23:46:44.044  2026-09-25 23:46:44
2026-09-25 23:46:44.087  $PECZ,[   5255.5] FRAME   #525 corr 0.64 snr 1 dB, fixed 0 symbol(s) + soft retry: 2026-09-25 23:46:42 UTC (01:46:42 local, UTC+2)*26
2026-09-25 23:46:44.098  $PECZ,[   5255.5] CLOCK   frame agrees with clock, error -0.15 ms, xtal -23589 ppb*48
2026-09-25 23:46:44.108  $PECZ,[   5255.5] RAW     55 55 60 A2 26 F5 F6 0B 5D F2 94 FA *51
2026-09-25 23:46:45.043  2026-09-25 23:46:45
2026-09-25 23:46:45.050  $PGGUM,A2,26,F5,F6,0B,5D,F2,94,FA,5*74
2026-09-25 23:46:46.045  2026-09-25 23:46:46
2026-09-25 23:46:47.045  2026-09-25 23:46:47
2026-09-25 23:46:47.087  $PECZ,[   5258.5] FRAME   #526 corr 0.69 snr 5 dB, fixed 3 symbol(s) + soft retry: 2026-09-25 23:46:45 UTC (01:46:45 local, UTC+2)*22
2026-09-25 23:46:47.098  $PECZ,[   5258.5] CLOCK   frame agrees with clock, error +0.83 ms, xtal -23400 ppb*4C
2026-09-25 23:46:47.108  $PECZ,[   5258.5] RAW     55 55 60 A2 6F F5 F6 0B 4A 03 DD 73 *55
2026-09-25 23:46:47.453  $PECZ,[   5259.0] SIGNAL  level  64% [############--------] OK, volume 58/63, centre 0% | carrier 1017.28 Hz (+17.28) locked, '0' bits at -34 deg, noise 9 deg | radio RSSI 60 dBuV SNR 0 dB*54
2026-09-25 23:46:48.047  2026-09-25 23:46:48
2026-09-25 23:46:48.054  $PGGUM,A2,6F,F5,F6,0B,4A,03,DD,73,3*7B
2026-09-25 23:46:48.441  $PECZ,[   5260.0] STATUS  2026-09-25 23:46:48 UTC (01:46:48 local, UTC+2) VALID, last good frame 3 s ago | frames heard 526, undecodable 265, accepted 253 (138 by matching the expected frame),*1B
2026-09-25 23:46:49.045  2026-09-25 23:46:49
2026-09-25 23:46:50.036  2026-09-25 23:46:50
2026-09-25 23:46:51.038  2026-09-25 23:46:51
2026-09-25 23:46:51.040  TX end Q65 at 23:46:51.005, 51.0 s
2026-09-25 23:46:52.039  2026-09-25 23:46:52
2026-09-25 23:46:53.041  2026-09-25 23:46:53
2026-09-25 23:46:53.086  $PECZ,[   5264.5] FRAME   #527 corr 0.53 snr 3 dB, fixed 3 symbol(s) + soft retry: 2026-09-25 23:46:51 UTC (01:46:51 local, UTC+2)*23
2026-09-25 23:46:53.098  $PECZ,[   5264.5] CLOCK   frame agrees with clock, error +0.20 ms, xtal -23484 ppb*46
2026-09-25 23:46:53.108  $PECZ,[   5264.5] RAW     55 55 60 A6 26 F1 E1 0B F1 85 B2 98 *53
2026-09-25 23:46:54.044  2026-09-25 23:46:54
2026-09-25 23:46:54.050  $PGGUM,A6,26,F1,E1,0B,F1,85,B2,98,5*74
2026-09-25 23:46:55.045  2026-09-25 23:46:55
2026-09-25 23:46:56.046  2026-09-25 23:46:56
2026-09-25 23:46:57.037  2026-09-25 23:46:57
2026-09-25 23:46:57.457  $PECZ,[   5269.0] SIGNAL  level  64% [############--------] OK, volume 58/63, centre 1% | carrier 1017.37 Hz (+17.37) locked, '0' bits at -26 deg, noise 8 deg | radio RSSI 59 dBuV SNR 0 dB*5E
2026-09-25 23:46:58.042  2026-09-25 23:46:58
2026-09-25 23:46:58.442  $PECZ,[   5270.0] STATUS  2026-09-25 23:46:58 UTC (01:46:58 local, UTC+2) VALID, last good frame 7 s ago | frames heard 527, undecodable 265, accepted 254 (138 by matching the expected frame),*18
2026-09-25 23:46:59.047  2026-09-25 23:46:59
2026-09-25 23:47:00.038  2026-09-25 23:47:00
2026-09-25 23:47:00.041  TX start CW at 23:47:00.007
2026-09-25 23:47:01.039  2026-09-25 23:47:01
2026-09-25 23:47:02.040  2026-09-25 23:47:02
2026-09-25 23:47:03.041  2026-09-25 23:47:03
2026-09-25 23:47:04.042  2026-09-25 23:47:04
2026-09-25 23:47:05.043  2026-09-25 23:47:05
2026-09-25 23:47:05.086  $PECZ,[   5276.5] FRAME   #528 corr 0.59 - not decodable, but 0.98 of it agrees with the expected frame (snr 0 dB): 2026-09-25 23:47:03 UTC (01:47:03 local, UTC+2)*17
2026-09-25 23:47:05.096  $PECZ,[   5276.5] CLOCK   confirmed, error -0.13 ms, xtal -23541 ppb*08
2026-09-25 23:47:06.042  2026-09-25 23:47:06
2026-09-25 23:47:07.043  2026-09-25 23:47:07
2026-09-25 23:47:07.453  $PECZ,[   5279.0] SIGNAL  level  67% [#############-------] OK, volume 58/63, centre 1% | carrier 1017.67 Hz (+17.67) locked, '0' bits at -33 deg, noise 8 deg | radio RSSI 59 dBuV SNR 0 dB*56
2026-09-25 23:47:08.037  2026-09-25 23:47:08
2026-09-25 23:47:08.441  $PECZ,[   5280.0] STATUS  2026-09-25 23:47:08 UTC (01:47:08 local, UTC+2) VALID, last good frame 5 s ago | frames heard 528, undecodable 265, accepted 255 (139 by matching the expected frame),*1A
2026-09-25 23:47:09.044  2026-09-25 23:47:09
2026-09-25 23:47:10.037  2026-09-25 23:47:10
2026-09-25 23:47:11.038  2026-09-25 23:47:11
2026-09-25 23:47:12.039  2026-09-25 23:47:12
2026-09-25 23:47:13.045  2026-09-25 23:47:13
2026-09-25 23:47:14.041  2026-09-25 23:47:14
2026-09-25 23:47:14.595  $PECZ,[   5286.1] FRAME   #529 corr 0.70 snr 5 dB, fixed 0 symbol(s): 2026-09-25 23:47:15 UTC (01:47:15 local, UTC+2)*4C
2026-09-25 23:47:14.605  $PECZ,[   5286.1] CLOCK   REJECTED - frame differs from clock by -2419 ms (kept as candidate)*7B
2026-09-25 23:47:14.615  $PECZ,[   5286.1] RAW     55 55 60 A2 26 F5 8D 8B A3 2A 5F C6 *57
2026-09-25 23:47:15.039  2026-09-25 23:47:15
2026-09-25 23:47:16.042  2026-09-25 23:47:16
2026-09-25 23:47:17.043  2026-09-25 23:47:17
2026-09-25 23:47:17.453  $PECZ,[   5289.0] SIGNAL  level  62% [############--------] OK, volume 58/63, centre 4% | carrier 1017.99 Hz (+17.99) locked, '0' bits at -24 deg, noise 7 deg | radio RSSI 59 dBuV SNR 0 dB*5E
2026-09-25 23:47:18.039  2026-09-25 23:47:18
2026-09-25 23:47:18.441  $PECZ,[   5290.0] STATUS  2026-09-25 23:47:18 UTC (01:47:18 local, UTC+2) VALID, last good frame 15 s ago | frames heard 529, undecodable 265, accepted 255 (139 by matching the expected frame)*07
2026-09-25 23:47:19.037  2026-09-25 23:47:19
2026-09-25 23:47:20.038  2026-09-25 23:47:20
2026-09-25 23:47:21.039  2026-09-25 23:47:21
2026-09-25 23:47:22.040  2026-09-25 23:47:22
2026-09-25 23:47:23.041  2026-09-25 23:47:23
2026-09-25 23:47:24.042  2026-09-25 23:47:24
2026-09-25 23:47:25.043  2026-09-25 23:47:25
2026-09-25 23:47:26.044  2026-09-25 23:47:26
2026-09-25 23:47:27.045  2026-09-25 23:47:27
2026-09-25 23:47:27.455  $PECZ,[   5299.0] SIGNAL  level  62% [############--------] OK, volume 58/63, centre -3% | carrier 1016.82 Hz (+16.82) locked, '0' bits at -31 deg, noise 8 deg | radio RSSI 59 dBuV SNR 0 dB*7E
2026-09-25 23:47:28.040  2026-09-25 23:47:28
2026-09-25 23:47:28.442  $PECZ,[   5300.0] STATUS  2026-09-25 23:47:28 UTC (01:47:28 local, UTC+2) VALID, last good frame 25 s ago | frames heard 529, undecodable 265, accepted 255 (139 by matching the expected frame)*0C
2026-09-25 23:47:29.037  2026-09-25 23:47:29
2026-09-25 23:47:29.264  $PECZ,[   5300.8] FRAME   #530 corr 0.30 - not decodable (too many bit errors, snr -7 dB)*11
2026-09-25 23:47:30.039  2026-09-25 23:47:30
2026-09-25 23:47:31.040  2026-09-25 23:47:31
2026-09-25 23:47:32.041  2026-09-25 23:47:32
2026-09-25 23:47:32.268  $PECZ,[   5303.8] FRAME   #531 corr 0.41 - not decodable (too many bit errors, snr -5 dB)*17
2026-09-25 23:47:33.043  2026-09-25 23:47:33
2026-09-25 23:47:34.044  2026-09-25 23:47:34
2026-09-25 23:47:35.045  2026-09-25 23:47:35
2026-09-25 23:47:35.774  $PECZ,[   5307.3] FRAME   #532 corr 0.45 - not decodable (too many bit errors, snr -4 dB)*1E
2026-09-25 23:47:36.035  2026-09-25 23:47:36
2026-09-25 23:47:36.241  TX end CW at 23:47:36.208, 36.2 s
2026-09-25 23:47:37.038  2026-09-25 23:47:37
2026-09-25 23:47:37.458  $PECZ,[   5309.0] SIGNAL  level  59% [###########---------] OK, volume 58/63, centre 0% | carrier 1017.23 Hz (+17.23) locked, '0' bits at -26 deg, noise 7 deg | radio RSSI 59 dBuV SNR 0 dB*57
2026-09-25 23:47:38.041  2026-09-25 23:47:38
2026-09-25 23:47:38.443  $PECZ,[   5310.0] STATUS  2026-09-25 23:47:38 UTC (01:47:38 local, UTC+2) VALID, last good frame 35 s ago | frames heard 532, undecodable 268, accepted 255 (139 by matching the expected frame)*0B
2026-09-25 23:47:39.036  2026-09-25 23:47:39
2026-09-25 23:47:40.039  2026-09-25 23:47:40
2026-09-25 23:47:41.040  2026-09-25 23:47:41
2026-09-25 23:47:42.041  2026-09-25 23:47:42
2026-09-25 23:47:43.042  2026-09-25 23:47:43
2026-09-25 23:47:44.044  2026-09-25 23:47:44
2026-09-25 23:47:45.043  2026-09-25 23:47:45
2026-09-25 23:47:46.044  2026-09-25 23:47:46
2026-09-25 23:47:47.045  2026-09-25 23:47:47
2026-09-25 23:47:47.086  $PECZ,[   5318.5] FRAME   #533 corr 0.63 snr 4 dB, fixed 2 symbol(s): 2026-09-25 23:47:45 UTC (01:47:45 local, UTC+2)*44
2026-09-25 23:47:47.097  $PECZ,[   5318.5] CLOCK   frame agrees with clock, error +0.07 ms, xtal -23507 ppb*43
2026-09-25 23:47:47.108  $PECZ,[   5318.5] RAW     55 55 60 A6 66 F5 88 8B 6A 91 8B 87 *24
2026-09-25 23:47:47.455  $PECZ,[   5319.0] SIGNAL  level  63% [############--------] OK, volume 58/63, centre 1% | carrier 1017.04 Hz (+17.04) locked, '0' bits at -26 deg, noise 7 deg | radio RSSI 59 dBuV SNR 0 dB*50
2026-09-25 23:47:48.049  2026-09-25 23:47:48
2026-09-25 23:47:48.056  $PGGUM,A6,66,F5,88,8B,6A,91,8B,87,41*39
2026-09-25 23:47:48.442  $PECZ,[   5320.0] STATUS  2026-09-25 23:47:48 UTC (01:47:48 local, UTC+2) VALID, last good frame 3 s ago | frames heard 533, undecodable 268, accepted 256 (139 by matching the expected frame),*13
2026-09-25 23:47:49.046  2026-09-25 23:47:49
2026-09-25 23:47:50.037  2026-09-25 23:47:50
2026-09-25 23:47:51.038  2026-09-25 23:47:51
2026-09-25 23:47:52.039  2026-09-25 23:47:52
2026-09-25 23:47:53.040  2026-09-25 23:47:53
2026-09-25 23:47:53.086  $PECZ,[   5324.5] FRAME   #534 corr 0.64 snr 5 dB, fixed 2 symbol(s): 2026-09-25 23:47:51 UTC (01:47:51 local, UTC+2)*4A
2026-09-25 23:47:53.097  $PECZ,[   5324.5] CLOCK   frame agrees with clock, error +0.26 ms, xtal -23465 ppb*4A
2026-09-25 23:47:53.107  $PECZ,[   5324.5] RAW     55 55 60 A2 2F F5 8B 8B 3E 7E B1 B8 *26
2026-09-25 23:47:54.042  2026-09-25 23:47:54
2026-09-25 23:47:54.049  $PGGUM,A2,2F,F5,8B,8B,3E,7E,B1,B8,6*07
2026-09-25 23:47:55.043  2026-09-25 23:47:55
2026-09-25 23:47:56.044  2026-09-25 23:47:56
2026-09-25 23:47:57.045  2026-09-25 23:47:57
2026-09-25 23:47:57.456  $PECZ,[   5329.0] SIGNAL  level  62% [############--------] OK, volume 58/63, centre 0% | carrier 1016.64 Hz (+16.64) locked, '0' bits at -31 deg, noise 7 deg | radio RSSI 59 dBuV SNR 0 dB*55
