# Legnica receiver log, slot S = 2026-09-30 06:24:00 UTC, window S-30 s .. S+45 s ($GPRMC lines omitted)
# column 1-2: host receive time (UTC, NTP); $PECZ = receiver diagnostics, [uptime s]
2026-09-30 06:23:30.049  2026-09-30 06:23:30
2026-09-30 06:23:30.199  $PECZ,[ 287029.4] SIGNAL  level  57% [###########---------] OK, volume 57/63, centre 4% | carrier 1016.06 Hz (+16.06) locked, '0' bits at -35 deg, noise 12 deg | radio RSSI 64 dBuV SNR 0 dB*67
2026-09-30 06:23:31.044  2026-09-30 06:23:31
2026-09-30 06:23:31.206  $PECZ,[ 287030.4] STATUS  2026-09-30 06:23:31 UTC (08:23:31 local, UTC+2) VALID, last good frame 22 s ago | frames heard 13027, undecodable 7429, accepted 5410 (4402 by matching the expected f*04
2026-09-30 06:23:32.041  2026-09-30 06:23:32
2026-09-30 06:23:33.042  2026-09-30 06:23:33
2026-09-30 06:23:34.043  2026-09-30 06:23:34
2026-09-30 06:23:35.044  2026-09-30 06:23:35
2026-09-30 06:23:36.046  2026-09-30 06:23:36
2026-09-30 06:23:36.244  TX end CW at 06:23:36.202, 36.2 s
2026-09-30 06:23:37.046  2026-09-30 06:23:37
2026-09-30 06:23:38.047  2026-09-30 06:23:38
2026-09-30 06:23:39.048  2026-09-30 06:23:39
2026-09-30 06:23:40.049  2026-09-30 06:23:40
2026-09-30 06:23:40.199  $PECZ,[ 287039.4] SIGNAL  level  64% [############--------] OK, volume 57/63, centre 0% | carrier 1016.09 Hz (+16.09) locked, '0' bits at -35 deg, noise 15 deg | radio RSSI 64 dBuV SNR 0 dB*6B
2026-09-30 06:23:41.044  2026-09-30 06:23:41
2026-09-30 06:23:41.206  $PECZ,[ 287040.4] STATUS  2026-09-30 06:23:41 UTC (08:23:41 local, UTC+2) VALID, last good frame 32 s ago | frames heard 13027, undecodable 7429, accepted 5410 (4402 by matching the expected f*02
2026-09-30 06:23:42.041  2026-09-30 06:23:42
2026-09-30 06:23:43.042  2026-09-30 06:23:43
2026-09-30 06:23:44.044  2026-09-30 06:23:44
2026-09-30 06:23:45.045  2026-09-30 06:23:45
2026-09-30 06:23:46.046  2026-09-30 06:23:46
2026-09-30 06:23:47.047  2026-09-30 06:23:47
2026-09-30 06:23:48.047  2026-09-30 06:23:48
2026-09-30 06:23:49.048  2026-09-30 06:23:49
2026-09-30 06:23:50.049  2026-09-30 06:23:50
2026-09-30 06:23:50.200  $PECZ,[ 287049.4] SIGNAL  level  60% [############--------] OK, volume 57/63, centre 1% | carrier 1016.29 Hz (+16.29) locked, '0' bits at -35 deg, noise 13 deg | radio RSSI 64 dBuV SNR 0 dB*6F
2026-09-30 06:23:51.044  2026-09-30 06:23:51
2026-09-30 06:23:51.207  $PECZ,[ 287050.4] STATUS  2026-09-30 06:23:51 UTC (08:23:51 local, UTC+2) VALID, last good frame 42 s ago | frames heard 13027, undecodable 7429, accepted 5410 (4402 by matching the expected f*04
2026-09-30 06:23:52.041  2026-09-30 06:23:52
2026-09-30 06:23:53.042  2026-09-30 06:23:53
2026-09-30 06:23:54.043  2026-09-30 06:23:54
2026-09-30 06:23:55.044  2026-09-30 06:23:55
2026-09-30 06:23:56.045  2026-09-30 06:23:56
2026-09-30 06:23:57.046  2026-09-30 06:23:57
2026-09-30 06:23:58.047  2026-09-30 06:23:58
2026-09-30 06:23:59.048  2026-09-30 06:23:59
2026-09-30 06:24:00.046  TX start Q65 at 06:24:00.000
2026-09-30 06:24:00.050  2026-09-30 06:24:00
2026-09-30 06:24:00.201  $PECZ,[ 287059.4] SIGNAL  level  61% [############--------] OK, volume 57/63, centre 2% | carrier 1016.22 Hz (+16.22) locked, '0' bits at -35 deg, noise 14 deg | radio RSSI 65 dBuV SNR 0 dB*6A
2026-09-30 06:24:01.045  2026-09-30 06:24:01
2026-09-30 06:24:01.208  $PECZ,[ 287060.4] STATUS  2026-09-30 06:24:01 UTC (08:24:01 local, UTC+2) VALID, last good frame 52 s ago | frames heard 13027, undecodable 7429, accepted 5410 (4402 by matching the expected f*06
2026-09-30 06:24:02.042  2026-09-30 06:24:02
2026-09-30 06:24:03.043  2026-09-30 06:24:03
2026-09-30 06:24:04.044  2026-09-30 06:24:04
2026-09-30 06:24:05.045  2026-09-30 06:24:05
2026-09-30 06:24:06.046  2026-09-30 06:24:06
2026-09-30 06:24:07.047  2026-09-30 06:24:07
2026-09-30 06:24:08.048  2026-09-30 06:24:08
2026-09-30 06:24:09.049  2026-09-30 06:24:09
2026-09-30 06:24:10.040  2026-09-30 06:24:10
2026-09-30 06:24:10.201  $PECZ,[ 287069.4] SIGNAL  level  60% [############--------] OK, volume 57/63, centre 0% | carrier 1016.19 Hz (+16.19) locked, '0' bits at -35 deg, noise 14 deg | radio RSSI 64 dBuV SNR 0 dB*6B
2026-09-30 06:24:11.046  2026-09-30 06:24:11
2026-09-30 06:24:11.208  $PECZ,[ 287070.4] STATUS  2026-09-30 06:24:11 UTC (08:24:11 local, UTC+2) VALID, last good frame 62 s ago | frames heard 13027, undecodable 7429, accepted 5410 (4402 by matching the expected f*04
2026-09-30 06:24:12.042  2026-09-30 06:24:12
2026-09-30 06:24:13.043  2026-09-30 06:24:13
2026-09-30 06:24:14.044  2026-09-30 06:24:14
2026-09-30 06:24:15.045  2026-09-30 06:24:15
2026-09-30 06:24:16.046  2026-09-30 06:24:16
2026-09-30 06:24:17.047  2026-09-30 06:24:17
2026-09-30 06:24:18.048  2026-09-30 06:24:18
2026-09-30 06:24:19.049  2026-09-30 06:24:19
2026-09-30 06:24:20.040  2026-09-30 06:24:20
2026-09-30 06:24:20.200  $PECZ,[ 287079.4] SIGNAL  level  57% [###########---------] OK, volume 57/63, centre 2% | carrier 1016.31 Hz (+16.31) locked, '0' bits at -35 deg, noise 12 deg | radio RSSI 64 dBuV SNR 0 dB*64
2026-09-30 06:24:21.045  2026-09-30 06:24:21
2026-09-30 06:24:21.207  $PECZ,[ 287080.4] STATUS  2026-09-30 06:24:21 UTC (08:24:21 local, UTC+2) VALID, last good frame 72 s ago | frames heard 13027, undecodable 7429, accepted 5410 (4402 by matching the expected f*0A
2026-09-30 06:24:22.042  2026-09-30 06:24:22
2026-09-30 06:24:23.043  2026-09-30 06:24:23
2026-09-30 06:24:24.044  2026-09-30 06:24:24
2026-09-30 06:24:25.045  2026-09-30 06:24:25
2026-09-30 06:24:26.047  2026-09-30 06:24:26
2026-09-30 06:24:27.048  2026-09-30 06:24:27
2026-09-30 06:24:28.049  2026-09-30 06:24:28
2026-09-30 06:24:29.049  2026-09-30 06:24:29
2026-09-30 06:24:30.041  2026-09-30 06:24:30
2026-09-30 06:24:30.200  $PECZ,[ 287089.4] SIGNAL  level  56% [###########---------] OK, volume 57/63, centre -1% | carrier 1016.23 Hz (+16.23) locked, '0' bits at -35 deg, noise 14 deg | radio RSSI 64 dBuV SNR 0 dB*42
2026-09-30 06:24:31.045  2026-09-30 06:24:31
2026-09-30 06:24:31.208  $PECZ,[ 287090.4] STATUS  2026-09-30 06:24:31 UTC (08:24:31 local, UTC+2) VALID, last good frame 82 s ago | frames heard 13027, undecodable 7429, accepted 5410 (4402 by matching the expected f*04
2026-09-30 06:24:32.044  2026-09-30 06:24:32
2026-09-30 06:24:33.045  2026-09-30 06:24:33
2026-09-30 06:24:34.046  2026-09-30 06:24:34
2026-09-30 06:24:35.047  2026-09-30 06:24:35
2026-09-30 06:24:36.048  2026-09-30 06:24:36
2026-09-30 06:24:37.049  2026-09-30 06:24:37
2026-09-30 06:24:38.050  2026-09-30 06:24:38
2026-09-30 06:24:38.091  $PECZ,[ 287097.2] FRAME   #13028 corr 0.31 - not decodable, but 0.83 of it agrees with the expected frame (snr 0 dB): 2026-09-30 06:24:36 UTC (08:24:36 local, UTC+2)*1C
2026-09-30 06:24:38.102  $PECZ,[ 287097.2] CLOCK   confirmed, error +0.84 ms, xtal -24273 ppb*03
2026-09-30 06:24:39.048  2026-09-30 06:24:39
2026-09-30 06:24:40.049  2026-09-30 06:24:40
2026-09-30 06:24:40.200  $PECZ,[ 287099.4] SIGNAL  level  58% [###########---------] OK, volume 57/63, centre 0% | carrier 1016.47 Hz (+16.47) locked, '0' bits at -35 deg, noise 14 deg | radio RSSI 64 dBuV SNR 0 dB*61
2026-09-30 06:24:41.046  2026-09-30 06:24:41
2026-09-30 06:24:41.207  $PECZ,[ 287100.4] STATUS  2026-09-30 06:24:41 UTC (08:24:41 local, UTC+2) VALID, last good frame 5 s ago | frames heard 13028, undecodable 7429, accepted 5411 (4403 by matching the expected fr*4E
2026-09-30 06:24:42.043  2026-09-30 06:24:42
2026-09-30 06:24:43.044  2026-09-30 06:24:43
2026-09-30 06:24:43.080  $PECZ,[ 287102.0] FRAME   #13029 corr 0.34 - not decodable (too many bit errors, snr -6 dB)*1B
2026-09-30 06:24:44.045  2026-09-30 06:24:44
2026-09-30 06:24:44.734  $PECZ,[ 287103.9] FRAME   #13030 corr 0.32 - not decodable (too many bit errors, snr -2 dB)*19
