# Legnica receiver log, slot S = 2026-09-29 10:23:27 UTC, window S-30 s .. S+45 s ($GPRMC lines omitted)
# column 1-2: host receive time (UTC, NTP); $PECZ = receiver diagnostics, [uptime s]
2026-09-29 10:22:57.035  2026-09-29 10:22:57
2026-09-29 10:22:58.036  2026-09-29 10:22:58
2026-09-29 10:22:58.357  $PECZ,[ 214999.3] SIGNAL  level  62% [############--------] OK, volume 57/63, centre 4% | carrier 1015.45 Hz (+15.45) locked, '0' bits at -34 deg, noise 16 deg | radio RSSI 64 dBuV SNR 0 dB*65
2026-09-29 10:22:59.041  2026-09-29 10:22:59
2026-09-29 10:22:59.432  $PECZ,[ 215000.3] STATUS  2026-09-29 10:22:59 UTC (12:22:59 local, UTC+2) VALID, last good frame 44 s ago | frames heard 9946, undecodable 5850, accepted 3956 (3229 by matching the expected fr*49
2026-09-29 10:23:00.035  2026-09-29 10:23:00
2026-09-29 10:23:00.037  TX start CW at 10:23:00.002
2026-09-29 10:23:01.038  2026-09-29 10:23:01
2026-09-29 10:23:02.039  2026-09-29 10:23:02
2026-09-29 10:23:03.040  2026-09-29 10:23:03
2026-09-29 10:23:04.041  2026-09-29 10:23:04
2026-09-29 10:23:05.042  2026-09-29 10:23:05
2026-09-29 10:23:05.080  $PECZ,[ 215006.0] FRAME   #9947 corr 0.34 - not decodable (too many bit errors, snr 0 dB)*04
2026-09-29 10:23:06.034  2026-09-29 10:23:06
2026-09-29 10:23:07.035  2026-09-29 10:23:07
2026-09-29 10:23:08.036  2026-09-29 10:23:08
2026-09-29 10:23:08.356  $PECZ,[ 215009.3] SIGNAL  level  52% [##########----------] OK, volume 57/63, centre -1% | carrier 1015.51 Hz (+15.51) locked, '0' bits at -34 deg, noise 19 deg | radio RSSI 64 dBuV SNR 0 dB*40
2026-09-29 10:23:09.041  2026-09-29 10:23:09
2026-09-29 10:23:09.432  $PECZ,[ 215010.3] STATUS  2026-09-29 10:23:09 UTC (12:23:09 local, UTC+2) VALID, last good frame 54 s ago | frames heard 9947, undecodable 5851, accepted 3956 (3229 by matching the expected fr*49
2026-09-29 10:23:10.037  2026-09-29 10:23:10
2026-09-29 10:23:11.038  2026-09-29 10:23:11
2026-09-29 10:23:12.039  2026-09-29 10:23:12
2026-09-29 10:23:13.040  2026-09-29 10:23:13
2026-09-29 10:23:14.041  2026-09-29 10:23:14
2026-09-29 10:23:15.042  2026-09-29 10:23:15
2026-09-29 10:23:16.043  2026-09-29 10:23:16
2026-09-29 10:23:17.034  2026-09-29 10:23:17
2026-09-29 10:23:18.035  2026-09-29 10:23:18
2026-09-29 10:23:18.355  $PECZ,[ 215019.3] SIGNAL  level  58% [###########---------] OK, volume 57/63, centre 0% | carrier 1015.21 Hz (+15.21) locked, '0' bits at -34 deg, noise 20 deg | radio RSSI 65 dBuV SNR 0 dB*62
2026-09-29 10:23:19.040  2026-09-29 10:23:19
2026-09-29 10:23:19.432  $PECZ,[ 215020.3] STATUS  2026-09-29 10:23:19 UTC (12:23:19 local, UTC+2) VALID, last good frame 64 s ago | frames heard 9947, undecodable 5851, accepted 3956 (3229 by matching the expected fr*49
2026-09-29 10:23:20.038  2026-09-29 10:23:20
2026-09-29 10:23:21.038  2026-09-29 10:23:21
2026-09-29 10:23:22.040  2026-09-29 10:23:22
2026-09-29 10:23:23.040  2026-09-29 10:23:23
2026-09-29 10:23:24.041  2026-09-29 10:23:24
2026-09-29 10:23:25.042  2026-09-29 10:23:25
2026-09-29 10:23:26.043  2026-09-29 10:23:26
2026-09-29 10:23:27.034  2026-09-29 10:23:27
2026-09-29 10:23:28.036  2026-09-29 10:23:28
2026-09-29 10:23:28.355  $PECZ,[ 215029.3] SIGNAL  level  55% [###########---------] OK, volume 57/63, centre 1% | carrier 1015.26 Hz (+15.26) locked, '0' bits at -34 deg, noise 19 deg | radio RSSI 64 dBuV SNR 0 dB*66
2026-09-29 10:23:29.040  2026-09-29 10:23:29
2026-09-29 10:23:29.432  $PECZ,[ 215030.3] STATUS  2026-09-29 10:23:29 UTC (12:23:29 local, UTC+2) VALID, last good frame 74 s ago | frames heard 9947, undecodable 5851, accepted 3956 (3229 by matching the expected fr*49
2026-09-29 10:23:29.553  $PECZ,[ 215030.5] FRAME   #9948 corr 0.38 - not decodable (too many bit errors, snr 0 dB)*07
2026-09-29 10:23:30.037  2026-09-29 10:23:30
2026-09-29 10:23:31.040  2026-09-29 10:23:31
2026-09-29 10:23:32.041  2026-09-29 10:23:32
2026-09-29 10:23:33.042  2026-09-29 10:23:33
2026-09-29 10:23:34.043  2026-09-29 10:23:34
2026-09-29 10:23:35.044  2026-09-29 10:23:35
2026-09-29 10:23:36.035  2026-09-29 10:23:36
2026-09-29 10:23:36.235  TX end CW at 10:23:36.205, 36.2 s
2026-09-29 10:23:37.036  2026-09-29 10:23:37
2026-09-29 10:23:38.037  2026-09-29 10:23:38
2026-09-29 10:23:38.356  $PECZ,[ 215039.3] SIGNAL  level  57% [###########---------] OK, volume 57/63, centre -1% | carrier 1015.44 Hz (+15.44) locked, '0' bits at -34 deg, noise 21 deg | radio RSSI 64 dBuV SNR 0 dB*43
2026-09-29 10:23:39.042  2026-09-29 10:23:39
2026-09-29 10:23:39.433  $PECZ,[ 215040.3] STATUS  2026-09-29 10:23:39 UTC (12:23:39 local, UTC+2) VALID, last good frame 84 s ago | frames heard 9948, undecodable 5852, accepted 3956 (3229 by matching the expected fr*4D
2026-09-29 10:23:40.039  2026-09-29 10:23:40
2026-09-29 10:23:41.040  2026-09-29 10:23:41
2026-09-29 10:23:42.041  2026-09-29 10:23:42
2026-09-29 10:23:43.042  2026-09-29 10:23:43
2026-09-29 10:23:44.042  2026-09-29 10:23:44
2026-09-29 10:23:45.043  2026-09-29 10:23:45
2026-09-29 10:23:46.034  2026-09-29 10:23:46
2026-09-29 10:23:47.035  2026-09-29 10:23:47
2026-09-29 10:23:48.036  2026-09-29 10:23:48
2026-09-29 10:23:48.356  $PECZ,[ 215049.3] SIGNAL  level  55% [###########---------] OK, volume 57/63, centre 0% | carrier 1015.32 Hz (+15.32) locked, '0' bits at -34 deg, noise 20 deg | radio RSSI 64 dBuV SNR 0 dB*6B
2026-09-29 10:23:49.041  2026-09-29 10:23:49
2026-09-29 10:23:49.433  $PECZ,[ 215050.3] STATUS  2026-09-29 10:23:49 UTC (12:23:49 local, UTC+2) VALID, last good frame 94 s ago | frames heard 9948, undecodable 5852, accepted 3956 (3229 by matching the expected fr*4D
2026-09-29 10:23:50.038  2026-09-29 10:23:50
2026-09-29 10:23:51.039  2026-09-29 10:23:51
2026-09-29 10:23:52.040  2026-09-29 10:23:52
2026-09-29 10:23:53.041  2026-09-29 10:23:53
2026-09-29 10:23:54.042  2026-09-29 10:23:54
2026-09-29 10:23:55.043  2026-09-29 10:23:55
2026-09-29 10:23:56.034  2026-09-29 10:23:56
2026-09-29 10:23:57.035  2026-09-29 10:23:57
2026-09-29 10:23:58.036  2026-09-29 10:23:58
2026-09-29 10:23:58.357  $PECZ,[ 215059.3] SIGNAL  level  54% [##########----------] OK, volume 57/63, centre -2% | carrier 1015.39 Hz (+15.39) locked, '0' bits at -34 deg, noise 21 deg | radio RSSI 65 dBuV SNR 0 dB*4A
2026-09-29 10:23:59.041  2026-09-29 10:23:59
2026-09-29 10:23:59.435  $PECZ,[ 215060.3] STATUS  2026-09-29 10:23:59 UTC (12:23:59 local, UTC+2) VALID, last good frame 104 s ago | frames heard 9948, undecodable 5852, accepted 3956 (3229 by matching the expected f*04
2026-09-29 10:24:00.037  2026-09-29 10:24:00
2026-09-29 10:24:00.039  TX start Q65 at 10:24:00.001
2026-09-29 10:24:01.040  2026-09-29 10:24:01
2026-09-29 10:24:02.042  2026-09-29 10:24:02
2026-09-29 10:24:03.043  2026-09-29 10:24:03
2026-09-29 10:24:04.034  2026-09-29 10:24:04
2026-09-29 10:24:05.035  2026-09-29 10:24:05
2026-09-29 10:24:06.036  2026-09-29 10:24:06
2026-09-29 10:24:07.037  2026-09-29 10:24:07
2026-09-29 10:24:08.038  2026-09-29 10:24:08
2026-09-29 10:24:08.359  $PECZ,[ 215069.3] SIGNAL  level  58% [###########---------] OK, volume 57/63, centre 0% | carrier 1015.49 Hz (+15.49) locked, '0' bits at -34 deg, noise 21 deg | radio RSSI 64 dBuV SNR 0 dB*65
2026-09-29 10:24:09.041  2026-09-29 10:24:09
2026-09-29 10:24:09.435  $PECZ,[ 215070.3] STATUS  2026-09-29 10:24:09 UTC (12:24:09 local, UTC+2) VALID, last good frame 114 s ago | frames heard 9948, undecodable 5852, accepted 3956 (3229 by matching the expected f*04
2026-09-29 10:24:10.039  2026-09-29 10:24:10
2026-09-29 10:24:11.040  2026-09-29 10:24:11
