# Legnica receiver log, slot S = 2026-09-28 16:41:51 UTC, window S-30 s .. S+45 s ($GPRMC lines omitted)
# column 1-2: host receive time (UTC, NTP); $PECZ = receiver diagnostics, [uptime s]
2026-09-28 16:41:21.045  2026-09-28 16:41:21
2026-09-28 16:41:22.046  2026-09-28 16:41:22
2026-09-28 16:41:23.047  2026-09-28 16:41:23
2026-09-28 16:41:24.049  2026-09-28 16:41:24
2026-09-28 16:41:25.049  2026-09-28 16:41:25
2026-09-28 16:41:26.050  2026-09-28 16:41:26
2026-09-28 16:41:26.734  $PECZ,[ 151309.2] SIGNAL  level  57% [###########---------] OK, volume 57/63, centre 0% | carrier 1016.08 Hz (+16.08) locked, '0' bits at -33 deg, noise 15 deg | radio RSSI 64 dBuV SNR 0 dB*6D
2026-09-28 16:41:27.047  2026-09-28 16:41:27
2026-09-28 16:41:27.731  $PECZ,[ 151310.2] STATUS  2026-09-28 16:41:27 UTC (18:41:27 local, UTC+2) VALID, last good frame 24 s ago | frames heard 7153, undecodable 4168, accepted 2885 (2277 by matching the expected fr*47
2026-09-28 16:41:28.044  2026-09-28 16:41:28
2026-09-28 16:41:29.047  2026-09-28 16:41:29
2026-09-28 16:41:30.048  2026-09-28 16:41:30
2026-09-28 16:41:31.049  2026-09-28 16:41:31
2026-09-28 16:41:32.050  2026-09-28 16:41:32
2026-09-28 16:41:33.051  2026-09-28 16:41:33
2026-09-28 16:41:34.043  2026-09-28 16:41:34
2026-09-28 16:41:35.042  2026-09-28 16:41:35
2026-09-28 16:41:36.043  2026-09-28 16:41:36
2026-09-28 16:41:36.245  TX end CW at 16:41:36.205, 36.2 s
2026-09-28 16:41:36.734  $PECZ,[ 151319.2] SIGNAL  level  59% [###########---------] OK, volume 57/63, centre 0% | carrier 1015.88 Hz (+15.88) locked, '0' bits at -33 deg, noise 17 deg | radio RSSI 64 dBuV SNR 0 dB*60
2026-09-28 16:41:37.047  2026-09-28 16:41:37
2026-09-28 16:41:37.733  $PECZ,[ 151320.2] STATUS  2026-09-28 16:41:37 UTC (18:41:37 local, UTC+2) VALID, last good frame 34 s ago | frames heard 7153, undecodable 4168, accepted 2885 (2277 by matching the expected fr*45
2026-09-28 16:41:38.046  2026-09-28 16:41:38
2026-09-28 16:41:39.048  2026-09-28 16:41:39
2026-09-28 16:41:40.049  2026-09-28 16:41:40
2026-09-28 16:41:41.050  2026-09-28 16:41:41
2026-09-28 16:41:42.041  2026-09-28 16:41:42
2026-09-28 16:41:43.042  2026-09-28 16:41:43
2026-09-28 16:41:44.043  2026-09-28 16:41:44
2026-09-28 16:41:44.093  $PECZ,[ 151326.5] FRAME   #7154 corr 0.31 - not decodable, but 0.87 of it agrees with the expected frame (snr 0 dB): 2026-09-28 16:41:42 UTC (18:41:42 local, UTC+2)*28
2026-09-28 16:41:44.105  $PECZ,[ 151326.5] CLOCK   confirmed, error -1.04 ms, xtal -24356 ppb*0C
2026-09-28 16:41:45.049  2026-09-28 16:41:45
2026-09-28 16:41:46.040  2026-09-28 16:41:46
2026-09-28 16:41:46.736  $PECZ,[ 151329.2] SIGNAL  level  56% [###########---------] OK, volume 57/63, centre -2% | carrier 1015.97 Hz (+15.97) locked, '0' bits at -33 deg, noise 17 deg | radio RSSI 64 dBuV SNR 0 dB*43
2026-09-28 16:41:47.039  2026-09-28 16:41:47
2026-09-28 16:41:47.733  $PECZ,[ 151330.2] STATUS  2026-09-28 16:41:47 UTC (18:41:47 local, UTC+2) VALID, last good frame 5 s ago | frames heard 7154, undecodable 4168, accepted 2886 (2278 by matching the expected fra*1C
2026-09-28 16:41:48.046  2026-09-28 16:41:48
2026-09-28 16:41:49.049  2026-09-28 16:41:49
2026-09-28 16:41:50.049  2026-09-28 16:41:50
2026-09-28 16:41:51.041  2026-09-28 16:41:51
2026-09-28 16:41:52.042  2026-09-28 16:41:52
2026-09-28 16:41:53.043  2026-09-28 16:41:53
2026-09-28 16:41:53.603  $PECZ,[ 151336.1] FRAME   #7155 corr 0.29 - not decodable (too many bit errors, snr -2 dB)*20
2026-09-28 16:41:54.043  2026-09-28 16:41:54
2026-09-28 16:41:55.046  2026-09-28 16:41:55
2026-09-28 16:41:56.047  2026-09-28 16:41:56
2026-09-28 16:41:56.738  $PECZ,[ 151339.2] SIGNAL  level  57% [###########---------] OK, volume 57/63, centre 1% | carrier 1015.92 Hz (+15.92) locked, '0' bits at -33 deg, noise 16 deg | radio RSSI 64 dBuV SNR 0 dB*6C
2026-09-28 16:41:57.041  2026-09-28 16:41:57
2026-09-28 16:41:57.733  $PECZ,[ 151340.2] STATUS  2026-09-28 16:41:57 UTC (18:41:57 local, UTC+2) VALID, last good frame 15 s ago | frames heard 7155, undecodable 4169, accepted 2886 (2278 by matching the expected fr*4B
2026-09-28 16:41:58.046  2026-09-28 16:41:58
2026-09-28 16:41:59.049  2026-09-28 16:41:59
2026-09-28 16:42:00.046  TX start Q65 at 16:42:00.000
2026-09-28 16:42:00.051  2026-09-28 16:42:00
2026-09-28 16:42:01.042  2026-09-28 16:42:01
2026-09-28 16:42:02.043  2026-09-28 16:42:02
2026-09-28 16:42:03.044  2026-09-28 16:42:03
2026-09-28 16:42:04.045  2026-09-28 16:42:04
2026-09-28 16:42:05.046  2026-09-28 16:42:05
2026-09-28 16:42:06.047  2026-09-28 16:42:06
2026-09-28 16:42:06.738  $PECZ,[ 151349.2] SIGNAL  level  68% [#############-------] OK, volume 57/63, centre -4% | carrier 1015.96 Hz (+15.96) locked, '0' bits at -33 deg, noise 18 deg | radio RSSI 64 dBuV SNR 0 dB*41
2026-09-28 16:42:07.041  2026-09-28 16:42:07
2026-09-28 16:42:07.734  $PECZ,[ 151350.2] STATUS  2026-09-28 16:42:07 UTC (18:42:07 local, UTC+2) VALID, last good frame 25 s ago | frames heard 7155, undecodable 4169, accepted 2886 (2278 by matching the expected fr*49
2026-09-28 16:42:08.047  2026-09-28 16:42:08
2026-09-28 16:42:09.050  2026-09-28 16:42:09
2026-09-28 16:42:10.041  2026-09-28 16:42:10
2026-09-28 16:42:11.042  2026-09-28 16:42:11
2026-09-28 16:42:12.043  2026-09-28 16:42:12
2026-09-28 16:42:13.044  2026-09-28 16:42:13
2026-09-28 16:42:14.045  2026-09-28 16:42:14
2026-09-28 16:42:15.046  2026-09-28 16:42:15
2026-09-28 16:42:16.047  2026-09-28 16:42:16
2026-09-28 16:42:16.739  $PECZ,[ 151359.2] SIGNAL  level  54% [##########----------] OK, volume 57/63, centre -2% | carrier 1015.98 Hz (+15.98) locked, '0' bits at -33 deg, noise 19 deg | radio RSSI 64 dBuV SNR 0 dB*46
2026-09-28 16:42:17.041  2026-09-28 16:42:17
2026-09-28 16:42:17.735  $PECZ,[ 151360.2] STATUS  2026-09-28 16:42:17 UTC (18:42:17 local, UTC+2) VALID, last good frame 35 s ago | frames heard 7155, undecodable 4169, accepted 2886 (2278 by matching the expected fr*4B
2026-09-28 16:42:18.047  2026-09-28 16:42:18
2026-09-28 16:42:19.050  2026-09-28 16:42:19
2026-09-28 16:42:20.041  2026-09-28 16:42:20
2026-09-28 16:42:21.042  2026-09-28 16:42:21
2026-09-28 16:42:22.043  2026-09-28 16:42:22
2026-09-28 16:42:23.044  2026-09-28 16:42:23
2026-09-28 16:42:24.045  2026-09-28 16:42:24
2026-09-28 16:42:25.046  2026-09-28 16:42:25
2026-09-28 16:42:26.047  2026-09-28 16:42:26
2026-09-28 16:42:26.739  $PECZ,[ 151369.2] SIGNAL  level  60% [############--------] OK, volume 57/63, centre -1% | carrier 1016.09 Hz (+16.09) locked, '0' bits at -33 deg, noise 17 deg | radio RSSI 64 dBuV SNR 0 dB*4F
2026-09-28 16:42:27.042  2026-09-28 16:42:27
2026-09-28 16:42:27.736  $PECZ,[ 151370.2] STATUS  2026-09-28 16:42:27 UTC (18:42:27 local, UTC+2) VALID, last good frame 45 s ago | frames heard 7155, undecodable 4169, accepted 2886 (2278 by matching the expected fr*4D
2026-09-28 16:42:28.039  2026-09-28 16:42:28
2026-09-28 16:42:29.042  2026-09-28 16:42:29
2026-09-28 16:42:29.079  $PECZ,[ 151371.5] FRAME   #7156 corr 0.30 - not decodable (too many bit errors, snr 1 dB)*02
2026-09-28 16:42:30.044  2026-09-28 16:42:30
2026-09-28 16:42:31.045  2026-09-28 16:42:31
2026-09-28 16:42:32.046  2026-09-28 16:42:32
2026-09-28 16:42:33.047  2026-09-28 16:42:33
2026-09-28 16:42:34.048  2026-09-28 16:42:34
2026-09-28 16:42:35.049  2026-09-28 16:42:35
