# Legnica receiver log, slot S = 2026-09-28 12:13:00 UTC, window S-30 s .. S+45 s ($GPRMC lines omitted)
# column 1-2: host receive time (UTC, NTP); $PECZ = receiver diagnostics, [uptime s]
2026-09-28 12:12:30.031  2026-09-28 12:12:30
2026-09-28 12:12:31.032  2026-09-28 12:12:31
2026-09-28 12:12:32.033  2026-09-28 12:12:32
2026-09-28 12:12:33.034  2026-09-28 12:12:33
2026-09-28 12:12:34.035  2026-09-28 12:12:34
2026-09-28 12:12:35.036  2026-09-28 12:12:35
2026-09-28 12:12:36.037  2026-09-28 12:12:36
2026-09-28 12:12:36.330  $PECZ,[ 135179.2] SIGNAL  level  56% [###########---------] OK, volume 57/63, centre -2% | carrier 1015.23 Hz (+15.23) locked, '0' bits at -33 deg, noise 18 deg | radio RSSI 64 dBuV SNR 0 dB*49
2026-09-28 12:12:37.035  2026-09-28 12:12:37
2026-09-28 12:12:37.316  $PECZ,[ 135180.2] STATUS  2026-09-28 12:12:37 UTC (14:12:37 local, UTC+2) VALID, last good frame 58 s ago | frames heard 6354, undecodable 3655, accepted 2609 (2011 by matching the expected fr*4F
2026-09-28 12:12:38.030  2026-09-28 12:12:38
2026-09-28 12:12:39.031  2026-09-28 12:12:39
2026-09-28 12:12:40.032  2026-09-28 12:12:40
2026-09-28 12:12:41.032  2026-09-28 12:12:41
2026-09-28 12:12:42.034  2026-09-28 12:12:42
2026-09-28 12:12:43.035  2026-09-28 12:12:43
2026-09-28 12:12:44.036  2026-09-28 12:12:44
2026-09-28 12:12:45.037  2026-09-28 12:12:45
2026-09-28 12:12:46.028  2026-09-28 12:12:46
2026-09-28 12:12:46.331  $PECZ,[ 135189.2] SIGNAL  level  54% [##########----------] OK, volume 57/63, centre 0% | carrier 1015.35 Hz (+15.35) locked, '0' bits at -33 deg, noise 20 deg | radio RSSI 64 dBuV SNR 0 dB*6E
2026-09-28 12:12:47.035  2026-09-28 12:12:47
2026-09-28 12:12:47.316  $PECZ,[ 135190.2] STATUS  2026-09-28 12:12:47 UTC (14:12:47 local, UTC+2) VALID, last good frame 68 s ago | frames heard 6354, undecodable 3655, accepted 2609 (2011 by matching the expected fr*4D
2026-09-28 12:12:48.030  2026-09-28 12:12:48
2026-09-28 12:12:49.031  2026-09-28 12:12:49
2026-09-28 12:12:50.032  2026-09-28 12:12:50
2026-09-28 12:12:51.029  TX end Q65 at 12:12:50.999, 51.0 s
2026-09-28 12:12:51.033  2026-09-28 12:12:51
2026-09-28 12:12:52.034  2026-09-28 12:12:52
2026-09-28 12:12:53.035  2026-09-28 12:12:53
2026-09-28 12:12:54.036  2026-09-28 12:12:54
2026-09-28 12:12:55.037  2026-09-28 12:12:55
2026-09-28 12:12:56.029  2026-09-28 12:12:56
2026-09-28 12:12:56.330  $PECZ,[ 135199.2] SIGNAL  level  57% [###########---------] OK, volume 57/63, centre -2% | carrier 1015.47 Hz (+15.47) locked, '0' bits at -33 deg, noise 18 deg | radio RSSI 64 dBuV SNR 0 dB*46
2026-09-28 12:12:57.036  2026-09-28 12:12:57
2026-09-28 12:12:57.315  $PECZ,[ 135200.2] STATUS  2026-09-28 12:12:57 UTC (14:12:57 local, UTC+2) VALID, last good frame 78 s ago | frames heard 6354, undecodable 3655, accepted 2609 (2011 by matching the expected fr*46
2026-09-28 12:12:58.031  2026-09-28 12:12:58
2026-09-28 12:12:59.032  2026-09-28 12:12:59
2026-09-28 12:13:00.029  TX start CW at 12:13:00.000
2026-09-28 12:13:00.034  2026-09-28 12:13:00
2026-09-28 12:13:01.034  2026-09-28 12:13:01
2026-09-28 12:13:02.035  2026-09-28 12:13:02
2026-09-28 12:13:03.036  2026-09-28 12:13:03
2026-09-28 12:13:04.037  2026-09-28 12:13:04
2026-09-28 12:13:05.038  2026-09-28 12:13:05
2026-09-28 12:13:06.029  2026-09-28 12:13:06
2026-09-28 12:13:06.332  $PECZ,[ 135209.2] SIGNAL  level  57% [###########---------] OK, volume 57/63, centre 0% | carrier 1015.32 Hz (+15.32) locked, '0' bits at -33 deg, noise 21 deg | radio RSSI 65 dBuV SNR 0 dB*68
2026-09-28 12:13:07.036  2026-09-28 12:13:07
2026-09-28 12:13:07.316  $PECZ,[ 135210.2] STATUS  2026-09-28 12:13:07 UTC (14:13:07 local, UTC+2) VALID, last good frame 88 s ago | frames heard 6354, undecodable 3655, accepted 2609 (2011 by matching the expected fr*48
2026-09-28 12:13:08.031  2026-09-28 12:13:08
2026-09-28 12:13:09.032  2026-09-28 12:13:09
2026-09-28 12:13:10.033  2026-09-28 12:13:10
2026-09-28 12:13:11.034  2026-09-28 12:13:11
2026-09-28 12:13:12.035  2026-09-28 12:13:12
2026-09-28 12:13:13.036  2026-09-28 12:13:13
2026-09-28 12:13:14.037  2026-09-28 12:13:14
2026-09-28 12:13:15.038  2026-09-28 12:13:15
2026-09-28 12:13:16.029  2026-09-28 12:13:16
2026-09-28 12:13:16.332  $PECZ,[ 135219.2] SIGNAL  level  59% [###########---------] OK, volume 57/63, centre -1% | carrier 1015.34 Hz (+15.34) locked, '0' bits at -33 deg, noise 19 deg | radio RSSI 64 dBuV SNR 0 dB*41
2026-09-28 12:13:17.036  2026-09-28 12:13:17
2026-09-28 12:13:17.316  $PECZ,[ 135220.2] STATUS  2026-09-28 12:13:17 UTC (14:13:17 local, UTC+2) VALID, last good frame 98 s ago | frames heard 6354, undecodable 3655, accepted 2609 (2011 by matching the expected fr*4A
2026-09-28 12:13:18.031  2026-09-28 12:13:18
2026-09-28 12:13:19.033  2026-09-28 12:13:19
2026-09-28 12:13:20.033  2026-09-28 12:13:20
2026-09-28 12:13:21.034  2026-09-28 12:13:21
2026-09-28 12:13:22.036  2026-09-28 12:13:22
2026-09-28 12:13:23.037  2026-09-28 12:13:23
2026-09-28 12:13:24.037  2026-09-28 12:13:24
2026-09-28 12:13:25.039  2026-09-28 12:13:25
2026-09-28 12:13:26.030  2026-09-28 12:13:26
2026-09-28 12:13:26.332  $PECZ,[ 135229.2] SIGNAL  level  58% [###########---------] OK, volume 57/63, centre -3% | carrier 1015.31 Hz (+15.31) locked, '0' bits at -33 deg, noise 18 deg | radio RSSI 65 dBuV SNR 0 dB*41
2026-09-28 12:13:27.038  2026-09-28 12:13:27
2026-09-28 12:13:27.317  $PECZ,[ 135230.2] STATUS  2026-09-28 12:13:27 UTC (14:13:27 local, UTC+2) VALID, last good frame 108 s ago | frames heard 6354, undecodable 3655, accepted 2609 (2011 by matching the expected f*01
2026-09-28 12:13:28.033  2026-09-28 12:13:28
2026-09-28 12:13:29.034  2026-09-28 12:13:29
2026-09-28 12:13:30.035  2026-09-28 12:13:30
2026-09-28 12:13:31.036  2026-09-28 12:13:31
2026-09-28 12:13:32.037  2026-09-28 12:13:32
2026-09-28 12:13:33.038  2026-09-28 12:13:33
2026-09-28 12:13:34.038  2026-09-28 12:13:34
2026-09-28 12:13:35.029  2026-09-28 12:13:35
2026-09-28 12:13:36.030  2026-09-28 12:13:36
2026-09-28 12:13:36.229  TX end CW at 12:13:36.202, 36.2 s
2026-09-28 12:13:36.333  $PECZ,[ 135239.2] SIGNAL  level  59% [###########---------] OK, volume 57/63, centre -1% | carrier 1015.26 Hz (+15.26) locked, '0' bits at -33 deg, noise 18 deg | radio RSSI 64 dBuV SNR 0 dB*42
2026-09-28 12:13:37.037  2026-09-28 12:13:37
2026-09-28 12:13:37.318  $PECZ,[ 135240.2] STATUS  2026-09-28 12:13:37 UTC (14:13:37 local, UTC+2) VALID, last good frame 118 s ago | frames heard 6354, undecodable 3655, accepted 2609 (2011 by matching the expected f*07
2026-09-28 12:13:38.032  2026-09-28 12:13:38
2026-09-28 12:13:39.033  2026-09-28 12:13:39
2026-09-28 12:13:40.034  2026-09-28 12:13:40
2026-09-28 12:13:41.035  2026-09-28 12:13:41
2026-09-28 12:13:42.036  2026-09-28 12:13:42
2026-09-28 12:13:43.038  2026-09-28 12:13:43
2026-09-28 12:13:44.038  2026-09-28 12:13:44
