# Legnica receiver log, slot S = 2026-09-28 11:54:42 UTC, window S-30 s .. S+45 s ($GPRMC lines omitted)
# column 1-2: host receive time (UTC, NTP); $PECZ = receiver diagnostics, [uptime s]
2026-09-28 11:54:12.029  2026-09-28 11:54:12
2026-09-28 11:54:13.030  2026-09-28 11:54:13
2026-09-28 11:54:14.031  2026-09-28 11:54:14
2026-09-28 11:54:15.032  2026-09-28 11:54:15
2026-09-28 11:54:16.033  2026-09-28 11:54:16
2026-09-28 11:54:16.304  $PECZ,[ 134079.2] SIGNAL  level  54% [##########----------] OK, volume 57/63, centre -2% | carrier 1015.58 Hz (+15.58) locked, '0' bits at -33 deg, noise 18 deg | radio RSSI 64 dBuV SNR 0 dB*45
2026-09-28 11:54:17.029  2026-09-28 11:54:17
2026-09-28 11:54:17.079  $PECZ,[ 134079.9] FRAME   #6324 corr 0.29 - not decodable, but 0.80 of it agrees with the expected frame (snr -2 dB): 2026-09-28 11:54:15 UTC (13:54:15 local, UTC+2)*07
2026-09-28 11:54:17.090  $PECZ,[ 134079.9] CLOCK   confirmed, error -2.15 ms, xtal -24336 ppb*0F
2026-09-28 11:54:17.287  $PECZ,[ 134080.2] STATUS  2026-09-28 11:54:17 UTC (13:54:17 local, UTC+2) VALID, last good frame 2 s ago | frames heard 6324, undecodable 3637, accepted 2597 (1999 by matching the expected fra*18
2026-09-28 11:54:18.031  2026-09-28 11:54:18
2026-09-28 11:54:19.033  2026-09-28 11:54:19
2026-09-28 11:54:20.034  2026-09-28 11:54:20
2026-09-28 11:54:21.035  2026-09-28 11:54:21
2026-09-28 11:54:22.035  2026-09-28 11:54:22
2026-09-28 11:54:23.036  2026-09-28 11:54:23
2026-09-28 11:54:24.037  2026-09-28 11:54:24
2026-09-28 11:54:25.028  2026-09-28 11:54:25
2026-09-28 11:54:26.029  2026-09-28 11:54:26
2026-09-28 11:54:26.304  $PECZ,[ 134089.2] SIGNAL  level  58% [###########---------] OK, volume 57/63, centre 0% | carrier 1015.62 Hz (+15.62) locked, '0' bits at -33 deg, noise 17 deg | radio RSSI 64 dBuV SNR 0 dB*68
2026-09-28 11:54:27.028  2026-09-28 11:54:27
2026-09-28 11:54:27.289  $PECZ,[ 134090.2] STATUS  2026-09-28 11:54:27 UTC (13:54:27 local, UTC+2) VALID, last good frame 12 s ago | frames heard 6324, undecodable 3637, accepted 2597 (1999 by matching the expected fr*49
2026-09-28 11:54:28.033  2026-09-28 11:54:28
2026-09-28 11:54:29.034  2026-09-28 11:54:29
2026-09-28 11:54:30.036  2026-09-28 11:54:30
2026-09-28 11:54:31.036  2026-09-28 11:54:31
2026-09-28 11:54:32.037  2026-09-28 11:54:32
2026-09-28 11:54:33.028  2026-09-28 11:54:33
2026-09-28 11:54:34.029  2026-09-28 11:54:34
2026-09-28 11:54:35.030  2026-09-28 11:54:35
2026-09-28 11:54:36.031  2026-09-28 11:54:36
2026-09-28 11:54:36.304  $PECZ,[ 134099.2] SIGNAL  level  60% [############--------] OK, volume 57/63, centre -1% | carrier 1015.49 Hz (+15.49) locked, '0' bits at -33 deg, noise 17 deg | radio RSSI 64 dBuV SNR 0 dB*40
2026-09-28 11:54:37.029  2026-09-28 11:54:37
2026-09-28 11:54:37.290  $PECZ,[ 134100.2] STATUS  2026-09-28 11:54:37 UTC (13:54:37 local, UTC+2) VALID, last good frame 22 s ago | frames heard 6324, undecodable 3637, accepted 2597 (1999 by matching the expected fr*42
2026-09-28 11:54:38.034  2026-09-28 11:54:38
2026-09-28 11:54:39.035  2026-09-28 11:54:39
2026-09-28 11:54:40.036  2026-09-28 11:54:40
2026-09-28 11:54:41.037  2026-09-28 11:54:41
2026-09-28 11:54:42.028  2026-09-28 11:54:42
2026-09-28 11:54:43.029  2026-09-28 11:54:43
2026-09-28 11:54:44.030  2026-09-28 11:54:44
2026-09-28 11:54:45.031  2026-09-28 11:54:45
2026-09-28 11:54:46.032  2026-09-28 11:54:46
2026-09-28 11:54:46.304  $PECZ,[ 134109.2] SIGNAL  level  56% [###########---------] OK, volume 57/63, centre -2% | carrier 1015.63 Hz (+15.63) locked, '0' bits at -33 deg, noise 16 deg | radio RSSI 64 dBuV SNR 0 dB*41
2026-09-28 11:54:47.029  2026-09-28 11:54:47
2026-09-28 11:54:47.290  $PECZ,[ 134110.2] STATUS  2026-09-28 11:54:47 UTC (13:54:47 local, UTC+2) VALID, last good frame 32 s ago | frames heard 6324, undecodable 3637, accepted 2597 (1999 by matching the expected fr*42
2026-09-28 11:54:48.034  2026-09-28 11:54:48
2026-09-28 11:54:49.035  2026-09-28 11:54:49
2026-09-28 11:54:50.036  2026-09-28 11:54:50
2026-09-28 11:54:51.032  TX end Q65 at 11:54:50.997, 51.0 s
2026-09-28 11:54:51.036  2026-09-28 11:54:51
2026-09-28 11:54:52.028  2026-09-28 11:54:52
2026-09-28 11:54:53.029  2026-09-28 11:54:53
2026-09-28 11:54:54.030  2026-09-28 11:54:54
2026-09-28 11:54:55.031  2026-09-28 11:54:55
2026-09-28 11:54:56.032  2026-09-28 11:54:56
2026-09-28 11:54:56.304  $PECZ,[ 134119.2] SIGNAL  level  59% [###########---------] OK, volume 57/63, centre 2% | carrier 1015.55 Hz (+15.55) locked, '0' bits at -33 deg, noise 19 deg | radio RSSI 64 dBuV SNR 0 dB*6D
2026-09-28 11:54:57.029  2026-09-28 11:54:57
2026-09-28 11:54:57.289  $PECZ,[ 134120.2] STATUS  2026-09-28 11:54:57 UTC (13:54:57 local, UTC+2) VALID, last good frame 42 s ago | frames heard 6324, undecodable 3637, accepted 2597 (1999 by matching the expected fr*46
2026-09-28 11:54:58.034  2026-09-28 11:54:58
2026-09-28 11:54:59.035  2026-09-28 11:54:59
2026-09-28 11:55:00.032  TX start CW at 11:55:00.000
2026-09-28 11:55:00.036  2026-09-28 11:55:00
2026-09-28 11:55:01.037  2026-09-28 11:55:01
2026-09-28 11:55:02.028  2026-09-28 11:55:02
2026-09-28 11:55:03.030  2026-09-28 11:55:03
2026-09-28 11:55:04.030  2026-09-28 11:55:04
2026-09-28 11:55:05.031  2026-09-28 11:55:05
2026-09-28 11:55:06.032  2026-09-28 11:55:06
2026-09-28 11:55:06.304  $PECZ,[ 134129.2] SIGNAL  level  57% [###########---------] OK, volume 57/63, centre 1% | carrier 1015.41 Hz (+15.41) locked, '0' bits at -33 deg, noise 17 deg | radio RSSI 64 dBuV SNR 0 dB*6D
2026-09-28 11:55:07.029  2026-09-28 11:55:07
2026-09-28 11:55:07.289  $PECZ,[ 134130.2] STATUS  2026-09-28 11:55:07 UTC (13:55:07 local, UTC+2) VALID, last good frame 52 s ago | frames heard 6324, undecodable 3637, accepted 2597 (1999 by matching the expected fr*46
2026-09-28 11:55:08.034  2026-09-28 11:55:08
2026-09-28 11:55:09.035  2026-09-28 11:55:09
2026-09-28 11:55:10.036  2026-09-28 11:55:10
2026-09-28 11:55:11.038  2026-09-28 11:55:11
2026-09-28 11:55:12.029  2026-09-28 11:55:12
2026-09-28 11:55:13.029  2026-09-28 11:55:13
2026-09-28 11:55:14.030  2026-09-28 11:55:14
2026-09-28 11:55:15.031  2026-09-28 11:55:15
2026-09-28 11:55:16.032  2026-09-28 11:55:16
2026-09-28 11:55:16.305  $PECZ,[ 134139.2] SIGNAL  level  60% [############--------] OK, volume 57/63, centre 0% | carrier 1015.59 Hz (+15.59) locked, '0' bits at -33 deg, noise 16 deg | radio RSSI 64 dBuV SNR 0 dB*66
2026-09-28 11:55:17.030  2026-09-28 11:55:17
2026-09-28 11:55:17.290  $PECZ,[ 134140.2] STATUS  2026-09-28 11:55:17 UTC (13:55:17 local, UTC+2) VALID, last good frame 62 s ago | frames heard 6324, undecodable 3637, accepted 2597 (1999 by matching the expected fr*42
2026-09-28 11:55:18.035  2026-09-28 11:55:18
2026-09-28 11:55:19.036  2026-09-28 11:55:19
2026-09-28 11:55:20.037  2026-09-28 11:55:20
2026-09-28 11:55:20.078  $PECZ,[ 134142.9] FRAME   #6325 corr 0.32 - not decodable, but 0.83 of it agrees with the expected frame (snr 0 dB): 2026-09-28 11:55:18 UTC (13:55:18 local, UTC+2)*29
2026-09-28 11:55:20.089  $PECZ,[ 134142.9] CLOCK   confirmed, error -0.27 ms, xtal -24203 ppb*02
2026-09-28 11:55:21.034  2026-09-28 11:55:21
2026-09-28 11:55:22.035  2026-09-28 11:55:22
2026-09-28 11:55:23.036  2026-09-28 11:55:23
2026-09-28 11:55:24.037  2026-09-28 11:55:24
2026-09-28 11:55:25.028  2026-09-28 11:55:25
2026-09-28 11:55:26.029  2026-09-28 11:55:26
2026-09-28 11:55:26.309  $PECZ,[ 134149.2] SIGNAL  level  58% [###########---------] OK, volume 57/63, centre -2% | carrier 1015.64 Hz (+15.64) locked, '0' bits at -33 deg, noise 17 deg | radio RSSI 64 dBuV SNR 0 dB*4A
