# Legnica receiver log, slot S = 2026-09-30 01:01:39 UTC, window S-30 s .. S+45 s ($GPRMC lines omitted)
# column 1-2: host receive time (UTC, NTP); $PECZ = receiver diagnostics, [uptime s]
2026-09-30 01:01:09.037  2026-09-30 01:01:09
2026-09-30 01:01:09.709  $PECZ,[ 267689.4] SIGNAL  level  57% [###########---------] OK, volume 57/63, centre 0% | carrier 1014.58 Hz (+14.58) locked, '0' bits at -32 deg, noise 37 deg | radio RSSI 64 dBuV SNR 0 dB*61
2026-09-30 01:01:10.031  2026-09-30 01:01:10
2026-09-30 01:01:10.715  $PECZ,[ 267690.4] STATUS  2026-09-30 01:01:10 UTC (03:01:10 local, UTC+2) VALID, last good frame 130 s ago | frames heard 12033, undecodable 7084, accepted 4773 (3939 by matching the expected *5C
2026-09-30 01:01:11.037  2026-09-30 01:01:11
2026-09-30 01:01:12.040  2026-09-30 01:01:12
2026-09-30 01:01:13.031  2026-09-30 01:01:13
2026-09-30 01:01:14.032  2026-09-30 01:01:14
2026-09-30 01:01:15.033  2026-09-30 01:01:15
2026-09-30 01:01:16.034  2026-09-30 01:01:16
2026-09-30 01:01:17.035  2026-09-30 01:01:17
2026-09-30 01:01:18.036  2026-09-30 01:01:18
2026-09-30 01:01:19.037  2026-09-30 01:01:19
2026-09-30 01:01:19.699  $PECZ,[ 267699.4] SIGNAL  level  61% [############--------] OK, volume 57/63, centre 1% | carrier 1014.50 Hz (+14.50) locking | radio RSSI 64 dBuV SNR 0 dB*74
2026-09-30 01:01:20.031  2026-09-30 01:01:20
2026-09-30 01:01:20.715  $PECZ,[ 267700.4] STATUS  2026-09-30 01:01:20 UTC (03:01:20 local, UTC+2) VALID, last good frame 140 s ago | frames heard 12033, undecodable 7084, accepted 4773 (3939 by matching the expected *53
2026-09-30 01:01:21.028  2026-09-30 01:01:21
2026-09-30 01:01:22.031  2026-09-30 01:01:22
2026-09-30 01:01:23.032  2026-09-30 01:01:23
2026-09-30 01:01:24.033  2026-09-30 01:01:24
2026-09-30 01:01:25.034  2026-09-30 01:01:25
2026-09-30 01:01:26.036  2026-09-30 01:01:26
2026-09-30 01:01:27.036  2026-09-30 01:01:27
2026-09-30 01:01:28.038  2026-09-30 01:01:28
2026-09-30 01:01:29.038  2026-09-30 01:01:29
2026-09-30 01:01:29.710  $PECZ,[ 267709.4] SIGNAL  level  57% [###########---------] OK, volume 57/63, centre -1% | carrier 1014.67 Hz (+14.67) locked, '0' bits at -32 deg, noise 35 deg | radio RSSI 64 dBuV SNR 0 dB*46
2026-09-30 01:01:30.033  2026-09-30 01:01:30
2026-09-30 01:01:30.717  $PECZ,[ 267710.4] STATUS  2026-09-30 01:01:30 UTC (03:01:30 local, UTC+2) VALID, last good frame 150 s ago | frames heard 12033, undecodable 7084, accepted 4773 (3939 by matching the expected *53
2026-09-30 01:01:31.030  2026-09-30 01:01:31
2026-09-30 01:01:32.033  2026-09-30 01:01:32
2026-09-30 01:01:33.034  2026-09-30 01:01:33
2026-09-30 01:01:34.035  2026-09-30 01:01:34
2026-09-30 01:01:35.036  2026-09-30 01:01:35
2026-09-30 01:01:36.038  2026-09-30 01:01:36
2026-09-30 01:01:36.231  TX end CW at 01:01:36.198, 36.2 s
2026-09-30 01:01:37.038  2026-09-30 01:01:37
2026-09-30 01:01:38.039  2026-09-30 01:01:38
2026-09-30 01:01:39.030  2026-09-30 01:01:39
2026-09-30 01:01:39.704  $PECZ,[ 267719.4] SIGNAL  level  54% [##########----------] OK, volume 57/63, centre 0% | carrier 1014.58 Hz (+14.58) locked, '0' bits at -32 deg, noise 40 deg | radio RSSI 64 dBuV SNR 0 dB*64
2026-09-30 01:01:40.037  2026-09-30 01:01:40
2026-09-30 01:01:40.715  $PECZ,[ 267720.4] STATUS  2026-09-30 01:01:40 UTC (03:01:40 local, UTC+2) VALID, last good frame 160 s ago | frames heard 12033, undecodable 7084, accepted 4773 (3939 by matching the expected *53
2026-09-30 01:01:41.028  2026-09-30 01:01:41
2026-09-30 01:01:42.031  2026-09-30 01:01:42
2026-09-30 01:01:43.031  2026-09-30 01:01:43
2026-09-30 01:01:44.032  2026-09-30 01:01:44
2026-09-30 01:01:45.033  2026-09-30 01:01:45
2026-09-30 01:01:46.034  2026-09-30 01:01:46
2026-09-30 01:01:47.035  2026-09-30 01:01:47
2026-09-30 01:01:48.036  2026-09-30 01:01:48
2026-09-30 01:01:49.037  2026-09-30 01:01:49
2026-09-30 01:01:49.699  $PECZ,[ 267729.4] SIGNAL  level  61% [############--------] OK, volume 57/63, centre -1% | carrier 1014.26 Hz (+14.26) locking | radio RSSI 64 dBuV SNR 0 dB*53
2026-09-30 01:01:50.031  2026-09-30 01:01:50
2026-09-30 01:01:50.715  $PECZ,[ 267730.4] STATUS  2026-09-30 01:01:50 UTC (03:01:50 local, UTC+2) VALID, last good frame 170 s ago | frames heard 12033, undecodable 7084, accepted 4773 (3939 by matching the expected *53
2026-09-30 01:01:51.028  2026-09-30 01:01:51
2026-09-30 01:01:52.030  2026-09-30 01:01:52
2026-09-30 01:01:53.031  2026-09-30 01:01:53
2026-09-30 01:01:54.032  2026-09-30 01:01:54
2026-09-30 01:01:55.033  2026-09-30 01:01:55
2026-09-30 01:01:56.034  2026-09-30 01:01:56
2026-09-30 01:01:57.035  2026-09-30 01:01:57
2026-09-30 01:01:58.036  2026-09-30 01:01:58
2026-09-30 01:01:59.037  2026-09-30 01:01:59
2026-09-30 01:01:59.709  $PECZ,[ 267739.4] SIGNAL  level  55% [###########---------] OK, volume 57/63, centre -3% | carrier 1014.65 Hz (+14.65) locked, '0' bits at -32 deg, noise 36 deg | radio RSSI 64 dBuV SNR 0 dB*46
2026-09-30 01:02:00.031  2026-09-30 01:02:00
2026-09-30 01:02:00.033  TX start Q65 at 01:02:00.002
2026-09-30 01:02:00.716  $PECZ,[ 267740.4] STATUS  2026-09-30 01:02:00 UTC (03:02:00 local, UTC+2) VALID, last good frame 180 s ago | frames heard 12033, undecodable 7084, accepted 4773 (3939 by matching the expected *5B
2026-09-30 01:02:01.028  2026-09-30 01:02:01
2026-09-30 01:02:02.031  2026-09-30 01:02:02
2026-09-30 01:02:03.032  2026-09-30 01:02:03
2026-09-30 01:02:04.033  2026-09-30 01:02:04
2026-09-30 01:02:05.035  2026-09-30 01:02:05
2026-09-30 01:02:06.035  2026-09-30 01:02:06
2026-09-30 01:02:07.037  2026-09-30 01:02:07
2026-09-30 01:02:08.038  2026-09-30 01:02:08
2026-09-30 01:02:09.039  2026-09-30 01:02:09
2026-09-30 01:02:09.710  $PECZ,[ 267749.4] SIGNAL  level  56% [###########---------] OK, volume 57/63, centre 0% | carrier 1014.59 Hz (+14.59) locked, '0' bits at -32 deg, noise 35 deg | radio RSSI 64 dBuV SNR 0 dB*6F
2026-09-30 01:02:10.033  2026-09-30 01:02:10
2026-09-30 01:02:10.716  $PECZ,[ 267750.4] STATUS  2026-09-30 01:02:10 UTC (03:02:10 local, UTC+2) VALID, last good frame 190 s ago | frames heard 12033, undecodable 7084, accepted 4773 (3939 by matching the expected *5B
2026-09-30 01:02:11.029  2026-09-30 01:02:11
2026-09-30 01:02:12.032  2026-09-30 01:02:12
2026-09-30 01:02:13.033  2026-09-30 01:02:13
2026-09-30 01:02:14.034  2026-09-30 01:02:14
2026-09-30 01:02:15.035  2026-09-30 01:02:15
2026-09-30 01:02:16.036  2026-09-30 01:02:16
2026-09-30 01:02:17.037  2026-09-30 01:02:17
2026-09-30 01:02:18.038  2026-09-30 01:02:18
2026-09-30 01:02:19.039  2026-09-30 01:02:19
2026-09-30 01:02:19.701  $PECZ,[ 267759.4] SIGNAL  level  59% [###########---------] OK, volume 57/63, centre -4% | carrier 1013.55 Hz (+13.55) locking (fast) | radio RSSI 64 dBuV SNR 0 dB*75
2026-09-30 01:02:20.033  2026-09-30 01:02:20
2026-09-30 01:02:20.716  $PECZ,[ 267760.4] STATUS  2026-09-30 01:02:20 UTC (03:02:20 local, UTC+2) VALID, last good frame 200 s ago | frames heard 12033, undecodable 7084, accepted 4773 (3939 by matching the expected *52
2026-09-30 01:02:21.029  2026-09-30 01:02:21
2026-09-30 01:02:22.032  2026-09-30 01:02:22
2026-09-30 01:02:23.033  2026-09-30 01:02:23
