# Legnica receiver log, slot S = 2026-09-28 20:06:15 UTC, window S-30 s .. S+45 s ($GPRMC lines omitted)
# column 1-2: host receive time (UTC, NTP); $PECZ = receiver diagnostics, [uptime s]
2026-09-28 20:05:45.057  2026-09-28 20:05:45
2026-09-28 20:05:46.059  2026-09-28 20:05:46
2026-09-28 20:05:47.059  2026-09-28 20:05:47
2026-09-28 20:05:47.099  $PECZ,[ 163569.2] SIGNAL  level  56% [###########---------] OK, volume 57/63, centre 2% | carrier 1014.33 Hz (+14.33) locked, '0' bits at -33 deg, noise 14 deg | radio RSSI 64 dBuV SNR 0 dB*6E
2026-09-28 20:05:48.054  2026-09-28 20:05:48
2026-09-28 20:05:48.117  $PECZ,[ 163570.3] STATUS  2026-09-28 20:05:48 UTC (22:05:48 local, UTC+2) VALID, last good frame 189 s ago | frames heard 7753, undecodable 4518, accepted 3125 (2474 by matching the expected f*0D
2026-09-28 20:05:49.052  2026-09-28 20:05:49
2026-09-28 20:05:50.053  2026-09-28 20:05:50
2026-09-28 20:05:51.054  2026-09-28 20:05:51
2026-09-28 20:05:52.055  2026-09-28 20:05:52
2026-09-28 20:05:53.056  2026-09-28 20:05:53
2026-09-28 20:05:54.057  2026-09-28 20:05:54
2026-09-28 20:05:55.058  2026-09-28 20:05:55
2026-09-28 20:05:56.059  2026-09-28 20:05:56
2026-09-28 20:05:56.477  $PECZ,[ 163578.6] FRAME   #7754 corr 0.34 - not decodable (too many bit errors, snr -3 dB)*20
2026-09-28 20:05:57.049  2026-09-28 20:05:57
2026-09-28 20:05:57.101  $PECZ,[ 163579.2] SIGNAL  level  53% [##########----------] OK, volume 57/63, centre -4% | carrier 1014.44 Hz (+14.44) locked, '0' bits at -33 deg, noise 14 deg | radio RSSI 64 dBuV SNR 0 dB*4F
2026-09-28 20:05:58.056  2026-09-28 20:05:58
2026-09-28 20:05:58.117  $PECZ,[ 163580.3] STATUS  2026-09-28 20:05:58 UTC (22:05:58 local, UTC+2) VALID, last good frame 199 s ago | frames heard 7754, undecodable 4519, accepted 3125 (2474 by matching the expected f*05
2026-09-28 20:05:59.052  2026-09-28 20:05:59
2026-09-28 20:06:00.049  TX start Q65 at 20:06:00.000
2026-09-28 20:06:00.053  2026-09-28 20:06:00
2026-09-28 20:06:01.055  2026-09-28 20:06:01
2026-09-28 20:06:02.056  2026-09-28 20:06:02
2026-09-28 20:06:03.057  2026-09-28 20:06:03
2026-09-28 20:06:04.058  2026-09-28 20:06:04
2026-09-28 20:06:05.059  2026-09-28 20:06:05
2026-09-28 20:06:06.061  2026-09-28 20:06:06
2026-09-28 20:06:07.052  2026-09-28 20:06:07
2026-09-28 20:06:07.101  $PECZ,[ 163589.2] SIGNAL  level  54% [##########----------] OK, volume 57/63, centre 0% | carrier 1014.34 Hz (+14.34) locked, '0' bits at -33 deg, noise 12 deg | radio RSSI 64 dBuV SNR 0 dB*68
2026-09-28 20:06:08.057  2026-09-28 20:06:08
2026-09-28 20:06:08.117  $PECZ,[ 163590.3] STATUS  2026-09-28 20:06:08 UTC (22:06:08 local, UTC+2) VALID, last good frame 209 s ago | frames heard 7754, undecodable 4519, accepted 3125 (2474 by matching the expected f*0E
2026-09-28 20:06:09.053  2026-09-28 20:06:09
2026-09-28 20:06:10.054  2026-09-28 20:06:10
2026-09-28 20:06:11.055  2026-09-28 20:06:11
2026-09-28 20:06:11.511  $PECZ,[ 163593.7] FRAME   #7755 corr 0.36 - not decodable (too many bit errors, snr -3 dB)*27
2026-09-28 20:06:12.055  2026-09-28 20:06:12
2026-09-28 20:06:13.058  2026-09-28 20:06:13
2026-09-28 20:06:14.059  2026-09-28 20:06:14
2026-09-28 20:06:15.060  2026-09-28 20:06:15
2026-09-28 20:06:16.061  2026-09-28 20:06:16
2026-09-28 20:06:17.052  2026-09-28 20:06:17
2026-09-28 20:06:17.101  $PECZ,[ 163599.2] SIGNAL  level  53% [##########----------] OK, volume 57/63, centre 0% | carrier 1014.27 Hz (+14.27) locked, '0' bits at -33 deg, noise 14 deg | radio RSSI 64 dBuV SNR 0 dB*68
2026-09-28 20:06:18.057  2026-09-28 20:06:18
2026-09-28 20:06:18.118  $PECZ,[ 163600.3] STATUS  2026-09-28 20:06:18 UTC (22:06:18 local, UTC+2) VALID, last good frame 219 s ago | frames heard 7755, undecodable 4520, accepted 3125 (2474 by matching the expected f*0E
2026-09-28 20:06:19.054  2026-09-28 20:06:19
2026-09-28 20:06:20.055  2026-09-28 20:06:20
2026-09-28 20:06:21.056  2026-09-28 20:06:21
2026-09-28 20:06:22.057  2026-09-28 20:06:22
2026-09-28 20:06:23.058  2026-09-28 20:06:23
2026-09-28 20:06:24.059  2026-09-28 20:06:24
2026-09-28 20:06:25.060  2026-09-28 20:06:25
2026-09-28 20:06:26.061  2026-09-28 20:06:26
2026-09-28 20:06:26.098  $PECZ,[ 163608.2] FRAME   #7756 corr 0.47 - not decodable (too many bit errors, snr 0 dB)*08
2026-09-28 20:06:27.052  2026-09-28 20:06:27
2026-09-28 20:06:27.103  $PECZ,[ 163609.2] SIGNAL  level  59% [###########---------] OK, volume 57/63, centre -4% | carrier 1014.39 Hz (+14.39) locked, '0' bits at -33 deg, noise 14 deg | radio RSSI 64 dBuV SNR 0 dB*4F
2026-09-28 20:06:28.057  2026-09-28 20:06:28
2026-09-28 20:06:28.118  $PECZ,[ 163610.3] STATUS  2026-09-28 20:06:28 UTC (22:06:28 local, UTC+2) VALID, last good frame 229 s ago | frames heard 7756, undecodable 4521, accepted 3125 (2474 by matching the expected f*0E
2026-09-28 20:06:29.052  2026-09-28 20:06:29
2026-09-28 20:06:30.053  2026-09-28 20:06:30
2026-09-28 20:06:31.054  2026-09-28 20:06:31
2026-09-28 20:06:32.056  2026-09-28 20:06:32
2026-09-28 20:06:33.056  2026-09-28 20:06:33
2026-09-28 20:06:34.057  2026-09-28 20:06:34
2026-09-28 20:06:35.058  2026-09-28 20:06:35
2026-09-28 20:06:35.596  $PECZ,[ 163617.8] FRAME   #7757 corr 0.30 - not decodable (too many bit errors, snr -4 dB)*24
2026-09-28 20:06:36.059  2026-09-28 20:06:36
2026-09-28 20:06:37.051  2026-09-28 20:06:37
2026-09-28 20:06:37.102  $PECZ,[ 163619.2] SIGNAL  level  55% [###########---------] OK, volume 57/63, centre 1% | carrier 1014.40 Hz (+14.40) locked, '0' bits at -33 deg, noise 13 deg | radio RSSI 64 dBuV SNR 0 dB*6D
2026-09-28 20:06:38.056  2026-09-28 20:06:38
2026-09-28 20:06:38.119  $PECZ,[ 163620.3] STATUS  2026-09-28 20:06:38 UTC (22:06:38 local, UTC+2) VALID, last good frame 239 s ago | frames heard 7757, undecodable 4522, accepted 3125 (2474 by matching the expected f*0E
2026-09-28 20:06:39.053  2026-09-28 20:06:39
2026-09-28 20:06:40.054  2026-09-28 20:06:40
2026-09-28 20:06:41.055  2026-09-28 20:06:41
2026-09-28 20:06:42.056  2026-09-28 20:06:42
2026-09-28 20:06:43.057  2026-09-28 20:06:43
2026-09-28 20:06:44.058  2026-09-28 20:06:44
2026-09-28 20:06:45.059  2026-09-28 20:06:45
2026-09-28 20:06:46.060  2026-09-28 20:06:46
2026-09-28 20:06:47.051  2026-09-28 20:06:47
2026-09-28 20:06:47.102  $PECZ,[ 163629.2] SIGNAL  level  57% [###########---------] OK, volume 57/63, centre -2% | carrier 1014.43 Hz (+14.43) locked, '0' bits at -33 deg, noise 15 deg | radio RSSI 65 dBuV SNR 0 dB*45
2026-09-28 20:06:48.056  2026-09-28 20:06:48
2026-09-28 20:06:48.119  $PECZ,[ 163630.3] STATUS  2026-09-28 20:06:48 UTC (22:06:48 local, UTC+2) VALID, last good frame 249 s ago | frames heard 7757, undecodable 4522, accepted 3125 (2474 by matching the expected f*08
2026-09-28 20:06:49.054  2026-09-28 20:06:49
2026-09-28 20:06:50.055  2026-09-28 20:06:50
2026-09-28 20:06:51.051  TX end Q65 at 20:06:50.998, 51.0 s
2026-09-28 20:06:51.056  2026-09-28 20:06:51
2026-09-28 20:06:52.058  2026-09-28 20:06:52
2026-09-28 20:06:53.060  2026-09-28 20:06:53
2026-09-28 20:06:54.060  2026-09-28 20:06:54
2026-09-28 20:06:55.051  2026-09-28 20:06:55
2026-09-28 20:06:56.052  2026-09-28 20:06:56
2026-09-28 20:06:56.440  $PECZ,[ 163638.6] FRAME   #7758 corr 0.31 - not decodable (too many bit errors, snr 0 dB)*00
2026-09-28 20:06:57.052  2026-09-28 20:06:57
2026-09-28 20:06:57.097  $PECZ,[ 163639.2] SIGNAL  level  57% [###########---------] OK, volume 57/63, centre 0% | carrier 1014.32 Hz (+14.32) locked, '0' bits at -33 deg, noise 13 deg | radio RSSI 64 dBuV SNR 0 dB*6C
2026-09-28 20:06:58.053  2026-09-28 20:06:58
2026-09-28 20:06:58.123  $PECZ,[ 163640.3] STATUS  2026-09-28 20:06:58 UTC (22:06:58 local, UTC+2) VALID, last good frame 259 s ago | frames heard 7758, undecodable 4523, accepted 3125 (2474 by matching the expected f*00
2026-09-28 20:06:59.057  2026-09-28 20:06:59
