# Legnica receiver log, slot S = 2026-09-27 13:04:27 UTC, window S-30 s .. S+45 s ($GPRMC lines omitted)
# column 1-2: host receive time (UTC, NTP); $PECZ = receiver diagnostics, [uptime s]
2026-09-27 13:03:57.049  2026-09-27 13:03:57
2026-09-27 13:03:58.050  2026-09-27 13:03:58
2026-09-27 13:03:59.042  2026-09-27 13:03:59
2026-09-27 13:04:00.038  TX start Q65 at 13:04:00.000
2026-09-27 13:04:00.043  2026-09-27 13:04:00
2026-09-27 13:04:01.044  2026-09-27 13:04:01
2026-09-27 13:04:02.045  2026-09-27 13:04:02
2026-09-27 13:04:03.046  2026-09-27 13:04:03
2026-09-27 13:04:04.047  2026-09-27 13:04:04
2026-09-27 13:04:04.157  $PECZ,[  51869.0] SIGNAL  level  57% [###########---------] OK, volume 57/63, centre -2% | carrier 1017.58 Hz (+17.58) locked, '0' bits at -38 deg, noise 17 deg | radio RSSI 64 dBuV SNR 0 dB*55
2026-09-27 13:04:05.042  2026-09-27 13:04:05
2026-09-27 13:04:05.092  $PECZ,[  51869.9] FRAME   #3088 corr 0.30 - not decodable, but 0.84 of it agrees with the expected frame (snr -3 dB): 2026-09-27 13:04:03 UTC (15:04:03 local, UTC+2)*1A
2026-09-27 13:04:05.103  $PECZ,[  51869.9] CLOCK   confirmed, error +0.52 ms, xtal -23801 ppb*1B
2026-09-27 13:04:05.237  $PECZ,[  51870.1] STATUS  2026-09-27 13:04:05 UTC (15:04:05 local, UTC+2) VALID, last good frame 2 s ago | frames heard 3088, undecodable 1662, accepted 1384 (883 by matching the expected fram*56
2026-09-27 13:04:06.042  2026-09-27 13:04:06
2026-09-27 13:04:07.043  2026-09-27 13:04:07
2026-09-27 13:04:08.044  2026-09-27 13:04:08
2026-09-27 13:04:09.045  2026-09-27 13:04:09
2026-09-27 13:04:10.047  2026-09-27 13:04:10
2026-09-27 13:04:11.048  2026-09-27 13:04:11
2026-09-27 13:04:12.049  2026-09-27 13:04:12
2026-09-27 13:04:13.050  2026-09-27 13:04:13
2026-09-27 13:04:14.051  2026-09-27 13:04:14
2026-09-27 13:04:14.154  $PECZ,[  51879.0] SIGNAL  level  58% [###########---------] OK, volume 57/63, centre -2% | carrier 1017.56 Hz (+17.56) locked, '0' bits at -38 deg, noise 18 deg | radio RSSI 64 dBuV SNR 0 dB*54
2026-09-27 13:04:15.049  2026-09-27 13:04:15
2026-09-27 13:04:15.233  $PECZ,[  51880.1] STATUS  2026-09-27 13:04:15 UTC (15:04:15 local, UTC+2) VALID, last good frame 12 s ago | frames heard 3088, undecodable 1662, accepted 1384 (883 by matching the expected fra*05
2026-09-27 13:04:16.048  2026-09-27 13:04:16
2026-09-27 13:04:17.050  2026-09-27 13:04:17
2026-09-27 13:04:18.050  2026-09-27 13:04:18
2026-09-27 13:04:19.041  2026-09-27 13:04:19
2026-09-27 13:04:20.042  2026-09-27 13:04:20
2026-09-27 13:04:21.043  2026-09-27 13:04:21
2026-09-27 13:04:22.044  2026-09-27 13:04:22
2026-09-27 13:04:23.045  2026-09-27 13:04:23
2026-09-27 13:04:24.046  2026-09-27 13:04:24
2026-09-27 13:04:24.156  $PECZ,[  51889.0] SIGNAL  level  56% [###########---------] OK, volume 57/63, centre 1% | carrier 1017.50 Hz (+17.50) locked, '0' bits at -38 deg, noise 18 deg | radio RSSI 64 dBuV SNR 0 dB*7B
2026-09-27 13:04:25.041  2026-09-27 13:04:25
2026-09-27 13:04:25.233  $PECZ,[  51890.1] STATUS  2026-09-27 13:04:25 UTC (15:04:25 local, UTC+2) VALID, last good frame 22 s ago | frames heard 3088, undecodable 1662, accepted 1384 (883 by matching the expected fra*07
2026-09-27 13:04:26.049  2026-09-27 13:04:26
2026-09-27 13:04:27.050  2026-09-27 13:04:27
2026-09-27 13:04:28.041  2026-09-27 13:04:28
2026-09-27 13:04:29.042  2026-09-27 13:04:29
2026-09-27 13:04:30.043  2026-09-27 13:04:30
2026-09-27 13:04:31.044  2026-09-27 13:04:31
2026-09-27 13:04:32.045  2026-09-27 13:04:32
2026-09-27 13:04:33.046  2026-09-27 13:04:33
2026-09-27 13:04:34.047  2026-09-27 13:04:34
2026-09-27 13:04:34.158  $PECZ,[  51899.0] SIGNAL  level  59% [###########---------] OK, volume 57/63, centre 0% | carrier 1017.47 Hz (+17.47) locked, '0' bits at -38 deg, noise 20 deg | radio RSSI 64 dBuV SNR 0 dB*7F
2026-09-27 13:04:35.042  2026-09-27 13:04:35
2026-09-27 13:04:35.234  $PECZ,[  51900.1] STATUS  2026-09-27 13:04:35 UTC (15:04:35 local, UTC+2) VALID, last good frame 32 s ago | frames heard 3088, undecodable 1662, accepted 1384 (883 by matching the expected fra*0E
2026-09-27 13:04:36.049  2026-09-27 13:04:36
2026-09-27 13:04:37.050  2026-09-27 13:04:37
2026-09-27 13:04:38.041  2026-09-27 13:04:38
2026-09-27 13:04:39.042  2026-09-27 13:04:39
2026-09-27 13:04:40.043  2026-09-27 13:04:40
2026-09-27 13:04:41.044  2026-09-27 13:04:41
2026-09-27 13:04:42.045  2026-09-27 13:04:42
2026-09-27 13:04:43.046  2026-09-27 13:04:43
2026-09-27 13:04:44.048  2026-09-27 13:04:44
2026-09-27 13:04:44.158  $PECZ,[  51909.0] SIGNAL  level  59% [###########---------] OK, volume 57/63, centre -4% | carrier 1017.63 Hz (+17.63) locked, '0' bits at -38 deg, noise 18 deg | radio RSSI 64 dBuV SNR 0 dB*55
2026-09-27 13:04:45.042  2026-09-27 13:04:45
2026-09-27 13:04:45.235  $PECZ,[  51910.1] STATUS  2026-09-27 13:04:45 UTC (15:04:45 local, UTC+2) VALID, last good frame 42 s ago | frames heard 3088, undecodable 1662, accepted 1384 (883 by matching the expected fra*08
2026-09-27 13:04:46.049  2026-09-27 13:04:46
2026-09-27 13:04:47.050  2026-09-27 13:04:47
2026-09-27 13:04:48.041  2026-09-27 13:04:48
2026-09-27 13:04:49.042  2026-09-27 13:04:49
2026-09-27 13:04:50.043  2026-09-27 13:04:50
2026-09-27 13:04:51.039  TX end Q65 at 13:04:50.998, 51.0 s
2026-09-27 13:04:51.043  2026-09-27 13:04:51
2026-09-27 13:04:52.045  2026-09-27 13:04:52
2026-09-27 13:04:53.046  2026-09-27 13:04:53
2026-09-27 13:04:53.084  $PECZ,[  51917.9] FRAME   #3089 corr 0.32 - not decodable (too many bit errors, snr -4 dB)*38
2026-09-27 13:04:54.048  2026-09-27 13:04:54
2026-09-27 13:04:54.158  $PECZ,[  51919.0] SIGNAL  level  58% [###########---------] OK, volume 57/63, centre 0% | carrier 1017.42 Hz (+17.42) locked, '0' bits at -38 deg, noise 16 deg | radio RSSI 64 dBuV SNR 0 dB*72
2026-09-27 13:04:55.043  2026-09-27 13:04:55
2026-09-27 13:04:55.235  $PECZ,[  51920.1] STATUS  2026-09-27 13:04:55 UTC (15:04:55 local, UTC+2) VALID, last good frame 52 s ago | frames heard 3089, undecodable 1663, accepted 1384 (883 by matching the expected fra*0A
2026-09-27 13:04:56.050  2026-09-27 13:04:56
2026-09-27 13:04:56.091  $PECZ,[  51920.9] FRAME   #3090 corr 0.39 - not decodable, but 0.86 of it agrees with the expected frame (snr 1 dB): 2026-09-27 13:04:54 UTC (15:04:54 local, UTC+2)*3B
2026-09-27 13:04:56.102  $PECZ,[  51920.9] CLOCK   confirmed, error +1.51 ms, xtal -23667 ppb*1B
2026-09-27 13:04:57.047  2026-09-27 13:04:57
2026-09-27 13:04:58.048  2026-09-27 13:04:58
2026-09-27 13:04:59.049  2026-09-27 13:04:59
2026-09-27 13:05:00.046  TX start CW at 13:05:00.000
2026-09-27 13:05:00.050  2026-09-27 13:05:00
2026-09-27 13:05:01.051  2026-09-27 13:05:01
2026-09-27 13:05:02.042  2026-09-27 13:05:02
2026-09-27 13:05:03.043  2026-09-27 13:05:03
2026-09-27 13:05:04.044  2026-09-27 13:05:04
2026-09-27 13:05:04.156  $PECZ,[  51929.0] SIGNAL  level  57% [###########---------] OK, volume 57/63, centre 0% | carrier 1017.56 Hz (+17.56) locked, '0' bits at -38 deg, noise 17 deg | radio RSSI 64 dBuV SNR 0 dB*7F
2026-09-27 13:05:05.051  2026-09-27 13:05:05
2026-09-27 13:05:05.235  $PECZ,[  51930.1] STATUS  2026-09-27 13:05:05 UTC (15:05:05 local, UTC+2) VALID, last good frame 11 s ago | frames heard 3090, undecodable 1663, accepted 1385 (884 by matching the expected fra*02
2026-09-27 13:05:06.049  2026-09-27 13:05:06
2026-09-27 13:05:07.050  2026-09-27 13:05:07
2026-09-27 13:05:08.051  2026-09-27 13:05:08
2026-09-27 13:05:09.042  2026-09-27 13:05:09
2026-09-27 13:05:10.044  2026-09-27 13:05:10
2026-09-27 13:05:11.045  2026-09-27 13:05:11
2026-09-27 13:05:12.046  2026-09-27 13:05:12
