# Legnica receiver log, slot S = 2026-09-28 20:36:39 UTC, window S-30 s .. S+45 s ($GPRMC lines omitted)
# column 1-2: host receive time (UTC, NTP); $PECZ = receiver diagnostics, [uptime s]
2026-09-28 20:36:09.053  2026-09-28 20:36:09
2026-09-28 20:36:10.054  2026-09-28 20:36:10
2026-09-28 20:36:11.045  2026-09-28 20:36:11
2026-09-28 20:36:12.046  2026-09-28 20:36:12
2026-09-28 20:36:13.048  2026-09-28 20:36:13
2026-09-28 20:36:14.049  2026-09-28 20:36:14
2026-09-28 20:36:15.050  2026-09-28 20:36:15
2026-09-28 20:36:16.051  2026-09-28 20:36:16
2026-09-28 20:36:17.052  2026-09-28 20:36:17
2026-09-28 20:36:17.121  $PECZ,[ 165399.2] SIGNAL  level  55% [###########---------] OK, volume 57/63, centre 0% | carrier 1014.54 Hz (+14.54) locked, '0' bits at -34 deg, noise 10 deg | radio RSSI 64 dBuV SNR 0 dB*63
2026-09-28 20:36:18.047  2026-09-28 20:36:18
2026-09-28 20:36:18.156  $PECZ,[ 165400.3] STATUS  2026-09-28 20:36:18 UTC (22:36:18 local, UTC+2) VALID, last good frame 15 s ago | frames heard 7915, undecodable 4604, accepted 3201 (2542 by matching the expected fr*48
2026-09-28 20:36:19.052  2026-09-28 20:36:19
2026-09-28 20:36:20.053  2026-09-28 20:36:20
2026-09-28 20:36:21.054  2026-09-28 20:36:21
2026-09-28 20:36:22.055  2026-09-28 20:36:22
2026-09-28 20:36:23.046  2026-09-28 20:36:23
2026-09-28 20:36:24.047  2026-09-28 20:36:24
2026-09-28 20:36:25.047  2026-09-28 20:36:25
2026-09-28 20:36:26.048  2026-09-28 20:36:26
2026-09-28 20:36:27.049  2026-09-28 20:36:27
2026-09-28 20:36:27.120  $PECZ,[ 165409.2] SIGNAL  level  54% [##########----------] OK, volume 57/63, centre -2% | carrier 1014.38 Hz (+14.38) locked, '0' bits at -29 deg, noise 8 deg | radio RSSI 64 dBuV SNR 0 dB*78
2026-09-28 20:36:28.046  2026-09-28 20:36:28
2026-09-28 20:36:28.156  $PECZ,[ 165410.3] STATUS  2026-09-28 20:36:28 UTC (22:36:28 local, UTC+2) VALID, last good frame 25 s ago | frames heard 7915, undecodable 4604, accepted 3201 (2542 by matching the expected fr*4A
2026-09-28 20:36:29.051  2026-09-28 20:36:29
2026-09-28 20:36:29.438  $PECZ,[ 165411.6] FRAME   #7916 corr 0.41 - not decodable (too many bit errors, snr -3 dB)*22
2026-09-28 20:36:30.053  2026-09-28 20:36:30
2026-09-28 20:36:31.054  2026-09-28 20:36:31
2026-09-28 20:36:32.045  2026-09-28 20:36:32
2026-09-28 20:36:32.433  $PECZ,[ 165414.6] FRAME   #7917 corr 0.42 - not decodable (too many bit errors, snr -3 dB)*25
2026-09-28 20:36:33.047  2026-09-28 20:36:33
2026-09-28 20:36:34.048  2026-09-28 20:36:34
2026-09-28 20:36:35.049  2026-09-28 20:36:35
2026-09-28 20:36:36.050  2026-09-28 20:36:36
2026-09-28 20:36:37.051  2026-09-28 20:36:37
2026-09-28 20:36:37.122  $PECZ,[ 165419.2] SIGNAL  level  56% [###########---------] OK, volume 57/63, centre 1% | carrier 1014.55 Hz (+14.55) locked, '0' bits at -36 deg, noise 11 deg | radio RSSI 64 dBuV SNR 0 dB*6D
2026-09-28 20:36:38.046  2026-09-28 20:36:38
2026-09-28 20:36:38.084  $PECZ,[ 165420.1] FRAME   #7918 corr 0.50 - not decodable (too many bit errors, snr 0 dB)*07
2026-09-28 20:36:38.158  $PECZ,[ 165420.3] STATUS  2026-09-28 20:36:38 UTC (22:36:38 local, UTC+2) VALID, last good frame 35 s ago | frames heard 7918, undecodable 4607, accepted 3201 (2542 by matching the expected fr*46
2026-09-28 20:36:39.052  2026-09-28 20:36:39
2026-09-28 20:36:40.053  2026-09-28 20:36:40
2026-09-28 20:36:41.054  2026-09-28 20:36:41
2026-09-28 20:36:41.602  $PECZ,[ 165423.7] FRAME   #7919 corr 0.57 - not decodable (too many bit errors, snr 4 dB)*00
2026-09-28 20:36:42.044  2026-09-28 20:36:42
2026-09-28 20:36:43.047  2026-09-28 20:36:43
2026-09-28 20:36:44.048  2026-09-28 20:36:44
2026-09-28 20:36:45.049  2026-09-28 20:36:45
2026-09-28 20:36:46.050  2026-09-28 20:36:46
2026-09-28 20:36:47.051  2026-09-28 20:36:47
2026-09-28 20:36:47.096  $PECZ,[ 165429.2] FRAME   #7920 corr 0.56 - not decodable, but 0.93 of it agrees with the expected frame (snr 3 dB): 2026-09-28 20:36:45 UTC (22:36:45 local, UTC+2)*20
2026-09-28 20:36:47.106  $PECZ,[ 165429.2] CLOCK   confirmed, error -0.29 ms, xtal -24342 ppb*0F
2026-09-28 20:36:47.122  $PECZ,[ 165429.2] SIGNAL  level  51% [##########----------] OK, volume 57/63, centre 1% | carrier 1014.51 Hz (+14.51) locked, '0' bits at -33 deg, noise 9 deg | radio RSSI 65 dBuV SNR 0 dB*5A
2026-09-28 20:36:48.046  2026-09-28 20:36:48
2026-09-28 20:36:48.157  $PECZ,[ 165430.3] STATUS  2026-09-28 20:36:48 UTC (22:36:48 local, UTC+2) VALID, last good frame 3 s ago | frames heard 7920, undecodable 4608, accepted 3202 (2543 by matching the expected fra*15
2026-09-28 20:36:49.051  2026-09-28 20:36:49
2026-09-28 20:36:50.052  2026-09-28 20:36:50
2026-09-28 20:36:50.440  $PECZ,[ 165432.6] FRAME   #7921 corr 0.34 - not decodable (too many bit errors, snr -8 dB)*2E
2026-09-28 20:36:51.047  TX end Q65 at 20:36:50.998, 51.0 s
2026-09-28 20:36:51.052  2026-09-28 20:36:51
2026-09-28 20:36:52.046  2026-09-28 20:36:52
2026-09-28 20:36:53.047  2026-09-28 20:36:53
2026-09-28 20:36:54.048  2026-09-28 20:36:54
2026-09-28 20:36:55.049  2026-09-28 20:36:55
2026-09-28 20:36:56.050  2026-09-28 20:36:56
2026-09-28 20:36:57.051  2026-09-28 20:36:57
2026-09-28 20:36:57.122  $PECZ,[ 165439.2] SIGNAL  level  54% [##########----------] OK, volume 57/63, centre 0% | carrier 1014.42 Hz (+14.42) locked, '0' bits at -31 deg, noise 9 deg | radio RSSI 64 dBuV SNR 0 dB*5C
2026-09-28 20:36:58.046  2026-09-28 20:36:58
2026-09-28 20:36:58.157  $PECZ,[ 165440.3] STATUS  2026-09-28 20:36:58 UTC (22:36:58 local, UTC+2) VALID, last good frame 13 s ago | frames heard 7921, undecodable 4609, accepted 3202 (2543 by matching the expected fr*42
2026-09-28 20:36:59.051  2026-09-28 20:36:59
2026-09-28 20:36:59.095  $PECZ,[ 165441.2] FRAME   #7922 corr 0.49 - not decodable, but 0.91 of it agrees with the expected frame (snr 3 dB): 2026-09-28 20:36:57 UTC (22:36:57 local, UTC+2)*20
2026-09-28 20:36:59.106  $PECZ,[ 165441.2] CLOCK   confirmed, error -0.61 ms, xtal -24374 ppb*08
2026-09-28 20:37:00.051  2026-09-28 20:37:00
2026-09-28 20:37:00.054  TX start CW at 20:37:00.000
2026-09-28 20:37:01.053  2026-09-28 20:37:01
2026-09-28 20:37:02.053  2026-09-28 20:37:02
2026-09-28 20:37:03.054  2026-09-28 20:37:03
2026-09-28 20:37:04.045  2026-09-28 20:37:04
2026-09-28 20:37:05.046  2026-09-28 20:37:05
2026-09-28 20:37:05.094  $PECZ,[ 165447.2] FRAME   #7923 corr 0.55 snr 2 dB, fixed 5 symbol(s): 2026-09-28 20:37:03 UTC (22:37:03 local, UTC+2)*78
2026-09-28 20:37:05.105  $PECZ,[ 165447.2] CLOCK   frame agrees with clock, error -0.88 ms, xtal -24408 ppb*46
2026-09-28 20:37:05.116  $PECZ,[ 165447.2] RAW     55 55 60 A7 7F 97 5E 8B 36 80 7E 74 *22
2026-09-28 20:37:06.051  2026-09-28 20:37:06
2026-09-28 20:37:06.057  $PGGUM,A7,7F,97,5E,8B,36,80,7E,74,5*02
2026-09-28 20:37:07.052  2026-09-28 20:37:07
2026-09-28 20:37:07.123  $PECZ,[ 165449.2] SIGNAL  level  53% [##########----------] OK, volume 57/63, centre 0% | carrier 1014.44 Hz (+14.44) locked, '0' bits at -34 deg, noise 10 deg | radio RSSI 64 dBuV SNR 0 dB*61
2026-09-28 20:37:08.048  2026-09-28 20:37:08
2026-09-28 20:37:08.157  $PECZ,[ 165450.3] STATUS  2026-09-28 20:37:08 UTC (22:37:08 local, UTC+2) VALID, last good frame 5 s ago | frames heard 7923, undecodable 4609, accepted 3204 (2544 by matching the expected fra*16
2026-09-28 20:37:09.052  2026-09-28 20:37:09
2026-09-28 20:37:10.053  2026-09-28 20:37:10
2026-09-28 20:37:11.055  2026-09-28 20:37:11
2026-09-28 20:37:12.045  2026-09-28 20:37:12
2026-09-28 20:37:13.046  2026-09-28 20:37:13
2026-09-28 20:37:14.047  2026-09-28 20:37:14
2026-09-28 20:37:14.097  $PECZ,[ 165456.1] FRAME   #7924 corr 0.44 - not decodable, but 0.93 of it agrees with the expected frame (snr -1 dB): 2026-09-28 20:37:12 UTC (22:37:12 local, UTC+2)*03
2026-09-28 20:37:14.108  $PECZ,[ 165456.1] CLOCK   confirmed, error -0.53 ms, xtal -24397 ppb*01
2026-09-28 20:37:15.053  2026-09-28 20:37:15
2026-09-28 20:37:16.054  2026-09-28 20:37:16
2026-09-28 20:37:17.045  2026-09-28 20:37:17
2026-09-28 20:37:17.094  $PECZ,[ 165459.1] FRAME   #7925 corr 0.49 snr 2 dB, fixed 3 symbol(s) + soft retry: 2026-09-28 20:37:15 UTC (22:37:15 local, UTC+2)*14
2026-09-28 20:37:17.105  $PECZ,[ 165459.2] CLOCK   frame agrees with clock, error +0.41 ms, xtal -24332 ppb*44
2026-09-28 20:37:17.116  $PECZ,[ 165459.2] RAW     55 55 60 A6 E7 37 59 8B AB 50 80 0A *5A
2026-09-28 20:37:17.130  $PECZ,[ 165459.2] SIGNAL  level  59% [###########---------] OK, volume 57/63, centre 1% | carrier 1014.46 Hz (+14.46) locked, '0' bits at -32 deg, noise 11 deg | radio RSSI 65 dBuV SNR 0 dB*63
2026-09-28 20:37:18.055  2026-09-28 20:37:18
2026-09-28 20:37:18.061  $PGGUM,A6,E7,37,59,8B,AB,50,80,0A,3*73
2026-09-28 20:37:18.156  $PECZ,[ 165460.3] STATUS  2026-09-28 20:37:18 UTC (22:37:18 local, UTC+2) VALID, last good frame 3 s ago | frames heard 7925, undecodable 4609, accepted 3206 (2545 by matching the expected fra*16
2026-09-28 20:37:19.051  2026-09-28 20:37:19
2026-09-28 20:37:20.052  2026-09-28 20:37:20
2026-09-28 20:37:21.053  2026-09-28 20:37:21
2026-09-28 20:37:22.054  2026-09-28 20:37:22
2026-09-28 20:37:23.045  2026-09-28 20:37:23
