# Legnica receiver log, slot S = 2026-09-27 08:27:51 UTC, window S-30 s .. S+45 s ($GPRMC lines omitted)
# column 1-2: host receive time (UTC, NTP); $PECZ = receiver diagnostics, [uptime s]
2026-09-27 08:27:21.045  2026-09-27 08:27:21
2026-09-27 08:27:22.046  2026-09-27 08:27:22
2026-09-27 08:27:23.047  2026-09-27 08:27:23
2026-09-27 08:27:24.048  2026-09-27 08:27:24
2026-09-27 08:27:24.090  $PECZ,[  35269.0] SIGNAL  level  54% [##########----------] OK, volume 57/63, centre -2% | carrier 1016.04 Hz (+16.04) locked, '0' bits at -36 deg, noise 26 deg | radio RSSI 63 dBuV SNR 3 dB*58
2026-09-27 08:27:25.046  2026-09-27 08:27:25
2026-09-27 08:27:25.095  $PECZ,[  35270.0] STATUS  2026-09-27 08:27:24 UTC (10:27:24 local, UTC+2) VALID, last good frame 114 s ago | frames heard 2680, undecodable 1415, accepted 1228 (761 by matching the expected fr*53
2026-09-27 08:27:26.050  2026-09-27 08:27:26
2026-09-27 08:27:27.051  2026-09-27 08:27:27
2026-09-27 08:27:28.053  2026-09-27 08:27:28
2026-09-27 08:27:29.053  2026-09-27 08:27:29
2026-09-27 08:27:30.044  2026-09-27 08:27:30
2026-09-27 08:27:31.046  2026-09-27 08:27:31
2026-09-27 08:27:32.047  2026-09-27 08:27:32
2026-09-27 08:27:33.048  2026-09-27 08:27:33
2026-09-27 08:27:34.049  2026-09-27 08:27:34
2026-09-27 08:27:34.091  $PECZ,[  35279.0] SIGNAL  level  49% [#########-----------] OK, volume 57/63, centre -2% | carrier 1015.72 Hz (+15.72) locked, '0' bits at -36 deg, noise 24 deg | radio RSSI 64 dBuV SNR 3 dB*5E
2026-09-27 08:27:35.046  2026-09-27 08:27:35
2026-09-27 08:27:35.095  $PECZ,[  35280.0] STATUS  2026-09-27 08:27:34 UTC (10:27:34 local, UTC+2) VALID, last good frame 124 s ago | frames heard 2680, undecodable 1415, accepted 1228 (761 by matching the expected fr*5F
2026-09-27 08:27:36.051  2026-09-27 08:27:36
2026-09-27 08:27:36.241  TX end CW at 08:27:36.194, 36.2 s
2026-09-27 08:27:37.051  2026-09-27 08:27:37
2026-09-27 08:27:38.053  2026-09-27 08:27:38
2026-09-27 08:27:39.054  2026-09-27 08:27:39
2026-09-27 08:27:40.045  2026-09-27 08:27:40
2026-09-27 08:27:41.046  2026-09-27 08:27:41
2026-09-27 08:27:42.047  2026-09-27 08:27:42
2026-09-27 08:27:43.048  2026-09-27 08:27:43
2026-09-27 08:27:44.049  2026-09-27 08:27:44
2026-09-27 08:27:44.091  $PECZ,[  35289.0] SIGNAL  level  51% [##########----------] OK, volume 57/63, centre 0% | carrier 1015.98 Hz (+15.98) locked, '0' bits at -36 deg, noise 26 deg | radio RSSI 63 dBuV SNR 3 dB*7C
2026-09-27 08:27:45.047  2026-09-27 08:27:45
2026-09-27 08:27:45.096  $PECZ,[  35290.0] STATUS  2026-09-27 08:27:44 UTC (10:27:44 local, UTC+2) VALID, last good frame 134 s ago | frames heard 2680, undecodable 1415, accepted 1228 (761 by matching the expected fr*5F
2026-09-27 08:27:46.052  2026-09-27 08:27:46
2026-09-27 08:27:47.053  2026-09-27 08:27:47
2026-09-27 08:27:48.054  2026-09-27 08:27:48
2026-09-27 08:27:49.045  2026-09-27 08:27:49
2026-09-27 08:27:50.046  2026-09-27 08:27:50
2026-09-27 08:27:51.047  2026-09-27 08:27:51
2026-09-27 08:27:52.048  2026-09-27 08:27:52
2026-09-27 08:27:53.049  2026-09-27 08:27:53
2026-09-27 08:27:54.050  2026-09-27 08:27:54
2026-09-27 08:27:54.091  $PECZ,[  35299.0] SIGNAL  level  52% [##########----------] OK, volume 57/63, centre -2% | carrier 1016.01 Hz (+16.01) locked, '0' bits at -36 deg, noise 22 deg | radio RSSI 62 dBuV SNR 3 dB*54
2026-09-27 08:27:55.046  2026-09-27 08:27:55
2026-09-27 08:27:55.096  $PECZ,[  35300.0] STATUS  2026-09-27 08:27:54 UTC (10:27:54 local, UTC+2) VALID, last good frame 144 s ago | frames heard 2680, undecodable 1415, accepted 1228 (761 by matching the expected fr*50
2026-09-27 08:27:56.051  2026-09-27 08:27:56
2026-09-27 08:27:57.052  2026-09-27 08:27:57
2026-09-27 08:27:58.053  2026-09-27 08:27:58
2026-09-27 08:27:59.044  2026-09-27 08:27:59
2026-09-27 08:28:00.042  TX start Q65 at 08:28:00.000
2026-09-27 08:28:00.047  2026-09-27 08:28:00
2026-09-27 08:28:01.047  2026-09-27 08:28:01
2026-09-27 08:28:02.048  2026-09-27 08:28:02
2026-09-27 08:28:03.049  2026-09-27 08:28:03
2026-09-27 08:28:04.050  2026-09-27 08:28:04
2026-09-27 08:28:04.092  $PECZ,[  35309.0] SIGNAL  level  54% [##########----------] OK, volume 57/63, centre 3% | carrier 1016.16 Hz (+16.16) locked, '0' bits at -36 deg, noise 23 deg | radio RSSI 63 dBuV SNR 3 dB*76
2026-09-27 08:28:05.046  2026-09-27 08:28:05
2026-09-27 08:28:05.097  $PECZ,[  35310.0] STATUS  2026-09-27 08:28:04 UTC (10:28:04 local, UTC+2) VALID, last good frame 154 s ago | frames heard 2680, undecodable 1415, accepted 1228 (761 by matching the expected fr*50
2026-09-27 08:28:06.051  2026-09-27 08:28:06
2026-09-27 08:28:07.052  2026-09-27 08:28:07
2026-09-27 08:28:08.053  2026-09-27 08:28:08
2026-09-27 08:28:09.044  2026-09-27 08:28:09
2026-09-27 08:28:10.045  2026-09-27 08:28:10
2026-09-27 08:28:11.046  2026-09-27 08:28:11
2026-09-27 08:28:12.047  2026-09-27 08:28:12
2026-09-27 08:28:13.048  2026-09-27 08:28:13
2026-09-27 08:28:14.049  2026-09-27 08:28:14
2026-09-27 08:28:14.092  $PECZ,[  35319.0] SIGNAL  level  51% [##########----------] OK, volume 57/63, centre 0% | carrier 1015.62 Hz (+15.62) locked, '0' bits at -36 deg, noise 25 deg | radio RSSI 62 dBuV SNR 3 dB*76
2026-09-27 08:28:15.046  2026-09-27 08:28:15
2026-09-27 08:28:15.097  $PECZ,[  35320.0] STATUS  2026-09-27 08:28:14 UTC (10:28:14 local, UTC+2) VALID, last good frame 164 s ago | frames heard 2680, undecodable 1415, accepted 1228 (761 by matching the expected fr*50
2026-09-27 08:28:16.051  2026-09-27 08:28:16
2026-09-27 08:28:17.052  2026-09-27 08:28:17
2026-09-27 08:28:18.053  2026-09-27 08:28:18
2026-09-27 08:28:19.044  2026-09-27 08:28:19
2026-09-27 08:28:20.045  2026-09-27 08:28:20
2026-09-27 08:28:21.047  2026-09-27 08:28:21
2026-09-27 08:28:22.047  2026-09-27 08:28:22
2026-09-27 08:28:23.048  2026-09-27 08:28:23
2026-09-27 08:28:24.049  2026-09-27 08:28:24
2026-09-27 08:28:24.092  $PECZ,[  35329.0] SIGNAL  level  51% [##########----------] OK, volume 57/63, centre 0% | carrier 1016.27 Hz (+16.27) locked, '0' bits at -36 deg, noise 22 deg | radio RSSI 62 dBuV SNR 3 dB*72
2026-09-27 08:28:25.047  2026-09-27 08:28:25
2026-09-27 08:28:25.098  $PECZ,[  35330.0] STATUS  2026-09-27 08:28:24 UTC (10:28:24 local, UTC+2) VALID, last good frame 174 s ago | frames heard 2680, undecodable 1415, accepted 1228 (761 by matching the expected fr*50
2026-09-27 08:28:26.052  2026-09-27 08:28:26
2026-09-27 08:28:27.053  2026-09-27 08:28:27
2026-09-27 08:28:28.044  2026-09-27 08:28:28
2026-09-27 08:28:29.045  2026-09-27 08:28:29
2026-09-27 08:28:30.046  2026-09-27 08:28:30
2026-09-27 08:28:31.047  2026-09-27 08:28:31
2026-09-27 08:28:32.048  2026-09-27 08:28:32
2026-09-27 08:28:33.049  2026-09-27 08:28:33
2026-09-27 08:28:34.050  2026-09-27 08:28:34
2026-09-27 08:28:34.090  $PECZ,[  35339.0] SIGNAL  level  52% [##########----------] OK, volume 57/63, centre -1% | carrier 1016.36 Hz (+16.36) locked, '0' bits at -36 deg, noise 23 deg | radio RSSI 65 dBuV SNR 3 dB*5A
2026-09-27 08:28:35.046  2026-09-27 08:28:35
2026-09-27 08:28:35.095  $PECZ,[  35340.0] STATUS  2026-09-27 08:28:34 UTC (10:28:34 local, UTC+2) VALID, last good frame 184 s ago | frames heard 2680, undecodable 1415, accepted 1228 (761 by matching the expected fr*58
