# Legnica receiver log, slot S = 2026-09-28 16:32:15 UTC, window S-30 s .. S+45 s ($GPRMC lines omitted)
# column 1-2: host receive time (UTC, NTP); $PECZ = receiver diagnostics, [uptime s]
2026-09-28 16:31:45.051  2026-09-28 16:31:45
2026-09-28 16:31:46.042  2026-09-28 16:31:46
2026-09-28 16:31:46.724  $PECZ,[ 150729.2] SIGNAL  level  57% [###########---------] OK, volume 57/63, centre 0% | carrier 1016.06 Hz (+16.06) locked, '0' bits at -33 deg, noise 14 deg | radio RSSI 64 dBuV SNR 0 dB*6B
2026-09-28 16:31:47.047  2026-09-28 16:31:47
2026-09-28 16:31:47.092  $PECZ,[ 150729.5] FRAME   #7098 corr 0.30 - not decodable, but 0.83 of it agrees with the expected frame (snr 0 dB): 2026-09-28 16:31:45 UTC (18:31:45 local, UTC+2)*26
2026-09-28 16:31:47.103  $PECZ,[ 150729.5] CLOCK   confirmed, error +0.33 ms, xtal -24250 ppb*02
2026-09-28 16:31:47.719  $PECZ,[ 150730.2] STATUS  2026-09-28 16:31:47 UTC (18:31:47 local, UTC+2) VALID, last good frame 2 s ago | frames heard 7098, undecodable 4137, accepted 2861 (2253 by matching the expected fra*15
2026-09-28 16:31:48.042  2026-09-28 16:31:48
2026-09-28 16:31:49.045  2026-09-28 16:31:49
2026-09-28 16:31:50.047  2026-09-28 16:31:50
2026-09-28 16:31:51.047  2026-09-28 16:31:51
2026-09-28 16:31:52.049  2026-09-28 16:31:52
2026-09-28 16:31:53.049  2026-09-28 16:31:53
2026-09-28 16:31:54.050  2026-09-28 16:31:54
2026-09-28 16:31:55.051  2026-09-28 16:31:55
2026-09-28 16:31:56.042  2026-09-28 16:31:56
2026-09-28 16:31:56.724  $PECZ,[ 150739.2] SIGNAL  level  61% [############--------] OK, volume 57/63, centre 4% | carrier 1016.18 Hz (+16.18) locked, '0' bits at -33 deg, noise 12 deg | radio RSSI 64 dBuV SNR 0 dB*63
2026-09-28 16:31:57.047  2026-09-28 16:31:57
2026-09-28 16:31:57.721  $PECZ,[ 150740.2] STATUS  2026-09-28 16:31:57 UTC (18:31:57 local, UTC+2) VALID, last good frame 12 s ago | frames heard 7098, undecodable 4137, accepted 2861 (2253 by matching the expected fr*42
2026-09-28 16:31:58.044  2026-09-28 16:31:58
2026-09-28 16:31:59.046  2026-09-28 16:31:59
2026-09-28 16:32:00.044  TX start Q65 at 16:32:00.000
2026-09-28 16:32:00.049  2026-09-28 16:32:00
2026-09-28 16:32:01.049  2026-09-28 16:32:01
2026-09-28 16:32:02.050  2026-09-28 16:32:02
2026-09-28 16:32:02.088  $PECZ,[ 150744.5] FRAME   #7099 corr 0.31 - not decodable (too many bit errors, snr -4 dB)*2A
2026-09-28 16:32:03.042  2026-09-28 16:32:03
2026-09-28 16:32:04.043  2026-09-28 16:32:04
2026-09-28 16:32:05.044  2026-09-28 16:32:05
2026-09-28 16:32:06.045  2026-09-28 16:32:06
2026-09-28 16:32:06.728  $PECZ,[ 150749.2] SIGNAL  level  54% [##########----------] OK, volume 57/63, centre 0% | carrier 1016.14 Hz (+16.14) locked, '0' bits at -33 deg, noise 14 deg | radio RSSI 64 dBuV SNR 0 dB*60
2026-09-28 16:32:07.040  2026-09-28 16:32:07
2026-09-28 16:32:07.724  $PECZ,[ 150750.2] STATUS  2026-09-28 16:32:07 UTC (18:32:07 local, UTC+2) VALID, last good frame 22 s ago | frames heard 7099, undecodable 4138, accepted 2861 (2253 by matching the expected fr*4E
2026-09-28 16:32:08.048  2026-09-28 16:32:08
2026-09-28 16:32:09.050  2026-09-28 16:32:09
2026-09-28 16:32:10.041  2026-09-28 16:32:10
2026-09-28 16:32:11.043  2026-09-28 16:32:11
2026-09-28 16:32:11.092  $PECZ,[ 150753.5] FRAME   #7100 corr 0.34 - not decodable, but 0.87 of it agrees with the expected frame (snr -3 dB): 2026-09-28 16:32:09 UTC (18:32:09 local, UTC+2)*05
2026-09-28 16:32:11.104  $PECZ,[ 150753.5] CLOCK   confirmed, error +0.01 ms, xtal -24270 ppb*0C
2026-09-28 16:32:12.048  2026-09-28 16:32:12
2026-09-28 16:32:13.050  2026-09-28 16:32:13
2026-09-28 16:32:14.051  2026-09-28 16:32:14
2026-09-28 16:32:15.041  2026-09-28 16:32:15
2026-09-28 16:32:16.043  2026-09-28 16:32:16
2026-09-28 16:32:16.724  $PECZ,[ 150759.2] SIGNAL  level  57% [###########---------] OK, volume 57/63, centre 1% | carrier 1016.19 Hz (+16.19) locked, '0' bits at -33 deg, noise 15 deg | radio RSSI 64 dBuV SNR 0 dB*6C
2026-09-28 16:32:17.046  2026-09-28 16:32:17
2026-09-28 16:32:17.720  $PECZ,[ 150760.2] STATUS  2026-09-28 16:32:17 UTC (18:32:17 local, UTC+2) VALID, last good frame 8 s ago | frames heard 7100, undecodable 4138, accepted 2862 (2254 by matching the expected fra*11
2026-09-28 16:32:18.042  2026-09-28 16:32:18
2026-09-28 16:32:19.045  2026-09-28 16:32:19
2026-09-28 16:32:20.047  2026-09-28 16:32:20
2026-09-28 16:32:21.048  2026-09-28 16:32:21
2026-09-28 16:32:22.049  2026-09-28 16:32:22
2026-09-28 16:32:23.050  2026-09-28 16:32:23
2026-09-28 16:32:24.051  2026-09-28 16:32:24
2026-09-28 16:32:25.041  2026-09-28 16:32:25
2026-09-28 16:32:26.042  2026-09-28 16:32:26
2026-09-28 16:32:26.724  $PECZ,[ 150769.2] SIGNAL  level  56% [###########---------] OK, volume 57/63, centre -1% | carrier 1016.13 Hz (+16.13) locked, '0' bits at -33 deg, noise 12 deg | radio RSSI 63 dBuV SNR 0 dB*43
2026-09-28 16:32:27.046  2026-09-28 16:32:27
2026-09-28 16:32:27.720  $PECZ,[ 150770.2] STATUS  2026-09-28 16:32:27 UTC (18:32:27 local, UTC+2) VALID, last good frame 18 s ago | frames heard 7100, undecodable 4138, accepted 2862 (2254 by matching the expected fr*40
2026-09-28 16:32:28.043  2026-09-28 16:32:28
2026-09-28 16:32:29.045  2026-09-28 16:32:29
2026-09-28 16:32:30.047  2026-09-28 16:32:30
2026-09-28 16:32:31.047  2026-09-28 16:32:31
2026-09-28 16:32:32.048  2026-09-28 16:32:32
2026-09-28 16:32:33.049  2026-09-28 16:32:33
2026-09-28 16:32:34.050  2026-09-28 16:32:34
2026-09-28 16:32:35.041  2026-09-28 16:32:35
2026-09-28 16:32:36.042  2026-09-28 16:32:36
2026-09-28 16:32:36.724  $PECZ,[ 150779.2] SIGNAL  level  57% [###########---------] OK, volume 57/63, centre -3% | carrier 1016.16 Hz (+16.16) locked, '0' bits at -33 deg, noise 13 deg | radio RSSI 64 dBuV SNR 0 dB*47
2026-09-28 16:32:37.046  2026-09-28 16:32:37
2026-09-28 16:32:37.720  $PECZ,[ 150780.2] STATUS  2026-09-28 16:32:37 UTC (18:32:37 local, UTC+2) VALID, last good frame 28 s ago | frames heard 7100, undecodable 4138, accepted 2862 (2254 by matching the expected fr*4C
2026-09-28 16:32:38.042  2026-09-28 16:32:38
2026-09-28 16:32:39.045  2026-09-28 16:32:39
2026-09-28 16:32:40.046  2026-09-28 16:32:40
2026-09-28 16:32:41.048  2026-09-28 16:32:41
2026-09-28 16:32:42.049  2026-09-28 16:32:42
2026-09-28 16:32:42.096  $PECZ,[ 150784.6] FRAME   #7101 corr 0.30 - not decodable (too many bit errors, snr -3 dB)*23
2026-09-28 16:32:43.051  2026-09-28 16:32:43
2026-09-28 16:32:44.042  2026-09-28 16:32:44
2026-09-28 16:32:45.043  2026-09-28 16:32:45
2026-09-28 16:32:46.044  2026-09-28 16:32:46
2026-09-28 16:32:46.725  $PECZ,[ 150789.2] SIGNAL  level  57% [###########---------] OK, volume 57/63, centre 3% | carrier 1016.25 Hz (+16.25) locked, '0' bits at -33 deg, noise 13 deg | radio RSSI 64 dBuV SNR 0 dB*65
2026-09-28 16:32:47.048  2026-09-28 16:32:47
2026-09-28 16:32:47.721  $PECZ,[ 150790.2] STATUS  2026-09-28 16:32:47 UTC (18:32:47 local, UTC+2) VALID, last good frame 38 s ago | frames heard 7101, undecodable 4139, accepted 2862 (2254 by matching the expected fr*4C
2026-09-28 16:32:48.045  2026-09-28 16:32:48
2026-09-28 16:32:49.048  2026-09-28 16:32:49
2026-09-28 16:32:50.049  2026-09-28 16:32:50
2026-09-28 16:32:51.045  TX end Q65 at 16:32:50.998, 51.0 s
2026-09-28 16:32:51.049  2026-09-28 16:32:51
2026-09-28 16:32:52.051  2026-09-28 16:32:52
2026-09-28 16:32:53.042  2026-09-28 16:32:53
2026-09-28 16:32:54.043  2026-09-28 16:32:54
2026-09-28 16:32:55.044  2026-09-28 16:32:55
2026-09-28 16:32:56.045  2026-09-28 16:32:56
2026-09-28 16:32:56.727  $PECZ,[ 150799.2] SIGNAL  level  60% [############--------] OK, volume 57/63, centre -2% | carrier 1016.16 Hz (+16.16) locked, '0' bits at -33 deg, noise 13 deg | radio RSSI 64 dBuV SNR 0 dB*42
2026-09-28 16:32:57.040  2026-09-28 16:32:57
2026-09-28 16:32:57.724  $PECZ,[ 150800.2] STATUS  2026-09-28 16:32:57 UTC (18:32:57 local, UTC+2) VALID, last good frame 48 s ago | frames heard 7101, undecodable 4139, accepted 2862 (2254 by matching the expected fr*4D
2026-09-28 16:32:58.047  2026-09-28 16:32:58
2026-09-28 16:32:59.050  2026-09-28 16:32:59
2026-09-28 16:32:59.092  $PECZ,[ 150801.5] FRAME   #7102 corr 0.44 - not decodable, but 0.89 of it agrees with the expected frame (snr -1 dB): 2026-09-28 16:32:57 UTC (18:32:57 local, UTC+2)*04
2026-09-28 16:32:59.103  $PECZ,[ 150801.5] CLOCK   confirmed, error -0.05 ms, xtal -24275 ppb*03
