# Legnica receiver log, slot S = 2026-09-27 06:37:15 UTC, window S-30 s .. S+45 s ($GPRMC lines omitted)
# column 1-2: host receive time (UTC, NTP); $PECZ = receiver diagnostics, [uptime s]
2026-09-27 06:36:45.033  2026-09-27 06:36:45
2026-09-27 06:36:46.036  2026-09-27 06:36:46
2026-09-27 06:36:47.037  2026-09-27 06:36:47
2026-09-27 06:36:48.038  2026-09-27 06:36:48
2026-09-27 06:36:49.039  2026-09-27 06:36:49
2026-09-27 06:36:50.040  2026-09-27 06:36:50
2026-09-27 06:36:51.041  2026-09-27 06:36:51
2026-09-27 06:36:51.044  TX end Q65 at 06:36:51.000, 51.0 s
2026-09-27 06:36:52.043  2026-09-27 06:36:52
2026-09-27 06:36:53.034  2026-09-27 06:36:53
2026-09-27 06:36:53.587  $PECZ,[  28639.0] SIGNAL  level  51% [##########----------] OK, volume 57/63, centre 0% | carrier 1014.54 Hz (+14.54) locked, '0' bits at -37 deg, noise 14 deg | radio RSSI 63 dBuV SNR 3 dB*7F
2026-09-27 06:36:54.039  2026-09-27 06:36:54
2026-09-27 06:36:54.613  $PECZ,[  28640.0] STATUS  2026-09-27 06:36:54 UTC (08:36:54 local, UTC+2) VALID, last good frame 18 s ago | frames heard 2209, undecodable 1190, accepted 989 (576 by matching the expected fram*56
2026-09-27 06:36:55.035  2026-09-27 06:36:55
2026-09-27 06:36:56.038  2026-09-27 06:36:56
2026-09-27 06:36:57.040  2026-09-27 06:36:57
2026-09-27 06:36:58.041  2026-09-27 06:36:58
2026-09-27 06:36:59.042  2026-09-27 06:36:59
2026-09-27 06:37:00.038  TX start CW at 06:37:00.000
2026-09-27 06:37:00.043  2026-09-27 06:37:00
2026-09-27 06:37:01.034  2026-09-27 06:37:01
2026-09-27 06:37:02.035  2026-09-27 06:37:02
2026-09-27 06:37:02.071  $PECZ,[  28647.4] FRAME   #2210 corr 0.33 - not decodable (too many bit errors, snr 0 dB)*1A
2026-09-27 06:37:03.036  2026-09-27 06:37:03
2026-09-27 06:37:03.586  $PECZ,[  28649.0] SIGNAL  level  53% [##########----------] OK, volume 57/63, centre 1% | carrier 1015.08 Hz (+15.08) locked, '0' bits at -37 deg, noise 14 deg | radio RSSI 63 dBuV SNR 3 dB*7B
2026-09-27 06:37:04.039  2026-09-27 06:37:04
2026-09-27 06:37:04.611  $PECZ,[  28650.0] STATUS  2026-09-27 06:37:04 UTC (08:37:04 local, UTC+2) VALID, last good frame 28 s ago | frames heard 2210, undecodable 1191, accepted 989 (576 by matching the expected fram*5D
2026-09-27 06:37:05.034  2026-09-27 06:37:05
2026-09-27 06:37:06.037  2026-09-27 06:37:06
2026-09-27 06:37:07.038  2026-09-27 06:37:07
2026-09-27 06:37:08.039  2026-09-27 06:37:08
2026-09-27 06:37:09.040  2026-09-27 06:37:09
2026-09-27 06:37:10.041  2026-09-27 06:37:10
2026-09-27 06:37:11.043  2026-09-27 06:37:11
2026-09-27 06:37:12.033  2026-09-27 06:37:12
2026-09-27 06:37:13.035  2026-09-27 06:37:13
2026-09-27 06:37:13.586  $PECZ,[  28659.0] SIGNAL  level  51% [##########----------] OK, volume 57/63, centre 0% | carrier 1015.58 Hz (+15.58) locked, '0' bits at -37 deg, noise 18 deg | radio RSSI 64 dBuV SNR 3 dB*72
2026-09-27 06:37:14.040  2026-09-27 06:37:14
2026-09-27 06:37:14.084  $PECZ,[  28659.4] FRAME   #2211 corr 0.43 snr 0 dB, fixed 3 symbol(s) + soft retry: 2094-10-27 13:07:48 UTC (15:07:48 local, UTC+2) DST change announced*12
2026-09-27 06:37:14.095  $PECZ,[  28659.5] CLOCK   REJECTED - frame differs from clock by 2060048409 ms (kept as candidate)*40
2026-09-27 06:37:14.106  $PECZ,[  28659.5] RAW     55 55 60 B7 FE BC 4B 37 EA 36 16 DE *4D
2026-09-27 06:37:14.610  $PECZ,[  28660.0] STATUS  2026-09-27 06:37:14 UTC (08:37:14 local, UTC+2) VALID, last good frame 38 s ago | frames heard 2211, undecodable 1191, accepted 989 (576 by matching the expected fram*5E
2026-09-27 06:37:15.034  2026-09-27 06:37:15
2026-09-27 06:37:16.037  2026-09-27 06:37:16
2026-09-27 06:37:17.038  2026-09-27 06:37:17
2026-09-27 06:37:17.585  $PECZ,[  28663.0] FRAME   #2212 corr 0.31 - not decodable (too many bit errors, snr 1 dB)*19
2026-09-27 06:37:18.038  2026-09-27 06:37:18
2026-09-27 06:37:19.041  2026-09-27 06:37:19
2026-09-27 06:37:20.042  2026-09-27 06:37:20
2026-09-27 06:37:21.043  2026-09-27 06:37:21
2026-09-27 06:37:22.034  2026-09-27 06:37:22
2026-09-27 06:37:23.035  2026-09-27 06:37:23
2026-09-27 06:37:23.085  $PECZ,[  28668.5] FRAME   #2213 corr 0.36 - not decodable, but 0.91 of it agrees with the expected frame (snr 4 dB): 2026-09-27 06:37:21 UTC (08:37:21 local, UTC+2)*36
2026-09-27 06:37:23.096  $PECZ,[  28668.5] CLOCK   confirmed, error -0.50 ms, xtal -23629 ppb*16
2026-09-27 06:37:23.590  $PECZ,[  28669.0] SIGNAL  level  55% [###########---------] OK, volume 57/63, centre 1% | carrier 1015.74 Hz (+15.74) locked, '0' bits at -37 deg, noise 16 deg | radio RSSI 63 dBuV SNR 3 dB*73
2026-09-27 06:37:24.033  2026-09-27 06:37:24
2026-09-27 06:37:24.611  $PECZ,[  28670.0] STATUS  2026-09-27 06:37:24 UTC (08:37:24 local, UTC+2) VALID, last good frame 3 s ago | frames heard 2213, undecodable 1192, accepted 990 (577 by matching the expected frame*0A
2026-09-27 06:37:25.035  2026-09-27 06:37:25
2026-09-27 06:37:26.037  2026-09-27 06:37:26
2026-09-27 06:37:27.038  2026-09-27 06:37:27
2026-09-27 06:37:28.039  2026-09-27 06:37:28
2026-09-27 06:37:29.039  2026-09-27 06:37:29
2026-09-27 06:37:30.040  2026-09-27 06:37:30
2026-09-27 06:37:31.042  2026-09-27 06:37:31
2026-09-27 06:37:32.042  2026-09-27 06:37:32
2026-09-27 06:37:33.033  2026-09-27 06:37:33
2026-09-27 06:37:33.587  $PECZ,[  28679.0] SIGNAL  level  52% [##########----------] OK, volume 57/63, centre 1% | carrier 1015.31 Hz (+15.31) locked, '0' bits at -37 deg, noise 13 deg | radio RSSI 62 dBuV SNR 3 dB*7F
2026-09-27 06:37:34.041  2026-09-27 06:37:34
2026-09-27 06:37:34.613  $PECZ,[  28680.0] STATUS  2026-09-27 06:37:34 UTC (08:37:34 local, UTC+2) VALID, last good frame 13 s ago | frames heard 2213, undecodable 1192, accepted 990 (577 by matching the expected fram*51
2026-09-27 06:37:35.036  2026-09-27 06:37:35
2026-09-27 06:37:36.038  2026-09-27 06:37:36
2026-09-27 06:37:36.238  TX end CW at 06:37:36.203, 36.2 s
2026-09-27 06:37:37.039  2026-09-27 06:37:37
2026-09-27 06:37:38.041  2026-09-27 06:37:38
2026-09-27 06:37:39.042  2026-09-27 06:37:39
2026-09-27 06:37:40.033  2026-09-27 06:37:40
2026-09-27 06:37:41.034  2026-09-27 06:37:41
2026-09-27 06:37:42.035  2026-09-27 06:37:42
2026-09-27 06:37:43.036  2026-09-27 06:37:43
2026-09-27 06:37:43.588  $PECZ,[  28689.0] SIGNAL  level  52% [##########----------] OK, volume 57/63, centre 2% | carrier 1015.62 Hz (+15.62) locked, '0' bits at -37 deg, noise 14 deg | radio RSSI 64 dBuV SNR 3 dB*72
2026-09-27 06:37:44.040  2026-09-27 06:37:44
2026-09-27 06:37:44.613  $PECZ,[  28690.0] STATUS  2026-09-27 06:37:44 UTC (08:37:44 local, UTC+2) VALID, last good frame 23 s ago | frames heard 2213, undecodable 1192, accepted 990 (577 by matching the expected fram*53
2026-09-27 06:37:45.035  2026-09-27 06:37:45
2026-09-27 06:37:46.038  2026-09-27 06:37:46
2026-09-27 06:37:47.039  2026-09-27 06:37:47
2026-09-27 06:37:48.040  2026-09-27 06:37:48
2026-09-27 06:37:49.041  2026-09-27 06:37:49
2026-09-27 06:37:50.042  2026-09-27 06:37:50
2026-09-27 06:37:51.033  2026-09-27 06:37:51
2026-09-27 06:37:52.034  2026-09-27 06:37:52
2026-09-27 06:37:53.035  2026-09-27 06:37:53
2026-09-27 06:37:53.590  $PECZ,[  28699.0] SIGNAL  level  61% [############--------] OK, volume 57/63, centre -1% | carrier 1016.17 Hz (+16.17) locked, '0' bits at -37 deg, noise 15 deg | radio RSSI 63 dBuV SNR 3 dB*5B
2026-09-27 06:37:54.032  2026-09-27 06:37:54
2026-09-27 06:37:54.616  $PECZ,[  28700.0] STATUS  2026-09-27 06:37:54 UTC (08:37:54 local, UTC+2) VALID, last good frame 33 s ago | frames heard 2213, undecodable 1192, accepted 990 (577 by matching the expected fram*5A
2026-09-27 06:37:55.038  2026-09-27 06:37:55
2026-09-27 06:37:56.041  2026-09-27 06:37:56
2026-09-27 06:37:56.079  $PECZ,[  28701.5] FRAME   #2214 corr 0.39 - not decodable (too many bit errors, snr 2 dB)*14
2026-09-27 06:37:57.033  2026-09-27 06:37:57
2026-09-27 06:37:58.035  2026-09-27 06:37:58
2026-09-27 06:37:59.036  2026-09-27 06:37:59
2026-09-27 06:38:00.033  TX start Q65 at 06:38:00.000
2026-09-27 06:38:00.037  2026-09-27 06:38:00
