# Legnica receiver log, slot S = 2026-09-27 08:51:42 UTC, window S-30 s .. S+45 s ($GPRMC lines omitted)
# column 1-2: host receive time (UTC, NTP); $PECZ = receiver diagnostics, [uptime s]
2026-09-27 08:51:12.049  2026-09-27 08:51:12
2026-09-27 08:51:13.051  2026-09-27 08:51:13
2026-09-27 08:51:14.051  2026-09-27 08:51:14
2026-09-27 08:51:14.097  $PECZ,[  36699.0] SIGNAL  level  64% [############--------] OK, volume 57/63, centre 0% | carrier 1014.90 Hz (+14.90) locked, '0' bits at -39 deg, noise 17 deg | radio RSSI 60 dBuV SNR 3 dB*72
2026-09-27 08:51:14.116  $PECZ,[  36699.3] FRAME   #2747 corr 0.41 snr 2 dB, fixed 3 symbol(s) + soft retry: 2040-04-17 23:31:27 UTC (02:31:27 local, UTC+3) leap second insertion announced DST change announced*1B
2026-09-27 08:51:14.128  $PECZ,[  36699.3] CLOCK   REJECTED - frame differs from clock by 1440397952 ms (kept as candidate)*42
2026-09-27 08:51:14.138  $PECZ,[  36699.3] RAW     55 55 60 A7 67 FB 0F DF FF FF FF C0 *3E
2026-09-27 08:51:15.053  2026-09-27 08:51:15
2026-09-27 08:51:15.094  $PECZ,[  36700.0] STATUS  2026-09-27 08:51:14 UTC (10:51:14 local, UTC+2) VALID, last good frame 17 s ago | frames heard 2747, undecodable 1450, accepted 1258 (784 by matching the expected fra*06
2026-09-27 08:51:16.049  2026-09-27 08:51:16
2026-09-27 08:51:17.049  2026-09-27 08:51:17
2026-09-27 08:51:18.050  2026-09-27 08:51:18
2026-09-27 08:51:19.051  2026-09-27 08:51:19
2026-09-27 08:51:20.052  2026-09-27 08:51:20
2026-09-27 08:51:20.095  $PECZ,[  36705.2] FRAME   #2748 corr 0.52 snr 0 dB, fixed 3 symbol(s): 2026-09-27 08:51:18 UTC (10:51:18 local, UTC+2)*6B
2026-09-27 08:51:20.107  $PECZ,[  36705.3] CLOCK   frame agrees with clock, error -0.66 ms, xtal -24065 ppb*5A
2026-09-27 08:51:20.117  $PECZ,[  36705.3] RAW     55 55 60 A6 2E BB 0C 0B 9F D4 28 46 *48
2026-09-27 08:51:21.053  2026-09-27 08:51:21
2026-09-27 08:51:21.059  $PGGUM,A6,2E,BB,0C,0B,9F,D4,28,46,20*4C
2026-09-27 08:51:22.054  2026-09-27 08:51:22
2026-09-27 08:51:23.055  2026-09-27 08:51:23
2026-09-27 08:51:24.046  2026-09-27 08:51:24
2026-09-27 08:51:24.095  $PECZ,[  36709.0] SIGNAL  level  58% [###########---------] OK, volume 57/63, centre -2% | carrier 1016.84 Hz (+16.84) locked, '0' bits at -39 deg, noise 17 deg | radio RSSI 62 dBuV SNR 3 dB*56
2026-09-27 08:51:25.050  2026-09-27 08:51:25
2026-09-27 08:51:25.092  $PECZ,[  36710.0] STATUS  2026-09-27 08:51:24 UTC (10:51:24 local, UTC+2) VALID, last good frame 6 s ago | frames heard 2748, undecodable 1450, accepted 1259 (784 by matching the expected fram*54
2026-09-27 08:51:26.048  2026-09-27 08:51:26
2026-09-27 08:51:27.049  2026-09-27 08:51:27
2026-09-27 08:51:28.050  2026-09-27 08:51:28
2026-09-27 08:51:29.051  2026-09-27 08:51:29
2026-09-27 08:51:30.052  2026-09-27 08:51:30
2026-09-27 08:51:31.053  2026-09-27 08:51:31
2026-09-27 08:51:32.054  2026-09-27 08:51:32
2026-09-27 08:51:33.055  2026-09-27 08:51:33
2026-09-27 08:51:34.046  2026-09-27 08:51:34
2026-09-27 08:51:34.095  $PECZ,[  36719.0] SIGNAL  level  57% [###########---------] OK, volume 57/63, centre -1% | carrier 1016.15 Hz (+16.15) locked, '0' bits at -39 deg, noise 13 deg | radio RSSI 59 dBuV SNR 3 dB*57
2026-09-27 08:51:35.051  2026-09-27 08:51:35
2026-09-27 08:51:35.092  $PECZ,[  36720.0] STATUS  2026-09-27 08:51:34 UTC (10:51:34 local, UTC+2) VALID, last good frame 16 s ago | frames heard 2748, undecodable 1450, accepted 1259 (784 by matching the expected fra*0B
2026-09-27 08:51:36.048  2026-09-27 08:51:36
2026-09-27 08:51:36.248  TX end CW at 08:51:36.204, 36.2 s
2026-09-27 08:51:37.049  2026-09-27 08:51:37
2026-09-27 08:51:38.050  2026-09-27 08:51:38
2026-09-27 08:51:39.051  2026-09-27 08:51:39
2026-09-27 08:51:40.052  2026-09-27 08:51:40
2026-09-27 08:51:41.053  2026-09-27 08:51:41
2026-09-27 08:51:42.053  2026-09-27 08:51:42
2026-09-27 08:51:43.054  2026-09-27 08:51:43
2026-09-27 08:51:44.044  2026-09-27 08:51:44
2026-09-27 08:51:44.095  $PECZ,[  36729.0] SIGNAL  level  55% [###########---------] OK, volume 57/63, centre -5% | carrier 1015.45 Hz (+15.45) locked, '0' bits at -39 deg, noise 17 deg | radio RSSI 60 dBuV SNR 3 dB*5C
2026-09-27 08:51:45.051  2026-09-27 08:51:45
2026-09-27 08:51:45.092  $PECZ,[  36730.0] STATUS  2026-09-27 08:51:44 UTC (10:51:44 local, UTC+2) VALID, last good frame 26 s ago | frames heard 2748, undecodable 1450, accepted 1259 (784 by matching the expected fra*09
2026-09-27 08:51:46.047  2026-09-27 08:51:46
2026-09-27 08:51:47.048  2026-09-27 08:51:47
2026-09-27 08:51:48.049  2026-09-27 08:51:48
2026-09-27 08:51:49.050  2026-09-27 08:51:49
2026-09-27 08:51:50.051  2026-09-27 08:51:50
2026-09-27 08:51:51.052  2026-09-27 08:51:51
2026-09-27 08:51:52.054  2026-09-27 08:51:52
2026-09-27 08:51:53.055  2026-09-27 08:51:53
2026-09-27 08:51:54.046  2026-09-27 08:51:54
2026-09-27 08:51:54.095  $PECZ,[  36739.0] SIGNAL  level  61% [############--------] OK, volume 57/63, centre 1% | carrier 1015.49 Hz (+15.49) locked, '0' bits at -39 deg, noise 11 deg | radio RSSI 60 dBuV SNR 3 dB*7B
2026-09-27 08:51:55.051  2026-09-27 08:51:55
2026-09-27 08:51:55.092  $PECZ,[  36740.0] STATUS  2026-09-27 08:51:54 UTC (10:51:54 local, UTC+2) VALID, last good frame 36 s ago | frames heard 2748, undecodable 1450, accepted 1259 (784 by matching the expected fra*0F
2026-09-27 08:51:56.048  2026-09-27 08:51:56
2026-09-27 08:51:57.049  2026-09-27 08:51:57
2026-09-27 08:51:58.050  2026-09-27 08:51:58
2026-09-27 08:51:59.051  2026-09-27 08:51:59
2026-09-27 08:52:00.047  TX start Q65 at 08:52:00.000
2026-09-27 08:52:00.052  2026-09-27 08:52:00
2026-09-27 08:52:01.054  2026-09-27 08:52:01
2026-09-27 08:52:02.055  2026-09-27 08:52:02
2026-09-27 08:52:03.046  2026-09-27 08:52:03
2026-09-27 08:52:04.046  2026-09-27 08:52:04
2026-09-27 08:52:04.096  $PECZ,[  36749.0] SIGNAL  level  57% [###########---------] OK, volume 57/63, centre 0% | carrier 1015.53 Hz (+15.53) locked, '0' bits at -39 deg, noise 16 deg | radio RSSI 63 dBuV SNR 3 dB*72
2026-09-27 08:52:05.051  2026-09-27 08:52:05
2026-09-27 08:52:05.092  $PECZ,[  36750.0] STATUS  2026-09-27 08:52:04 UTC (10:52:04 local, UTC+2) VALID, last good frame 46 s ago | frames heard 2748, undecodable 1450, accepted 1259 (784 by matching the expected fra*09
2026-09-27 08:52:06.048  2026-09-27 08:52:06
2026-09-27 08:52:07.049  2026-09-27 08:52:07
2026-09-27 08:52:08.050  2026-09-27 08:52:08
2026-09-27 08:52:09.051  2026-09-27 08:52:09
2026-09-27 08:52:10.051  2026-09-27 08:52:10
2026-09-27 08:52:11.053  2026-09-27 08:52:11
2026-09-27 08:52:12.054  2026-09-27 08:52:12
2026-09-27 08:52:13.055  2026-09-27 08:52:13
2026-09-27 08:52:14.046  2026-09-27 08:52:14
2026-09-27 08:52:14.096  $PECZ,[  36759.0] SIGNAL  level  53% [##########----------] OK, volume 57/63, centre 4% | carrier 1015.77 Hz (+15.77) locked, '0' bits at -39 deg, noise 12 deg | radio RSSI 60 dBuV SNR 3 dB*7A
2026-09-27 08:52:14.112  $PECZ,[  36759.3] FRAME   #2749 corr 0.42 - not decodable, but 0.89 of it agrees with the expected frame (snr 3 dB): 2026-09-27 08:52:12 UTC (10:52:12 local, UTC+2)*3C
2026-09-27 08:52:14.123  $PECZ,[  36759.3] CLOCK   confirmed, error -0.44 ms, xtal -24058 ppb*1E
2026-09-27 08:52:15.048  2026-09-27 08:52:15
2026-09-27 08:52:15.098  $PECZ,[  36760.0] STATUS  2026-09-27 08:52:14 UTC (10:52:14 local, UTC+2) VALID, last good frame 2 s ago | frames heard 2749, undecodable 1450, accepted 1260 (785 by matching the expected fram*5D
2026-09-27 08:52:16.053  2026-09-27 08:52:16
2026-09-27 08:52:17.054  2026-09-27 08:52:17
2026-09-27 08:52:18.045  2026-09-27 08:52:18
2026-09-27 08:52:19.046  2026-09-27 08:52:19
2026-09-27 08:52:20.047  2026-09-27 08:52:20
2026-09-27 08:52:21.048  2026-09-27 08:52:21
2026-09-27 08:52:22.049  2026-09-27 08:52:22
2026-09-27 08:52:23.049  2026-09-27 08:52:23
2026-09-27 08:52:23.096  $PECZ,[  36768.3] FRAME   #2750 corr 0.43 - not decodable, but 0.93 of it agrees with the expected frame (snr 0 dB): 2026-09-27 08:52:21 UTC (10:52:21 local, UTC+2)*3F
2026-09-27 08:52:23.106  $PECZ,[  36768.3] CLOCK   confirmed, error +0.02 ms, xtal -24012 ppb*16
2026-09-27 08:52:24.051  2026-09-27 08:52:24
2026-09-27 08:52:24.092  $PECZ,[  36769.0] SIGNAL  level  54% [##########----------] OK, volume 57/63, centre 0% | carrier 1015.14 Hz (+15.14) locked, '0' bits at -39 deg, noise 10 deg | radio RSSI 61 dBuV SNR 3 dB*79
2026-09-27 08:52:25.047  2026-09-27 08:52:25
2026-09-27 08:52:25.098  $PECZ,[  36770.0] STATUS  2026-09-27 08:52:24 UTC (10:52:24 local, UTC+2) VALID, last good frame 3 s ago | frames heard 2750, undecodable 1450, accepted 1261 (786 by matching the expected fram*57
2026-09-27 08:52:26.053  2026-09-27 08:52:26
2026-09-27 08:52:27.054  2026-09-27 08:52:27
