# Legnica receiver log, slot S = 2026-09-30 02:52:21 UTC, window S-30 s .. S+45 s ($GPRMC lines omitted)
# column 1-2: host receive time (UTC, NTP); $PECZ = receiver diagnostics, [uptime s]
2026-09-30 02:51:51.031  2026-09-30 02:51:51
2026-09-30 02:51:51.081  $PECZ,[ 274330.4] STATUS  2026-09-30 02:51:50 UTC (04:51:50 local, UTC+2) VALID, last good frame 29 s ago | frames heard 12409, undecodable 7194, accepted 5033 (4111 by matching the expected f*00
2026-09-30 02:51:52.037  2026-09-30 02:51:52
2026-09-30 02:51:53.037  2026-09-30 02:51:53
2026-09-30 02:51:54.039  2026-09-30 02:51:54
2026-09-30 02:51:55.030  2026-09-30 02:51:55
2026-09-30 02:51:56.030  2026-09-30 02:51:56
2026-09-30 02:51:57.032  2026-09-30 02:51:57
2026-09-30 02:51:58.033  2026-09-30 02:51:58
2026-09-30 02:51:59.033  2026-09-30 02:51:59
2026-09-30 02:52:00.030  TX start Q65 at 02:52:00.000
2026-09-30 02:52:00.035  2026-09-30 02:52:00
2026-09-30 02:52:00.076  $PECZ,[ 274339.4] SIGNAL  level  51% [##########----------] OK, volume 57/63, centre 0% | carrier 1017.53 Hz (+17.53) locked, '0' bits at -35 deg, noise 12 deg | radio RSSI 64 dBuV SNR 0 dB*65
2026-09-30 02:52:01.032  2026-09-30 02:52:01
2026-09-30 02:52:01.081  $PECZ,[ 274340.4] STATUS  2026-09-30 02:52:00 UTC (04:52:00 local, UTC+2) VALID, last good frame 39 s ago | frames heard 12409, undecodable 7194, accepted 5033 (4111 by matching the expected f*06
2026-09-30 02:52:02.037  2026-09-30 02:52:02
2026-09-30 02:52:03.038  2026-09-30 02:52:03
2026-09-30 02:52:04.039  2026-09-30 02:52:04
2026-09-30 02:52:05.030  2026-09-30 02:52:05
2026-09-30 02:52:05.080  $PECZ,[ 274344.5] FRAME   #12410 corr 0.45 - not decodable, but 0.83 of it agrees with the expected frame (snr 1 dB): 2026-09-30 02:52:03 UTC (04:52:03 local, UTC+2)*1E
2026-09-30 02:52:05.091  $PECZ,[ 274344.5] CLOCK   confirmed, error -1.18 ms, xtal -24310 ppb*03
2026-09-30 02:52:06.037  2026-09-30 02:52:06
2026-09-30 02:52:07.038  2026-09-30 02:52:07
2026-09-30 02:52:08.039  2026-09-30 02:52:08
2026-09-30 02:52:09.030  2026-09-30 02:52:09
2026-09-30 02:52:10.031  2026-09-30 02:52:10
2026-09-30 02:52:10.080  $PECZ,[ 274349.4] SIGNAL  level  55% [###########---------] OK, volume 57/63, centre 0% | carrier 1017.57 Hz (+17.57) locked, '0' bits at -35 deg, noise 12 deg | radio RSSI 64 dBuV SNR 0 dB*68
2026-09-30 02:52:11.036  2026-09-30 02:52:11
2026-09-30 02:52:11.075  $PECZ,[ 274350.4] STATUS  2026-09-30 02:52:10 UTC (04:52:10 local, UTC+2) VALID, last good frame 7 s ago | frames heard 12410, undecodable 7194, accepted 5034 (4112 by matching the expected fr*44
2026-09-30 02:52:12.031  2026-09-30 02:52:12
2026-09-30 02:52:13.032  2026-09-30 02:52:13
2026-09-30 02:52:14.033  2026-09-30 02:52:14
2026-09-30 02:52:14.078  $PECZ,[ 274353.5] FRAME   #12411 corr 0.34 - not decodable, but 0.87 of it agrees with the expected frame (snr 1 dB): 2026-09-30 02:52:12 UTC (04:52:12 local, UTC+2)*1B
2026-09-30 02:52:14.089  $PECZ,[ 274353.5] CLOCK   confirmed, error +0.78 ms, xtal -24144 ppb*07
2026-09-30 02:52:15.034  2026-09-30 02:52:15
2026-09-30 02:52:16.036  2026-09-30 02:52:16
2026-09-30 02:52:17.036  2026-09-30 02:52:17
2026-09-30 02:52:18.037  2026-09-30 02:52:18
2026-09-30 02:52:19.038  2026-09-30 02:52:19
2026-09-30 02:52:20.029  2026-09-30 02:52:20
2026-09-30 02:52:20.080  $PECZ,[ 274359.4] SIGNAL  level  55% [###########---------] OK, volume 57/63, centre 0% | carrier 1017.55 Hz (+17.55) locked, '0' bits at -35 deg, noise 11 deg | radio RSSI 64 dBuV SNR 0 dB*6A
2026-09-30 02:52:21.034  2026-09-30 02:52:21
2026-09-30 02:52:21.076  $PECZ,[ 274360.4] STATUS  2026-09-30 02:52:20 UTC (04:52:20 local, UTC+2) VALID, last good frame 8 s ago | frames heard 12411, undecodable 7194, accepted 5035 (4113 by matching the expected fr*49
2026-09-30 02:52:22.030  2026-09-30 02:52:22
2026-09-30 02:52:23.031  2026-09-30 02:52:23
2026-09-30 02:52:23.589  $PECZ,[ 274363.1] FRAME   #12412 corr 0.32 - not decodable (too many bit errors, snr -1 dB)*1F
2026-09-30 02:52:24.032  2026-09-30 02:52:24
2026-09-30 02:52:25.034  2026-09-30 02:52:25
2026-09-30 02:52:26.035  2026-09-30 02:52:26
2026-09-30 02:52:27.036  2026-09-30 02:52:27
2026-09-30 02:52:28.037  2026-09-30 02:52:28
2026-09-30 02:52:29.038  2026-09-30 02:52:29
2026-09-30 02:52:30.029  2026-09-30 02:52:30
2026-09-30 02:52:30.080  $PECZ,[ 274369.4] SIGNAL  level  55% [###########---------] OK, volume 57/63, centre 2% | carrier 1017.53 Hz (+17.53) locked, '0' bits at -35 deg, noise 12 deg | radio RSSI 64 dBuV SNR 0 dB*68
2026-09-30 02:52:31.034  2026-09-30 02:52:31
2026-09-30 02:52:31.075  $PECZ,[ 274370.4] STATUS  2026-09-30 02:52:30 UTC (04:52:30 local, UTC+2) VALID, last good frame 18 s ago | frames heard 12412, undecodable 7195, accepted 5035 (4113 by matching the expected f*09
2026-09-30 02:52:32.030  2026-09-30 02:52:32
2026-09-30 02:52:32.080  $PECZ,[ 274371.5] FRAME   #12413 corr 0.41 - not decodable, but 0.85 of it agrees with the expected frame (snr 0 dB): 2026-09-30 02:52:30 UTC (04:52:30 local, UTC+2)*18
2026-09-30 02:52:32.091  $PECZ,[ 274371.5] CLOCK   confirmed, error -0.27 ms, xtal -24229 ppb*03
2026-09-30 02:52:33.036  2026-09-30 02:52:33
2026-09-30 02:52:34.037  2026-09-30 02:52:34
2026-09-30 02:52:35.038  2026-09-30 02:52:35
2026-09-30 02:52:36.029  2026-09-30 02:52:36
2026-09-30 02:52:37.030  2026-09-30 02:52:37
2026-09-30 02:52:38.031  2026-09-30 02:52:38
2026-09-30 02:52:39.032  2026-09-30 02:52:39
2026-09-30 02:52:40.033  2026-09-30 02:52:40
2026-09-30 02:52:40.076  $PECZ,[ 274379.4] SIGNAL  level  54% [##########----------] OK, volume 57/63, centre 2% | carrier 1017.52 Hz (+17.52) locked, '0' bits at -35 deg, noise 13 deg | radio RSSI 64 dBuV SNR 0 dB*67
2026-09-30 02:52:41.030  2026-09-30 02:52:41
2026-09-30 02:52:41.081  $PECZ,[ 274380.4] STATUS  2026-09-30 02:52:40 UTC (04:52:40 local, UTC+2) VALID, last good frame 10 s ago | frames heard 12413, undecodable 7195, accepted 5036 (4114 by matching the expected f*0B
2026-09-30 02:52:42.035  2026-09-30 02:52:42
2026-09-30 02:52:43.036  2026-09-30 02:52:43
2026-09-30 02:52:44.037  2026-09-30 02:52:44
2026-09-30 02:52:45.038  2026-09-30 02:52:45
2026-09-30 02:52:46.029  2026-09-30 02:52:46
2026-09-30 02:52:47.031  2026-09-30 02:52:47
2026-09-30 02:52:48.031  2026-09-30 02:52:48
2026-09-30 02:52:49.032  2026-09-30 02:52:49
2026-09-30 02:52:50.033  2026-09-30 02:52:50
2026-09-30 02:52:50.076  $PECZ,[ 274389.4] SIGNAL  level  54% [##########----------] OK, volume 57/63, centre 0% | carrier 1017.43 Hz (+17.43) locked, '0' bits at -35 deg, noise 12 deg | radio RSSI 64 dBuV SNR 0 dB*6B
2026-09-30 02:52:51.031  2026-09-30 02:52:51
2026-09-30 02:52:51.033  TX end Q65 at 02:52:51.003, 51.0 s
2026-09-30 02:52:51.082  $PECZ,[ 274390.4] STATUS  2026-09-30 02:52:50 UTC (04:52:50 local, UTC+2) VALID, last good frame 20 s ago | frames heard 12413, undecodable 7195, accepted 5036 (4114 by matching the expected f*09
2026-09-30 02:52:52.036  2026-09-30 02:52:52
2026-09-30 02:52:53.037  2026-09-30 02:52:53
2026-09-30 02:52:54.038  2026-09-30 02:52:54
2026-09-30 02:52:55.029  2026-09-30 02:52:55
2026-09-30 02:52:56.030  2026-09-30 02:52:56
2026-09-30 02:52:57.031  2026-09-30 02:52:57
2026-09-30 02:52:58.032  2026-09-30 02:52:58
2026-09-30 02:52:59.033  2026-09-30 02:52:59
2026-09-30 02:53:00.031  TX start CW at 02:53:00.000
2026-09-30 02:53:00.035  2026-09-30 02:53:00
2026-09-30 02:53:00.076  $PECZ,[ 274399.4] SIGNAL  level  57% [###########---------] OK, volume 57/63, centre 0% | carrier 1017.52 Hz (+17.52) locked, '0' bits at -35 deg, noise 12 deg | radio RSSI 64 dBuV SNR 0 dB*67
2026-09-30 02:53:01.031  2026-09-30 02:53:01
2026-09-30 02:53:01.081  $PECZ,[ 274400.4] STATUS  2026-09-30 02:53:00 UTC (04:53:00 local, UTC+2) VALID, last good frame 30 s ago | frames heard 12413, undecodable 7195, accepted 5036 (4114 by matching the expected f*06
2026-09-30 02:53:02.036  2026-09-30 02:53:02
2026-09-30 02:53:03.037  2026-09-30 02:53:03
2026-09-30 02:53:04.039  2026-09-30 02:53:04
2026-09-30 02:53:05.030  2026-09-30 02:53:05
2026-09-30 02:53:05.077  $PECZ,[ 274404.5] FRAME   #12414 corr 0.33 - not decodable (too many bit errors, snr -1 dB)*1A
