# Legnica receiver log, slot S = 2026-09-27 13:18:24 UTC, window S-30 s .. S+45 s ($GPRMC lines omitted)
# column 1-2: host receive time (UTC, NTP); $PECZ = receiver diagnostics, [uptime s]
2026-09-27 13:17:54.049  2026-09-27 13:17:54
2026-09-27 13:17:54.179  $PECZ,[  52699.0] SIGNAL  level  58% [###########---------] OK, volume 57/63, centre 7% | carrier 1017.60 Hz (+17.60) locked, '0' bits at -38 deg, noise 19 deg | radio RSSI 64 dBuV SNR 0 dB*7E
2026-09-27 13:17:55.044  2026-09-27 13:17:55
2026-09-27 13:17:55.256  $PECZ,[  52700.1] STATUS  2026-09-27 13:17:55 UTC (15:17:55 local, UTC+2) VALID, last good frame 112 s ago | frames heard 3125, undecodable 1686, accepted 1396 (895 by matching the expected fr*59
2026-09-27 13:17:56.051  2026-09-27 13:17:56
2026-09-27 13:17:57.052  2026-09-27 13:17:57
2026-09-27 13:17:58.043  2026-09-27 13:17:58
2026-09-27 13:17:59.044  2026-09-27 13:17:59
2026-09-27 13:18:00.041  TX start Q65 at 13:18:00.000
2026-09-27 13:18:00.045  2026-09-27 13:18:00
2026-09-27 13:18:01.047  2026-09-27 13:18:01
2026-09-27 13:18:02.048  2026-09-27 13:18:02
2026-09-27 13:18:03.049  2026-09-27 13:18:03
2026-09-27 13:18:04.050  2026-09-27 13:18:04
2026-09-27 13:18:04.180  $PECZ,[  52709.0] SIGNAL  level  57% [###########---------] OK, volume 57/63, centre 0% | carrier 1017.52 Hz (+17.52) locked, '0' bits at -38 deg, noise 22 deg | radio RSSI 64 dBuV SNR 0 dB*76
2026-09-27 13:18:05.045  2026-09-27 13:18:05
2026-09-27 13:18:05.257  $PECZ,[  52710.1] STATUS  2026-09-27 13:18:05 UTC (15:18:05 local, UTC+2) VALID, last good frame 122 s ago | frames heard 3125, undecodable 1686, accepted 1396 (895 by matching the expected fr*5B
2026-09-27 13:18:06.052  2026-09-27 13:18:06
2026-09-27 13:18:07.043  2026-09-27 13:18:07
2026-09-27 13:18:08.044  2026-09-27 13:18:08
2026-09-27 13:18:09.046  2026-09-27 13:18:09
2026-09-27 13:18:10.046  2026-09-27 13:18:10
2026-09-27 13:18:11.048  2026-09-27 13:18:11
2026-09-27 13:18:12.048  2026-09-27 13:18:12
2026-09-27 13:18:13.050  2026-09-27 13:18:13
2026-09-27 13:18:14.050  2026-09-27 13:18:14
2026-09-27 13:18:14.180  $PECZ,[  52719.0] SIGNAL  level  58% [###########---------] OK, volume 57/63, centre 0% | carrier 1017.60 Hz (+17.60) locked, '0' bits at -38 deg, noise 20 deg | radio RSSI 64 dBuV SNR 0 dB*7A
2026-09-27 13:18:15.045  2026-09-27 13:18:15
2026-09-27 13:18:15.257  $PECZ,[  52720.1] STATUS  2026-09-27 13:18:15 UTC (15:18:15 local, UTC+2) VALID, last good frame 132 s ago | frames heard 3125, undecodable 1686, accepted 1396 (895 by matching the expected fr*59
2026-09-27 13:18:16.053  2026-09-27 13:18:16
2026-09-27 13:18:17.044  2026-09-27 13:18:17
2026-09-27 13:18:18.044  2026-09-27 13:18:18
2026-09-27 13:18:19.046  2026-09-27 13:18:19
2026-09-27 13:18:20.047  2026-09-27 13:18:20
2026-09-27 13:18:21.048  2026-09-27 13:18:21
2026-09-27 13:18:22.049  2026-09-27 13:18:22
2026-09-27 13:18:23.050  2026-09-27 13:18:23
2026-09-27 13:18:24.051  2026-09-27 13:18:24
2026-09-27 13:18:24.180  $PECZ,[  52729.0] SIGNAL  level  58% [###########---------] OK, volume 57/63, centre 0% | carrier 1017.52 Hz (+17.52) locked, '0' bits at -38 deg, noise 17 deg | radio RSSI 64 dBuV SNR 0 dB*7D
2026-09-27 13:18:25.046  2026-09-27 13:18:25
2026-09-27 13:18:25.257  $PECZ,[  52730.1] STATUS  2026-09-27 13:18:25 UTC (15:18:25 local, UTC+2) VALID, last good frame 142 s ago | frames heard 3125, undecodable 1686, accepted 1396 (895 by matching the expected fr*5F
2026-09-27 13:18:26.053  2026-09-27 13:18:26
2026-09-27 13:18:26.579  $PECZ,[  52731.4] FRAME   #3126 corr 0.41 - not decodable (too many bit errors, snr 1 dB)*14
2026-09-27 13:18:27.043  2026-09-27 13:18:27
2026-09-27 13:18:28.046  2026-09-27 13:18:28
2026-09-27 13:18:29.046  2026-09-27 13:18:29
2026-09-27 13:18:30.048  2026-09-27 13:18:30
2026-09-27 13:18:31.049  2026-09-27 13:18:31
2026-09-27 13:18:32.050  2026-09-27 13:18:32
2026-09-27 13:18:33.051  2026-09-27 13:18:33
2026-09-27 13:18:34.052  2026-09-27 13:18:34
2026-09-27 13:18:34.181  $PECZ,[  52739.0] SIGNAL  level  55% [###########---------] OK, volume 57/63, centre -2% | carrier 1017.63 Hz (+17.63) locked, '0' bits at -38 deg, noise 21 deg | radio RSSI 64 dBuV SNR 0 dB*5B
2026-09-27 13:18:35.046  2026-09-27 13:18:35
2026-09-27 13:18:35.257  $PECZ,[  52740.1] STATUS  2026-09-27 13:18:35 UTC (15:18:35 local, UTC+2) VALID, last good frame 152 s ago | frames heard 3126, undecodable 1687, accepted 1396 (895 by matching the expected fr*5B
2026-09-27 13:18:36.052  2026-09-27 13:18:36
2026-09-27 13:18:37.043  2026-09-27 13:18:37
2026-09-27 13:18:38.044  2026-09-27 13:18:38
2026-09-27 13:18:39.045  2026-09-27 13:18:39
2026-09-27 13:18:40.046  2026-09-27 13:18:40
2026-09-27 13:18:41.047  2026-09-27 13:18:41
2026-09-27 13:18:42.048  2026-09-27 13:18:42
2026-09-27 13:18:43.049  2026-09-27 13:18:43
2026-09-27 13:18:44.050  2026-09-27 13:18:44
2026-09-27 13:18:44.180  $PECZ,[  52749.0] SIGNAL  level  64% [############--------] OK, volume 57/63, centre -1% | carrier 1017.49 Hz (+17.49) locked, '0' bits at -38 deg, noise 18 deg | radio RSSI 64 dBuV SNR 0 dB*59
2026-09-27 13:18:45.045  2026-09-27 13:18:45
2026-09-27 13:18:45.256  $PECZ,[  52750.1] STATUS  2026-09-27 13:18:45 UTC (15:18:45 local, UTC+2) VALID, last good frame 162 s ago | frames heard 3126, undecodable 1687, accepted 1396 (895 by matching the expected fr*59
2026-09-27 13:18:46.052  2026-09-27 13:18:46
2026-09-27 13:18:47.043  2026-09-27 13:18:47
2026-09-27 13:18:48.044  2026-09-27 13:18:48
2026-09-27 13:18:49.045  2026-09-27 13:18:49
2026-09-27 13:18:50.046  2026-09-27 13:18:50
2026-09-27 13:18:51.042  TX end Q65 at 13:18:50.998, 51.0 s
2026-09-27 13:18:51.046  2026-09-27 13:18:51
2026-09-27 13:18:52.049  2026-09-27 13:18:52
2026-09-27 13:18:53.050  2026-09-27 13:18:53
2026-09-27 13:18:54.051  2026-09-27 13:18:54
2026-09-27 13:18:54.182  $PECZ,[  52759.0] SIGNAL  level  58% [###########---------] OK, volume 57/63, centre 0% | carrier 1017.36 Hz (+17.36) locked, '0' bits at -38 deg, noise 18 deg | radio RSSI 64 dBuV SNR 0 dB*75
2026-09-27 13:18:55.046  2026-09-27 13:18:55
2026-09-27 13:18:55.259  $PECZ,[  52760.1] STATUS  2026-09-27 13:18:55 UTC (15:18:55 local, UTC+2) VALID, last good frame 172 s ago | frames heard 3126, undecodable 1687, accepted 1396 (895 by matching the expected fr*5B
2026-09-27 13:18:56.043  2026-09-27 13:18:56
2026-09-27 13:18:57.044  2026-09-27 13:18:57
2026-09-27 13:18:58.045  2026-09-27 13:18:58
2026-09-27 13:18:59.046  2026-09-27 13:18:59
2026-09-27 13:19:00.044  TX start CW at 13:19:00.000
2026-09-27 13:19:00.048  2026-09-27 13:19:00
2026-09-27 13:19:01.049  2026-09-27 13:19:01
2026-09-27 13:19:02.050  2026-09-27 13:19:02
2026-09-27 13:19:03.051  2026-09-27 13:19:03
2026-09-27 13:19:04.052  2026-09-27 13:19:04
2026-09-27 13:19:04.183  $PECZ,[  52769.0] SIGNAL  level  62% [############--------] OK, volume 57/63, centre 0% | carrier 1017.56 Hz (+17.56) locked, '0' bits at -38 deg, noise 21 deg | radio RSSI 64 dBuV SNR 0 dB*7B
2026-09-27 13:19:05.047  2026-09-27 13:19:05
2026-09-27 13:19:05.258  $PECZ,[  52770.1] STATUS  2026-09-27 13:19:05 UTC (15:19:05 local, UTC+2) VALID, last good frame 182 s ago | frames heard 3126, undecodable 1687, accepted 1396 (895 by matching the expected fr*55
2026-09-27 13:19:06.053  2026-09-27 13:19:06
2026-09-27 13:19:07.044  2026-09-27 13:19:07
2026-09-27 13:19:08.045  2026-09-27 13:19:08
2026-09-27 13:19:09.046  2026-09-27 13:19:09
