# Legnica receiver log, slot S = 2026-09-29 11:26:36 UTC, window S-30 s .. S+45 s ($GPRMC lines omitted)
# column 1-2: host receive time (UTC, NTP); $PECZ = receiver diagnostics, [uptime s]
2026-09-29 11:26:06.040  2026-09-29 11:26:06
2026-09-29 11:26:07.041  2026-09-29 11:26:07
2026-09-29 11:26:08.043  2026-09-29 11:26:08
2026-09-29 11:26:08.453  $PECZ,[ 218789.3] SIGNAL  level  56% [###########---------] OK, volume 57/63, centre 0% | carrier 1014.29 Hz (+14.29) locked, '0' bits at -34 deg, noise 22 deg | radio RSSI 64 dBuV SNR 0 dB*6C
2026-09-29 11:26:09.048  2026-09-29 11:26:09
2026-09-29 11:26:09.529  $PECZ,[ 218790.3] STATUS  2026-09-29 11:26:09 UTC (13:26:09 local, UTC+2) VALID, last good frame 111 s ago | frames heard 10024, undecodable 5911, accepted 3970 (3243 by matching the expected *56
2026-09-29 11:26:10.044  2026-09-29 11:26:10
2026-09-29 11:26:11.045  2026-09-29 11:26:11
2026-09-29 11:26:12.046  2026-09-29 11:26:12
2026-09-29 11:26:13.047  2026-09-29 11:26:13
2026-09-29 11:26:14.048  2026-09-29 11:26:14
2026-09-29 11:26:15.039  2026-09-29 11:26:15
2026-09-29 11:26:16.040  2026-09-29 11:26:16
2026-09-29 11:26:17.041  2026-09-29 11:26:17
2026-09-29 11:26:18.043  2026-09-29 11:26:18
2026-09-29 11:26:18.452  $PECZ,[ 218799.3] SIGNAL  level  58% [###########---------] OK, volume 57/63, centre -1% | carrier 1014.26 Hz (+14.26) locked, '0' bits at -34 deg, noise 22 deg | radio RSSI 64 dBuV SNR 0 dB*4F
2026-09-29 11:26:19.047  2026-09-29 11:26:19
2026-09-29 11:26:19.530  $PECZ,[ 218800.3] STATUS  2026-09-29 11:26:19 UTC (13:26:19 local, UTC+2) VALID, last good frame 121 s ago | frames heard 10024, undecodable 5911, accepted 3970 (3243 by matching the expected *53
2026-09-29 11:26:20.042  2026-09-29 11:26:20
2026-09-29 11:26:21.045  2026-09-29 11:26:21
2026-09-29 11:26:22.046  2026-09-29 11:26:22
2026-09-29 11:26:23.047  2026-09-29 11:26:23
2026-09-29 11:26:24.049  2026-09-29 11:26:24
2026-09-29 11:26:25.039  2026-09-29 11:26:25
2026-09-29 11:26:26.040  2026-09-29 11:26:26
2026-09-29 11:26:27.041  2026-09-29 11:26:27
2026-09-29 11:26:28.042  2026-09-29 11:26:28
2026-09-29 11:26:28.452  $PECZ,[ 218809.3] SIGNAL  level  63% [############--------] OK, volume 57/63, centre -3% | carrier 1014.28 Hz (+14.28) locked, '0' bits at -34 deg, noise 19 deg | radio RSSI 64 dBuV SNR 0 dB*45
2026-09-29 11:26:29.045  2026-09-29 11:26:29
2026-09-29 11:26:29.530  $PECZ,[ 218810.3] STATUS  2026-09-29 11:26:29 UTC (13:26:29 local, UTC+2) VALID, last good frame 131 s ago | frames heard 10024, undecodable 5911, accepted 3970 (3243 by matching the expected *53
2026-09-29 11:26:30.043  2026-09-29 11:26:30
2026-09-29 11:26:31.046  2026-09-29 11:26:31
2026-09-29 11:26:32.047  2026-09-29 11:26:32
2026-09-29 11:26:33.048  2026-09-29 11:26:33
2026-09-29 11:26:34.039  2026-09-29 11:26:34
2026-09-29 11:26:35.040  2026-09-29 11:26:35
2026-09-29 11:26:36.041  2026-09-29 11:26:36
2026-09-29 11:26:37.042  2026-09-29 11:26:37
2026-09-29 11:26:38.043  2026-09-29 11:26:38
2026-09-29 11:26:38.453  $PECZ,[ 218819.3] SIGNAL  level  54% [##########----------] OK, volume 57/63, centre 1% | carrier 1014.17 Hz (+14.17) locked, '0' bits at -34 deg, noise 18 deg | radio RSSI 64 dBuV SNR 0 dB*6E
2026-09-29 11:26:39.046  2026-09-29 11:26:39
2026-09-29 11:26:39.530  $PECZ,[ 218820.3] STATUS  2026-09-29 11:26:39 UTC (13:26:39 local, UTC+2) VALID, last good frame 141 s ago | frames heard 10024, undecodable 5911, accepted 3970 (3243 by matching the expected *57
2026-09-29 11:26:40.045  2026-09-29 11:26:40
2026-09-29 11:26:41.046  2026-09-29 11:26:41
2026-09-29 11:26:42.047  2026-09-29 11:26:42
2026-09-29 11:26:43.048  2026-09-29 11:26:43
2026-09-29 11:26:44.039  2026-09-29 11:26:44
2026-09-29 11:26:45.040  2026-09-29 11:26:45
2026-09-29 11:26:46.042  2026-09-29 11:26:46
2026-09-29 11:26:47.042  2026-09-29 11:26:47
2026-09-29 11:26:48.042  2026-09-29 11:26:48
2026-09-29 11:26:48.453  $PECZ,[ 218829.3] SIGNAL  level  64% [############--------] OK, volume 57/63, centre 0% | carrier 1014.24 Hz (+14.24) locked, '0' bits at -34 deg, noise 17 deg | radio RSSI 64 dBuV SNR 0 dB*60
2026-09-29 11:26:49.047  2026-09-29 11:26:49
2026-09-29 11:26:49.531  $PECZ,[ 218830.3] STATUS  2026-09-29 11:26:49 UTC (13:26:49 local, UTC+2) VALID, last good frame 151 s ago | frames heard 10024, undecodable 5911, accepted 3970 (3243 by matching the expected *57
2026-09-29 11:26:50.044  2026-09-29 11:26:50
2026-09-29 11:26:51.043  TX end Q65 at 11:26:51.000, 51.0 s
2026-09-29 11:26:51.048  2026-09-29 11:26:51
2026-09-29 11:26:52.039  2026-09-29 11:26:52
2026-09-29 11:26:53.039  2026-09-29 11:26:53
2026-09-29 11:26:54.041  2026-09-29 11:26:54
2026-09-29 11:26:55.042  2026-09-29 11:26:55
2026-09-29 11:26:56.043  2026-09-29 11:26:56
2026-09-29 11:26:57.044  2026-09-29 11:26:57
2026-09-29 11:26:58.045  2026-09-29 11:26:58
2026-09-29 11:26:58.455  $PECZ,[ 218839.3] SIGNAL  level  57% [###########---------] OK, volume 57/63, centre -2% | carrier 1014.17 Hz (+14.17) locked, '0' bits at -34 deg, noise 14 deg | radio RSSI 64 dBuV SNR 0 dB*43
2026-09-29 11:26:59.038  2026-09-29 11:26:59
2026-09-29 11:26:59.530  $PECZ,[ 218840.3] STATUS  2026-09-29 11:26:59 UTC (13:26:59 local, UTC+2) VALID, last good frame 161 s ago | frames heard 10024, undecodable 5911, accepted 3970 (3243 by matching the expected *53
2026-09-29 11:27:00.036  TX start CW at 11:27:00.000
2026-09-29 11:27:00.043  2026-09-29 11:27:00
2026-09-29 11:27:01.048  2026-09-29 11:27:01
2026-09-29 11:27:02.039  2026-09-29 11:27:02
2026-09-29 11:27:03.040  2026-09-29 11:27:03
2026-09-29 11:27:04.041  2026-09-29 11:27:04
2026-09-29 11:27:05.042  2026-09-29 11:27:05
2026-09-29 11:27:06.043  2026-09-29 11:27:06
2026-09-29 11:27:07.043  2026-09-29 11:27:07
2026-09-29 11:27:08.044  2026-09-29 11:27:08
2026-09-29 11:27:08.455  $PECZ,[ 218849.3] SIGNAL  level  59% [###########---------] OK, volume 57/63, centre 4% | carrier 1014.21 Hz (+14.21) locked, '0' bits at -34 deg, noise 16 deg | radio RSSI 64 dBuV SNR 0 dB*63
2026-09-29 11:27:09.037  2026-09-29 11:27:09
2026-09-29 11:27:09.531  $PECZ,[ 218850.3] STATUS  2026-09-29 11:27:09 UTC (13:27:09 local, UTC+2) VALID, last good frame 171 s ago | frames heard 10024, undecodable 5911, accepted 3970 (3243 by matching the expected *53
2026-09-29 11:27:10.043  2026-09-29 11:27:10
2026-09-29 11:27:11.046  2026-09-29 11:27:11
2026-09-29 11:27:12.047  2026-09-29 11:27:12
2026-09-29 11:27:13.038  2026-09-29 11:27:13
2026-09-29 11:27:14.039  2026-09-29 11:27:14
2026-09-29 11:27:15.040  2026-09-29 11:27:15
2026-09-29 11:27:16.041  2026-09-29 11:27:16
2026-09-29 11:27:17.042  2026-09-29 11:27:17
2026-09-29 11:27:18.043  2026-09-29 11:27:18
2026-09-29 11:27:18.454  $PECZ,[ 218859.3] SIGNAL  level  60% [############--------] OK, volume 57/63, centre 1% | carrier 1014.19 Hz (+14.19) locked, '0' bits at -34 deg, noise 19 deg | radio RSSI 64 dBuV SNR 0 dB*6C
2026-09-29 11:27:19.038  2026-09-29 11:27:19
2026-09-29 11:27:19.531  $PECZ,[ 218860.3] STATUS  2026-09-29 11:27:19 UTC (13:27:19 local, UTC+2) VALID, last good frame 181 s ago | frames heard 10024, undecodable 5911, accepted 3970 (3243 by matching the expected *5F
2026-09-29 11:27:20.044  2026-09-29 11:27:20
