# Legnica receiver log, slot S = 2026-09-26 15:49:48 UTC, window S-30 s .. S+45 s ($GPRMC lines omitted)
# column 1-2: host receive time (UTC, NTP); $PECZ = receiver diagnostics, [uptime s]
2026-09-26 15:49:18.044  2026-09-26 15:49:18
2026-09-26 15:49:19.034  2026-09-26 15:49:19
2026-09-26 15:49:19.083  $PECZ,[  63009.1] SIGNAL  level  71% [##############------] OK, volume 58/63, centre 0% | carrier 1017.22 Hz (+17.22) locked, '0' bits at -31 deg, noise 9 deg | radio RSSI 59 dBuV SNR 0 dB*49
2026-09-26 15:49:20.041  2026-09-26 15:49:20
2026-09-26 15:49:20.081  $PECZ,[  63010.1] STATUS  2026-09-26 15:49:19 UTC (17:49:19 local, UTC+2) VALID, last good frame 16 s ago | frames heard 7239, undecodable 3838, accepted 3311 (1721 by matching the expected fr*52
2026-09-26 15:49:21.039  2026-09-26 15:49:21
2026-09-26 15:49:22.037  2026-09-26 15:49:22
2026-09-26 15:49:23.039  2026-09-26 15:49:23
2026-09-26 15:49:24.040  2026-09-26 15:49:24
2026-09-26 15:49:25.041  2026-09-26 15:49:25
2026-09-26 15:49:26.042  2026-09-26 15:49:26
2026-09-26 15:49:27.043  2026-09-26 15:49:27
2026-09-26 15:49:28.044  2026-09-26 15:49:28
2026-09-26 15:49:29.035  2026-09-26 15:49:29
2026-09-26 15:49:29.084  $PECZ,[  63019.1] SIGNAL  level  62% [############--------] OK, volume 58/63, centre -1% | carrier 1017.51 Hz (+17.51) locked, '0' bits at -24 deg, noise 7 deg | radio RSSI 58 dBuV SNR 0 dB*6D
2026-09-26 15:49:30.040  2026-09-26 15:49:30
2026-09-26 15:49:30.081  $PECZ,[  63020.1] STATUS  2026-09-26 15:49:29 UTC (17:49:29 local, UTC+2) VALID, last good frame 26 s ago | frames heard 7239, undecodable 3838, accepted 3311 (1721 by matching the expected fr*52
2026-09-26 15:49:31.036  2026-09-26 15:49:31
2026-09-26 15:49:32.038  2026-09-26 15:49:32
2026-09-26 15:49:32.082  $PECZ,[  63022.1] FRAME   #7240 corr 0.55 snr 3 dB, fixed 3 symbol(s): 2026-09-26 15:49:30 UTC (17:49:30 local, UTC+2)*6C
2026-09-26 15:49:32.093  $PECZ,[  63022.2] CLOCK   frame agrees with clock, error +0.15 ms, xtal -23638 ppb*52
2026-09-26 15:49:32.104  $PECZ,[  63022.2] RAW     55 55 60 A2 26 93 1A 0B 4B D9 10 7D *4B
2026-09-26 15:49:33.039  2026-09-26 15:49:33
2026-09-26 15:49:33.045  $PGGUM,A2,26,93,1A,0B,4B,D9,10,7D,26*4A
2026-09-26 15:49:34.041  2026-09-26 15:49:34
2026-09-26 15:49:35.041  2026-09-26 15:49:35
2026-09-26 15:49:35.458  $PECZ,[  63025.6] FRAME   #7241 corr 0.31 - not decodable (no modulation, snr 0 dB)*0E
2026-09-26 15:49:36.043  2026-09-26 15:49:36
2026-09-26 15:49:36.235  TX end CW at 15:49:36.196, 36.2 s
2026-09-26 15:49:37.044  2026-09-26 15:49:37
2026-09-26 15:49:38.035  2026-09-26 15:49:38
2026-09-26 15:49:38.452  $PECZ,[  63028.6] FRAME   #7242 corr 0.36 - not decodable (too many bit errors, snr -2 dB)*30
2026-09-26 15:49:39.037  2026-09-26 15:49:39
2026-09-26 15:49:39.081  $PECZ,[  63029.1] SIGNAL  level  64% [############--------] OK, volume 58/63, centre 0% | carrier 1017.53 Hz (+17.53) locked, '0' bits at -33 deg, noise 9 deg | radio RSSI 59 dBuV SNR 0 dB*4D
2026-09-26 15:49:40.037  2026-09-26 15:49:40
2026-09-26 15:49:40.086  $PECZ,[  63030.1] STATUS  2026-09-26 15:49:39 UTC (17:49:39 local, UTC+2) VALID, last good frame 9 s ago | frames heard 7242, undecodable 3840, accepted 3312 (1721 by matching the expected fra*0F
2026-09-26 15:49:41.041  2026-09-26 15:49:41
2026-09-26 15:49:42.042  2026-09-26 15:49:42
2026-09-26 15:49:43.044  2026-09-26 15:49:43
2026-09-26 15:49:44.045  2026-09-26 15:49:44
2026-09-26 15:49:44.083  $PECZ,[  63034.1] FRAME   #7243 corr 0.62 snr 3 dB, fixed 3 symbol(s) + soft retry: 2026-09-26 15:49:42 UTC (17:49:42 local, UTC+2)*01
2026-09-26 15:49:44.095  $PECZ,[  63034.2] CLOCK   frame agrees with clock, error +0.22 ms, xtal -23629 ppb*51
2026-09-26 15:49:44.105  $PECZ,[  63034.2] RAW     55 55 60 AA 67 93 14 0B 28 48 FC A3 *47
2026-09-26 15:49:45.042  2026-09-26 15:49:45
2026-09-26 15:49:45.047  $PGGUM,AA,67,93,14,0B,28,48,FC,A3,11*45
2026-09-26 15:49:46.043  2026-09-26 15:49:46
2026-09-26 15:49:47.043  2026-09-26 15:49:47
2026-09-26 15:49:47.080  $PECZ,[  63037.1] FRAME   #7244 corr 0.46 - not decodable (too many bit errors, snr 0 dB)*17
2026-09-26 15:49:48.035  2026-09-26 15:49:48
2026-09-26 15:49:49.036  2026-09-26 15:49:49
2026-09-26 15:49:49.086  $PECZ,[  63039.1] SIGNAL  level  62% [############--------] OK, volume 58/63, centre -1% | carrier 1017.26 Hz (+17.26) locked, '0' bits at -32 deg, noise 9 deg | radio RSSI 60 dBuV SNR 0 dB*6D
2026-09-26 15:49:50.041  2026-09-26 15:49:50
2026-09-26 15:49:50.081  $PECZ,[  63040.1] STATUS  2026-09-26 15:49:49 UTC (17:49:49 local, UTC+2) VALID, last good frame 7 s ago | frames heard 7244, undecodable 3841, accepted 3313 (1721 by matching the expected fra*00
2026-09-26 15:49:50.615  $PECZ,[  63040.7] FRAME   #7245 corr 0.58 snr 3 dB, fixed 3 symbol(s) + soft retry: 2026-09-26 15:49:51 UTC (17:49:51 local, UTC+2)*0B
2026-09-26 15:49:50.626  $PECZ,[  63040.8] CLOCK   REJECTED - frame differs from clock by -2419 ms (kept as candidate)*6A
2026-09-26 15:49:50.636  $PECZ,[  63040.8] RAW     55 55 60 B7 6F 97 17 8A 4A 56 8F 1D *4A
2026-09-26 15:49:51.040  2026-09-26 15:49:51
2026-09-26 15:49:52.044  2026-09-26 15:49:52
2026-09-26 15:49:53.046  2026-09-26 15:49:53
2026-09-26 15:49:54.036  2026-09-26 15:49:54
2026-09-26 15:49:55.036  2026-09-26 15:49:55
2026-09-26 15:49:56.037  2026-09-26 15:49:56
2026-09-26 15:49:57.038  2026-09-26 15:49:57
2026-09-26 15:49:58.041  2026-09-26 15:49:58
2026-09-26 15:49:59.041  2026-09-26 15:49:59
2026-09-26 15:49:59.081  $PECZ,[  63049.1] SIGNAL  level  61% [############--------] OK, volume 58/63, centre 0% | carrier 1017.03 Hz (+17.03) locked, '0' bits at -24 deg, noise 8 deg | radio RSSI 60 dBuV SNR 0 dB*43
2026-09-26 15:50:00.036  2026-09-26 15:50:00
2026-09-26 15:50:00.039  TX start Q65 at 15:50:00.002
2026-09-26 15:50:00.086  $PECZ,[  63050.1] STATUS  2026-09-26 15:49:59 UTC (17:49:59 local, UTC+2) VALID, last good frame 17 s ago | frames heard 7245, undecodable 3841, accepted 3313 (1721 by matching the expected fr*50
2026-09-26 15:50:01.041  2026-09-26 15:50:01
2026-09-26 15:50:02.042  2026-09-26 15:50:02
2026-09-26 15:50:03.044  2026-09-26 15:50:03
2026-09-26 15:50:04.044  2026-09-26 15:50:04
2026-09-26 15:50:05.036  2026-09-26 15:50:05
2026-09-26 15:50:05.082  $PECZ,[  63055.1] FRAME   #7246 corr 0.54 snr 4 dB, fixed 3 symbol(s): 2026-09-26 15:50:03 UTC (17:50:03 local, UTC+2)*6C
2026-09-26 15:50:05.093  $PECZ,[  63055.2] CLOCK   frame agrees with clock, error -1.17 ms, xtal -23739 ppb*57
2026-09-26 15:50:05.104  $PECZ,[  63055.2] RAW     55 55 60 A2 B6 9B 11 8B F6 02 61 63 *3B
2026-09-26 15:50:06.040  2026-09-26 15:50:06
2026-09-26 15:50:06.047  $PGGUM,A2,B6,9B,11,8B,F6,02,61,63,20*3C
2026-09-26 15:50:07.043  2026-09-26 15:50:07
2026-09-26 15:50:08.044  2026-09-26 15:50:08
2026-09-26 15:50:08.419  $PECZ,[  63058.6] FRAME   #7247 corr 0.33 - not decodable (too many bit errors, snr -3 dB)*36
2026-09-26 15:50:09.034  2026-09-26 15:50:09
2026-09-26 15:50:09.083  $PECZ,[  63059.1] SIGNAL  level  62% [############--------] OK, volume 58/63, centre 0% | carrier 1017.73 Hz (+17.73) locked, '0' bits at -31 deg, noise 9 deg | radio RSSI 59 dBuV SNR 0 dB*4E
2026-09-26 15:50:10.040  2026-09-26 15:50:10
2026-09-26 15:50:10.081  $PECZ,[  63060.1] STATUS  2026-09-26 15:50:09 UTC (17:50:09 local, UTC+2) VALID, last good frame 6 s ago | frames heard 7247, undecodable 3842, accepted 3314 (1721 by matching the expected fra*04
2026-09-26 15:50:11.037  2026-09-26 15:50:11
2026-09-26 15:50:12.038  2026-09-26 15:50:12
2026-09-26 15:50:13.041  2026-09-26 15:50:13
2026-09-26 15:50:14.040  2026-09-26 15:50:14
2026-09-26 15:50:14.078  $PECZ,[  63064.2] FRAME   #7248 corr 0.40 - not decodable (too many bit errors, snr 0 dB)*18
2026-09-26 15:50:15.043  2026-09-26 15:50:15
2026-09-26 15:50:16.045  2026-09-26 15:50:16
2026-09-26 15:50:17.035  2026-09-26 15:50:17
2026-09-26 15:50:18.036  2026-09-26 15:50:18
2026-09-26 15:50:19.038  2026-09-26 15:50:19
2026-09-26 15:50:19.085  $PECZ,[  63069.1] SIGNAL  level  59% [###########---------] OK, volume 58/63, centre -2% | carrier 1016.53 Hz (+16.53) locked, '0' bits at -37 deg, noise 10 deg | radio RSSI 60 dBuV SNR 0 dB*50
2026-09-26 15:50:20.042  2026-09-26 15:50:20
2026-09-26 15:50:20.086  $PECZ,[  63070.1] STATUS  2026-09-26 15:50:19 UTC (17:50:19 local, UTC+2) VALID, last good frame 16 s ago | frames heard 7248, undecodable 3843, accepted 3314 (1721 by matching the expected fr*5B
2026-09-26 15:50:20.096  $PECZ,[  63070.2] FRAME   #7249 corr 0.60 - not decodable (too many bit errors, snr 3 dB)*1D
2026-09-26 15:50:21.043  2026-09-26 15:50:21
2026-09-26 15:50:22.044  2026-09-26 15:50:22
2026-09-26 15:50:23.038  2026-09-26 15:50:23
2026-09-26 15:50:24.036  2026-09-26 15:50:24
2026-09-26 15:50:25.037  2026-09-26 15:50:25
2026-09-26 15:50:26.039  2026-09-26 15:50:26
2026-09-26 15:50:26.074  $PECZ,[  63076.1] FRAME   #7250 corr 0.39 - not decodable (too many bit errors, snr 0 dB)*1F
2026-09-26 15:50:27.041  2026-09-26 15:50:27
2026-09-26 15:50:28.041  2026-09-26 15:50:28
2026-09-26 15:50:29.042  2026-09-26 15:50:29
2026-09-26 15:50:29.084  $PECZ,[  63079.1] SIGNAL  level  60% [############--------] OK, volume 58/63, centre 0% | carrier 1015.41 Hz (+15.41) locked, '0' bits at -38 deg, noise 10 deg | radio RSSI 60 dBuV SNR 0 dB*75
2026-09-26 15:50:29.100  $PECZ,[  63079.2] FRAME   #7251 corr 0.44 - not decodable, but 0.82 of it agrees with the expected frame (snr 0 dB): 2026-09-26 15:50:27 UTC (17:50:27 local, UTC+2)*35
2026-09-26 15:50:29.111  $PECZ,[  63079.2] CLOCK   confirmed, error +0.53 ms, xtal -23623 ppb*17
2026-09-26 15:50:30.037  2026-09-26 15:50:30
2026-09-26 15:50:30.081  $PECZ,[  63080.1] STATUS  2026-09-26 15:50:29 UTC (17:50:29 local, UTC+2) VALID, last good frame 2 s ago | frames heard 7251, undecodable 3845, accepted 3315 (1722 by matching the expected fra*0C
2026-09-26 15:50:31.038  2026-09-26 15:50:31
2026-09-26 15:50:32.038  2026-09-26 15:50:32
2026-09-26 15:50:33.038  2026-09-26 15:50:33
