# Legnica receiver log, slot S = 2026-09-29 05:14:24 UTC, window S-30 s .. S+45 s ($GPRMC lines omitted)
# column 1-2: host receive time (UTC, NTP); $PECZ = receiver diagnostics, [uptime s]
2026-09-29 05:13:54.040  2026-09-29 05:13:54
2026-09-29 05:13:55.041  2026-09-29 05:13:55
2026-09-29 05:13:56.042  2026-09-29 05:13:56
2026-09-29 05:13:57.043  2026-09-29 05:13:57
2026-09-29 05:13:58.044  2026-09-29 05:13:58
2026-09-29 05:13:58.084  $PECZ,[ 196459.2] SIGNAL  level  53% [##########----------] OK, volume 57/63, centre 0% | carrier 1015.68 Hz (+15.68) locked, '0' bits at -34 deg, noise 12 deg | radio RSSI 64 dBuV SNR 0 dB*6E
2026-09-29 05:13:59.039  2026-09-29 05:13:59
2026-09-29 05:13:59.082  $PECZ,[ 196460.3] STATUS  2026-09-29 05:13:58 UTC (07:13:58 local, UTC+2) VALID, last good frame 49 s ago | frames heard 9234, undecodable 5410, accepted 3697 (2984 by matching the expected fr*47
2026-09-29 05:14:00.037  2026-09-29 05:14:00
2026-09-29 05:14:00.040  TX start Q65 at 05:14:00.000
2026-09-29 05:14:01.038  2026-09-29 05:14:01
2026-09-29 05:14:02.039  2026-09-29 05:14:02
2026-09-29 05:14:02.085  $PECZ,[ 196463.4] FRAME   #9235 corr 0.34 - not decodable, but 0.86 of it agrees with the expected frame (snr -1 dB): 2026-09-29 05:14:00 UTC (07:14:00 local, UTC+2)*0B
2026-09-29 05:14:02.096  $PECZ,[ 196463.4] CLOCK   confirmed, error +0.49 ms, xtal -24196 ppb*00
2026-09-29 05:14:03.041  2026-09-29 05:14:03
2026-09-29 05:14:04.042  2026-09-29 05:14:04
2026-09-29 05:14:05.043  2026-09-29 05:14:05
2026-09-29 05:14:06.044  2026-09-29 05:14:06
2026-09-29 05:14:07.035  2026-09-29 05:14:07
2026-09-29 05:14:08.037  2026-09-29 05:14:08
2026-09-29 05:14:08.086  $PECZ,[ 196469.2] SIGNAL  level  55% [###########---------] OK, volume 57/63, centre 0% | carrier 1015.64 Hz (+15.64) locked, '0' bits at -34 deg, noise 12 deg | radio RSSI 63 dBuV SNR 0 dB*62
2026-09-29 05:14:09.041  2026-09-29 05:14:09
2026-09-29 05:14:09.082  $PECZ,[ 196470.3] STATUS  2026-09-29 05:14:08 UTC (07:14:08 local, UTC+2) VALID, last good frame 8 s ago | frames heard 9235, undecodable 5410, accepted 3698 (2985 by matching the expected fra*1D
2026-09-29 05:14:10.037  2026-09-29 05:14:10
2026-09-29 05:14:11.039  2026-09-29 05:14:11
2026-09-29 05:14:12.039  2026-09-29 05:14:12
2026-09-29 05:14:13.041  2026-09-29 05:14:13
2026-09-29 05:14:14.042  2026-09-29 05:14:14
2026-09-29 05:14:15.043  2026-09-29 05:14:15
2026-09-29 05:14:16.044  2026-09-29 05:14:16
2026-09-29 05:14:17.045  2026-09-29 05:14:17
2026-09-29 05:14:18.036  2026-09-29 05:14:18
2026-09-29 05:14:18.085  $PECZ,[ 196479.2] SIGNAL  level  53% [##########----------] OK, volume 57/63, centre -2% | carrier 1015.64 Hz (+15.64) locked, '0' bits at -34 deg, noise 16 deg | radio RSSI 63 dBuV SNR 0 dB*40
2026-09-29 05:14:19.041  2026-09-29 05:14:19
2026-09-29 05:14:19.082  $PECZ,[ 196480.3] STATUS  2026-09-29 05:14:18 UTC (07:14:18 local, UTC+2) VALID, last good frame 18 s ago | frames heard 9235, undecodable 5410, accepted 3698 (2985 by matching the expected fr*42
2026-09-29 05:14:20.038  2026-09-29 05:14:20
2026-09-29 05:14:20.074  $PECZ,[ 196481.4] FRAME   #9236 corr 0.41 - not decodable (too many bit errors, snr 4 dB)*08
2026-09-29 05:14:21.040  2026-09-29 05:14:21
2026-09-29 05:14:22.041  2026-09-29 05:14:22
2026-09-29 05:14:23.042  2026-09-29 05:14:23
2026-09-29 05:14:24.043  2026-09-29 05:14:24
2026-09-29 05:14:25.044  2026-09-29 05:14:25
2026-09-29 05:14:26.045  2026-09-29 05:14:26
2026-09-29 05:14:27.036  2026-09-29 05:14:27
2026-09-29 05:14:27.684  $PECZ,[ 196489.1] FRAME   #9237 corr 0.29 - not decodable (too many bit errors, snr -3 dB)*20
2026-09-29 05:14:28.036  2026-09-29 05:14:28
2026-09-29 05:14:28.087  $PECZ,[ 196489.2] SIGNAL  level  55% [###########---------] OK, volume 57/63, centre 0% | carrier 1015.72 Hz (+15.72) locked, '0' bits at -34 deg, noise 15 deg | radio RSSI 64 dBuV SNR 0 dB*6C
2026-09-29 05:14:29.042  2026-09-29 05:14:29
2026-09-29 05:14:29.082  $PECZ,[ 196490.3] STATUS  2026-09-29 05:14:28 UTC (07:14:28 local, UTC+2) VALID, last good frame 28 s ago | frames heard 9237, undecodable 5412, accepted 3698 (2985 by matching the expected fr*40
2026-09-29 05:14:30.038  2026-09-29 05:14:30
2026-09-29 05:14:31.040  2026-09-29 05:14:31
2026-09-29 05:14:32.040  2026-09-29 05:14:32
2026-09-29 05:14:33.041  2026-09-29 05:14:33
2026-09-29 05:14:34.041  2026-09-29 05:14:34
2026-09-29 05:14:35.042  2026-09-29 05:14:35
2026-09-29 05:14:35.080  $PECZ,[ 196496.4] FRAME   #9238 corr 0.29 - not decodable (too many bit errors, snr 0 dB)*0A
2026-09-29 05:14:36.034  2026-09-29 05:14:36
2026-09-29 05:14:37.035  2026-09-29 05:14:37
2026-09-29 05:14:38.037  2026-09-29 05:14:38
2026-09-29 05:14:38.087  $PECZ,[ 196499.2] SIGNAL  level  63% [############--------] OK, volume 57/63, centre 0% | carrier 1015.66 Hz (+15.66) locked, '0' bits at -34 deg, noise 16 deg | radio RSSI 64 dBuV SNR 0 dB*65
2026-09-29 05:14:39.041  2026-09-29 05:14:39
2026-09-29 05:14:39.082  $PECZ,[ 196500.3] STATUS  2026-09-29 05:14:38 UTC (07:14:38 local, UTC+2) VALID, last good frame 38 s ago | frames heard 9238, undecodable 5413, accepted 3698 (2985 by matching the expected fr*47
2026-09-29 05:14:40.036  2026-09-29 05:14:40
2026-09-29 05:14:41.037  2026-09-29 05:14:41
2026-09-29 05:14:42.038  2026-09-29 05:14:42
2026-09-29 05:14:43.039  2026-09-29 05:14:43
2026-09-29 05:14:44.080  2026-09-29 05:14:44
2026-09-29 05:14:45.042  2026-09-29 05:14:45
2026-09-29 05:14:46.042  2026-09-29 05:14:46
2026-09-29 05:14:47.043  2026-09-29 05:14:47
2026-09-29 05:14:48.034  2026-09-29 05:14:48
2026-09-29 05:14:48.085  $PECZ,[ 196509.2] SIGNAL  level  54% [##########----------] OK, volume 57/63, centre 1% | carrier 1015.74 Hz (+15.74) locked, '0' bits at -34 deg, noise 15 deg | radio RSSI 64 dBuV SNR 0 dB*6B
2026-09-29 05:14:49.039  2026-09-29 05:14:49
2026-09-29 05:14:49.081  $PECZ,[ 196510.3] STATUS  2026-09-29 05:14:48 UTC (07:14:48 local, UTC+2) VALID, last good frame 48 s ago | frames heard 9238, undecodable 5413, accepted 3698 (2985 by matching the expected fr*41
2026-09-29 05:14:50.035  2026-09-29 05:14:50
2026-09-29 05:14:51.036  2026-09-29 05:14:51
2026-09-29 05:14:51.038  TX end Q65 at 05:14:51.001, 51.0 s
2026-09-29 05:14:52.038  2026-09-29 05:14:52
2026-09-29 05:14:53.039  2026-09-29 05:14:53
2026-09-29 05:14:54.040  2026-09-29 05:14:54
2026-09-29 05:14:55.042  2026-09-29 05:14:55
2026-09-29 05:14:56.043  2026-09-29 05:14:56
2026-09-29 05:14:57.044  2026-09-29 05:14:57
2026-09-29 05:14:58.035  2026-09-29 05:14:58
2026-09-29 05:14:58.086  $PECZ,[ 196519.2] SIGNAL  level  55% [###########---------] OK, volume 57/63, centre -2% | carrier 1015.74 Hz (+15.74) locked, '0' bits at -34 deg, noise 16 deg | radio RSSI 64 dBuV SNR 0 dB*48
2026-09-29 05:14:59.040  2026-09-29 05:14:59
2026-09-29 05:14:59.082  $PECZ,[ 196520.3] STATUS  2026-09-29 05:14:58 UTC (07:14:58 local, UTC+2) VALID, last good frame 58 s ago | frames heard 9238, undecodable 5413, accepted 3698 (2985 by matching the expected fr*43
2026-09-29 05:15:00.036  2026-09-29 05:15:00
2026-09-29 05:15:00.038  TX start CW at 05:15:00.002
2026-09-29 05:15:01.037  2026-09-29 05:15:01
2026-09-29 05:15:02.038  2026-09-29 05:15:02
2026-09-29 05:15:03.039  2026-09-29 05:15:03
2026-09-29 05:15:04.040  2026-09-29 05:15:04
2026-09-29 05:15:05.041  2026-09-29 05:15:05
2026-09-29 05:15:05.085  $PECZ,[ 196526.4] FRAME   #9239 corr 0.36 - not decodable, but 0.93 of it agrees with the expected frame (snr 0 dB): 2026-09-29 05:15:03 UTC (07:15:03 local, UTC+2)*2D
2026-09-29 05:15:05.096  $PECZ,[ 196526.4] CLOCK   confirmed, error +0.88 ms, xtal -24160 ppb*04
2026-09-29 05:15:06.041  2026-09-29 05:15:06
2026-09-29 05:15:07.042  2026-09-29 05:15:07
2026-09-29 05:15:08.043  2026-09-29 05:15:08
2026-09-29 05:15:08.083  $PECZ,[ 196529.2] SIGNAL  level  55% [###########---------] OK, volume 57/63, centre 1% | carrier 1015.80 Hz (+15.80) locked, '0' bits at -34 deg, noise 16 deg | radio RSSI 64 dBuV SNR 0 dB*65
