# Legnica receiver log, slot S = 2026-09-29 11:42:57 UTC, window S-30 s .. S+45 s ($GPRMC lines omitted)
# column 1-2: host receive time (UTC, NTP); $PECZ = receiver diagnostics, [uptime s]
2026-09-29 11:42:27.050  2026-09-29 11:42:27
2026-09-29 11:42:28.051  2026-09-29 11:42:28
2026-09-29 11:42:28.481  $PECZ,[ 219769.3] SIGNAL  level  59% [###########---------] OK, volume 57/63, centre 0% | carrier 1014.20 Hz (+14.20) locked, '0' bits at -34 deg, noise 19 deg | radio RSSI 65 dBuV SNR 0 dB*65
2026-09-29 11:42:29.044  2026-09-29 11:42:29
2026-09-29 11:42:29.557  $PECZ,[ 219770.3] STATUS  2026-09-29 11:42:29 UTC (13:42:29 local, UTC+2) VALID, last good frame 167 s ago | frames heard 10050, undecodable 5932, accepted 3975 (3247 by matching the expected *5B
2026-09-29 11:42:30.040  2026-09-29 11:42:30
2026-09-29 11:42:31.042  2026-09-29 11:42:31
2026-09-29 11:42:32.043  2026-09-29 11:42:32
2026-09-29 11:42:33.044  2026-09-29 11:42:33
2026-09-29 11:42:34.045  2026-09-29 11:42:34
2026-09-29 11:42:35.046  2026-09-29 11:42:35
2026-09-29 11:42:36.047  2026-09-29 11:42:36
2026-09-29 11:42:37.048  2026-09-29 11:42:37
2026-09-29 11:42:38.049  2026-09-29 11:42:38
2026-09-29 11:42:38.480  $PECZ,[ 219779.3] SIGNAL  level  53% [##########----------] OK, volume 57/63, centre 0% | carrier 1014.28 Hz (+14.28) locked, '0' bits at -34 deg, noise 20 deg | radio RSSI 64 dBuV SNR 0 dB*6B
2026-09-29 11:42:39.043  2026-09-29 11:42:39
2026-09-29 11:42:39.559  $PECZ,[ 219780.3] STATUS  2026-09-29 11:42:39 UTC (13:42:39 local, UTC+2) VALID, last good frame 177 s ago | frames heard 10050, undecodable 5932, accepted 3975 (3247 by matching the expected *55
2026-09-29 11:42:40.042  2026-09-29 11:42:40
2026-09-29 11:42:41.044  2026-09-29 11:42:41
2026-09-29 11:42:42.045  2026-09-29 11:42:42
2026-09-29 11:42:43.046  2026-09-29 11:42:43
2026-09-29 11:42:44.047  2026-09-29 11:42:44
2026-09-29 11:42:45.048  2026-09-29 11:42:45
2026-09-29 11:42:46.050  2026-09-29 11:42:46
2026-09-29 11:42:47.050  2026-09-29 11:42:47
2026-09-29 11:42:47.088  $PECZ,[ 219787.8] FRAME   #10051 corr 0.29 - not decodable (too many bit errors, snr -1 dB)*18
2026-09-29 11:42:48.042  2026-09-29 11:42:48
2026-09-29 11:42:48.483  $PECZ,[ 219789.3] SIGNAL  level  56% [###########---------] OK, volume 57/63, centre -3% | carrier 1014.20 Hz (+14.20) locked, '0' bits at -34 deg, noise 22 deg | radio RSSI 64 dBuV SNR 0 dB*43
2026-09-29 11:42:49.047  2026-09-29 11:42:49
2026-09-29 11:42:49.558  $PECZ,[ 219790.3] STATUS  2026-09-29 11:42:49 UTC (13:42:49 local, UTC+2) VALID, last good frame 187 s ago | frames heard 10051, undecodable 5933, accepted 3975 (3247 by matching the expected *5B
2026-09-29 11:42:50.040  2026-09-29 11:42:50
2026-09-29 11:42:51.043  2026-09-29 11:42:51
2026-09-29 11:42:51.046  TX end Q65 at 11:42:51.001, 51.0 s
2026-09-29 11:42:52.045  2026-09-29 11:42:52
2026-09-29 11:42:53.046  2026-09-29 11:42:53
2026-09-29 11:42:54.047  2026-09-29 11:42:54
2026-09-29 11:42:55.048  2026-09-29 11:42:55
2026-09-29 11:42:56.049  2026-09-29 11:42:56
2026-09-29 11:42:57.051  2026-09-29 11:42:57
2026-09-29 11:42:58.052  2026-09-29 11:42:58
2026-09-29 11:42:58.482  $PECZ,[ 219799.3] SIGNAL  level  56% [###########---------] OK, volume 57/63, centre -1% | carrier 1014.31 Hz (+14.31) locked, '0' bits at -34 deg, noise 20 deg | radio RSSI 64 dBuV SNR 0 dB*42
2026-09-29 11:42:59.045  2026-09-29 11:42:59
2026-09-29 11:42:59.557  $PECZ,[ 219800.3] STATUS  2026-09-29 11:42:59 UTC (13:42:59 local, UTC+2) VALID, last good frame 197 s ago | frames heard 10051, undecodable 5933, accepted 3975 (3247 by matching the expected *5C
2026-09-29 11:43:00.041  2026-09-29 11:43:00
2026-09-29 11:43:00.043  TX start CW at 11:43:00.002
2026-09-29 11:43:01.044  2026-09-29 11:43:01
2026-09-29 11:43:02.045  2026-09-29 11:43:02
2026-09-29 11:43:03.046  2026-09-29 11:43:03
2026-09-29 11:43:04.047  2026-09-29 11:43:04
2026-09-29 11:43:05.048  2026-09-29 11:43:05
2026-09-29 11:43:06.049  2026-09-29 11:43:06
2026-09-29 11:43:07.050  2026-09-29 11:43:07
2026-09-29 11:43:08.051  2026-09-29 11:43:08
2026-09-29 11:43:08.480  $PECZ,[ 219809.3] SIGNAL  level  58% [###########---------] OK, volume 57/63, centre -1% | carrier 1014.33 Hz (+14.33) locked, '0' bits at -34 deg, noise 22 deg | radio RSSI 64 dBuV SNR 0 dB*48
2026-09-29 11:43:09.044  2026-09-29 11:43:09
2026-09-29 11:43:09.557  $PECZ,[ 219810.3] STATUS  2026-09-29 11:43:09 UTC (13:43:09 local, UTC+2) VALID, last good frame 207 s ago | frames heard 10051, undecodable 5933, accepted 3975 (3247 by matching the expected *57
2026-09-29 11:43:10.041  2026-09-29 11:43:10
2026-09-29 11:43:11.044  2026-09-29 11:43:11
2026-09-29 11:43:12.045  2026-09-29 11:43:12
2026-09-29 11:43:13.046  2026-09-29 11:43:13
2026-09-29 11:43:14.047  2026-09-29 11:43:14
2026-09-29 11:43:15.048  2026-09-29 11:43:15
2026-09-29 11:43:16.049  2026-09-29 11:43:16
2026-09-29 11:43:17.050  2026-09-29 11:43:17
2026-09-29 11:43:18.051  2026-09-29 11:43:18
2026-09-29 11:43:18.480  $PECZ,[ 219819.3] SIGNAL  level  61% [############--------] OK, volume 57/63, centre 0% | carrier 1014.26 Hz (+14.26) locked, '0' bits at -34 deg, noise 17 deg | radio RSSI 64 dBuV SNR 0 dB*67
2026-09-29 11:43:19.046  2026-09-29 11:43:19
2026-09-29 11:43:19.558  $PECZ,[ 219820.3] STATUS  2026-09-29 11:43:19 UTC (13:43:19 local, UTC+2) VALID, last good frame 217 s ago | frames heard 10051, undecodable 5933, accepted 3975 (3247 by matching the expected *55
2026-09-29 11:43:20.041  2026-09-29 11:43:20
2026-09-29 11:43:21.044  2026-09-29 11:43:21
2026-09-29 11:43:22.045  2026-09-29 11:43:22
2026-09-29 11:43:23.046  2026-09-29 11:43:23
2026-09-29 11:43:24.047  2026-09-29 11:43:24
2026-09-29 11:43:25.048  2026-09-29 11:43:25
2026-09-29 11:43:26.049  2026-09-29 11:43:26
2026-09-29 11:43:27.050  2026-09-29 11:43:27
2026-09-29 11:43:28.051  2026-09-29 11:43:28
2026-09-29 11:43:28.481  $PECZ,[ 219829.3] SIGNAL  level  57% [###########---------] OK, volume 57/63, centre 0% | carrier 1014.31 Hz (+14.31) locked, '0' bits at -34 deg, noise 19 deg | radio RSSI 64 dBuV SNR 0 dB*61
2026-09-29 11:43:29.044  2026-09-29 11:43:29
2026-09-29 11:43:29.559  $PECZ,[ 219830.3] STATUS  2026-09-29 11:43:29 UTC (13:43:29 local, UTC+2) VALID, last good frame 227 s ago | frames heard 10051, undecodable 5933, accepted 3975 (3247 by matching the expected *57
2026-09-29 11:43:30.042  2026-09-29 11:43:30
2026-09-29 11:43:31.044  2026-09-29 11:43:31
2026-09-29 11:43:32.045  2026-09-29 11:43:32
2026-09-29 11:43:33.046  2026-09-29 11:43:33
2026-09-29 11:43:34.048  2026-09-29 11:43:34
2026-09-29 11:43:35.049  2026-09-29 11:43:35
2026-09-29 11:43:36.050  2026-09-29 11:43:36
2026-09-29 11:43:36.240  TX end CW at 11:43:36.195, 36.2 s
2026-09-29 11:43:37.050  2026-09-29 11:43:37
2026-09-29 11:43:38.052  2026-09-29 11:43:38
2026-09-29 11:43:38.482  $PECZ,[ 219839.3] SIGNAL  level  59% [###########---------] OK, volume 57/63, centre 0% | carrier 1014.26 Hz (+14.26) locked, '0' bits at -34 deg, noise 19 deg | radio RSSI 64 dBuV SNR 0 dB*6E
2026-09-29 11:43:39.044  2026-09-29 11:43:39
2026-09-29 11:43:39.559  $PECZ,[ 219840.3] STATUS  2026-09-29 11:43:39 UTC (13:43:39 local, UTC+2) VALID, last good frame 237 s ago | frames heard 10051, undecodable 5933, accepted 3975 (3247 by matching the expected *51
2026-09-29 11:43:40.041  2026-09-29 11:43:40
2026-09-29 11:43:41.045  2026-09-29 11:43:41
