# Legnica receiver log, slot S = 2026-09-27 13:17:00 UTC, window S-30 s .. S+45 s ($GPRMC lines omitted)
# column 1-2: host receive time (UTC, NTP); $PECZ = receiver diagnostics, [uptime s]
2026-09-27 13:16:30.043  2026-09-27 13:16:30
2026-09-27 13:16:31.044  2026-09-27 13:16:31
2026-09-27 13:16:32.045  2026-09-27 13:16:32
2026-09-27 13:16:33.046  2026-09-27 13:16:33
2026-09-27 13:16:34.047  2026-09-27 13:16:34
2026-09-27 13:16:34.178  $PECZ,[  52619.0] SIGNAL  level  55% [###########---------] OK, volume 57/63, centre 0% | carrier 1017.53 Hz (+17.53) locked, '0' bits at -38 deg, noise 22 deg | radio RSSI 64 dBuV SNR 0 dB*74
2026-09-27 13:16:35.052  2026-09-27 13:16:35
2026-09-27 13:16:35.254  $PECZ,[  52620.1] STATUS  2026-09-27 13:16:35 UTC (15:16:35 local, UTC+2) VALID, last good frame 32 s ago | frames heard 3122, undecodable 1683, accepted 1396 (895 by matching the expected fra*0A
2026-09-27 13:16:36.048  2026-09-27 13:16:36
2026-09-27 13:16:37.049  2026-09-27 13:16:37
2026-09-27 13:16:38.050  2026-09-27 13:16:38
2026-09-27 13:16:39.051  2026-09-27 13:16:39
2026-09-27 13:16:40.052  2026-09-27 13:16:40
2026-09-27 13:16:41.043  2026-09-27 13:16:41
2026-09-27 13:16:42.044  2026-09-27 13:16:42
2026-09-27 13:16:43.045  2026-09-27 13:16:43
2026-09-27 13:16:44.046  2026-09-27 13:16:44
2026-09-27 13:16:44.176  $PECZ,[  52629.0] SIGNAL  level  63% [############--------] OK, volume 57/63, centre 0% | carrier 1017.65 Hz (+17.65) locked, '0' bits at -38 deg, noise 19 deg | radio RSSI 64 dBuV SNR 0 dB*74
2026-09-27 13:16:45.051  2026-09-27 13:16:45
2026-09-27 13:16:45.254  $PECZ,[  52630.1] STATUS  2026-09-27 13:16:45 UTC (15:16:45 local, UTC+2) VALID, last good frame 42 s ago | frames heard 3122, undecodable 1683, accepted 1396 (895 by matching the expected fra*0C
2026-09-27 13:16:46.049  2026-09-27 13:16:46
2026-09-27 13:16:47.050  2026-09-27 13:16:47
2026-09-27 13:16:48.051  2026-09-27 13:16:48
2026-09-27 13:16:49.052  2026-09-27 13:16:49
2026-09-27 13:16:50.043  2026-09-27 13:16:50
2026-09-27 13:16:51.044  2026-09-27 13:16:51
2026-09-27 13:16:51.047  TX end Q65 at 13:16:51.006, 51.0 s
2026-09-27 13:16:52.045  2026-09-27 13:16:52
2026-09-27 13:16:53.046  2026-09-27 13:16:53
2026-09-27 13:16:54.047  2026-09-27 13:16:54
2026-09-27 13:16:54.177  $PECZ,[  52639.0] SIGNAL  level  58% [###########---------] OK, volume 57/63, centre 2% | carrier 1017.39 Hz (+17.39) locked, '0' bits at -38 deg, noise 18 deg | radio RSSI 64 dBuV SNR 0 dB*70
2026-09-27 13:16:55.052  2026-09-27 13:16:55
2026-09-27 13:16:55.255  $PECZ,[  52640.1] STATUS  2026-09-27 13:16:55 UTC (15:16:55 local, UTC+2) VALID, last good frame 52 s ago | frames heard 3122, undecodable 1683, accepted 1396 (895 by matching the expected fra*0A
2026-09-27 13:16:56.049  2026-09-27 13:16:56
2026-09-27 13:16:57.050  2026-09-27 13:16:57
2026-09-27 13:16:58.052  2026-09-27 13:16:58
2026-09-27 13:16:59.052  2026-09-27 13:16:59
2026-09-27 13:17:00.044  2026-09-27 13:17:00
2026-09-27 13:17:00.046  TX start CW at 13:17:00.007
2026-09-27 13:17:01.045  2026-09-27 13:17:01
2026-09-27 13:17:02.046  2026-09-27 13:17:02
2026-09-27 13:17:02.532  $PECZ,[  52647.4] FRAME   #3123 corr 0.33 - not decodable (too many bit errors, snr -2 dB)*3A
2026-09-27 13:17:03.046  2026-09-27 13:17:03
2026-09-27 13:17:04.049  2026-09-27 13:17:04
2026-09-27 13:17:04.178  $PECZ,[  52649.0] SIGNAL  level  58% [###########---------] OK, volume 57/63, centre -4% | carrier 1017.58 Hz (+17.58) locked, '0' bits at -38 deg, noise 17 deg | radio RSSI 64 dBuV SNR 0 dB*53
2026-09-27 13:17:05.044  2026-09-27 13:17:05
2026-09-27 13:17:05.254  $PECZ,[  52650.1] STATUS  2026-09-27 13:17:05 UTC (15:17:05 local, UTC+2) VALID, last good frame 62 s ago | frames heard 3123, undecodable 1684, accepted 1396 (895 by matching the expected fra*0E
2026-09-27 13:17:06.050  2026-09-27 13:17:06
2026-09-27 13:17:07.051  2026-09-27 13:17:07
2026-09-27 13:17:08.052  2026-09-27 13:17:08
2026-09-27 13:17:09.053  2026-09-27 13:17:09
2026-09-27 13:17:10.044  2026-09-27 13:17:10
2026-09-27 13:17:11.045  2026-09-27 13:17:11
2026-09-27 13:17:12.046  2026-09-27 13:17:12
2026-09-27 13:17:13.047  2026-09-27 13:17:13
2026-09-27 13:17:14.048  2026-09-27 13:17:14
2026-09-27 13:17:14.177  $PECZ,[  52659.0] SIGNAL  level  59% [###########---------] OK, volume 57/63, centre 0% | carrier 1017.56 Hz (+17.56) locked, '0' bits at -38 deg, noise 18 deg | radio RSSI 64 dBuV SNR 0 dB*75
2026-09-27 13:17:15.053  2026-09-27 13:17:15
2026-09-27 13:17:15.255  $PECZ,[  52660.1] STATUS  2026-09-27 13:17:15 UTC (15:17:15 local, UTC+2) VALID, last good frame 72 s ago | frames heard 3123, undecodable 1684, accepted 1396 (895 by matching the expected fra*0C
2026-09-27 13:17:16.051  2026-09-27 13:17:16
2026-09-27 13:17:17.052  2026-09-27 13:17:17
2026-09-27 13:17:18.053  2026-09-27 13:17:18
2026-09-27 13:17:19.044  2026-09-27 13:17:19
2026-09-27 13:17:20.045  2026-09-27 13:17:20
2026-09-27 13:17:21.046  2026-09-27 13:17:21
2026-09-27 13:17:22.047  2026-09-27 13:17:22
2026-09-27 13:17:23.047  2026-09-27 13:17:23
2026-09-27 13:17:24.048  2026-09-27 13:17:24
2026-09-27 13:17:24.178  $PECZ,[  52669.0] SIGNAL  level  58% [###########---------] OK, volume 57/63, centre 0% | carrier 1017.48 Hz (+17.48) locked, '0' bits at -38 deg, noise 19 deg | radio RSSI 64 dBuV SNR 0 dB*76
2026-09-27 13:17:25.043  2026-09-27 13:17:25
2026-09-27 13:17:25.255  $PECZ,[  52670.1] STATUS  2026-09-27 13:17:25 UTC (15:17:25 local, UTC+2) VALID, last good frame 82 s ago | frames heard 3123, undecodable 1684, accepted 1396 (895 by matching the expected fra*02
2026-09-27 13:17:26.050  2026-09-27 13:17:26
2026-09-27 13:17:26.497  $PECZ,[  52671.4] FRAME   #3124 corr 0.33 - not decodable (too many bit errors, snr -3 dB)*39
2026-09-27 13:17:27.052  2026-09-27 13:17:27
2026-09-27 13:17:28.043  2026-09-27 13:17:28
2026-09-27 13:17:29.044  2026-09-27 13:17:29
2026-09-27 13:17:30.045  2026-09-27 13:17:30
2026-09-27 13:17:31.046  2026-09-27 13:17:31
2026-09-27 13:17:32.047  2026-09-27 13:17:32
2026-09-27 13:17:33.048  2026-09-27 13:17:33
2026-09-27 13:17:34.049  2026-09-27 13:17:34
2026-09-27 13:17:34.180  $PECZ,[  52679.0] SIGNAL  level  60% [############--------] OK, volume 57/63, centre -2% | carrier 1017.61 Hz (+17.61) locked, '0' bits at -38 deg, noise 20 deg | radio RSSI 64 dBuV SNR 0 dB*57
2026-09-27 13:17:35.044  2026-09-27 13:17:35
2026-09-27 13:17:35.256  $PECZ,[  52680.1] STATUS  2026-09-27 13:17:35 UTC (15:17:35 local, UTC+2) VALID, last good frame 92 s ago | frames heard 3124, undecodable 1685, accepted 1396 (895 by matching the expected fra*0A
2026-09-27 13:17:36.050  2026-09-27 13:17:36
2026-09-27 13:17:36.247  TX end CW at 13:17:36.200, 36.2 s
2026-09-27 13:17:37.051  2026-09-27 13:17:37
2026-09-27 13:17:38.052  2026-09-27 13:17:38
2026-09-27 13:17:39.043  2026-09-27 13:17:39
2026-09-27 13:17:40.044  2026-09-27 13:17:40
2026-09-27 13:17:41.045  2026-09-27 13:17:41
2026-09-27 13:17:42.046  2026-09-27 13:17:42
2026-09-27 13:17:43.047  2026-09-27 13:17:43
2026-09-27 13:17:44.048  2026-09-27 13:17:44
2026-09-27 13:17:44.116  $PECZ,[  52689.0] FRAME   #3125 corr 0.33 - not decodable (too many bit errors, snr -1 dB)*39
2026-09-27 13:17:44.180  $PECZ,[  52689.0] SIGNAL  level  59% [###########---------] OK, volume 57/63, centre -2% | carrier 1017.69 Hz (+17.69) locked, '0' bits at -38 deg, noise 20 deg | radio RSSI 64 dBuV SNR 0 dB*5C
2026-09-27 13:17:45.044  2026-09-27 13:17:45
2026-09-27 13:17:45.256  $PECZ,[  52690.1] STATUS  2026-09-27 13:17:45 UTC (15:17:45 local, UTC+2) VALID, last good frame 102 s ago | frames heard 3125, undecodable 1686, accepted 1396 (895 by matching the expected fr*50
