# Legnica receiver log, slot S = 2026-09-29 01:58:00 UTC, window S-30 s .. S+45 s ($GPRMC lines omitted)
# column 1-2: host receive time (UTC, NTP); $PECZ = receiver diagnostics, [uptime s]
2026-09-29 01:57:30.044  2026-09-29 01:57:30
2026-09-29 01:57:31.045  2026-09-29 01:57:31
2026-09-29 01:57:32.046  2026-09-29 01:57:32
2026-09-29 01:57:33.047  2026-09-29 01:57:33
2026-09-29 01:57:34.038  2026-09-29 01:57:34
2026-09-29 01:57:35.039  2026-09-29 01:57:35
2026-09-29 01:57:36.040  2026-09-29 01:57:36
2026-09-29 01:57:36.240  TX end CW at 01:57:36.203, 36.2 s
2026-09-29 01:57:37.041  2026-09-29 01:57:37
2026-09-29 01:57:37.582  $PECZ,[ 184679.2] SIGNAL  level  57% [###########---------] OK, volume 57/63, centre 0% | carrier 1016.23 Hz (+16.23) locked, '0' bits at -32 deg, noise 14 deg | radio RSSI 65 dBuV SNR 0 dB*66
2026-09-29 01:57:38.044  2026-09-29 01:57:38
2026-09-29 01:57:38.616  $PECZ,[ 184680.3] STATUS  2026-09-29 01:57:38 UTC (03:57:38 local, UTC+2) VALID, last good frame 89 s ago | frames heard 8745, undecodable 5111, accepted 3516 (2819 by matching the expected fr*4D
2026-09-29 01:57:39.039  2026-09-29 01:57:39
2026-09-29 01:57:40.042  2026-09-29 01:57:40
2026-09-29 01:57:41.043  2026-09-29 01:57:41
2026-09-29 01:57:42.045  2026-09-29 01:57:42
2026-09-29 01:57:43.045  2026-09-29 01:57:43
2026-09-29 01:57:44.046  2026-09-29 01:57:44
2026-09-29 01:57:45.047  2026-09-29 01:57:45
2026-09-29 01:57:46.038  2026-09-29 01:57:46
2026-09-29 01:57:47.039  2026-09-29 01:57:47
2026-09-29 01:57:47.583  $PECZ,[ 184689.2] SIGNAL  level  54% [##########----------] OK, volume 57/63, centre 5% | carrier 1016.27 Hz (+16.27) locked, '0' bits at -32 deg, noise 14 deg | radio RSSI 64 dBuV SNR 0 dB*60
2026-09-29 01:57:48.036  2026-09-29 01:57:48
2026-09-29 01:57:48.620  $PECZ,[ 184690.3] STATUS  2026-09-29 01:57:48 UTC (03:57:48 local, UTC+2) VALID, last good frame 99 s ago | frames heard 8745, undecodable 5111, accepted 3516 (2819 by matching the expected fr*4D
2026-09-29 01:57:49.043  2026-09-29 01:57:49
2026-09-29 01:57:50.046  2026-09-29 01:57:50
2026-09-29 01:57:50.083  $PECZ,[ 184691.7] FRAME   #8746 corr 0.39 - not decodable (too many bit errors, snr 1 dB)*02
2026-09-29 01:57:51.038  2026-09-29 01:57:51
2026-09-29 01:57:52.039  2026-09-29 01:57:52
2026-09-29 01:57:53.040  2026-09-29 01:57:53
2026-09-29 01:57:53.087  $PECZ,[ 184694.7] FRAME   #8747 corr 0.31 - not decodable, but 0.84 of it agrees with the expected frame (snr 0 dB): 2026-09-29 01:57:51 UTC (03:57:51 local, UTC+2)*2B
2026-09-29 01:57:53.098  $PECZ,[ 184694.7] CLOCK   confirmed, error -0.61 ms, xtal -24441 ppb*09
2026-09-29 01:57:54.043  2026-09-29 01:57:54
2026-09-29 01:57:55.044  2026-09-29 01:57:55
2026-09-29 01:57:56.045  2026-09-29 01:57:56
2026-09-29 01:57:57.046  2026-09-29 01:57:57
2026-09-29 01:57:57.586  $PECZ,[ 184699.2] SIGNAL  level  60% [############--------] OK, volume 57/63, centre 2% | carrier 1016.13 Hz (+16.13) locked, '0' bits at -32 deg, noise 13 deg | radio RSSI 64 dBuV SNR 0 dB*66
2026-09-29 01:57:58.039  2026-09-29 01:57:58
2026-09-29 01:57:58.615  $PECZ,[ 184700.3] STATUS  2026-09-29 01:57:58 UTC (03:57:58 local, UTC+2) VALID, last good frame 7 s ago | frames heard 8747, undecodable 5112, accepted 3517 (2820 by matching the expected fra*19
2026-09-29 01:57:59.038  2026-09-29 01:57:59
2026-09-29 01:58:00.037  TX start Q65 at 01:58:00.000
2026-09-29 01:58:00.042  2026-09-29 01:58:00
2026-09-29 01:58:01.043  2026-09-29 01:58:01
2026-09-29 01:58:02.044  2026-09-29 01:58:02
2026-09-29 01:58:02.611  $PECZ,[ 184704.3] FRAME   #8748 corr 0.46 - not decodable (too many bit errors, snr 0 dB)*0C
2026-09-29 01:58:03.044  2026-09-29 01:58:03
2026-09-29 01:58:04.047  2026-09-29 01:58:04
2026-09-29 01:58:05.038  2026-09-29 01:58:05
2026-09-29 01:58:06.039  2026-09-29 01:58:06
2026-09-29 01:58:07.039  2026-09-29 01:58:07
2026-09-29 01:58:07.582  $PECZ,[ 184709.2] SIGNAL  level  54% [##########----------] OK, volume 57/63, centre -2% | carrier 1016.17 Hz (+16.17) locked, '0' bits at -32 deg, noise 13 deg | radio RSSI 64 dBuV SNR 0 dB*44
2026-09-29 01:58:08.045  2026-09-29 01:58:08
2026-09-29 01:58:08.617  $PECZ,[ 184710.3] STATUS  2026-09-29 01:58:08 UTC (03:58:08 local, UTC+2) VALID, last good frame 17 s ago | frames heard 8748, undecodable 5113, accepted 3517 (2820 by matching the expected fr*46
2026-09-29 01:58:09.040  2026-09-29 01:58:09
2026-09-29 01:58:10.042  2026-09-29 01:58:10
2026-09-29 01:58:11.043  2026-09-29 01:58:11
2026-09-29 01:58:12.044  2026-09-29 01:58:12
2026-09-29 01:58:13.045  2026-09-29 01:58:13
2026-09-29 01:58:14.046  2026-09-29 01:58:14
2026-09-29 01:58:15.037  2026-09-29 01:58:15
2026-09-29 01:58:16.038  2026-09-29 01:58:16
2026-09-29 01:58:17.039  2026-09-29 01:58:17
2026-09-29 01:58:17.584  $PECZ,[ 184719.2] SIGNAL  level  53% [##########----------] OK, volume 57/63, centre 0% | carrier 1016.25 Hz (+16.25) locked, '0' bits at -32 deg, noise 12 deg | radio RSSI 65 dBuV SNR 0 dB*6D
2026-09-29 01:58:18.036  2026-09-29 01:58:18
2026-09-29 01:58:18.621  $PECZ,[ 184720.3] STATUS  2026-09-29 01:58:18 UTC (03:58:18 local, UTC+2) VALID, last good frame 27 s ago | frames heard 8748, undecodable 5113, accepted 3517 (2820 by matching the expected fr*46
2026-09-29 01:58:19.043  2026-09-29 01:58:19
2026-09-29 01:58:20.046  2026-09-29 01:58:20
2026-09-29 01:58:21.038  2026-09-29 01:58:21
2026-09-29 01:58:22.039  2026-09-29 01:58:22
2026-09-29 01:58:23.040  2026-09-29 01:58:23
2026-09-29 01:58:24.041  2026-09-29 01:58:24
2026-09-29 01:58:25.042  2026-09-29 01:58:25
2026-09-29 01:58:26.043  2026-09-29 01:58:26
2026-09-29 01:58:27.044  2026-09-29 01:58:27
2026-09-29 01:58:27.584  $PECZ,[ 184729.2] SIGNAL  level  54% [##########----------] OK, volume 57/63, centre 1% | carrier 1016.12 Hz (+16.12) locked, '0' bits at -32 deg, noise 11 deg | radio RSSI 64 dBuV SNR 0 dB*6A
2026-09-29 01:58:28.037  2026-09-29 01:58:28
2026-09-29 01:58:28.619  $PECZ,[ 184730.3] STATUS  2026-09-29 01:58:28 UTC (03:58:28 local, UTC+2) VALID, last good frame 37 s ago | frames heard 8748, undecodable 5113, accepted 3517 (2820 by matching the expected fr*46
2026-09-29 01:58:29.042  2026-09-29 01:58:29
2026-09-29 01:58:30.045  2026-09-29 01:58:30
2026-09-29 01:58:31.046  2026-09-29 01:58:31
2026-09-29 01:58:32.047  2026-09-29 01:58:32
2026-09-29 01:58:33.038  2026-09-29 01:58:33
2026-09-29 01:58:34.039  2026-09-29 01:58:34
2026-09-29 01:58:35.040  2026-09-29 01:58:35
2026-09-29 01:58:36.041  2026-09-29 01:58:36
2026-09-29 01:58:37.042  2026-09-29 01:58:37
2026-09-29 01:58:37.583  $PECZ,[ 184739.2] SIGNAL  level  53% [##########----------] OK, volume 57/63, centre 0% | carrier 1016.27 Hz (+16.27) locked, '0' bits at -32 deg, noise 12 deg | radio RSSI 64 dBuV SNR 0 dB*6E
2026-09-29 01:58:38.036  2026-09-29 01:58:38
2026-09-29 01:58:38.618  $PECZ,[ 184740.3] STATUS  2026-09-29 01:58:38 UTC (03:58:38 local, UTC+2) VALID, last good frame 47 s ago | frames heard 8748, undecodable 5113, accepted 3517 (2820 by matching the expected fr*46
2026-09-29 01:58:39.041  2026-09-29 01:58:39
2026-09-29 01:58:40.044  2026-09-29 01:58:40
2026-09-29 01:58:41.045  2026-09-29 01:58:41
2026-09-29 01:58:42.046  2026-09-29 01:58:42
2026-09-29 01:58:43.047  2026-09-29 01:58:43
2026-09-29 01:58:44.038  2026-09-29 01:58:44
