# Legnica receiver log, slot S = 2026-09-28 03:06:39 UTC, window S-30 s .. S+45 s ($GPRMC lines omitted)
# column 1-2: host receive time (UTC, NTP); $PECZ = receiver diagnostics, [uptime s]
2026-09-28 03:06:09.049  2026-09-28 03:06:09
2026-09-28 03:06:10.050  2026-09-28 03:06:10
2026-09-28 03:06:11.042  2026-09-28 03:06:11
2026-09-28 03:06:12.042  2026-09-28 03:06:12
2026-09-28 03:06:13.044  2026-09-28 03:06:13
2026-09-28 03:06:14.045  2026-09-28 03:06:14
2026-09-28 03:06:15.046  2026-09-28 03:06:15
2026-09-28 03:06:15.486  $PECZ,[ 102399.1] SIGNAL  level  56% [###########---------] OK, volume 57/63, centre 0% | carrier 1018.00 Hz (+18.00) locked, '0' bits at -33 deg, noise 21 deg | radio RSSI 63 dBuV SNR 0 dB*60
2026-09-28 03:06:16.049  2026-09-28 03:06:16
2026-09-28 03:06:16.493  $PECZ,[ 102400.1] STATUS  2026-09-28 03:06:16 UTC (05:06:16 local, UTC+2) VALID, last good frame 118 s ago | frames heard 5236, undecodable 2975, accepted 2189 (1608 by matching the expected f*0A
2026-09-28 03:06:17.047  2026-09-28 03:06:17
2026-09-28 03:06:18.050  2026-09-28 03:06:18
2026-09-28 03:06:19.051  2026-09-28 03:06:19
2026-09-28 03:06:20.042  2026-09-28 03:06:20
2026-09-28 03:06:21.043  2026-09-28 03:06:21
2026-09-28 03:06:22.044  2026-09-28 03:06:22
2026-09-28 03:06:23.045  2026-09-28 03:06:23
2026-09-28 03:06:24.046  2026-09-28 03:06:24
2026-09-28 03:06:25.047  2026-09-28 03:06:25
2026-09-28 03:06:25.486  $PECZ,[ 102409.1] SIGNAL  level  56% [###########---------] OK, volume 57/63, centre 3% | carrier 1020.20 Hz (+20.20) locked, '0' bits at -33 deg, noise 20 deg | radio RSSI 64 dBuV SNR 0 dB*6B
2026-09-28 03:06:26.040  2026-09-28 03:06:26
2026-09-28 03:06:26.493  $PECZ,[ 102410.1] STATUS  2026-09-28 03:06:26 UTC (05:06:26 local, UTC+2) VALID, last good frame 128 s ago | frames heard 5236, undecodable 2975, accepted 2189 (1608 by matching the expected f*08
2026-09-28 03:06:27.047  2026-09-28 03:06:27
2026-09-28 03:06:28.050  2026-09-28 03:06:28
2026-09-28 03:06:29.051  2026-09-28 03:06:29
2026-09-28 03:06:30.042  2026-09-28 03:06:30
2026-09-28 03:06:31.043  2026-09-28 03:06:31
2026-09-28 03:06:32.044  2026-09-28 03:06:32
2026-09-28 03:06:33.045  2026-09-28 03:06:33
2026-09-28 03:06:34.046  2026-09-28 03:06:34
2026-09-28 03:06:35.047  2026-09-28 03:06:35
2026-09-28 03:06:35.487  $PECZ,[ 102419.1] SIGNAL  level  63% [############--------] OK, volume 57/63, centre 3% | carrier 1018.51 Hz (+18.51) locked, '0' bits at -33 deg, noise 21 deg | radio RSSI 64 dBuV SNR 0 dB*63
2026-09-28 03:06:36.042  2026-09-28 03:06:36
2026-09-28 03:06:36.494  $PECZ,[ 102420.1] STATUS  2026-09-28 03:06:36 UTC (05:06:36 local, UTC+2) VALID, last good frame 138 s ago | frames heard 5236, undecodable 2975, accepted 2189 (1608 by matching the expected f*0A
2026-09-28 03:06:37.049  2026-09-28 03:06:37
2026-09-28 03:06:38.050  2026-09-28 03:06:38
2026-09-28 03:06:39.051  2026-09-28 03:06:39
2026-09-28 03:06:40.042  2026-09-28 03:06:40
2026-09-28 03:06:41.043  2026-09-28 03:06:41
2026-09-28 03:06:42.044  2026-09-28 03:06:42
2026-09-28 03:06:43.045  2026-09-28 03:06:43
2026-09-28 03:06:44.046  2026-09-28 03:06:44
2026-09-28 03:06:45.047  2026-09-28 03:06:45
2026-09-28 03:06:45.487  $PECZ,[ 102429.1] SIGNAL  level  55% [###########---------] OK, volume 57/63, centre -1% | carrier 1019.32 Hz (+19.32) locked, '0' bits at -33 deg, noise 20 deg | radio RSSI 64 dBuV SNR 0 dB*45
2026-09-28 03:06:46.040  2026-09-28 03:06:46
2026-09-28 03:06:46.494  $PECZ,[ 102430.1] STATUS  2026-09-28 03:06:46 UTC (05:06:46 local, UTC+2) VALID, last good frame 148 s ago | frames heard 5236, undecodable 2975, accepted 2189 (1608 by matching the expected f*0C
2026-09-28 03:06:47.047  2026-09-28 03:06:47
2026-09-28 03:06:48.050  2026-09-28 03:06:48
2026-09-28 03:06:49.051  2026-09-28 03:06:49
2026-09-28 03:06:50.042  2026-09-28 03:06:50
2026-09-28 03:06:51.043  2026-09-28 03:06:51
2026-09-28 03:06:51.046  TX end Q65 at 03:06:51.006, 51.0 s
2026-09-28 03:06:52.044  2026-09-28 03:06:52
2026-09-28 03:06:53.046  2026-09-28 03:06:53
2026-09-28 03:06:54.046  2026-09-28 03:06:54
2026-09-28 03:06:55.047  2026-09-28 03:06:55
2026-09-28 03:06:55.487  $PECZ,[ 102439.1] SIGNAL  level  55% [###########---------] OK, volume 57/63, centre 0% | carrier 1020.54 Hz (+20.54) locked, '0' bits at -33 deg, noise 25 deg | radio RSSI 64 dBuV SNR 0 dB*6D
2026-09-28 03:06:56.040  2026-09-28 03:06:56
2026-09-28 03:06:56.494  $PECZ,[ 102440.1] STATUS  2026-09-28 03:06:56 UTC (05:06:56 local, UTC+2) VALID, last good frame 158 s ago | frames heard 5236, undecodable 2975, accepted 2189 (1608 by matching the expected f*0A
2026-09-28 03:06:57.047  2026-09-28 03:06:57
2026-09-28 03:06:58.049  2026-09-28 03:06:58
2026-09-28 03:06:59.050  2026-09-28 03:06:59
2026-09-28 03:07:00.041  2026-09-28 03:07:00
2026-09-28 03:07:00.045  TX start CW at 03:07:00.007
2026-09-28 03:07:01.042  2026-09-28 03:07:01
2026-09-28 03:07:02.043  2026-09-28 03:07:02
2026-09-28 03:07:03.044  2026-09-28 03:07:03
2026-09-28 03:07:04.046  2026-09-28 03:07:04
2026-09-28 03:07:05.047  2026-09-28 03:07:05
2026-09-28 03:07:05.084  $PECZ,[ 102448.7] FRAME   #5237 corr 0.40 - not decodable (too many bit errors, snr 0 dB)*0B
2026-09-28 03:07:05.488  $PECZ,[ 102449.1] SIGNAL  level  57% [###########---------] OK, volume 57/63, centre 0% | carrier 1019.49 Hz (+19.49) locked, '0' bits at -33 deg, noise 24 deg | radio RSSI 64 dBuV SNR 0 dB*69
2026-09-28 03:07:06.041  2026-09-28 03:07:06
2026-09-28 03:07:06.494  $PECZ,[ 102450.1] STATUS  2026-09-28 03:07:06 UTC (05:07:06 local, UTC+2) VALID, last good frame 168 s ago | frames heard 5237, undecodable 2976, accepted 2189 (1608 by matching the expected f*0A
2026-09-28 03:07:07.049  2026-09-28 03:07:07
2026-09-28 03:07:08.051  2026-09-28 03:07:08
2026-09-28 03:07:09.042  2026-09-28 03:07:09
2026-09-28 03:07:10.043  2026-09-28 03:07:10
2026-09-28 03:07:11.044  2026-09-28 03:07:11
2026-09-28 03:07:12.045  2026-09-28 03:07:12
2026-09-28 03:07:13.046  2026-09-28 03:07:13
2026-09-28 03:07:14.047  2026-09-28 03:07:14
2026-09-28 03:07:15.048  2026-09-28 03:07:15
2026-09-28 03:07:15.488  $PECZ,[ 102459.1] SIGNAL  level  56% [###########---------] OK, volume 57/63, centre 1% | carrier 1018.89 Hz (+18.89) locked, '0' bits at -33 deg, noise 21 deg | radio RSSI 64 dBuV SNR 0 dB*6D
2026-09-28 03:07:16.043  2026-09-28 03:07:16
2026-09-28 03:07:16.495  $PECZ,[ 102460.1] STATUS  2026-09-28 03:07:16 UTC (05:07:16 local, UTC+2) VALID, last good frame 178 s ago | frames heard 5237, undecodable 2976, accepted 2189 (1608 by matching the expected f*08
2026-09-28 03:07:17.048  2026-09-28 03:07:17
2026-09-28 03:07:18.051  2026-09-28 03:07:18
2026-09-28 03:07:19.042  2026-09-28 03:07:19
2026-09-28 03:07:20.043  2026-09-28 03:07:20
2026-09-28 03:07:21.044  2026-09-28 03:07:21
2026-09-28 03:07:22.045  2026-09-28 03:07:22
2026-09-28 03:07:23.046  2026-09-28 03:07:23
2026-09-28 03:07:24.047  2026-09-28 03:07:24
