# Legnica receiver log, slot S = 2026-09-27 18:30:15 UTC, window S-30 s .. S+45 s ($GPRMC lines omitted)
# column 1-2: host receive time (UTC, NTP); $PECZ = receiver diagnostics, [uptime s]
2026-09-27 18:29:45.039  2026-09-27 18:29:45
2026-09-27 18:29:45.705  $PECZ,[  71410.1] STATUS  2026-09-27 18:29:45 UTC (20:29:45 local, UTC+2) VALID, last good frame 345 s ago | frames heard 3871, undecodable 2231, accepted 1586 (1075 by matching the expected f*16
2026-09-27 18:29:46.037  2026-09-27 18:29:46
2026-09-27 18:29:47.040  2026-09-27 18:29:47
2026-09-27 18:29:48.041  2026-09-27 18:29:48
2026-09-27 18:29:49.042  2026-09-27 18:29:49
2026-09-27 18:29:50.043  2026-09-27 18:29:50
2026-09-27 18:29:50.080  $PECZ,[  71414.4] FRAME   #3872 corr 0.32 - not decodable (too many bit errors, snr 0 dB)*1C
2026-09-27 18:29:51.045  2026-09-27 18:29:51
2026-09-27 18:29:52.046  2026-09-27 18:29:52
2026-09-27 18:29:53.047  2026-09-27 18:29:53
2026-09-27 18:29:54.038  2026-09-27 18:29:54
2026-09-27 18:29:54.680  $PECZ,[  71419.1] SIGNAL  level  58% [###########---------] OK, volume 57/63, centre 1% | carrier 1019.61 Hz (+19.61) locked, '0' bits at -38 deg, noise 23 deg | radio RSSI 64 dBuV SNR 0 dB*7B
2026-09-27 18:29:55.043  2026-09-27 18:29:55
2026-09-27 18:29:55.707  $PECZ,[  71420.1] STATUS  2026-09-27 18:29:55 UTC (20:29:55 local, UTC+2) VALID, last good frame 355 s ago | frames heard 3872, undecodable 2232, accepted 1586 (1075 by matching the expected f*14
2026-09-27 18:29:56.040  2026-09-27 18:29:56
2026-09-27 18:29:57.043  2026-09-27 18:29:57
2026-09-27 18:29:58.044  2026-09-27 18:29:58
2026-09-27 18:29:59.045  2026-09-27 18:29:59
2026-09-27 18:30:00.042  TX start Q65 at 18:30:00.000
2026-09-27 18:30:00.046  2026-09-27 18:30:00
2026-09-27 18:30:01.039  2026-09-27 18:30:01
2026-09-27 18:30:02.040  2026-09-27 18:30:02
2026-09-27 18:30:03.040  2026-09-27 18:30:03
2026-09-27 18:30:04.041  2026-09-27 18:30:04
2026-09-27 18:30:04.681  $PECZ,[  71429.1] SIGNAL  level  56% [###########---------] OK, volume 57/63, centre 2% | carrier 1019.60 Hz (+19.60) locked, '0' bits at -38 deg, noise 22 deg | radio RSSI 64 dBuV SNR 0 dB*74
2026-09-27 18:30:05.044  2026-09-27 18:30:05
2026-09-27 18:30:05.708  $PECZ,[  71430.1] STATUS  2026-09-27 18:30:05 UTC (20:30:05 local, UTC+2) VALID, last good frame 365 s ago | frames heard 3872, undecodable 2232, accepted 1586 (1075 by matching the expected f*16
2026-09-27 18:30:06.041  2026-09-27 18:30:06
2026-09-27 18:30:07.044  2026-09-27 18:30:07
2026-09-27 18:30:08.045  2026-09-27 18:30:08
2026-09-27 18:30:09.046  2026-09-27 18:30:09
2026-09-27 18:30:10.048  2026-09-27 18:30:10
2026-09-27 18:30:11.039  2026-09-27 18:30:11
2026-09-27 18:30:12.040  2026-09-27 18:30:12
2026-09-27 18:30:13.041  2026-09-27 18:30:13
2026-09-27 18:30:14.042  2026-09-27 18:30:14
2026-09-27 18:30:14.683  $PECZ,[  71439.1] SIGNAL  level  61% [############--------] OK, volume 57/63, centre 1% | carrier 1019.75 Hz (+19.75) locked, '0' bits at -38 deg, noise 22 deg | radio RSSI 64 dBuV SNR 0 dB*7C
2026-09-27 18:30:15.037  2026-09-27 18:30:15
2026-09-27 18:30:15.710  $PECZ,[  71440.1] STATUS  2026-09-27 18:30:15 UTC (20:30:15 local, UTC+2) VALID, last good frame 375 s ago | frames heard 3872, undecodable 2232, accepted 1586 (1075 by matching the expected f*10
2026-09-27 18:30:16.044  2026-09-27 18:30:16
2026-09-27 18:30:17.046  2026-09-27 18:30:17
2026-09-27 18:30:18.047  2026-09-27 18:30:18
2026-09-27 18:30:19.038  2026-09-27 18:30:19
2026-09-27 18:30:20.039  2026-09-27 18:30:20
2026-09-27 18:30:21.040  2026-09-27 18:30:21
2026-09-27 18:30:22.041  2026-09-27 18:30:22
2026-09-27 18:30:23.042  2026-09-27 18:30:23
2026-09-27 18:30:24.043  2026-09-27 18:30:24
2026-09-27 18:30:24.678  $PECZ,[  71449.1] SIGNAL  level  57% [###########---------] OK, volume 57/63, centre 0% | carrier 1019.75 Hz (+19.75) locked, '0' bits at -38 deg, noise 22 deg | radio RSSI 64 dBuV SNR 0 dB*71
2026-09-27 18:30:25.041  2026-09-27 18:30:25
2026-09-27 18:30:25.706  $PECZ,[  71450.1] STATUS  2026-09-27 18:30:25 UTC (20:30:25 local, UTC+2) VALID, last good frame 385 s ago | frames heard 3872, undecodable 2232, accepted 1586 (1075 by matching the expected f*1E
2026-09-27 18:30:26.040  2026-09-27 18:30:26
2026-09-27 18:30:27.042  2026-09-27 18:30:27
2026-09-27 18:30:28.043  2026-09-27 18:30:28
2026-09-27 18:30:29.044  2026-09-27 18:30:29
2026-09-27 18:30:30.045  2026-09-27 18:30:30
2026-09-27 18:30:31.046  2026-09-27 18:30:31
2026-09-27 18:30:32.047  2026-09-27 18:30:32
2026-09-27 18:30:32.084  $PECZ,[  71456.4] FRAME   #3873 corr 0.32 - not decodable (too many bit errors, snr -2 dB)*34
2026-09-27 18:30:33.039  2026-09-27 18:30:33
2026-09-27 18:30:34.040  2026-09-27 18:30:34
2026-09-27 18:30:34.680  $PECZ,[  71459.1] SIGNAL  level  56% [###########---------] OK, volume 57/63, centre 1% | carrier 1019.69 Hz (+19.69) locked, '0' bits at -38 deg, noise 23 deg | radio RSSI 64 dBuV SNR 0 dB*71
2026-09-27 18:30:35.043  2026-09-27 18:30:35
2026-09-27 18:30:35.705  $PECZ,[  71460.1] STATUS  2026-09-27 18:30:35 UTC (20:30:35 local, UTC+2) VALID, last good frame 395 s ago | frames heard 3873, undecodable 2233, accepted 1586 (1075 by matching the expected f*1C
2026-09-27 18:30:36.038  2026-09-27 18:30:36
2026-09-27 18:30:37.041  2026-09-27 18:30:37
2026-09-27 18:30:38.042  2026-09-27 18:30:38
2026-09-27 18:30:39.043  2026-09-27 18:30:39
2026-09-27 18:30:40.044  2026-09-27 18:30:40
2026-09-27 18:30:41.045  2026-09-27 18:30:41
2026-09-27 18:30:42.046  2026-09-27 18:30:42
2026-09-27 18:30:43.047  2026-09-27 18:30:43
2026-09-27 18:30:44.038  2026-09-27 18:30:44
2026-09-27 18:30:44.680  $PECZ,[  71469.1] SIGNAL  level  55% [###########---------] OK, volume 57/63, centre 4% | carrier 1019.49 Hz (+19.49) locked, '0' bits at -38 deg, noise 24 deg | radio RSSI 64 dBuV SNR 0 dB*73
2026-09-27 18:30:45.042  2026-09-27 18:30:45
2026-09-27 18:30:45.707  $PECZ,[  71470.1] STATUS  2026-09-27 18:30:45 UTC (20:30:45 local, UTC+2) VALID, last good frame 405 s ago | frames heard 3873, undecodable 2233, accepted 1586 (1075 by matching the expected f*13
2026-09-27 18:30:46.039  2026-09-27 18:30:46
2026-09-27 18:30:47.042  2026-09-27 18:30:47
2026-09-27 18:30:48.043  2026-09-27 18:30:48
2026-09-27 18:30:49.044  2026-09-27 18:30:49
2026-09-27 18:30:50.045  2026-09-27 18:30:50
2026-09-27 18:30:51.046  2026-09-27 18:30:51
2026-09-27 18:30:51.048  TX end Q65 at 18:30:51.000, 51.0 s
2026-09-27 18:30:52.038  2026-09-27 18:30:52
2026-09-27 18:30:53.039  2026-09-27 18:30:53
2026-09-27 18:30:54.040  2026-09-27 18:30:54
2026-09-27 18:30:54.682  $PECZ,[  71479.1] SIGNAL  level  59% [###########---------] OK, volume 57/63, centre 0% | carrier 1019.69 Hz (+19.69) locked, '0' bits at -38 deg, noise 22 deg | radio RSSI 64 dBuV SNR 0 dB*7C
2026-09-27 18:30:55.044  2026-09-27 18:30:55
2026-09-27 18:30:55.708  $PECZ,[  71480.1] STATUS  2026-09-27 18:30:55 UTC (20:30:55 local, UTC+2) VALID, last good frame 415 s ago | frames heard 3873, undecodable 2233, accepted 1586 (1075 by matching the expected f*1D
2026-09-27 18:30:56.040  2026-09-27 18:30:56
2026-09-27 18:30:57.043  2026-09-27 18:30:57
2026-09-27 18:30:58.044  2026-09-27 18:30:58
2026-09-27 18:30:59.045  2026-09-27 18:30:59
2026-09-27 18:31:00.042  TX start CW at 18:31:00.000
2026-09-27 18:31:00.046  2026-09-27 18:31:00
