# Legnica receiver log, slot S = 2026-09-28 13:03:27 UTC, window S-30 s .. S+45 s ($GPRMC lines omitted)
# column 1-2: host receive time (UTC, NTP); $PECZ = receiver diagnostics, [uptime s]
2026-09-28 13:02:57.045  2026-09-28 13:02:57
2026-09-28 13:02:57.395  $PECZ,[ 138200.2] STATUS  2026-09-28 13:02:57 UTC (15:02:57 local, UTC+2) VALID, last good frame 189 s ago | frames heard 6448, undecodable 3721, accepted 2635 (2037 by matching the expected f*05
2026-09-28 13:02:58.040  2026-09-28 13:02:58
2026-09-28 13:02:59.041  2026-09-28 13:02:59
2026-09-28 13:03:00.039  TX start CW at 13:03:00.000
2026-09-28 13:03:00.044  2026-09-28 13:03:00
2026-09-28 13:03:01.044  2026-09-28 13:03:01
2026-09-28 13:03:02.045  2026-09-28 13:03:02
2026-09-28 13:03:02.453  $PECZ,[ 138205.3] FRAME   #6449 corr 0.29 - not decodable (too many bit errors, snr -3 dB)*24
2026-09-28 13:03:03.037  2026-09-28 13:03:03
2026-09-28 13:03:04.038  2026-09-28 13:03:04
2026-09-28 13:03:05.039  2026-09-28 13:03:05
2026-09-28 13:03:06.040  2026-09-28 13:03:06
2026-09-28 13:03:06.411  $PECZ,[ 138209.2] SIGNAL  level  56% [###########---------] OK, volume 57/63, centre -1% | carrier 1015.28 Hz (+15.28) locked, '0' bits at -33 deg, noise 18 deg | radio RSSI 64 dBuV SNR 0 dB*43
2026-09-28 13:03:07.036  2026-09-28 13:03:07
2026-09-28 13:03:07.397  $PECZ,[ 138210.2] STATUS  2026-09-28 13:03:07 UTC (15:03:07 local, UTC+2) VALID, last good frame 199 s ago | frames heard 6449, undecodable 3722, accepted 2635 (2037 by matching the expected f*07
2026-09-28 13:03:08.041  2026-09-28 13:03:08
2026-09-28 13:03:09.042  2026-09-28 13:03:09
2026-09-28 13:03:10.043  2026-09-28 13:03:10
2026-09-28 13:03:11.044  2026-09-28 13:03:11
2026-09-28 13:03:12.045  2026-09-28 13:03:12
2026-09-28 13:03:13.036  2026-09-28 13:03:13
2026-09-28 13:03:14.037  2026-09-28 13:03:14
2026-09-28 13:03:15.038  2026-09-28 13:03:15
2026-09-28 13:03:16.039  2026-09-28 13:03:16
2026-09-28 13:03:16.411  $PECZ,[ 138219.2] SIGNAL  level  55% [###########---------] OK, volume 57/63, centre 0% | carrier 1015.55 Hz (+15.55) locked, '0' bits at -33 deg, noise 20 deg | radio RSSI 64 dBuV SNR 0 dB*66
2026-09-28 13:03:17.043  2026-09-28 13:03:17
2026-09-28 13:03:17.396  $PECZ,[ 138220.2] STATUS  2026-09-28 13:03:17 UTC (15:03:17 local, UTC+2) VALID, last good frame 209 s ago | frames heard 6449, undecodable 3722, accepted 2635 (2037 by matching the expected f*0E
2026-09-28 13:03:18.038  2026-09-28 13:03:18
2026-09-28 13:03:19.041  2026-09-28 13:03:19
2026-09-28 13:03:20.042  2026-09-28 13:03:20
2026-09-28 13:03:21.043  2026-09-28 13:03:21
2026-09-28 13:03:22.044  2026-09-28 13:03:22
2026-09-28 13:03:23.045  2026-09-28 13:03:23
2026-09-28 13:03:24.036  2026-09-28 13:03:24
2026-09-28 13:03:25.037  2026-09-28 13:03:25
2026-09-28 13:03:26.038  2026-09-28 13:03:26
2026-09-28 13:03:26.076  $PECZ,[ 138228.8] FRAME   #6450 corr 0.34 - not decodable (too many bit errors, snr 0 dB)*0A
2026-09-28 13:03:26.412  $PECZ,[ 138229.2] SIGNAL  level  54% [##########----------] OK, volume 57/63, centre 0% | carrier 1015.46 Hz (+15.46) locked, '0' bits at -33 deg, noise 19 deg | radio RSSI 63 dBuV SNR 0 dB*67
2026-09-28 13:03:27.036  2026-09-28 13:03:27
2026-09-28 13:03:27.396  $PECZ,[ 138230.2] STATUS  2026-09-28 13:03:27 UTC (15:03:27 local, UTC+2) VALID, last good frame 219 s ago | frames heard 6450, undecodable 3723, accepted 2635 (2037 by matching the expected f*07
2026-09-28 13:03:28.041  2026-09-28 13:03:28
2026-09-28 13:03:29.042  2026-09-28 13:03:29
2026-09-28 13:03:29.580  $PECZ,[ 138232.4] FRAME   #6451 corr 0.38 - not decodable (too many bit errors, snr 0 dB)*00
2026-09-28 13:03:30.042  2026-09-28 13:03:30
2026-09-28 13:03:31.045  2026-09-28 13:03:31
2026-09-28 13:03:32.036  2026-09-28 13:03:32
2026-09-28 13:03:33.037  2026-09-28 13:03:33
2026-09-28 13:03:34.038  2026-09-28 13:03:34
2026-09-28 13:03:35.039  2026-09-28 13:03:35
2026-09-28 13:03:36.040  2026-09-28 13:03:36
2026-09-28 13:03:36.238  TX end CW at 13:03:36.201, 36.2 s
2026-09-28 13:03:36.411  $PECZ,[ 138239.2] SIGNAL  level  59% [###########---------] OK, volume 57/63, centre 0% | carrier 1015.35 Hz (+15.35) locked, '0' bits at -33 deg, noise 19 deg | radio RSSI 65 dBuV SNR 0 dB*63
2026-09-28 13:03:37.036  2026-09-28 13:03:37
2026-09-28 13:03:37.396  $PECZ,[ 138240.2] STATUS  2026-09-28 13:03:37 UTC (15:03:37 local, UTC+2) VALID, last good frame 229 s ago | frames heard 6451, undecodable 3724, accepted 2635 (2037 by matching the expected f*05
2026-09-28 13:03:38.041  2026-09-28 13:03:38
2026-09-28 13:03:39.042  2026-09-28 13:03:39
2026-09-28 13:03:40.043  2026-09-28 13:03:40
2026-09-28 13:03:41.044  2026-09-28 13:03:41
2026-09-28 13:03:42.045  2026-09-28 13:03:42
2026-09-28 13:03:43.037  2026-09-28 13:03:43
2026-09-28 13:03:44.038  2026-09-28 13:03:44
2026-09-28 13:03:45.038  2026-09-28 13:03:45
2026-09-28 13:03:46.039  2026-09-28 13:03:46
2026-09-28 13:03:46.412  $PECZ,[ 138249.2] SIGNAL  level  58% [###########---------] OK, volume 57/63, centre 0% | carrier 1015.38 Hz (+15.38) locked, '0' bits at -33 deg, noise 18 deg | radio RSSI 65 dBuV SNR 0 dB*64
2026-09-28 13:03:47.035  2026-09-28 13:03:47
2026-09-28 13:03:47.397  $PECZ,[ 138250.2] STATUS  2026-09-28 13:03:47 UTC (15:03:47 local, UTC+2) VALID, last good frame 239 s ago | frames heard 6451, undecodable 3724, accepted 2635 (2037 by matching the expected f*05
2026-09-28 13:03:48.040  2026-09-28 13:03:48
2026-09-28 13:03:49.044  2026-09-28 13:03:49
2026-09-28 13:03:50.044  2026-09-28 13:03:50
2026-09-28 13:03:51.045  2026-09-28 13:03:51
2026-09-28 13:03:52.036  2026-09-28 13:03:52
2026-09-28 13:03:53.037  2026-09-28 13:03:53
2026-09-28 13:03:54.038  2026-09-28 13:03:54
2026-09-28 13:03:55.039  2026-09-28 13:03:55
2026-09-28 13:03:56.040  2026-09-28 13:03:56
2026-09-28 13:03:56.412  $PECZ,[ 138259.2] SIGNAL  level  58% [###########---------] OK, volume 57/63, centre 0% | carrier 1015.37 Hz (+15.37) locked, '0' bits at -33 deg, noise 18 deg | radio RSSI 64 dBuV SNR 0 dB*64
2026-09-28 13:03:57.036  2026-09-28 13:03:57
2026-09-28 13:03:57.397  $PECZ,[ 138260.2] STATUS  2026-09-28 13:03:57 UTC (15:03:57 local, UTC+2) VALID, last good frame 249 s ago | frames heard 6451, undecodable 3724, accepted 2635 (2037 by matching the expected f*01
2026-09-28 13:03:58.041  2026-09-28 13:03:58
2026-09-28 13:03:59.042  2026-09-28 13:03:59
2026-09-28 13:04:00.040  TX start Q65 at 13:04:00.000
2026-09-28 13:04:00.044  2026-09-28 13:04:00
2026-09-28 13:04:01.035  2026-09-28 13:04:01
2026-09-28 13:04:02.036  2026-09-28 13:04:02
2026-09-28 13:04:03.037  2026-09-28 13:04:03
2026-09-28 13:04:04.038  2026-09-28 13:04:04
2026-09-28 13:04:05.039  2026-09-28 13:04:05
2026-09-28 13:04:06.040  2026-09-28 13:04:06
2026-09-28 13:04:06.412  $PECZ,[ 138269.2] SIGNAL  level  54% [##########----------] OK, volume 57/63, centre 0% | carrier 1015.37 Hz (+15.37) locked, '0' bits at -33 deg, noise 19 deg | radio RSSI 64 dBuV SNR 0 dB*64
2026-09-28 13:04:07.036  2026-09-28 13:04:07
2026-09-28 13:04:07.397  $PECZ,[ 138270.2] STATUS  2026-09-28 13:04:07 UTC (15:04:07 local, UTC+2) VALID, last good frame 259 s ago | frames heard 6451, undecodable 3724, accepted 2635 (2037 by matching the expected f*01
2026-09-28 13:04:08.041  2026-09-28 13:04:08
2026-09-28 13:04:09.042  2026-09-28 13:04:09
2026-09-28 13:04:10.044  2026-09-28 13:04:10
2026-09-28 13:04:11.045  2026-09-28 13:04:11
