# Legnica receiver log, slot S = 2026-09-27 11:46:00 UTC, window S-30 s .. S+45 s ($GPRMC lines omitted)
# column 1-2: host receive time (UTC, NTP); $PECZ = receiver diagnostics, [uptime s]
2026-09-27 11:45:30.054  2026-09-27 11:45:30
2026-09-27 11:45:31.055  2026-09-27 11:45:31
2026-09-27 11:45:32.056  2026-09-27 11:45:32
2026-09-27 11:45:33.047  2026-09-27 11:45:33
2026-09-27 11:45:34.048  2026-09-27 11:45:34
2026-09-27 11:45:34.098  $PECZ,[  47159.0] SIGNAL  level  52% [##########----------] OK, volume 57/63, centre 2% | carrier 1013.45 Hz (+13.45) locked, '0' bits at -38 deg, noise 55 deg | radio RSSI 63 dBuV SNR 3 dB*7C
2026-09-27 11:45:35.053  2026-09-27 11:45:35
2026-09-27 11:45:35.126  $PECZ,[  47160.1] STATUS  2026-09-27 11:45:35 UTC (13:45:35 local, UTC+2) VALID, last good frame 488 s ago | frames heard 2976, undecodable 1576, accepted 1358 (858 by matching the expected fr*5F
2026-09-27 11:45:36.051  2026-09-27 11:45:36
2026-09-27 11:45:36.248  TX end CW at 11:45:36.201, 36.2 s
2026-09-27 11:45:37.052  2026-09-27 11:45:37
2026-09-27 11:45:38.053  2026-09-27 11:45:38
2026-09-27 11:45:39.054  2026-09-27 11:45:39
2026-09-27 11:45:40.055  2026-09-27 11:45:40
2026-09-27 11:45:41.055  2026-09-27 11:45:41
2026-09-27 11:45:42.046  2026-09-27 11:45:42
2026-09-27 11:45:43.047  2026-09-27 11:45:43
2026-09-27 11:45:44.048  2026-09-27 11:45:44
2026-09-27 11:45:44.088  $PECZ,[  47169.0] SIGNAL  level  52% [##########----------] OK, volume 57/63, centre 0% | carrier 1014.72 Hz (+14.72) locking | radio RSSI 63 dBuV SNR 3 dB*6D
2026-09-27 11:45:45.053  2026-09-27 11:45:45
2026-09-27 11:45:45.126  $PECZ,[  47170.1] STATUS  2026-09-27 11:45:45 UTC (13:45:45 local, UTC+2) VALID, last good frame 498 s ago | frames heard 2976, undecodable 1576, accepted 1358 (858 by matching the expected fr*5F
2026-09-27 11:45:46.050  2026-09-27 11:45:46
2026-09-27 11:45:47.051  2026-09-27 11:45:47
2026-09-27 11:45:48.052  2026-09-27 11:45:48
2026-09-27 11:45:49.053  2026-09-27 11:45:49
2026-09-27 11:45:50.054  2026-09-27 11:45:50
2026-09-27 11:45:51.055  2026-09-27 11:45:51
2026-09-27 11:45:52.046  2026-09-27 11:45:52
2026-09-27 11:45:53.047  2026-09-27 11:45:53
2026-09-27 11:45:54.048  2026-09-27 11:45:54
2026-09-27 11:45:54.093  $PECZ,[  47179.0] SIGNAL  level  55% [###########---------] OK, volume 57/63, centre 2% | carrier 1014.45 Hz (+14.45) locked, '0' bits at -38 deg, noise 23 deg | radio RSSI 63 dBuV SNR 3 dB*76
2026-09-27 11:45:55.047  2026-09-27 11:45:55
2026-09-27 11:45:55.128  $PECZ,[  47180.1] STATUS  2026-09-27 11:45:55 UTC (13:45:55 local, UTC+2) VALID, last good frame 508 s ago | frames heard 2976, undecodable 1576, accepted 1358 (858 by matching the expected fr*58
2026-09-27 11:45:56.052  2026-09-27 11:45:56
2026-09-27 11:45:57.053  2026-09-27 11:45:57
2026-09-27 11:45:58.054  2026-09-27 11:45:58
2026-09-27 11:45:59.055  2026-09-27 11:45:59
2026-09-27 11:46:00.046  2026-09-27 11:46:00
2026-09-27 11:46:00.050  TX start Q65 at 11:46:00.007
2026-09-27 11:46:01.047  2026-09-27 11:46:01
2026-09-27 11:46:02.049  2026-09-27 11:46:02
2026-09-27 11:46:03.050  2026-09-27 11:46:03
2026-09-27 11:46:04.050  2026-09-27 11:46:04
2026-09-27 11:46:04.092  $PECZ,[  47189.0] SIGNAL  level  54% [##########----------] OK, volume 57/63, centre 0% | carrier 1015.57 Hz (+15.57) locked, '0' bits at -38 deg, noise 32 deg | radio RSSI 63 dBuV SNR 3 dB*74
2026-09-27 11:46:05.047  2026-09-27 11:46:05
2026-09-27 11:46:05.128  $PECZ,[  47190.1] STATUS  2026-09-27 11:46:05 UTC (13:46:05 local, UTC+2) VALID, last good frame 518 s ago | frames heard 2976, undecodable 1576, accepted 1358 (858 by matching the expected fr*58
2026-09-27 11:46:06.052  2026-09-27 11:46:06
2026-09-27 11:46:07.053  2026-09-27 11:46:07
2026-09-27 11:46:08.055  2026-09-27 11:46:08
2026-09-27 11:46:09.046  2026-09-27 11:46:09
2026-09-27 11:46:10.046  2026-09-27 11:46:10
2026-09-27 11:46:11.047  2026-09-27 11:46:11
2026-09-27 11:46:12.048  2026-09-27 11:46:12
2026-09-27 11:46:13.050  2026-09-27 11:46:13
2026-09-27 11:46:14.050  2026-09-27 11:46:14
2026-09-27 11:46:14.092  $PECZ,[  47199.0] SIGNAL  level  52% [##########----------] OK, volume 57/63, centre -2% | carrier 1017.29 Hz (+17.29) locked, '0' bits at -38 deg, noise 21 deg | radio RSSI 63 dBuV SNR 3 dB*5E
2026-09-27 11:46:15.048  2026-09-27 11:46:15
2026-09-27 11:46:15.129  $PECZ,[  47200.1] STATUS  2026-09-27 11:46:15 UTC (13:46:15 local, UTC+2) VALID, last good frame 528 s ago | frames heard 2976, undecodable 1576, accepted 1358 (858 by matching the expected fr*51
2026-09-27 11:46:16.053  2026-09-27 11:46:16
2026-09-27 11:46:17.054  2026-09-27 11:46:17
2026-09-27 11:46:18.055  2026-09-27 11:46:18
2026-09-27 11:46:19.046  2026-09-27 11:46:19
2026-09-27 11:46:20.047  2026-09-27 11:46:20
2026-09-27 11:46:21.048  2026-09-27 11:46:21
2026-09-27 11:46:22.049  2026-09-27 11:46:22
2026-09-27 11:46:23.050  2026-09-27 11:46:23
2026-09-27 11:46:24.051  2026-09-27 11:46:24
2026-09-27 11:46:24.094  $PECZ,[  47209.0] SIGNAL  level  56% [###########---------] OK, volume 57/63, centre -3% | carrier 1017.09 Hz (+17.09) locked, '0' bits at -38 deg, noise 23 deg | radio RSSI 63 dBuV SNR 3 dB*5D
2026-09-27 11:46:25.048  2026-09-27 11:46:25
2026-09-27 11:46:25.128  $PECZ,[  47210.1] STATUS  2026-09-27 11:46:25 UTC (13:46:25 local, UTC+2) VALID, last good frame 538 s ago | frames heard 2976, undecodable 1576, accepted 1358 (858 by matching the expected fr*51
2026-09-27 11:46:26.053  2026-09-27 11:46:26
2026-09-27 11:46:27.054  2026-09-27 11:46:27
2026-09-27 11:46:28.055  2026-09-27 11:46:28
2026-09-27 11:46:29.046  2026-09-27 11:46:29
2026-09-27 11:46:30.047  2026-09-27 11:46:30
2026-09-27 11:46:31.048  2026-09-27 11:46:31
2026-09-27 11:46:32.049  2026-09-27 11:46:32
2026-09-27 11:46:33.050  2026-09-27 11:46:33
2026-09-27 11:46:34.051  2026-09-27 11:46:34
2026-09-27 11:46:34.093  $PECZ,[  47219.0] SIGNAL  level  54% [##########----------] OK, volume 57/63, centre -2% | carrier 1017.22 Hz (+17.22) locked, '0' bits at -38 deg, noise 25 deg | radio RSSI 63 dBuV SNR 3 dB*57
2026-09-27 11:46:35.049  2026-09-27 11:46:35
2026-09-27 11:46:35.128  $PECZ,[  47220.1] STATUS  2026-09-27 11:46:35 UTC (13:46:35 local, UTC+2) VALID, last good frame 548 s ago | frames heard 2976, undecodable 1576, accepted 1358 (858 by matching the expected fr*55
2026-09-27 11:46:36.054  2026-09-27 11:46:36
2026-09-27 11:46:37.055  2026-09-27 11:46:37
2026-09-27 11:46:38.046  2026-09-27 11:46:38
2026-09-27 11:46:39.047  2026-09-27 11:46:39
2026-09-27 11:46:40.048  2026-09-27 11:46:40
2026-09-27 11:46:41.049  2026-09-27 11:46:41
2026-09-27 11:46:42.050  2026-09-27 11:46:42
2026-09-27 11:46:43.051  2026-09-27 11:46:43
2026-09-27 11:46:44.052  2026-09-27 11:46:44
2026-09-27 11:46:44.093  $PECZ,[  47229.0] SIGNAL  level  52% [##########----------] OK, volume 57/63, centre 4% | carrier 1017.21 Hz (+17.21) locked, '0' bits at -38 deg, noise 24 deg | radio RSSI 63 dBuV SNR 3 dB*78
2026-09-27 11:46:45.049  2026-09-27 11:46:45
2026-09-27 11:46:45.128  $PECZ,[  47230.1] STATUS  2026-09-27 11:46:45 UTC (13:46:45 local, UTC+2) VALID, last good frame 558 s ago | frames heard 2976, undecodable 1576, accepted 1358 (858 by matching the expected fr*55
