# Legnica receiver log, slot S = 2026-09-28 16:01:00 UTC, window S-30 s .. S+45 s ($GPRMC lines omitted)
# column 1-2: host receive time (UTC, NTP); $PECZ = receiver diagnostics, [uptime s]
2026-09-28 16:00:30.047  2026-09-28 16:00:30
2026-09-28 16:00:31.048  2026-09-28 16:00:31
2026-09-28 16:00:32.049  2026-09-28 16:00:32
2026-09-28 16:00:33.050  2026-09-28 16:00:33
2026-09-28 16:00:34.051  2026-09-28 16:00:34
2026-09-28 16:00:35.052  2026-09-28 16:00:35
2026-09-28 16:00:36.053  2026-09-28 16:00:36
2026-09-28 16:00:36.682  $PECZ,[ 148859.2] SIGNAL  level  57% [###########---------] OK, volume 57/63, centre -3% | carrier 1015.87 Hz (+15.87) locked, '0' bits at -33 deg, noise 17 deg | radio RSSI 64 dBuV SNR 0 dB*47
2026-09-28 16:00:37.046  2026-09-28 16:00:37
2026-09-28 16:00:37.677  $PECZ,[ 148860.2] STATUS  2026-09-28 16:00:37 UTC (18:00:37 local, UTC+2) VALID, last good frame 112 s ago | frames heard 6983, undecodable 4067, accepted 2819 (2214 by matching the expected f*0F
2026-09-28 16:00:38.051  2026-09-28 16:00:38
2026-09-28 16:00:39.054  2026-09-28 16:00:39
2026-09-28 16:00:40.045  2026-09-28 16:00:40
2026-09-28 16:00:41.046  2026-09-28 16:00:41
2026-09-28 16:00:42.046  2026-09-28 16:00:42
2026-09-28 16:00:43.047  2026-09-28 16:00:43
2026-09-28 16:00:44.048  2026-09-28 16:00:44
2026-09-28 16:00:44.094  $PECZ,[ 148866.6] FRAME   #6984 corr 0.35 - not decodable, but 0.80 of it agrees with the expected frame (snr 0 dB): 2026-09-28 16:00:42 UTC (18:00:42 local, UTC+2)*2B
2026-09-28 16:00:44.106  $PECZ,[ 148866.6] CLOCK   confirmed, error +1.69 ms, xtal -24134 ppb*03
2026-09-28 16:00:45.051  2026-09-28 16:00:45
2026-09-28 16:00:46.052  2026-09-28 16:00:46
2026-09-28 16:00:46.684  $PECZ,[ 148869.2] SIGNAL  level  61% [############--------] OK, volume 57/63, centre 2% | carrier 1015.96 Hz (+15.96) locked, '0' bits at -33 deg, noise 13 deg | radio RSSI 64 dBuV SNR 0 dB*67
2026-09-28 16:00:47.048  2026-09-28 16:00:47
2026-09-28 16:00:47.681  $PECZ,[ 148870.2] STATUS  2026-09-28 16:00:47 UTC (18:00:47 local, UTC+2) VALID, last good frame 5 s ago | frames heard 6984, undecodable 4067, accepted 2820 (2215 by matching the expected fra*16
2026-09-28 16:00:48.045  2026-09-28 16:00:48
2026-09-28 16:00:49.047  2026-09-28 16:00:49
2026-09-28 16:00:50.048  2026-09-28 16:00:50
2026-09-28 16:00:51.049  2026-09-28 16:00:51
2026-09-28 16:00:51.051  TX end Q65 at 16:00:51.002, 51.0 s
2026-09-28 16:00:52.050  2026-09-28 16:00:52
2026-09-28 16:00:53.052  2026-09-28 16:00:53
2026-09-28 16:00:54.053  2026-09-28 16:00:54
2026-09-28 16:00:54.101  $PECZ,[ 148876.6] FRAME   #6985 corr 0.32 - not decodable (too many bit errors, snr -3 dB)*2F
2026-09-28 16:00:55.045  2026-09-28 16:00:55
2026-09-28 16:00:56.046  2026-09-28 16:00:56
2026-09-28 16:00:56.680  $PECZ,[ 148879.2] SIGNAL  level  52% [##########----------] OK, volume 57/63, centre 3% | carrier 1015.96 Hz (+15.96) locked, '0' bits at -33 deg, noise 14 deg | radio RSSI 64 dBuV SNR 0 dB*60
2026-09-28 16:00:57.042  2026-09-28 16:00:57
2026-09-28 16:00:57.677  $PECZ,[ 148880.2] STATUS  2026-09-28 16:00:57 UTC (18:00:57 local, UTC+2) VALID, last good frame 15 s ago | frames heard 6985, undecodable 4068, accepted 2820 (2215 by matching the expected fr*47
2026-09-28 16:00:58.049  2026-09-28 16:00:58
2026-09-28 16:00:59.052  2026-09-28 16:00:59
2026-09-28 16:01:00.050  TX start CW at 16:01:00.000
2026-09-28 16:01:00.054  2026-09-28 16:01:00
2026-09-28 16:01:01.045  2026-09-28 16:01:01
2026-09-28 16:01:02.046  2026-09-28 16:01:02
2026-09-28 16:01:02.596  $PECZ,[ 148885.1] FRAME   #6986 corr 0.41 - not decodable (too many bit errors, snr 0 dB)*0D
2026-09-28 16:01:03.046  2026-09-28 16:01:03
2026-09-28 16:01:04.049  2026-09-28 16:01:04
2026-09-28 16:01:05.050  2026-09-28 16:01:05
2026-09-28 16:01:06.051  2026-09-28 16:01:06
2026-09-28 16:01:06.682  $PECZ,[ 148889.2] SIGNAL  level  56% [###########---------] OK, volume 57/63, centre 4% | carrier 1015.89 Hz (+15.89) locked, '0' bits at -33 deg, noise 13 deg | radio RSSI 64 dBuV SNR 0 dB*65
2026-09-28 16:01:07.045  2026-09-28 16:01:07
2026-09-28 16:01:07.679  $PECZ,[ 148890.2] STATUS  2026-09-28 16:01:07 UTC (18:01:07 local, UTC+2) VALID, last good frame 25 s ago | frames heard 6986, undecodable 4069, accepted 2820 (2215 by matching the expected fr*47
2026-09-28 16:01:08.051  2026-09-28 16:01:08
2026-09-28 16:01:09.044  2026-09-28 16:01:09
2026-09-28 16:01:10.045  2026-09-28 16:01:10
2026-09-28 16:01:11.047  2026-09-28 16:01:11
2026-09-28 16:01:12.048  2026-09-28 16:01:12
2026-09-28 16:01:13.049  2026-09-28 16:01:13
2026-09-28 16:01:14.049  2026-09-28 16:01:14
2026-09-28 16:01:14.437  $PECZ,[ 148897.0] FRAME   #6987 corr 0.31 - not decodable (too many bit errors, snr -2 dB)*26
2026-09-28 16:01:15.051  2026-09-28 16:01:15
2026-09-28 16:01:16.053  2026-09-28 16:01:16
2026-09-28 16:01:16.682  $PECZ,[ 148899.2] SIGNAL  level  60% [############--------] OK, volume 57/63, centre 2% | carrier 1015.83 Hz (+15.83) locked, '0' bits at -33 deg, noise 15 deg | radio RSSI 64 dBuV SNR 0 dB*6F
2026-09-28 16:01:17.045  2026-09-28 16:01:17
2026-09-28 16:01:17.677  $PECZ,[ 148900.2] STATUS  2026-09-28 16:01:17 UTC (18:01:17 local, UTC+2) VALID, last good frame 35 s ago | frames heard 6987, undecodable 4070, accepted 2820 (2215 by matching the expected fr*47
2026-09-28 16:01:18.050  2026-09-28 16:01:18
2026-09-28 16:01:19.053  2026-09-28 16:01:19
2026-09-28 16:01:20.044  2026-09-28 16:01:20
2026-09-28 16:01:21.045  2026-09-28 16:01:21
2026-09-28 16:01:22.046  2026-09-28 16:01:22
2026-09-28 16:01:23.047  2026-09-28 16:01:23
2026-09-28 16:01:24.048  2026-09-28 16:01:24
2026-09-28 16:01:25.049  2026-09-28 16:01:25
2026-09-28 16:01:26.050  2026-09-28 16:01:26
2026-09-28 16:01:26.682  $PECZ,[ 148909.2] SIGNAL  level  59% [###########---------] OK, volume 57/63, centre 0% | carrier 1015.88 Hz (+15.88) locked, '0' bits at -33 deg, noise 14 deg | radio RSSI 64 dBuV SNR 0 dB*60
2026-09-28 16:01:27.044  2026-09-28 16:01:27
2026-09-28 16:01:27.678  $PECZ,[ 148910.2] STATUS  2026-09-28 16:01:27 UTC (18:01:27 local, UTC+2) VALID, last good frame 45 s ago | frames heard 6987, undecodable 4070, accepted 2820 (2215 by matching the expected fr*41
2026-09-28 16:01:28.050  2026-09-28 16:01:28
2026-09-28 16:01:29.053  2026-09-28 16:01:29
2026-09-28 16:01:30.044  2026-09-28 16:01:30
2026-09-28 16:01:31.045  2026-09-28 16:01:31
2026-09-28 16:01:32.046  2026-09-28 16:01:32
2026-09-28 16:01:33.047  2026-09-28 16:01:33
2026-09-28 16:01:34.048  2026-09-28 16:01:34
2026-09-28 16:01:35.049  2026-09-28 16:01:35
2026-09-28 16:01:36.050  2026-09-28 16:01:36
2026-09-28 16:01:36.249  TX end CW at 16:01:36.202, 36.2 s
2026-09-28 16:01:36.337  $PECZ,[ 148918.9] FRAME   #6988 corr 0.30 - not decodable (too many bit errors, snr -4 dB)*21
2026-09-28 16:01:36.682  $PECZ,[ 148919.2] SIGNAL  level  55% [###########---------] OK, volume 57/63, centre 0% | carrier 1015.86 Hz (+15.86) locked, '0' bits at -33 deg, noise 14 deg | radio RSSI 64 dBuV SNR 0 dB*6D
2026-09-28 16:01:37.045  2026-09-28 16:01:37
2026-09-28 16:01:37.680  $PECZ,[ 148920.2] STATUS  2026-09-28 16:01:37 UTC (18:01:37 local, UTC+2) VALID, last good frame 55 s ago | frames heard 6988, undecodable 4071, accepted 2820 (2215 by matching the expected fr*4D
2026-09-28 16:01:38.043  2026-09-28 16:01:38
2026-09-28 16:01:38.082  $PECZ,[ 148920.5] FRAME   #6989 corr 0.34 - not decodable (too many bit errors, snr -1 dB)*26
2026-09-28 16:01:39.047  2026-09-28 16:01:39
2026-09-28 16:01:40.048  2026-09-28 16:01:40
2026-09-28 16:01:41.050  2026-09-28 16:01:41
2026-09-28 16:01:42.051  2026-09-28 16:01:42
2026-09-28 16:01:43.052  2026-09-28 16:01:43
2026-09-28 16:01:44.053  2026-09-28 16:01:44
