# Legnica receiver log, slot S = 2026-09-28 00:13:57 UTC, window S-30 s .. S+45 s ($GPRMC lines omitted)
# column 1-2: host receive time (UTC, NTP); $PECZ = receiver diagnostics, [uptime s]
2026-09-28 00:13:27.049  2026-09-28 00:13:27
2026-09-28 00:13:28.050  2026-09-28 00:13:28
2026-09-28 00:13:29.051  2026-09-28 00:13:29
2026-09-28 00:13:30.052  2026-09-28 00:13:30
2026-09-28 00:13:31.043  2026-09-28 00:13:31
2026-09-28 00:13:32.044  2026-09-28 00:13:32
2026-09-28 00:13:33.045  2026-09-28 00:13:33
2026-09-28 00:13:34.046  2026-09-28 00:13:34
2026-09-28 00:13:35.047  2026-09-28 00:13:35
2026-09-28 00:13:35.237  $PECZ,[  92039.1] SIGNAL  level  56% [###########---------] OK, volume 57/63, centre 0% | carrier 1018.37 Hz (+18.37) locked, '0' bits at -33 deg, noise 23 deg | radio RSSI 64 dBuV SNR 0 dB*74
2026-09-28 00:13:36.051  2026-09-28 00:13:36
2026-09-28 00:13:36.244  $PECZ,[  92040.1] STATUS  2026-09-28 00:13:36 UTC (02:13:36 local, UTC+2) VALID, last good frame 114 s ago | frames heard 4918, undecodable 2795, accepted 2058 (1487 by matching the expected f*14
2026-09-28 00:13:36.246  TX end CW at 00:13:36.198, 36.2 s
2026-09-28 00:13:37.049  2026-09-28 00:13:37
2026-09-28 00:13:38.051  2026-09-28 00:13:38
2026-09-28 00:13:39.042  2026-09-28 00:13:39
2026-09-28 00:13:40.044  2026-09-28 00:13:40
2026-09-28 00:13:41.044  2026-09-28 00:13:41
2026-09-28 00:13:42.045  2026-09-28 00:13:42
2026-09-28 00:13:43.046  2026-09-28 00:13:43
2026-09-28 00:13:44.047  2026-09-28 00:13:44
2026-09-28 00:13:45.049  2026-09-28 00:13:45
2026-09-28 00:13:45.238  $PECZ,[  92049.1] SIGNAL  level  54% [##########----------] OK, volume 57/63, centre -1% | carrier 1017.92 Hz (+17.92) locked, '0' bits at -33 deg, noise 22 deg | radio RSSI 64 dBuV SNR 0 dB*52
2026-09-28 00:13:46.043  2026-09-28 00:13:46
2026-09-28 00:13:46.244  $PECZ,[  92050.1] STATUS  2026-09-28 00:13:46 UTC (02:13:46 local, UTC+2) VALID, last good frame 124 s ago | frames heard 4918, undecodable 2795, accepted 2058 (1487 by matching the expected f*16
2026-09-28 00:13:47.049  2026-09-28 00:13:47
2026-09-28 00:13:48.051  2026-09-28 00:13:48
2026-09-28 00:13:49.052  2026-09-28 00:13:49
2026-09-28 00:13:50.043  2026-09-28 00:13:50
2026-09-28 00:13:50.591  $PECZ,[  92054.5] FRAME   #4919 corr 0.29 - not decodable (too many bit errors, snr -4 dB)*38
2026-09-28 00:13:51.043  2026-09-28 00:13:51
2026-09-28 00:13:52.046  2026-09-28 00:13:52
2026-09-28 00:13:53.047  2026-09-28 00:13:53
2026-09-28 00:13:54.048  2026-09-28 00:13:54
2026-09-28 00:13:55.049  2026-09-28 00:13:55
2026-09-28 00:13:55.239  $PECZ,[  92059.1] SIGNAL  level  59% [###########---------] OK, volume 57/63, centre -2% | carrier 1018.12 Hz (+18.12) locked, '0' bits at -33 deg, noise 19 deg | radio RSSI 64 dBuV SNR 0 dB*5B
2026-09-28 00:13:56.044  2026-09-28 00:13:56
2026-09-28 00:13:56.245  $PECZ,[  92060.1] STATUS  2026-09-28 00:13:56 UTC (02:13:56 local, UTC+2) VALID, last good frame 134 s ago | frames heard 4919, undecodable 2796, accepted 2058 (1487 by matching the expected f*16
2026-09-28 00:13:57.050  2026-09-28 00:13:57
2026-09-28 00:13:58.051  2026-09-28 00:13:58
2026-09-28 00:13:59.052  2026-09-28 00:13:59
2026-09-28 00:14:00.043  2026-09-28 00:14:00
2026-09-28 00:14:00.046  TX start Q65 at 00:14:00.007
2026-09-28 00:14:01.044  2026-09-28 00:14:01
2026-09-28 00:14:02.045  2026-09-28 00:14:02
2026-09-28 00:14:03.046  2026-09-28 00:14:03
2026-09-28 00:14:04.047  2026-09-28 00:14:04
2026-09-28 00:14:05.048  2026-09-28 00:14:05
2026-09-28 00:14:05.238  $PECZ,[  92069.1] SIGNAL  level  57% [###########---------] OK, volume 57/63, centre 0% | carrier 1018.22 Hz (+18.22) locked, '0' bits at -33 deg, noise 21 deg | radio RSSI 64 dBuV SNR 0 dB*72
2026-09-28 00:14:06.043  2026-09-28 00:14:06
2026-09-28 00:14:06.245  $PECZ,[  92070.1] STATUS  2026-09-28 00:14:06 UTC (02:14:06 local, UTC+2) VALID, last good frame 144 s ago | frames heard 4919, undecodable 2796, accepted 2058 (1487 by matching the expected f*10
2026-09-28 00:14:07.050  2026-09-28 00:14:07
2026-09-28 00:14:08.051  2026-09-28 00:14:08
2026-09-28 00:14:09.052  2026-09-28 00:14:09
2026-09-28 00:14:10.043  2026-09-28 00:14:10
2026-09-28 00:14:11.045  2026-09-28 00:14:11
2026-09-28 00:14:12.045  2026-09-28 00:14:12
2026-09-28 00:14:13.046  2026-09-28 00:14:13
2026-09-28 00:14:14.047  2026-09-28 00:14:14
2026-09-28 00:14:15.048  2026-09-28 00:14:15
2026-09-28 00:14:15.238  $PECZ,[  92079.1] SIGNAL  level  55% [###########---------] OK, volume 57/63, centre 1% | carrier 1017.99 Hz (+17.99) locked, '0' bits at -33 deg, noise 22 deg | radio RSSI 64 dBuV SNR 0 dB*73
2026-09-28 00:14:16.052  2026-09-28 00:14:16
2026-09-28 00:14:16.246  $PECZ,[  92080.1] STATUS  2026-09-28 00:14:16 UTC (02:14:16 local, UTC+2) VALID, last good frame 154 s ago | frames heard 4919, undecodable 2796, accepted 2058 (1487 by matching the expected f*1E
2026-09-28 00:14:17.050  2026-09-28 00:14:17
2026-09-28 00:14:18.053  2026-09-28 00:14:18
2026-09-28 00:14:19.052  2026-09-28 00:14:19
2026-09-28 00:14:20.043  2026-09-28 00:14:20
2026-09-28 00:14:21.044  2026-09-28 00:14:21
2026-09-28 00:14:22.045  2026-09-28 00:14:22
2026-09-28 00:14:23.046  2026-09-28 00:14:23
2026-09-28 00:14:24.047  2026-09-28 00:14:24
2026-09-28 00:14:25.048  2026-09-28 00:14:25
2026-09-28 00:14:25.239  $PECZ,[  92089.1] SIGNAL  level  57% [###########---------] OK, volume 57/63, centre 0% | carrier 1018.16 Hz (+18.16) locked, '0' bits at -33 deg, noise 20 deg | radio RSSI 64 dBuV SNR 0 dB*7D
2026-09-28 00:14:26.043  2026-09-28 00:14:26
2026-09-28 00:14:26.246  $PECZ,[  92090.1] STATUS  2026-09-28 00:14:26 UTC (02:14:26 local, UTC+2) VALID, last good frame 164 s ago | frames heard 4919, undecodable 2796, accepted 2058 (1487 by matching the expected f*1C
2026-09-28 00:14:27.050  2026-09-28 00:14:27
2026-09-28 00:14:28.052  2026-09-28 00:14:28
2026-09-28 00:14:29.052  2026-09-28 00:14:29
2026-09-28 00:14:30.043  2026-09-28 00:14:30
2026-09-28 00:14:31.045  2026-09-28 00:14:31
2026-09-28 00:14:32.045  2026-09-28 00:14:32
2026-09-28 00:14:33.047  2026-09-28 00:14:33
2026-09-28 00:14:34.048  2026-09-28 00:14:34
2026-09-28 00:14:35.049  2026-09-28 00:14:35
2026-09-28 00:14:35.239  $PECZ,[  92099.1] SIGNAL  level  53% [##########----------] OK, volume 57/63, centre -1% | carrier 1018.24 Hz (+18.24) locked, '0' bits at -33 deg, noise 20 deg | radio RSSI 64 dBuV SNR 0 dB*5A
2026-09-28 00:14:36.044  2026-09-28 00:14:36
2026-09-28 00:14:36.246  $PECZ,[  92100.1] STATUS  2026-09-28 00:14:36 UTC (02:14:36 local, UTC+2) VALID, last good frame 174 s ago | frames heard 4919, undecodable 2796, accepted 2058 (1487 by matching the expected f*15
2026-09-28 00:14:37.051  2026-09-28 00:14:37
2026-09-28 00:14:38.052  2026-09-28 00:14:38
2026-09-28 00:14:39.053  2026-09-28 00:14:39
2026-09-28 00:14:40.044  2026-09-28 00:14:40
2026-09-28 00:14:41.045  2026-09-28 00:14:41
2026-09-28 00:14:42.046  2026-09-28 00:14:42
