# Legnica receiver log, slot S = 2026-09-26 04:44:36 UTC, window S-30 s .. S+45 s ($GPRMC lines omitted)
# column 1-2: host receive time (UTC, NTP); $PECZ = receiver diagnostics, [uptime s]
2026-09-26 04:44:06.043  2026-09-26 04:44:06
2026-09-26 04:44:07.045  2026-09-26 04:44:07
2026-09-26 04:44:08.046  2026-09-26 04:44:08
2026-09-26 04:44:08.085  $PECZ,[  23099.0] SIGNAL  level  65% [#############-------] OK, volume 58/63, centre 0% | carrier 1017.37 Hz (+17.37) locked, '0' bits at -28 deg, noise 9 deg | radio RSSI 59 dBuV SNR 0 dB*46
2026-09-26 04:44:08.266  $PECZ,[  23099.4] FRAME   #2661 corr 0.31 - not decodable (too many bit errors, snr -7 dB)*3E
2026-09-26 04:44:09.041  2026-09-26 04:44:09
2026-09-26 04:44:09.084  $PECZ,[  23100.0] STATUS  2026-09-26 04:44:08 UTC (06:44:08 local, UTC+2) VALID, last good frame 5 s ago | frames heard 2661, undecodable 1329, accepted 1297 (622 by matching the expected fram*52
2026-09-26 04:44:10.039  2026-09-26 04:44:10
2026-09-26 04:44:11.042  2026-09-26 04:44:11
2026-09-26 04:44:11.085  $PECZ,[  23102.1] FRAME   #2662 corr 0.56 snr 4 dB, fixed 2 symbol(s): 2026-09-26 04:44:09 UTC (06:44:09 local, UTC+2)*6F
2026-09-26 04:44:11.096  $PECZ,[  23102.1] CLOCK   frame agrees with clock, error +0.29 ms, xtal -23613 ppb*50
2026-09-26 04:44:11.107  $PECZ,[  23102.1] RAW     55 55 60 A2 26 F9 14 8B 6B 9E 00 60 *30
2026-09-26 04:44:12.042  2026-09-26 04:44:12
2026-09-26 04:44:12.048  $PGGUM,A2,26,F9,14,8B,6B,9E,00,60,6*07
2026-09-26 04:44:12.459  $PECZ,[  23103.6] FRAME   #2663 corr 0.31 - not decodable (too many bit errors, snr -8 dB)*33
2026-09-26 04:44:13.043  2026-09-26 04:44:13
2026-09-26 04:44:14.045  2026-09-26 04:44:14
2026-09-26 04:44:15.046  2026-09-26 04:44:15
2026-09-26 04:44:16.037  2026-09-26 04:44:16
2026-09-26 04:44:17.039  2026-09-26 04:44:17
2026-09-26 04:44:18.039  2026-09-26 04:44:18
2026-09-26 04:44:18.089  $PECZ,[  23109.0] SIGNAL  level  60% [############--------] OK, volume 58/63, centre 0% | carrier 1016.36 Hz (+16.36) locked, '0' bits at -34 deg, noise 9 deg | radio RSSI 59 dBuV SNR 0 dB*48
2026-09-26 04:44:19.044  2026-09-26 04:44:19
2026-09-26 04:44:19.084  $PECZ,[  23110.0] STATUS  2026-09-26 04:44:18 UTC (06:44:18 local, UTC+2) VALID, last good frame 9 s ago | frames heard 2663, undecodable 1330, accepted 1298 (622 by matching the expected fram*5A
2026-09-26 04:44:20.039  2026-09-26 04:44:20
2026-09-26 04:44:21.040  2026-09-26 04:44:21
2026-09-26 04:44:22.041  2026-09-26 04:44:22
2026-09-26 04:44:23.042  2026-09-26 04:44:23
2026-09-26 04:44:24.043  2026-09-26 04:44:24
2026-09-26 04:44:25.044  2026-09-26 04:44:25
2026-09-26 04:44:26.045  2026-09-26 04:44:26
2026-09-26 04:44:26.572  $PECZ,[  23117.7] FRAME   #2664 corr 0.30 - not decodable (too many bit errors, snr -6 dB)*3F
2026-09-26 04:44:27.035  2026-09-26 04:44:27
2026-09-26 04:44:28.038  2026-09-26 04:44:28
2026-09-26 04:44:28.088  $PECZ,[  23119.0] SIGNAL  level  60% [############--------] OK, volume 58/63, centre -4% | carrier 1015.83 Hz (+15.83) locked, '0' bits at -32 deg, noise 9 deg | radio RSSI 57 dBuV SNR 0 dB*68
2026-09-26 04:44:29.043  2026-09-26 04:44:29
2026-09-26 04:44:29.088  $PECZ,[  23120.0] STATUS  2026-09-26 04:44:28 UTC (06:44:28 local, UTC+2) VALID, last good frame 19 s ago | frames heard 2664, undecodable 1331, accepted 1298 (622 by matching the expected fra*03
2026-09-26 04:44:29.099  $PECZ,[  23120.1] FRAME   #2665 corr 0.58 - not decodable (too many bit errors, snr 2 dB)*1B
2026-09-26 04:44:30.044  2026-09-26 04:44:30
2026-09-26 04:44:31.045  2026-09-26 04:44:31
2026-09-26 04:44:32.046  2026-09-26 04:44:32
2026-09-26 04:44:33.037  2026-09-26 04:44:33
2026-09-26 04:44:33.084  $PECZ,[  23123.9] FRAME   #2666 corr 0.36 - not decodable (too many bit errors, snr -6 dB)*32
2026-09-26 04:44:34.039  2026-09-26 04:44:34
2026-09-26 04:44:35.040  2026-09-26 04:44:35
2026-09-26 04:44:36.042  2026-09-26 04:44:36
2026-09-26 04:44:37.042  2026-09-26 04:44:37
2026-09-26 04:44:38.043  2026-09-26 04:44:38
2026-09-26 04:44:38.084  $PECZ,[  23129.0] SIGNAL  level  77% [###############-----] OK, volume 58/63, centre -1% | carrier 1016.46 Hz (+16.46) locked, '0' bits at -29 deg, noise 9 deg | radio RSSI 59 dBuV SNR 0 dB*62
2026-09-26 04:44:38.556  $PECZ,[  23129.6] FRAME   #2667 corr 0.51 snr 0 dB, fixed 2 symbol(s): 2026-09-26 04:44:39 UTC (06:44:39 local, UTC+2)*67
2026-09-26 04:44:38.568  $PECZ,[  23129.7] CLOCK   REJECTED - frame differs from clock by -2460 ms (kept as candidate)*61
2026-09-26 04:44:38.578  $PECZ,[  23129.7] RAW     55 55 60 A2 26 F9 13 8B 98 58 7A 0B *3E
2026-09-26 04:44:39.041  2026-09-26 04:44:39
2026-09-26 04:44:39.084  $PECZ,[  23130.0] STATUS  2026-09-26 04:44:38 UTC (06:44:38 local, UTC+2) VALID, last good frame 29 s ago | frames heard 2667, undecodable 1333, accepted 1298 (622 by matching the expected fra*00
2026-09-26 04:44:40.040  2026-09-26 04:44:40
2026-09-26 04:44:41.041  2026-09-26 04:44:41
2026-09-26 04:44:42.042  2026-09-26 04:44:42
2026-09-26 04:44:43.043  2026-09-26 04:44:43
2026-09-26 04:44:44.044  2026-09-26 04:44:44
2026-09-26 04:44:45.046  2026-09-26 04:44:45
2026-09-26 04:44:46.046  2026-09-26 04:44:46
2026-09-26 04:44:46.074  $PECZ,[  23137.0] FRAME   #2668 corr 0.29 - not decodable (no modulation, snr 0 dB)*0D
2026-09-26 04:44:47.038  2026-09-26 04:44:47
2026-09-26 04:44:48.039  2026-09-26 04:44:48
2026-09-26 04:44:48.077  $PECZ,[  23138.9] FRAME   #2669 corr 0.31 - not decodable (too many bit errors, snr -4 dB)*32
2026-09-26 04:44:48.091  $PECZ,[  23139.0] SIGNAL  level  65% [#############-------] OK, volume 58/63, centre 0% | carrier 1016.50 Hz (+16.50) locked, '0' bits at -26 deg, noise 7 deg | radio RSSI 59 dBuV SNR 0 dB*4D
2026-09-26 04:44:49.045  2026-09-26 04:44:49
2026-09-26 04:44:49.085  $PECZ,[  23140.0] STATUS  2026-09-26 04:44:48 UTC (06:44:48 local, UTC+2) VALID, last good frame 39 s ago | frames heard 2669, undecodable 1335, accepted 1298 (622 by matching the expected fra*0E
2026-09-26 04:44:50.040  2026-09-26 04:44:50
2026-09-26 04:44:51.041  2026-09-26 04:44:51
2026-09-26 04:44:51.043  TX end Q65 at 04:44:51.001, 51.0 s
2026-09-26 04:44:52.042  2026-09-26 04:44:52
2026-09-26 04:44:53.043  2026-09-26 04:44:53
2026-09-26 04:44:54.044  2026-09-26 04:44:54
2026-09-26 04:44:55.045  2026-09-26 04:44:55
2026-09-26 04:44:56.046  2026-09-26 04:44:56
2026-09-26 04:44:56.085  $PECZ,[  23147.1] FRAME   #2670 corr 0.55 snr 4 dB, fixed 2 symbol(s): 2026-09-26 04:44:54 UTC (06:44:54 local, UTC+2)*6E
2026-09-26 04:44:56.095  $PECZ,[  23147.1] CLOCK   frame agrees with clock, error +0.73 ms, xtal -23552 ppb*58
2026-09-26 04:44:56.106  $PECZ,[  23147.1] RAW     55 55 60 A3 26 F9 2C 0B 29 9F A0 B8 *3D
2026-09-26 04:44:57.041  2026-09-26 04:44:57
2026-09-26 04:44:57.047  $PGGUM,A3,26,F9,2C,0B,29,9F,A0,B8,44*3D
2026-09-26 04:44:58.042  2026-09-26 04:44:58
2026-09-26 04:44:58.083  $PECZ,[  23149.0] SIGNAL  level  64% [############--------] OK, volume 58/63, centre 0% | carrier 1017.98 Hz (+17.98) locked, '0' bits at -29 deg, noise 9 deg | radio RSSI 59 dBuV SNR 0 dB*44
2026-09-26 04:44:59.038  2026-09-26 04:44:59
2026-09-26 04:44:59.088  $PECZ,[  23150.0] STATUS  2026-09-26 04:44:58 UTC (06:44:58 local, UTC+2) VALID, last good frame 4 s ago | frames heard 2670, undecodable 1335, accepted 1299 (622 by matching the expected fram*55
2026-09-26 04:44:59.289  $PECZ,[  23150.4] FRAME   #2671 corr 0.34 - not decodable (too many bit errors, snr -9 dB)*30
2026-09-26 04:45:00.035  TX start CW at 04:45:00.000
2026-09-26 04:45:00.042  2026-09-26 04:45:00
2026-09-26 04:45:01.046  2026-09-26 04:45:01
2026-09-26 04:45:02.047  2026-09-26 04:45:02
2026-09-26 04:45:02.086  $PECZ,[  23153.1] FRAME   #2672 corr 0.44 snr 1 dB, fixed 3 symbol(s) + soft retry: 2026-09-26 04:45:00 UTC (06:45:00 local, UTC+2)*00
2026-09-26 04:45:02.097  $PECZ,[  23153.1] CLOCK   frame agrees with clock, error -0.33 ms, xtal -23657 ppb*59
2026-09-26 04:45:02.108  $PECZ,[  23153.1] RAW     55 55 60 AA 6E F9 2F 0B 7D 30 98 C7 *42
2026-09-26 04:45:03.044  2026-09-26 04:45:03
2026-09-26 04:45:03.049  $PGGUM,AA,6E,F9,2F,0B,7D,30,98,C7,5*72
2026-09-26 04:45:04.045  2026-09-26 04:45:04
2026-09-26 04:45:05.046  2026-09-26 04:45:05
2026-09-26 04:45:05.086  $PECZ,[  23156.1] FRAME   #2673 corr 0.63 snr 5 dB, fixed 3 symbol(s) + soft retry: 2026-09-26 04:45:03 UTC (06:45:03 local, UTC+2)*05
2026-09-26 04:45:05.097  $PECZ,[  23156.1] CLOCK   frame agrees with clock, error -0.09 ms, xtal -23639 ppb*5D
2026-09-26 04:45:05.108  $PECZ,[  23156.1] RAW     55 55 60 B6 A7 F9 3F 8B 6A 81 D3 0E *46
2026-09-26 04:45:06.043  2026-09-26 04:45:06
2026-09-26 04:45:06.049  $PGGUM,B6,A7,F9,3F,8B,6A,81,D3,0E,3*75
2026-09-26 04:45:07.045  2026-09-26 04:45:07
2026-09-26 04:45:08.046  2026-09-26 04:45:08
2026-09-26 04:45:08.085  $PECZ,[  23159.0] SIGNAL  level  62% [############--------] OK, volume 58/63, centre 2% | carrier 1017.86 Hz (+17.86) locked, '0' bits at -32 deg, noise 8 deg | radio RSSI 59 dBuV SNR 0 dB*4A
2026-09-26 04:45:09.040  2026-09-26 04:45:09
2026-09-26 04:45:09.084  $PECZ,[  23160.0] STATUS  2026-09-26 04:45:08 UTC (06:45:08 local, UTC+2) VALID, last good frame 5 s ago | frames heard 2673, undecodable 1336, accepted 1301 (622 by matching the expected fram*57
2026-09-26 04:45:10.039  2026-09-26 04:45:10
2026-09-26 04:45:11.040  2026-09-26 04:45:11
2026-09-26 04:45:12.041  2026-09-26 04:45:12
2026-09-26 04:45:13.043  2026-09-26 04:45:13
2026-09-26 04:45:14.043  2026-09-26 04:45:14
2026-09-26 04:45:15.045  2026-09-26 04:45:15
2026-09-26 04:45:16.046  2026-09-26 04:45:16
2026-09-26 04:45:17.048  2026-09-26 04:45:17
2026-09-26 04:45:18.037  2026-09-26 04:45:18
2026-09-26 04:45:18.087  $PECZ,[  23169.0] SIGNAL  level  58% [###########---------] OK, volume 58/63, centre -1% | carrier 1018.43 Hz (+18.43) locked, '0' bits at -26 deg, noise 8 deg | radio RSSI 59 dBuV SNR 0 dB*65
2026-09-26 04:45:19.042  2026-09-26 04:45:19
2026-09-26 04:45:19.084  $PECZ,[  23170.0] STATUS  2026-09-26 04:45:18 UTC (06:45:18 local, UTC+2) VALID, last good frame 15 s ago | frames heard 2673, undecodable 1336, accepted 1301 (622 by matching the expected fra*0A
2026-09-26 04:45:20.038  2026-09-26 04:45:20
2026-09-26 04:45:21.039  2026-09-26 04:45:21
