# Legnica receiver log, slot S = 2026-09-29 02:31:12 UTC, window S-30 s .. S+45 s ($GPRMC lines omitted)
# column 1-2: host receive time (UTC, NTP); $PECZ = receiver diagnostics, [uptime s]
2026-09-29 02:30:42.053  2026-09-29 02:30:42
2026-09-29 02:30:43.055  2026-09-29 02:30:43
2026-09-29 02:30:44.056  2026-09-29 02:30:44
2026-09-29 02:30:45.057  2026-09-29 02:30:45
2026-09-29 02:30:46.058  2026-09-29 02:30:46
2026-09-29 02:30:47.049  2026-09-29 02:30:47
2026-09-29 02:30:47.640  $PECZ,[ 186669.2] SIGNAL  level  62% [############--------] OK, volume 57/63, centre -3% | carrier 1015.74 Hz (+15.74) locking (fast) | radio RSSI 64 dBuV SNR 0 dB*7C
2026-09-29 02:30:48.052  2026-09-29 02:30:48
2026-09-29 02:30:48.674  $PECZ,[ 186670.3] STATUS  2026-09-29 02:30:48 UTC (04:30:48 local, UTC+2) VALID, last good frame 129 s ago | frames heard 8830, undecodable 5151, accepted 3559 (2858 by matching the expected f*0A
2026-09-29 02:30:49.048  2026-09-29 02:30:49
2026-09-29 02:30:50.051  2026-09-29 02:30:50
2026-09-29 02:30:51.047  TX end Q65 at 02:30:50.999, 51.0 s
2026-09-29 02:30:51.052  2026-09-29 02:30:51
2026-09-29 02:30:52.053  2026-09-29 02:30:52
2026-09-29 02:30:53.054  2026-09-29 02:30:53
2026-09-29 02:30:54.055  2026-09-29 02:30:54
2026-09-29 02:30:55.056  2026-09-29 02:30:55
2026-09-29 02:30:56.057  2026-09-29 02:30:56
2026-09-29 02:30:57.058  2026-09-29 02:30:57
2026-09-29 02:30:57.641  $PECZ,[ 186679.2] SIGNAL  level  61% [############--------] OK, volume 57/63, centre -3% | carrier 1015.88 Hz (+15.88) locked, '0' bits at -32 deg, noise 32 deg | radio RSSI 64 dBuV SNR 0 dB*44
2026-09-29 02:30:58.054  2026-09-29 02:30:58
2026-09-29 02:30:58.676  $PECZ,[ 186680.3] STATUS  2026-09-29 02:30:58 UTC (04:30:58 local, UTC+2) VALID, last good frame 139 s ago | frames heard 8830, undecodable 5151, accepted 3559 (2858 by matching the expected f*04
2026-09-29 02:30:59.049  2026-09-29 02:30:59
2026-09-29 02:30:59.089  $PECZ,[ 186680.6] FRAME   #8831 corr 0.33 - not decodable (too many bit errors, snr -3 dB)*2B
2026-09-29 02:31:00.048  TX start CW at 02:31:00.000
2026-09-29 02:31:00.052  2026-09-29 02:31:00
2026-09-29 02:31:01.054  2026-09-29 02:31:01
2026-09-29 02:31:02.055  2026-09-29 02:31:02
2026-09-29 02:31:03.056  2026-09-29 02:31:03
2026-09-29 02:31:04.057  2026-09-29 02:31:04
2026-09-29 02:31:05.058  2026-09-29 02:31:05
2026-09-29 02:31:06.049  2026-09-29 02:31:06
2026-09-29 02:31:07.050  2026-09-29 02:31:07
2026-09-29 02:31:07.639  $PECZ,[ 186689.2] SIGNAL  level  59% [###########---------] OK, volume 57/63, centre -2% | carrier 1015.83 Hz (+15.83) locking | radio RSSI 64 dBuV SNR 0 dB*54
2026-09-29 02:31:08.052  2026-09-29 02:31:08
2026-09-29 02:31:08.677  $PECZ,[ 186690.3] STATUS  2026-09-29 02:31:08 UTC (04:31:08 local, UTC+2) VALID, last good frame 149 s ago | frames heard 8831, undecodable 5152, accepted 3559 (2858 by matching the expected f*00
2026-09-29 02:31:09.050  2026-09-29 02:31:09
2026-09-29 02:31:10.053  2026-09-29 02:31:10
2026-09-29 02:31:11.055  2026-09-29 02:31:11
2026-09-29 02:31:12.055  2026-09-29 02:31:12
2026-09-29 02:31:13.057  2026-09-29 02:31:13
2026-09-29 02:31:14.058  2026-09-29 02:31:14
2026-09-29 02:31:15.059  2026-09-29 02:31:15
2026-09-29 02:31:16.050  2026-09-29 02:31:16
2026-09-29 02:31:17.051  2026-09-29 02:31:17
2026-09-29 02:31:17.643  $PECZ,[ 186699.2] SIGNAL  level  53% [##########----------] OK, volume 57/63, centre 0% | carrier 1016.13 Hz (+16.13) locked, '0' bits at -32 deg, noise 35 deg | radio RSSI 64 dBuV SNR 0 dB*62
2026-09-29 02:31:18.057  2026-09-29 02:31:18
2026-09-29 02:31:18.680  $PECZ,[ 186700.3] STATUS  2026-09-29 02:31:18 UTC (04:31:18 local, UTC+2) VALID, last good frame 159 s ago | frames heard 8831, undecodable 5152, accepted 3559 (2858 by matching the expected f*09
2026-09-29 02:31:19.053  2026-09-29 02:31:19
2026-09-29 02:31:20.056  2026-09-29 02:31:20
2026-09-29 02:31:21.057  2026-09-29 02:31:21
2026-09-29 02:31:22.059  2026-09-29 02:31:22
2026-09-29 02:31:23.049  2026-09-29 02:31:23
2026-09-29 02:31:24.051  2026-09-29 02:31:24
2026-09-29 02:31:25.051  2026-09-29 02:31:25
2026-09-29 02:31:26.052  2026-09-29 02:31:26
2026-09-29 02:31:27.053  2026-09-29 02:31:27
2026-09-29 02:31:27.644  $PECZ,[ 186709.2] SIGNAL  level  65% [#############-------] OK, volume 57/63, centre -2% | carrier 1015.81 Hz (+15.81) locked, '0' bits at -32 deg, noise 43 deg | radio RSSI 63 dBuV SNR 0 dB*48
2026-09-29 02:31:28.056  2026-09-29 02:31:28
2026-09-29 02:31:28.679  $PECZ,[ 186710.3] STATUS  2026-09-29 02:31:28 UTC (04:31:28 local, UTC+2) VALID, last good frame 169 s ago | frames heard 8831, undecodable 5152, accepted 3559 (2858 by matching the expected f*0B
2026-09-29 02:31:29.052  2026-09-29 02:31:29
2026-09-29 02:31:30.053  2026-09-29 02:31:30
2026-09-29 02:31:31.055  2026-09-29 02:31:31
2026-09-29 02:31:32.056  2026-09-29 02:31:32
2026-09-29 02:31:33.057  2026-09-29 02:31:33
2026-09-29 02:31:34.058  2026-09-29 02:31:34
2026-09-29 02:31:35.049  2026-09-29 02:31:35
2026-09-29 02:31:36.050  2026-09-29 02:31:36
2026-09-29 02:31:36.248  TX end CW at 02:31:36.201, 36.2 s
2026-09-29 02:31:37.051  2026-09-29 02:31:37
2026-09-29 02:31:37.640  $PECZ,[ 186719.2] SIGNAL  level  58% [###########---------] OK, volume 57/63, centre 2% | carrier 1015.41 Hz (+15.41) locking | radio RSSI 64 dBuV SNR 0 dB*70
2026-09-29 02:31:38.054  2026-09-29 02:31:38
2026-09-29 02:31:38.678  $PECZ,[ 186720.3] STATUS  2026-09-29 02:31:38 UTC (04:31:38 local, UTC+2) VALID, last good frame 179 s ago | frames heard 8831, undecodable 5152, accepted 3559 (2858 by matching the expected f*09
2026-09-29 02:31:39.052  2026-09-29 02:31:39
2026-09-29 02:31:40.053  2026-09-29 02:31:40
2026-09-29 02:31:41.054  2026-09-29 02:31:41
2026-09-29 02:31:42.055  2026-09-29 02:31:42
2026-09-29 02:31:43.057  2026-09-29 02:31:43
2026-09-29 02:31:44.058  2026-09-29 02:31:44
2026-09-29 02:31:45.059  2026-09-29 02:31:45
2026-09-29 02:31:46.050  2026-09-29 02:31:46
2026-09-29 02:31:47.051  2026-09-29 02:31:47
2026-09-29 02:31:47.644  $PECZ,[ 186729.2] SIGNAL  level  60% [############--------] OK, volume 57/63, centre -2% | carrier 1016.02 Hz (+16.02) locked, '0' bits at -32 deg, noise 36 deg | radio RSSI 64 dBuV SNR 0 dB*44
2026-09-29 02:31:48.057  2026-09-29 02:31:48
2026-09-29 02:31:48.680  $PECZ,[ 186730.3] STATUS  2026-09-29 02:31:48 UTC (04:31:48 local, UTC+2) VALID, last good frame 189 s ago | frames heard 8831, undecodable 5152, accepted 3559 (2858 by matching the expected f*07
2026-09-29 02:31:49.053  2026-09-29 02:31:49
2026-09-29 02:31:50.056  2026-09-29 02:31:50
2026-09-29 02:31:51.057  2026-09-29 02:31:51
2026-09-29 02:31:52.058  2026-09-29 02:31:52
2026-09-29 02:31:53.059  2026-09-29 02:31:53
2026-09-29 02:31:54.050  2026-09-29 02:31:54
2026-09-29 02:31:55.051  2026-09-29 02:31:55
2026-09-29 02:31:56.052  2026-09-29 02:31:56
