# Legnica receiver log, slot S = 2026-09-28 11:11:09 UTC, window S-30 s .. S+45 s ($GPRMC lines omitted)
# column 1-2: host receive time (UTC, NTP); $PECZ = receiver diagnostics, [uptime s]
2026-09-28 11:10:39.040  2026-09-28 11:10:39
2026-09-28 11:10:40.040  2026-09-28 11:10:40
2026-09-28 11:10:41.041  2026-09-28 11:10:41
2026-09-28 11:10:42.043  2026-09-28 11:10:42
2026-09-28 11:10:43.044  2026-09-28 11:10:43
2026-09-28 11:10:44.044  2026-09-28 11:10:44
2026-09-28 11:10:45.045  2026-09-28 11:10:45
2026-09-28 11:10:46.047  2026-09-28 11:10:46
2026-09-28 11:10:46.249  $PECZ,[ 131469.2] SIGNAL  level  57% [###########---------] OK, volume 57/63, centre -1% | carrier 1015.70 Hz (+15.70) locked, '0' bits at -33 deg, noise 16 deg | radio RSSI 65 dBuV SNR 0 dB*44
2026-09-28 11:10:47.045  2026-09-28 11:10:47
2026-09-28 11:10:47.087  $PECZ,[ 131470.0] FRAME   #6232 corr 0.32 snr -3 dB, fixed 3 symbol(s) + soft retry: 2026-09-28 11:10:45 UTC (13:10:45 local, UTC+2)*33
2026-09-28 11:10:47.098  $PECZ,[ 131470.0] CLOCK   frame agrees with clock, error -0.23 ms, xtal -24104 ppb*49
2026-09-28 11:10:47.109  $PECZ,[ 131470.0] RAW     55 55 60 B7 A7 FE BE 8B 6A 0D 3E DD *52
2026-09-28 11:10:47.233  $PECZ,[ 131470.2] STATUS  2026-09-28 11:10:47 UTC (13:10:47 local, UTC+2) VALID, last good frame 2 s ago | frames heard 6232, undecodable 3573, accepted 2570 (1974 by matching the expected fra*19
2026-09-28 11:10:48.049  2026-09-28 11:10:48
2026-09-28 11:10:48.054  $PGGUM,B7,A7,FE,BE,8B,6A,0D,3E,DD,41*45
2026-09-28 11:10:49.040  2026-09-28 11:10:49
2026-09-28 11:10:50.041  2026-09-28 11:10:50
2026-09-28 11:10:51.036  TX end Q65 at 11:10:50.998, 51.0 s
2026-09-28 11:10:51.041  2026-09-28 11:10:51
2026-09-28 11:10:52.043  2026-09-28 11:10:52
2026-09-28 11:10:53.044  2026-09-28 11:10:53
2026-09-28 11:10:54.045  2026-09-28 11:10:54
2026-09-28 11:10:55.046  2026-09-28 11:10:55
2026-09-28 11:10:56.047  2026-09-28 11:10:56
2026-09-28 11:10:56.249  $PECZ,[ 131479.2] SIGNAL  level  60% [############--------] OK, volume 57/63, centre 1% | carrier 1015.71 Hz (+15.71) locked, '0' bits at -33 deg, noise 17 deg | radio RSSI 64 dBuV SNR 0 dB*62
2026-09-28 11:10:57.045  2026-09-28 11:10:57
2026-09-28 11:10:57.234  $PECZ,[ 131480.2] STATUS  2026-09-28 11:10:57 UTC (13:10:57 local, UTC+2) VALID, last good frame 12 s ago | frames heard 6232, undecodable 3573, accepted 2570 (1974 by matching the expected fr*46
2026-09-28 11:10:58.040  2026-09-28 11:10:58
2026-09-28 11:10:59.041  2026-09-28 11:10:59
2026-09-28 11:11:00.037  TX start CW at 11:11:00.000
2026-09-28 11:11:00.042  2026-09-28 11:11:00
2026-09-28 11:11:01.043  2026-09-28 11:11:01
2026-09-28 11:11:02.044  2026-09-28 11:11:02
2026-09-28 11:11:03.045  2026-09-28 11:11:03
2026-09-28 11:11:04.046  2026-09-28 11:11:04
2026-09-28 11:11:05.047  2026-09-28 11:11:05
2026-09-28 11:11:06.038  2026-09-28 11:11:06
2026-09-28 11:11:06.249  $PECZ,[ 131489.2] SIGNAL  level  56% [###########---------] OK, volume 57/63, centre -1% | carrier 1015.48 Hz (+15.48) locked, '0' bits at -33 deg, noise 15 deg | radio RSSI 64 dBuV SNR 0 dB*49
2026-09-28 11:11:07.045  2026-09-28 11:11:07
2026-09-28 11:11:07.234  $PECZ,[ 131490.2] STATUS  2026-09-28 11:11:07 UTC (13:11:07 local, UTC+2) VALID, last good frame 22 s ago | frames heard 6232, undecodable 3573, accepted 2570 (1974 by matching the expected fr*44
2026-09-28 11:11:08.040  2026-09-28 11:11:08
2026-09-28 11:11:09.041  2026-09-28 11:11:09
2026-09-28 11:11:10.042  2026-09-28 11:11:10
2026-09-28 11:11:11.043  2026-09-28 11:11:11
2026-09-28 11:11:11.549  $PECZ,[ 131494.5] FRAME   #6233 corr 0.33 - not decodable (too many bit errors, snr -4 dB)*22
2026-09-28 11:11:12.043  2026-09-28 11:11:12
2026-09-28 11:11:13.045  2026-09-28 11:11:13
2026-09-28 11:11:14.046  2026-09-28 11:11:14
2026-09-28 11:11:15.037  2026-09-28 11:11:15
2026-09-28 11:11:16.038  2026-09-28 11:11:16
2026-09-28 11:11:16.249  $PECZ,[ 131499.2] SIGNAL  level  55% [###########---------] OK, volume 57/63, centre -1% | carrier 1015.56 Hz (+15.56) locked, '0' bits at -33 deg, noise 16 deg | radio RSSI 64 dBuV SNR 0 dB*48
2026-09-28 11:11:17.044  2026-09-28 11:11:17
2026-09-28 11:11:17.235  $PECZ,[ 131500.2] STATUS  2026-09-28 11:11:17 UTC (13:11:17 local, UTC+2) VALID, last good frame 32 s ago | frames heard 6233, undecodable 3574, accepted 2570 (1974 by matching the expected fr*4B
2026-09-28 11:11:17.456  $PECZ,[ 131500.4] FRAME   #6234 corr 0.30 - not decodable (too many bit errors, snr -7 dB)*28
2026-09-28 11:11:18.040  2026-09-28 11:11:18
2026-09-28 11:11:19.041  2026-09-28 11:11:19
2026-09-28 11:11:20.042  2026-09-28 11:11:20
2026-09-28 11:11:21.043  2026-09-28 11:11:21
2026-09-28 11:11:22.044  2026-09-28 11:11:22
2026-09-28 11:11:23.045  2026-09-28 11:11:23
2026-09-28 11:11:24.045  2026-09-28 11:11:24
2026-09-28 11:11:25.036  2026-09-28 11:11:25
2026-09-28 11:11:26.037  2026-09-28 11:11:26
2026-09-28 11:11:26.249  $PECZ,[ 131509.2] SIGNAL  level  57% [###########---------] OK, volume 57/63, centre -3% | carrier 1015.60 Hz (+15.60) locked, '0' bits at -33 deg, noise 15 deg | radio RSSI 64 dBuV SNR 0 dB*43
2026-09-28 11:11:27.043  2026-09-28 11:11:27
2026-09-28 11:11:27.235  $PECZ,[ 131510.2] STATUS  2026-09-28 11:11:27 UTC (13:11:27 local, UTC+2) VALID, last good frame 42 s ago | frames heard 6234, undecodable 3575, accepted 2570 (1974 by matching the expected fr*4B
2026-09-28 11:11:28.038  2026-09-28 11:11:28
2026-09-28 11:11:29.040  2026-09-28 11:11:29
2026-09-28 11:11:30.040  2026-09-28 11:11:30
2026-09-28 11:11:31.042  2026-09-28 11:11:31
2026-09-28 11:11:32.043  2026-09-28 11:11:32
2026-09-28 11:11:33.043  2026-09-28 11:11:33
2026-09-28 11:11:34.044  2026-09-28 11:11:34
2026-09-28 11:11:35.046  2026-09-28 11:11:35
2026-09-28 11:11:36.037  2026-09-28 11:11:36
2026-09-28 11:11:36.237  TX end CW at 11:11:36.203, 36.2 s
2026-09-28 11:11:36.250  $PECZ,[ 131519.2] SIGNAL  level  64% [############--------] OK, volume 57/63, centre -2% | carrier 1015.50 Hz (+15.50) locked, '0' bits at -33 deg, noise 15 deg | radio RSSI 64 dBuV SNR 0 dB*4D
2026-09-28 11:11:37.045  2026-09-28 11:11:37
2026-09-28 11:11:37.236  $PECZ,[ 131520.2] STATUS  2026-09-28 11:11:37 UTC (13:11:37 local, UTC+2) VALID, last good frame 52 s ago | frames heard 6234, undecodable 3575, accepted 2570 (1974 by matching the expected fr*49
2026-09-28 11:11:38.040  2026-09-28 11:11:38
2026-09-28 11:11:39.041  2026-09-28 11:11:39
2026-09-28 11:11:40.042  2026-09-28 11:11:40
2026-09-28 11:11:41.043  2026-09-28 11:11:41
2026-09-28 11:11:42.044  2026-09-28 11:11:42
2026-09-28 11:11:43.045  2026-09-28 11:11:43
2026-09-28 11:11:44.046  2026-09-28 11:11:44
2026-09-28 11:11:45.037  2026-09-28 11:11:45
2026-09-28 11:11:46.038  2026-09-28 11:11:46
2026-09-28 11:11:46.251  $PECZ,[ 131529.2] SIGNAL  level  57% [###########---------] OK, volume 57/63, centre 1% | carrier 1015.52 Hz (+15.52) locked, '0' bits at -33 deg, noise 17 deg | radio RSSI 64 dBuV SNR 0 dB*6C
2026-09-28 11:11:47.045  2026-09-28 11:11:47
2026-09-28 11:11:47.083  $PECZ,[ 131530.0] FRAME   #6235 corr 0.33 - not decodable (too many bit errors, snr 1 dB)*06
2026-09-28 11:11:47.236  $PECZ,[ 131530.2] STATUS  2026-09-28 11:11:47 UTC (13:11:47 local, UTC+2) VALID, last good frame 62 s ago | frames heard 6235, undecodable 3576, accepted 2570 (1974 by matching the expected fr*49
2026-09-28 11:11:48.041  2026-09-28 11:11:48
2026-09-28 11:11:49.042  2026-09-28 11:11:49
2026-09-28 11:11:50.044  2026-09-28 11:11:50
2026-09-28 11:11:51.044  2026-09-28 11:11:51
2026-09-28 11:11:52.046  2026-09-28 11:11:52
2026-09-28 11:11:53.046  2026-09-28 11:11:53
2026-09-28 11:11:54.037  2026-09-28 11:11:54
