# Legnica receiver log, slot S = 2026-09-27 23:20:00 UTC, window S-30 s .. S+45 s ($GPRMC lines omitted)
# column 1-2: host receive time (UTC, NTP); $PECZ = receiver diagnostics, [uptime s]
2026-09-27 23:19:30.054  2026-09-27 23:19:30
2026-09-27 23:19:31.055  2026-09-27 23:19:31
2026-09-27 23:19:32.056  2026-09-27 23:19:32
2026-09-27 23:19:33.057  2026-09-27 23:19:33
2026-09-27 23:19:34.058  2026-09-27 23:19:34
2026-09-27 23:19:35.059  2026-09-27 23:19:35
2026-09-27 23:19:35.169  $PECZ,[  88799.1] SIGNAL  level  55% [###########---------] OK, volume 57/63, centre -1% | carrier 1018.51 Hz (+18.51) locked, '0' bits at -33 deg, noise 18 deg | radio RSSI 64 dBuV SNR 0 dB*55
2026-09-27 23:19:36.054  2026-09-27 23:19:36
2026-09-27 23:19:36.174  $PECZ,[  88800.1] STATUS  2026-09-27 23:19:36 UTC (01:19:36 local, UTC+2) VALID, last good frame 12 s ago | frames heard 4859, undecodable 2760, accepted 2034 (1467 by matching the expected fr*51
2026-09-27 23:19:36.247  TX end CW at 23:19:36.196, 36.2 s
2026-09-27 23:19:37.059  2026-09-27 23:19:37
2026-09-27 23:19:38.050  2026-09-27 23:19:38
2026-09-27 23:19:39.051  2026-09-27 23:19:39
2026-09-27 23:19:40.052  2026-09-27 23:19:40
2026-09-27 23:19:41.053  2026-09-27 23:19:41
2026-09-27 23:19:41.090  $PECZ,[  88805.0] FRAME   #4860 corr 0.32 - not decodable (too many bit errors, snr -1 dB)*3A
2026-09-27 23:19:42.056  2026-09-27 23:19:42
2026-09-27 23:19:43.057  2026-09-27 23:19:43
2026-09-27 23:19:44.058  2026-09-27 23:19:44
2026-09-27 23:19:45.058  2026-09-27 23:19:45
2026-09-27 23:19:45.168  $PECZ,[  88809.1] SIGNAL  level  56% [###########---------] OK, volume 57/63, centre -2% | carrier 1018.47 Hz (+18.47) locked, '0' bits at -33 deg, noise 17 deg | radio RSSI 64 dBuV SNR 0 dB*5C
2026-09-27 23:19:46.052  2026-09-27 23:19:46
2026-09-27 23:19:46.174  $PECZ,[  88810.1] STATUS  2026-09-27 23:19:46 UTC (01:19:46 local, UTC+2) VALID, last good frame 22 s ago | frames heard 4860, undecodable 2761, accepted 2034 (1467 by matching the expected fr*58
2026-09-27 23:19:47.058  2026-09-27 23:19:47
2026-09-27 23:19:48.049  2026-09-27 23:19:48
2026-09-27 23:19:49.051  2026-09-27 23:19:49
2026-09-27 23:19:50.052  2026-09-27 23:19:50
2026-09-27 23:19:51.053  2026-09-27 23:19:51
2026-09-27 23:19:52.054  2026-09-27 23:19:52
2026-09-27 23:19:53.055  2026-09-27 23:19:53
2026-09-27 23:19:53.092  $PECZ,[  88817.0] FRAME   #4861 corr 0.36 - not decodable (too many bit errors, snr -1 dB)*3C
2026-09-27 23:19:54.057  2026-09-27 23:19:54
2026-09-27 23:19:55.058  2026-09-27 23:19:55
2026-09-27 23:19:55.168  $PECZ,[  88819.1] SIGNAL  level  59% [###########---------] OK, volume 57/63, centre 1% | carrier 1018.56 Hz (+18.56) locked, '0' bits at -33 deg, noise 15 deg | radio RSSI 64 dBuV SNR 0 dB*7E
2026-09-27 23:19:56.053  2026-09-27 23:19:56
2026-09-27 23:19:56.100  $PECZ,[  88820.0] FRAME   #4862 corr 0.38 - not decodable, but 0.87 of it agrees with the expected frame (snr 0 dB): 2026-09-27 23:19:54 UTC (01:19:54 local, UTC+2)*32
2026-09-27 23:19:56.111  $PECZ,[  88820.0] CLOCK   confirmed, error -1.01 ms, xtal -24341 ppb*12
2026-09-27 23:19:56.175  $PECZ,[  88820.1] STATUS  2026-09-27 23:19:56 UTC (01:19:56 local, UTC+2) VALID, last good frame 2 s ago | frames heard 4862, undecodable 2762, accepted 2035 (1468 by matching the expected fra*07
2026-09-27 23:19:57.050  2026-09-27 23:19:57
2026-09-27 23:19:58.051  2026-09-27 23:19:58
2026-09-27 23:19:59.052  2026-09-27 23:19:59
2026-09-27 23:20:00.049  TX start Q65 at 23:20:00.000
2026-09-27 23:20:00.054  2026-09-27 23:20:00
2026-09-27 23:20:01.055  2026-09-27 23:20:01
2026-09-27 23:20:02.056  2026-09-27 23:20:02
2026-09-27 23:20:02.583  $PECZ,[  88826.6] FRAME   #4863 corr 0.38 - not decodable (too many bit errors, snr 0 dB)*18
2026-09-27 23:20:03.056  2026-09-27 23:20:03
2026-09-27 23:20:04.059  2026-09-27 23:20:04
2026-09-27 23:20:05.050  2026-09-27 23:20:05
2026-09-27 23:20:05.170  $PECZ,[  88829.1] SIGNAL  level  57% [###########---------] OK, volume 57/63, centre -2% | carrier 1018.52 Hz (+18.52) locked, '0' bits at -33 deg, noise 14 deg | radio RSSI 64 dBuV SNR 0 dB*5C
2026-09-27 23:20:06.055  2026-09-27 23:20:06
2026-09-27 23:20:06.175  $PECZ,[  88830.1] STATUS  2026-09-27 23:20:06 UTC (01:20:06 local, UTC+2) VALID, last good frame 12 s ago | frames heard 4863, undecodable 2763, accepted 2035 (1468 by matching the expected fr*56
2026-09-27 23:20:07.050  2026-09-27 23:20:07
2026-09-27 23:20:08.051  2026-09-27 23:20:08
2026-09-27 23:20:09.052  2026-09-27 23:20:09
2026-09-27 23:20:10.053  2026-09-27 23:20:10
2026-09-27 23:20:11.054  2026-09-27 23:20:11
2026-09-27 23:20:12.055  2026-09-27 23:20:12
2026-09-27 23:20:13.056  2026-09-27 23:20:13
2026-09-27 23:20:14.057  2026-09-27 23:20:14
2026-09-27 23:20:15.058  2026-09-27 23:20:15
2026-09-27 23:20:15.169  $PECZ,[  88839.1] SIGNAL  level  55% [###########---------] OK, volume 57/63, centre -1% | carrier 1018.38 Hz (+18.38) locked, '0' bits at -33 deg, noise 14 deg | radio RSSI 64 dBuV SNR 0 dB*5C
2026-09-27 23:20:16.053  2026-09-27 23:20:16
2026-09-27 23:20:16.175  $PECZ,[  88840.1] STATUS  2026-09-27 23:20:16 UTC (01:20:16 local, UTC+2) VALID, last good frame 22 s ago | frames heard 4863, undecodable 2763, accepted 2035 (1468 by matching the expected fr*52
2026-09-27 23:20:17.059  2026-09-27 23:20:17
2026-09-27 23:20:17.099  $PECZ,[  88841.0] FRAME   #4864 corr 0.37 snr 2 dB, fixed 3 symbol(s) + soft retry: 2026-09-27 23:20:15 UTC (01:20:15 local, UTC+2)*01
2026-09-27 23:20:17.110  $PECZ,[  88841.0] CLOCK   frame agrees with clock, error +0.62 ms, xtal -24183 ppb*58
2026-09-27 23:20:17.120  $PECZ,[  88841.0] RAW     55 55 60 A2 25 44 DA 8B C1 96 5F 08 *4A
2026-09-27 23:20:18.055  2026-09-27 23:20:18
2026-09-27 23:20:18.062  $PGGUM,A2,25,44,DA,8B,C1,96,5F,08,21*46
2026-09-27 23:20:19.056  2026-09-27 23:20:19
2026-09-27 23:20:20.057  2026-09-27 23:20:20
2026-09-27 23:20:21.058  2026-09-27 23:20:21
2026-09-27 23:20:22.059  2026-09-27 23:20:22
2026-09-27 23:20:23.050  2026-09-27 23:20:23
2026-09-27 23:20:24.051  2026-09-27 23:20:24
2026-09-27 23:20:25.052  2026-09-27 23:20:25
2026-09-27 23:20:25.165  $PECZ,[  88849.1] SIGNAL  level  58% [###########---------] OK, volume 57/63, centre 0% | carrier 1018.53 Hz (+18.53) locked, '0' bits at -33 deg, noise 14 deg | radio RSSI 64 dBuV SNR 0 dB*7A
2026-09-27 23:20:26.050  2026-09-27 23:20:26
2026-09-27 23:20:26.180  $PECZ,[  88850.1] STATUS  2026-09-27 23:20:26 UTC (01:20:26 local, UTC+2) VALID, last good frame 11 s ago | frames heard 4864, undecodable 2763, accepted 2036 (1468 by matching the expected fr*57
2026-09-27 23:20:27.055  2026-09-27 23:20:27
2026-09-27 23:20:28.056  2026-09-27 23:20:28
2026-09-27 23:20:29.057  2026-09-27 23:20:29
2026-09-27 23:20:30.058  2026-09-27 23:20:30
2026-09-27 23:20:31.059  2026-09-27 23:20:31
2026-09-27 23:20:32.050  2026-09-27 23:20:32
2026-09-27 23:20:33.051  2026-09-27 23:20:33
2026-09-27 23:20:34.052  2026-09-27 23:20:34
2026-09-27 23:20:35.053  2026-09-27 23:20:35
2026-09-27 23:20:35.166  $PECZ,[  88859.1] SIGNAL  level  58% [###########---------] OK, volume 57/63, centre 0% | carrier 1018.63 Hz (+18.63) locked, '0' bits at -33 deg, noise 16 deg | radio RSSI 64 dBuV SNR 0 dB*79
2026-09-27 23:20:36.051  2026-09-27 23:20:36
2026-09-27 23:20:36.175  $PECZ,[  88860.1] STATUS  2026-09-27 23:20:36 UTC (01:20:36 local, UTC+2) VALID, last good frame 21 s ago | frames heard 4864, undecodable 2763, accepted 2036 (1468 by matching the expected fr*57
2026-09-27 23:20:37.050  2026-09-27 23:20:37
2026-09-27 23:20:38.051  2026-09-27 23:20:38
2026-09-27 23:20:39.053  2026-09-27 23:20:39
2026-09-27 23:20:40.053  2026-09-27 23:20:40
2026-09-27 23:20:41.054  2026-09-27 23:20:41
2026-09-27 23:20:42.055  2026-09-27 23:20:42
2026-09-27 23:20:43.056  2026-09-27 23:20:43
2026-09-27 23:20:44.056  2026-09-27 23:20:44
2026-09-27 23:20:45.058  2026-09-27 23:20:45
2026-09-27 23:20:45.168  $PECZ,[  88869.1] SIGNAL  level  60% [############--------] OK, volume 57/63, centre -1% | carrier 1018.49 Hz (+18.49) locked, '0' bits at -33 deg, noise 13 deg | radio RSSI 65 dBuV SNR 0 dB*57
