# Legnica receiver log, slot S = 2026-09-30 07:41:45 UTC, window S-30 s .. S+45 s ($GPRMC lines omitted)
# column 1-2: host receive time (UTC, NTP); $PECZ = receiver diagnostics, [uptime s]
2026-09-30 07:41:15.056  2026-09-30 07:41:15
2026-09-30 07:41:16.057  2026-09-30 07:41:16
2026-09-30 07:41:17.048  2026-09-30 07:41:17
2026-09-30 07:41:18.049  2026-09-30 07:41:18
2026-09-30 07:41:19.050  2026-09-30 07:41:19
2026-09-30 07:41:20.051  2026-09-30 07:41:20
2026-09-30 07:41:20.321  $PECZ,[ 291699.4] SIGNAL  level  58% [###########---------] OK, volume 57/63, centre 0% | carrier 1019.95 Hz (+19.95) locked, '0' bits at -35 deg, noise 14 deg | radio RSSI 64 dBuV SNR 0 dB*60
2026-09-30 07:41:21.056  2026-09-30 07:41:21
2026-09-30 07:41:21.329  $PECZ,[ 291700.4] STATUS  2026-09-30 07:41:21 UTC (09:41:21 local, UTC+2) VALID, last good frame 18 s ago | frames heard 13260, undecodable 7540, accepted 5528 (4513 by matching the expected f*0A
2026-09-30 07:41:22.054  2026-09-30 07:41:22
2026-09-30 07:41:23.055  2026-09-30 07:41:23
2026-09-30 07:41:24.056  2026-09-30 07:41:24
2026-09-30 07:41:25.057  2026-09-30 07:41:25
2026-09-30 07:41:26.048  2026-09-30 07:41:26
2026-09-30 07:41:27.049  2026-09-30 07:41:27
2026-09-30 07:41:28.050  2026-09-30 07:41:28
2026-09-30 07:41:29.051  2026-09-30 07:41:29
2026-09-30 07:41:29.097  $PECZ,[ 291708.1] FRAME   #13261 corr 0.38 - not decodable, but 0.86 of it agrees with the expected frame (snr 0 dB): 2026-09-30 07:41:27 UTC (09:41:27 local, UTC+2)*1A
2026-09-30 07:41:29.109  $PECZ,[ 291708.1] CLOCK   confirmed, error +1.22 ms, xtal -24393 ppb*04
2026-09-30 07:41:30.054  2026-09-30 07:41:30
2026-09-30 07:41:30.324  $PECZ,[ 291709.4] SIGNAL  level  56% [###########---------] OK, volume 57/63, centre 0% | carrier 1019.68 Hz (+19.68) locked, '0' bits at -35 deg, noise 15 deg | radio RSSI 63 dBuV SNR 0 dB*60
2026-09-30 07:41:31.049  2026-09-30 07:41:31
2026-09-30 07:41:31.329  $PECZ,[ 291710.4] STATUS  2026-09-30 07:41:31 UTC (09:41:31 local, UTC+2) VALID, last good frame 4 s ago | frames heard 13261, undecodable 7540, accepted 5529 (4514 by matching the expected fr*43
2026-09-30 07:41:32.054  2026-09-30 07:41:32
2026-09-30 07:41:33.055  2026-09-30 07:41:33
2026-09-30 07:41:34.056  2026-09-30 07:41:34
2026-09-30 07:41:35.058  2026-09-30 07:41:35
2026-09-30 07:41:36.047  2026-09-30 07:41:36
2026-09-30 07:41:36.245  TX end CW at 07:41:36.201, 36.2 s
2026-09-30 07:41:37.049  2026-09-30 07:41:37
2026-09-30 07:41:38.049  2026-09-30 07:41:38
2026-09-30 07:41:39.050  2026-09-30 07:41:39
2026-09-30 07:41:40.051  2026-09-30 07:41:40
2026-09-30 07:41:40.322  $PECZ,[ 291719.4] SIGNAL  level  56% [###########---------] OK, volume 57/63, centre -2% | carrier 1019.67 Hz (+19.67) locked, '0' bits at -35 deg, noise 14 deg | radio RSSI 64 dBuV SNR 0 dB*48
2026-09-30 07:41:41.057  2026-09-30 07:41:41
2026-09-30 07:41:41.094  $PECZ,[ 291720.1] FRAME   #13262 corr 0.36 - not decodable (too many bit errors, snr 1 dB)*3E
2026-09-30 07:41:41.330  $PECZ,[ 291720.4] STATUS  2026-09-30 07:41:41 UTC (09:41:41 local, UTC+2) VALID, last good frame 14 s ago | frames heard 13262, undecodable 7541, accepted 5529 (4514 by matching the expected f*01
2026-09-30 07:41:42.054  2026-09-30 07:41:42
2026-09-30 07:41:43.055  2026-09-30 07:41:43
2026-09-30 07:41:44.056  2026-09-30 07:41:44
2026-09-30 07:41:44.099  $PECZ,[ 291723.1] FRAME   #13263 corr 0.36 - not decodable, but 0.88 of it agrees with the expected frame (snr -4 dB): 2026-09-30 07:41:42 UTC (09:41:42 local, UTC+2)*38
2026-09-30 07:41:44.110  $PECZ,[ 291723.1] CLOCK   confirmed, error -0.84 ms, xtal -24527 ppb*0F
2026-09-30 07:41:45.054  2026-09-30 07:41:45
2026-09-30 07:41:46.056  2026-09-30 07:41:46
2026-09-30 07:41:47.056  2026-09-30 07:41:47
2026-09-30 07:41:48.047  2026-09-30 07:41:48
2026-09-30 07:41:48.085  $PECZ,[ 291727.1] FRAME   #13264 corr 0.33 - not decodable (too many bit errors, snr -7 dB)*11
2026-09-30 07:41:49.049  2026-09-30 07:41:49
2026-09-30 07:41:50.050  2026-09-30 07:41:50
2026-09-30 07:41:50.321  $PECZ,[ 291729.4] SIGNAL  level  63% [############--------] OK, volume 57/63, centre -5% | carrier 1019.65 Hz (+19.65) locked, '0' bits at -35 deg, noise 12 deg | radio RSSI 64 dBuV SNR 0 dB*42
2026-09-30 07:41:51.056  2026-09-30 07:41:51
2026-09-30 07:41:51.329  $PECZ,[ 291730.4] STATUS  2026-09-30 07:41:51 UTC (09:41:51 local, UTC+2) VALID, last good frame 9 s ago | frames heard 13264, undecodable 7542, accepted 5530 (4515 by matching the expected fr*42
2026-09-30 07:41:52.053  2026-09-30 07:41:52
2026-09-30 07:41:53.054  2026-09-30 07:41:53
2026-09-30 07:41:54.055  2026-09-30 07:41:54
2026-09-30 07:41:55.057  2026-09-30 07:41:55
2026-09-30 07:41:56.048  2026-09-30 07:41:56
2026-09-30 07:41:57.049  2026-09-30 07:41:57
2026-09-30 07:41:58.050  2026-09-30 07:41:58
2026-09-30 07:41:59.051  2026-09-30 07:41:59
2026-09-30 07:42:00.048  TX start Q65 at 07:42:00.000
2026-09-30 07:42:00.053  2026-09-30 07:42:00
2026-09-30 07:42:00.323  $PECZ,[ 291739.4] SIGNAL  level  59% [###########---------] OK, volume 57/63, centre 2% | carrier 1019.33 Hz (+19.33) locked, '0' bits at -35 deg, noise 12 deg | radio RSSI 64 dBuV SNR 0 dB*6E
2026-09-30 07:42:01.048  2026-09-30 07:42:01
2026-09-30 07:42:01.330  $PECZ,[ 291740.4] STATUS  2026-09-30 07:42:01 UTC (09:42:01 local, UTC+2) VALID, last good frame 19 s ago | frames heard 13264, undecodable 7542, accepted 5530 (4515 by matching the expected f*06
2026-09-30 07:42:02.054  2026-09-30 07:42:02
2026-09-30 07:42:03.056  2026-09-30 07:42:03
2026-09-30 07:42:04.057  2026-09-30 07:42:04
2026-09-30 07:42:05.047  2026-09-30 07:42:05
2026-09-30 07:42:05.097  $PECZ,[ 291744.1] FRAME   #13265 corr 0.44 - not decodable, but 0.80 of it agrees with the expected frame (snr 2 dB): 2026-09-30 07:42:03 UTC (09:42:03 local, UTC+2)*19
2026-09-30 07:42:05.108  $PECZ,[ 291744.1] CLOCK   confirmed, error +0.04 ms, xtal -24475 ppb*06
2026-09-30 07:42:06.054  2026-09-30 07:42:06
2026-09-30 07:42:07.055  2026-09-30 07:42:07
2026-09-30 07:42:08.056  2026-09-30 07:42:08
2026-09-30 07:42:09.057  2026-09-30 07:42:09
2026-09-30 07:42:10.048  2026-09-30 07:42:10
2026-09-30 07:42:10.322  $PECZ,[ 291749.4] SIGNAL  level  59% [###########---------] OK, volume 57/63, centre 0% | carrier 1019.41 Hz (+19.41) locked, '0' bits at -35 deg, noise 15 deg | radio RSSI 64 dBuV SNR 0 dB*6C
2026-09-30 07:42:11.057  2026-09-30 07:42:11
2026-09-30 07:42:11.329  $PECZ,[ 291750.4] STATUS  2026-09-30 07:42:11 UTC (09:42:11 local, UTC+2) VALID, last good frame 8 s ago | frames heard 13265, undecodable 7542, accepted 5531 (4516 by matching the expected fr*46
2026-09-30 07:42:12.055  2026-09-30 07:42:12
2026-09-30 07:42:13.056  2026-09-30 07:42:13
2026-09-30 07:42:14.057  2026-09-30 07:42:14
2026-09-30 07:42:14.097  $PECZ,[ 291753.1] FRAME   #13266 corr 0.43 - not decodable, but 0.86 of it agrees with the expected frame (snr 1 dB): 2026-09-30 07:42:12 UTC (09:42:12 local, UTC+2)*1E
2026-09-30 07:42:14.108  $PECZ,[ 291753.1] CLOCK   confirmed, error +0.04 ms, xtal -24475 ppb*00
2026-09-30 07:42:15.054  2026-09-30 07:42:15
2026-09-30 07:42:16.055  2026-09-30 07:42:16
2026-09-30 07:42:17.056  2026-09-30 07:42:17
2026-09-30 07:42:18.057  2026-09-30 07:42:18
2026-09-30 07:42:19.048  2026-09-30 07:42:19
2026-09-30 07:42:20.049  2026-09-30 07:42:20
2026-09-30 07:42:20.321  $PECZ,[ 291759.4] SIGNAL  level  58% [###########---------] OK, volume 57/63, centre 0% | carrier 1019.43 Hz (+19.43) locked, '0' bits at -35 deg, noise 15 deg | radio RSSI 64 dBuV SNR 0 dB*6C
2026-09-30 07:42:21.057  2026-09-30 07:42:21
2026-09-30 07:42:21.329  $PECZ,[ 291760.4] STATUS  2026-09-30 07:42:21 UTC (09:42:21 local, UTC+2) VALID, last good frame 9 s ago | frames heard 13266, undecodable 7542, accepted 5532 (4517 by matching the expected fr*45
2026-09-30 07:42:22.055  2026-09-30 07:42:22
2026-09-30 07:42:23.056  2026-09-30 07:42:23
2026-09-30 07:42:24.057  2026-09-30 07:42:24
2026-09-30 07:42:25.048  2026-09-30 07:42:25
2026-09-30 07:42:26.049  2026-09-30 07:42:26
2026-09-30 07:42:27.050  2026-09-30 07:42:27
2026-09-30 07:42:28.051  2026-09-30 07:42:28
2026-09-30 07:42:29.052  2026-09-30 07:42:29
2026-09-30 07:42:29.098  $PECZ,[ 291768.1] FRAME   #13267 corr 0.39 - not decodable, but 0.90 of it agrees with the expected frame (snr 1 dB): 2026-09-30 07:42:27 UTC (09:42:27 local, UTC+2)*1D
2026-09-30 07:42:29.109  $PECZ,[ 291768.1] CLOCK   confirmed, error +0.16 ms, xtal -24464 ppb*0B
