# Legnica receiver log, slot S = 2026-09-29 23:29:42 UTC, window S-30 s .. S+45 s ($GPRMC lines omitted)
# column 1-2: host receive time (UTC, NTP); $PECZ = receiver diagnostics, [uptime s]
2026-09-29 23:29:12.080  2026-09-29 23:29:12
2026-09-29 23:29:13.081  2026-09-29 23:29:13
2026-09-29 23:29:14.082  2026-09-29 23:29:14
2026-09-29 23:29:15.082  2026-09-29 23:29:15
2026-09-29 23:29:16.084  2026-09-29 23:29:16
2026-09-29 23:29:17.074  2026-09-29 23:29:17
2026-09-29 23:29:18.075  2026-09-29 23:29:18
2026-09-29 23:29:19.076  2026-09-29 23:29:19
2026-09-29 23:29:19.607  $PECZ,[ 262179.3] SIGNAL  level  62% [############--------] OK, volume 57/63, centre -5% | carrier 1015.05 Hz (+15.05) locked, '0' bits at -35 deg, noise 43 deg | radio RSSI 64 dBuV SNR 0 dB*4F
2026-09-29 23:29:20.079  2026-09-29 23:29:20
2026-09-29 23:29:20.625  $PECZ,[ 262180.4] STATUS  2026-09-29 23:29:20 UTC (01:29:20 local, UTC+2) VALID, last good frame 737 s ago | frames heard 11841, undecodable 7000, accepted 4666 (3849 by matching the expected *55
2026-09-29 23:29:21.077  2026-09-29 23:29:21
2026-09-29 23:29:22.080  2026-09-29 23:29:22
2026-09-29 23:29:23.081  2026-09-29 23:29:23
2026-09-29 23:29:24.082  2026-09-29 23:29:24
2026-09-29 23:29:25.083  2026-09-29 23:29:25
2026-09-29 23:29:26.074  2026-09-29 23:29:26
2026-09-29 23:29:27.075  2026-09-29 23:29:27
2026-09-29 23:29:28.076  2026-09-29 23:29:28
2026-09-29 23:29:29.076  2026-09-29 23:29:29
2026-09-29 23:29:29.598  $PECZ,[ 262189.3] SIGNAL  level  65% [#############-------] OK, volume 57/63, centre 0% | carrier 1014.78 Hz (+14.78) locking (fast) | radio RSSI 64 dBuV SNR 0 dB*5A
2026-09-29 23:29:30.080  2026-09-29 23:29:30
2026-09-29 23:29:30.623  $PECZ,[ 262190.4] STATUS  2026-09-29 23:29:30 UTC (01:29:30 local, UTC+2) VALID, last good frame 747 s ago | frames heard 11841, undecodable 7000, accepted 4666 (3849 by matching the expected *53
2026-09-29 23:29:31.075  2026-09-29 23:29:31
2026-09-29 23:29:32.078  2026-09-29 23:29:32
2026-09-29 23:29:33.079  2026-09-29 23:29:33
2026-09-29 23:29:34.080  2026-09-29 23:29:34
2026-09-29 23:29:35.081  2026-09-29 23:29:35
2026-09-29 23:29:36.082  2026-09-29 23:29:36
2026-09-29 23:29:36.274  TX end CW at 23:29:36.195, 36.2 s
2026-09-29 23:29:37.073  2026-09-29 23:29:37
2026-09-29 23:29:38.075  2026-09-29 23:29:38
2026-09-29 23:29:39.075  2026-09-29 23:29:39
2026-09-29 23:29:39.605  $PECZ,[ 262199.3] SIGNAL  level  57% [###########---------] OK, volume 57/63, centre 5% | carrier 1014.84 Hz (+14.84) locked, '0' bits at -35 deg, noise 40 deg | radio RSSI 64 dBuV SNR 0 dB*67
2026-09-29 23:29:40.078  2026-09-29 23:29:40
2026-09-29 23:29:40.621  $PECZ,[ 262200.4] STATUS  2026-09-29 23:29:40 UTC (01:29:40 local, UTC+2) VALID, last good frame 757 s ago | frames heard 11841, undecodable 7000, accepted 4666 (3849 by matching the expected *58
2026-09-29 23:29:41.074  2026-09-29 23:29:41
2026-09-29 23:29:42.077  2026-09-29 23:29:42
2026-09-29 23:29:43.078  2026-09-29 23:29:43
2026-09-29 23:29:44.079  2026-09-29 23:29:44
2026-09-29 23:29:45.080  2026-09-29 23:29:45
2026-09-29 23:29:46.081  2026-09-29 23:29:46
2026-09-29 23:29:47.072  2026-09-29 23:29:47
2026-09-29 23:29:48.073  2026-09-29 23:29:48
2026-09-29 23:29:49.074  2026-09-29 23:29:49
2026-09-29 23:29:49.603  $PECZ,[ 262209.3] SIGNAL  level  63% [############--------] OK, volume 57/63, centre 0% | carrier 1014.91 Hz (+14.91) locking | radio RSSI 64 dBuV SNR 0 dB*78
2026-09-29 23:29:50.075  2026-09-29 23:29:50
2026-09-29 23:29:50.623  $PECZ,[ 262210.4] STATUS  2026-09-29 23:29:50 UTC (01:29:50 local, UTC+2) VALID, last good frame 767 s ago | frames heard 11841, undecodable 7000, accepted 4666 (3849 by matching the expected *5A
2026-09-29 23:29:51.075  2026-09-29 23:29:51
2026-09-29 23:29:52.078  2026-09-29 23:29:52
2026-09-29 23:29:53.079  2026-09-29 23:29:53
2026-09-29 23:29:54.080  2026-09-29 23:29:54
2026-09-29 23:29:55.071  2026-09-29 23:29:55
2026-09-29 23:29:56.072  2026-09-29 23:29:56
2026-09-29 23:29:57.073  2026-09-29 23:29:57
2026-09-29 23:29:58.074  2026-09-29 23:29:58
2026-09-29 23:29:59.075  2026-09-29 23:29:59
2026-09-29 23:29:59.607  $PECZ,[ 262219.3] SIGNAL  level  58% [###########---------] OK, volume 57/63, centre 1% | carrier 1015.05 Hz (+15.05) locked, '0' bits at -35 deg, noise 40 deg | radio RSSI 64 dBuV SNR 0 dB*67
2026-09-29 23:30:00.070  2026-09-29 23:30:00
2026-09-29 23:30:00.072  TX start Q65 at 23:30:00.001
2026-09-29 23:30:00.624  $PECZ,[ 262220.4] STATUS  2026-09-29 23:30:00 UTC (01:30:00 local, UTC+2) VALID, last good frame 777 s ago | frames heard 11841, undecodable 7000, accepted 4666 (3849 by matching the expected *58
2026-09-29 23:30:01.077  2026-09-29 23:30:01
2026-09-29 23:30:02.071  2026-09-29 23:30:02
2026-09-29 23:30:03.072  2026-09-29 23:30:03
2026-09-29 23:30:04.073  2026-09-29 23:30:04
2026-09-29 23:30:05.074  2026-09-29 23:30:05
2026-09-29 23:30:06.075  2026-09-29 23:30:06
2026-09-29 23:30:07.076  2026-09-29 23:30:07
2026-09-29 23:30:08.077  2026-09-29 23:30:08
2026-09-29 23:30:09.078  2026-09-29 23:30:09
2026-09-29 23:30:09.600  $PECZ,[ 262229.3] SIGNAL  level  57% [###########---------] OK, volume 57/63, centre -6% | carrier 1014.96 Hz (+14.96) locked, '0' bits at -35 deg, noise 41 deg | radio RSSI 65 dBuV SNR 0 dB*41
2026-09-29 23:30:10.074  2026-09-29 23:30:10
2026-09-29 23:30:10.625  $PECZ,[ 262230.4] STATUS  2026-09-29 23:30:10 UTC (01:30:10 local, UTC+2) VALID, last good frame 787 s ago | frames heard 11841, undecodable 7000, accepted 4666 (3849 by matching the expected *56
2026-09-29 23:30:11.069  2026-09-29 23:30:11
2026-09-29 23:30:12.072  2026-09-29 23:30:12
2026-09-29 23:30:13.073  2026-09-29 23:30:13
2026-09-29 23:30:14.073  2026-09-29 23:30:14
2026-09-29 23:30:15.074  2026-09-29 23:30:15
2026-09-29 23:30:16.075  2026-09-29 23:30:16
2026-09-29 23:30:17.075  2026-09-29 23:30:17
2026-09-29 23:30:18.076  2026-09-29 23:30:18
2026-09-29 23:30:19.077  2026-09-29 23:30:19
2026-09-29 23:30:19.597  $PECZ,[ 262239.3] SIGNAL  level  54% [##########----------] OK, volume 57/63, centre 1% | carrier 1020.27 Hz (+20.27) locking (fast) | radio RSSI 64 dBuV SNR 0 dB*5F
2026-09-29 23:30:20.071  2026-09-29 23:30:20
2026-09-29 23:30:20.623  $PECZ,[ 262240.4] STATUS  2026-09-29 23:30:20 UTC (01:30:20 local, UTC+2) VALID, last good frame 797 s ago | frames heard 11841, undecodable 7000, accepted 4666 (3849 by matching the expected *50
2026-09-29 23:30:21.076  2026-09-29 23:30:21
2026-09-29 23:30:22.078  2026-09-29 23:30:22
2026-09-29 23:30:23.069  2026-09-29 23:30:23
2026-09-29 23:30:24.070  2026-09-29 23:30:24
2026-09-29 23:30:25.071  2026-09-29 23:30:25
2026-09-29 23:30:26.072  2026-09-29 23:30:26
