# Legnica receiver log, slot S = 2026-09-27 13:21:39 UTC, window S-30 s .. S+45 s ($GPRMC lines omitted)
# column 1-2: host receive time (UTC, NTP); $PECZ = receiver diagnostics, [uptime s]
2026-09-27 13:21:09.049  2026-09-27 13:21:09
2026-09-27 13:21:10.050  2026-09-27 13:21:10
2026-09-27 13:21:11.051  2026-09-27 13:21:11
2026-09-27 13:21:12.052  2026-09-27 13:21:12
2026-09-27 13:21:13.053  2026-09-27 13:21:13
2026-09-27 13:21:14.044  2026-09-27 13:21:14
2026-09-27 13:21:14.184  $PECZ,[  52899.0] SIGNAL  level  60% [############--------] OK, volume 57/63, centre -4% | carrier 1017.53 Hz (+17.53) locked, '0' bits at -38 deg, noise 19 deg | radio RSSI 64 dBuV SNR 0 dB*5B
2026-09-27 13:21:15.049  2026-09-27 13:21:15
2026-09-27 13:21:15.260  $PECZ,[  52900.1] STATUS  2026-09-27 13:21:15 UTC (15:21:15 local, UTC+2) VALID, last good frame 312 s ago | frames heard 3126, undecodable 1687, accepted 1396 (895 by matching the expected fr*57
2026-09-27 13:21:16.046  2026-09-27 13:21:16
2026-09-27 13:21:17.047  2026-09-27 13:21:17
2026-09-27 13:21:18.048  2026-09-27 13:21:18
2026-09-27 13:21:19.049  2026-09-27 13:21:19
2026-09-27 13:21:20.050  2026-09-27 13:21:20
2026-09-27 13:21:21.051  2026-09-27 13:21:21
2026-09-27 13:21:22.052  2026-09-27 13:21:22
2026-09-27 13:21:23.053  2026-09-27 13:21:23
2026-09-27 13:21:24.044  2026-09-27 13:21:24
2026-09-27 13:21:24.185  $PECZ,[  52909.0] SIGNAL  level  59% [###########---------] OK, volume 57/63, centre -4% | carrier 1017.48 Hz (+17.48) locked, '0' bits at -38 deg, noise 19 deg | radio RSSI 63 dBuV SNR 0 dB*50
2026-09-27 13:21:25.049  2026-09-27 13:21:25
2026-09-27 13:21:25.262  $PECZ,[  52910.1] STATUS  2026-09-27 13:21:25 UTC (15:21:25 local, UTC+2) VALID, last good frame 322 s ago | frames heard 3126, undecodable 1687, accepted 1396 (895 by matching the expected fr*55
2026-09-27 13:21:26.047  2026-09-27 13:21:26
2026-09-27 13:21:27.048  2026-09-27 13:21:27
2026-09-27 13:21:28.049  2026-09-27 13:21:28
2026-09-27 13:21:29.050  2026-09-27 13:21:29
2026-09-27 13:21:30.051  2026-09-27 13:21:30
2026-09-27 13:21:31.052  2026-09-27 13:21:31
2026-09-27 13:21:32.053  2026-09-27 13:21:32
2026-09-27 13:21:33.043  2026-09-27 13:21:33
2026-09-27 13:21:34.044  2026-09-27 13:21:34
2026-09-27 13:21:34.184  $PECZ,[  52919.0] SIGNAL  level  60% [############--------] OK, volume 57/63, centre -3% | carrier 1017.55 Hz (+17.55) locked, '0' bits at -38 deg, noise 18 deg | radio RSSI 64 dBuV SNR 0 dB*54
2026-09-27 13:21:35.049  2026-09-27 13:21:35
2026-09-27 13:21:35.261  $PECZ,[  52920.1] STATUS  2026-09-27 13:21:35 UTC (15:21:35 local, UTC+2) VALID, last good frame 332 s ago | frames heard 3126, undecodable 1687, accepted 1396 (895 by matching the expected fr*57
2026-09-27 13:21:36.046  2026-09-27 13:21:36
2026-09-27 13:21:36.245  TX end CW at 13:21:36.202, 36.2 s
2026-09-27 13:21:37.047  2026-09-27 13:21:37
2026-09-27 13:21:38.049  2026-09-27 13:21:38
2026-09-27 13:21:39.050  2026-09-27 13:21:39
2026-09-27 13:21:40.051  2026-09-27 13:21:40
2026-09-27 13:21:41.051  2026-09-27 13:21:41
2026-09-27 13:21:42.053  2026-09-27 13:21:42
2026-09-27 13:21:43.044  2026-09-27 13:21:43
2026-09-27 13:21:44.045  2026-09-27 13:21:44
2026-09-27 13:21:44.185  $PECZ,[  52929.0] SIGNAL  level  59% [###########---------] OK, volume 57/63, centre 1% | carrier 1017.52 Hz (+17.52) locked, '0' bits at -38 deg, noise 20 deg | radio RSSI 64 dBuV SNR 0 dB*77
2026-09-27 13:21:45.050  2026-09-27 13:21:45
2026-09-27 13:21:45.263  $PECZ,[  52930.1] STATUS  2026-09-27 13:21:45 UTC (15:21:45 local, UTC+2) VALID, last good frame 342 s ago | frames heard 3126, undecodable 1687, accepted 1396 (895 by matching the expected fr*51
2026-09-27 13:21:46.048  2026-09-27 13:21:46
2026-09-27 13:21:47.050  2026-09-27 13:21:47
2026-09-27 13:21:48.050  2026-09-27 13:21:48
2026-09-27 13:21:49.051  2026-09-27 13:21:49
2026-09-27 13:21:50.052  2026-09-27 13:21:50
2026-09-27 13:21:51.053  2026-09-27 13:21:51
2026-09-27 13:21:52.044  2026-09-27 13:21:52
2026-09-27 13:21:53.045  2026-09-27 13:21:53
2026-09-27 13:21:54.046  2026-09-27 13:21:54
2026-09-27 13:21:54.186  $PECZ,[  52939.0] SIGNAL  level  55% [###########---------] OK, volume 57/63, centre 0% | carrier 1017.43 Hz (+17.43) locked, '0' bits at -38 deg, noise 17 deg | radio RSSI 64 dBuV SNR 0 dB*7F
2026-09-27 13:21:55.051  2026-09-27 13:21:55
2026-09-27 13:21:55.263  $PECZ,[  52940.1] STATUS  2026-09-27 13:21:55 UTC (15:21:55 local, UTC+2) VALID, last good frame 352 s ago | frames heard 3126, undecodable 1687, accepted 1396 (895 by matching the expected fr*57
2026-09-27 13:21:56.048  2026-09-27 13:21:56
2026-09-27 13:21:57.049  2026-09-27 13:21:57
2026-09-27 13:21:58.050  2026-09-27 13:21:58
2026-09-27 13:21:59.051  2026-09-27 13:21:59
2026-09-27 13:22:00.048  TX start Q65 at 13:22:00.000
2026-09-27 13:22:00.053  2026-09-27 13:22:00
2026-09-27 13:22:01.044  2026-09-27 13:22:01
2026-09-27 13:22:02.045  2026-09-27 13:22:02
2026-09-27 13:22:03.046  2026-09-27 13:22:03
2026-09-27 13:22:04.047  2026-09-27 13:22:04
2026-09-27 13:22:04.187  $PECZ,[  52949.0] SIGNAL  level  59% [###########---------] OK, volume 57/63, centre 1% | carrier 1017.43 Hz (+17.43) locked, '0' bits at -38 deg, noise 19 deg | radio RSSI 64 dBuV SNR 0 dB*7B
2026-09-27 13:22:05.052  2026-09-27 13:22:05
2026-09-27 13:22:05.093  $PECZ,[  52949.8] FRAME   #3127 corr 0.33 - not decodable, but 0.80 of it agrees with the expected frame (snr -4 dB): 2026-09-27 13:22:03 UTC (15:22:03 local, UTC+2)*1F
2026-09-27 13:22:05.104  $PECZ,[  52949.9] CLOCK   confirmed, error -0.30 ms, xtal -23951 ppb*1D
2026-09-27 13:22:05.262  $PECZ,[  52950.1] STATUS  2026-09-27 13:22:05 UTC (15:22:05 local, UTC+2) VALID, last good frame 2 s ago | frames heard 3127, undecodable 1687, accepted 1397 (896 by matching the expected fram*5F
2026-09-27 13:22:06.046  2026-09-27 13:22:06
2026-09-27 13:22:07.048  2026-09-27 13:22:07
2026-09-27 13:22:08.049  2026-09-27 13:22:08
2026-09-27 13:22:09.049  2026-09-27 13:22:09
2026-09-27 13:22:10.050  2026-09-27 13:22:10
2026-09-27 13:22:11.052  2026-09-27 13:22:11
2026-09-27 13:22:12.053  2026-09-27 13:22:12
2026-09-27 13:22:13.044  2026-09-27 13:22:13
2026-09-27 13:22:14.044  2026-09-27 13:22:14
2026-09-27 13:22:14.185  $PECZ,[  52959.0] SIGNAL  level  55% [###########---------] OK, volume 57/63, centre -1% | carrier 1017.43 Hz (+17.43) locked, '0' bits at -38 deg, noise 19 deg | radio RSSI 64 dBuV SNR 0 dB*5B
2026-09-27 13:22:15.049  2026-09-27 13:22:15
2026-09-27 13:22:15.262  $PECZ,[  52960.1] STATUS  2026-09-27 13:22:15 UTC (15:22:15 local, UTC+2) VALID, last good frame 12 s ago | frames heard 3127, undecodable 1687, accepted 1397 (896 by matching the expected fra*00
2026-09-27 13:22:16.048  2026-09-27 13:22:16
2026-09-27 13:22:17.049  2026-09-27 13:22:17
2026-09-27 13:22:18.050  2026-09-27 13:22:18
2026-09-27 13:22:19.051  2026-09-27 13:22:19
2026-09-27 13:22:20.052  2026-09-27 13:22:20
2026-09-27 13:22:21.053  2026-09-27 13:22:21
2026-09-27 13:22:22.044  2026-09-27 13:22:22
2026-09-27 13:22:23.045  2026-09-27 13:22:23
2026-09-27 13:22:24.046  2026-09-27 13:22:24
2026-09-27 13:22:24.186  $PECZ,[  52969.0] SIGNAL  level  62% [############--------] OK, volume 57/63, centre 1% | carrier 1017.46 Hz (+17.46) locked, '0' bits at -38 deg, noise 20 deg | radio RSSI 64 dBuV SNR 0 dB*75
