# Legnica receiver log, slot S = 2026-09-29 16:13:12 UTC, window S-30 s .. S+45 s ($GPRMC lines omitted)
# column 1-2: host receive time (UTC, NTP); $PECZ = receiver diagnostics, [uptime s]
2026-09-29 16:12:42.043  2026-09-29 16:12:42
2026-09-29 16:12:43.045  2026-09-29 16:12:43
2026-09-29 16:12:44.045  2026-09-29 16:12:44
2026-09-29 16:12:45.046  2026-09-29 16:12:45
2026-09-29 16:12:46.048  2026-09-29 16:12:46
2026-09-29 16:12:47.048  2026-09-29 16:12:47
2026-09-29 16:12:48.050  2026-09-29 16:12:48
2026-09-29 16:12:49.041  2026-09-29 16:12:49
2026-09-29 16:12:49.090  $PECZ,[ 235989.3] SIGNAL  level  56% [###########---------] OK, volume 57/63, centre 1% | carrier 1014.18 Hz (+14.18) locked, '0' bits at -34 deg, noise 15 deg | radio RSSI 64 dBuV SNR 0 dB*68
2026-09-29 16:12:50.045  2026-09-29 16:12:50
2026-09-29 16:12:50.087  $PECZ,[ 235990.3] STATUS  2026-09-29 16:12:49 UTC (18:12:49 local, UTC+2) VALID, last good frame 97 s ago | frames heard 10502, undecodable 6253, accepted 4097 (3364 by matching the expected f*0E
2026-09-29 16:12:51.038  TX end Q65 at 16:12:50.996, 51.0 s
2026-09-29 16:12:51.043  2026-09-29 16:12:51
2026-09-29 16:12:51.100  $PECZ,[ 235991.5] FRAME   #10503 corr 0.32 - not decodable (too many bit errors, snr -4 dB)*1F
2026-09-29 16:12:52.045  2026-09-29 16:12:52
2026-09-29 16:12:53.046  2026-09-29 16:12:53
2026-09-29 16:12:54.047  2026-09-29 16:12:54
2026-09-29 16:12:55.048  2026-09-29 16:12:55
2026-09-29 16:12:56.049  2026-09-29 16:12:56
2026-09-29 16:12:57.050  2026-09-29 16:12:57
2026-09-29 16:12:58.041  2026-09-29 16:12:58
2026-09-29 16:12:59.042  2026-09-29 16:12:59
2026-09-29 16:12:59.091  $PECZ,[ 235999.3] SIGNAL  level  61% [############--------] OK, volume 57/63, centre 5% | carrier 1014.13 Hz (+14.13) locked, '0' bits at -34 deg, noise 16 deg | radio RSSI 64 dBuV SNR 0 dB*64
2026-09-29 16:13:00.039  TX start CW at 16:13:00.000
2026-09-29 16:13:00.045  2026-09-29 16:13:00
2026-09-29 16:13:00.087  $PECZ,[ 236000.3] STATUS  2026-09-29 16:12:59 UTC (18:12:59 local, UTC+2) VALID, last good frame 107 s ago | frames heard 10503, undecodable 6254, accepted 4097 (3364 by matching the expected *55
2026-09-29 16:13:01.043  2026-09-29 16:13:01
2026-09-29 16:13:02.043  2026-09-29 16:13:02
2026-09-29 16:13:02.090  $PECZ,[ 236002.4] FRAME   #10504 corr 0.47 - not decodable, but 0.87 of it agrees with the expected frame (snr 0 dB): 2026-09-29 16:13:00 UTC (18:13:00 local, UTC+2)*19
2026-09-29 16:13:02.101  $PECZ,[ 236002.5] CLOCK   confirmed, error -1.01 ms, xtal -24502 ppb*09
2026-09-29 16:13:03.047  2026-09-29 16:13:03
2026-09-29 16:13:04.047  2026-09-29 16:13:04
2026-09-29 16:13:05.049  2026-09-29 16:13:05
2026-09-29 16:13:05.090  $PECZ,[ 236005.4] FRAME   #10505 corr 0.37 - not decodable, but 0.90 of it agrees with the expected frame (snr 0 dB): 2026-09-29 16:13:03 UTC (18:13:03 local, UTC+2)*1E
2026-09-29 16:13:05.101  $PECZ,[ 236005.5] CLOCK   confirmed, error -0.08 ms, xtal -24427 ppb*00
2026-09-29 16:13:06.047  2026-09-29 16:13:06
2026-09-29 16:13:07.048  2026-09-29 16:13:07
2026-09-29 16:13:08.049  2026-09-29 16:13:08
2026-09-29 16:13:09.050  2026-09-29 16:13:09
2026-09-29 16:13:09.089  $PECZ,[ 236009.3] SIGNAL  level  58% [###########---------] OK, volume 57/63, centre -1% | carrier 1014.12 Hz (+14.12) locked, '0' bits at -34 deg, noise 13 deg | radio RSSI 64 dBuV SNR 0 dB*4F
2026-09-29 16:13:10.044  2026-09-29 16:13:10
2026-09-29 16:13:10.087  $PECZ,[ 236010.3] STATUS  2026-09-29 16:13:09 UTC (18:13:09 local, UTC+2) VALID, last good frame 6 s ago | frames heard 10505, undecodable 6254, accepted 4099 (3366 by matching the expected fr*4A
2026-09-29 16:13:11.043  2026-09-29 16:13:11
2026-09-29 16:13:11.460  $PECZ,[ 236011.9] FRAME   #10506 corr 0.35 - not decodable (too many bit errors, snr 0 dB)*3A
2026-09-29 16:13:12.044  2026-09-29 16:13:12
2026-09-29 16:13:13.046  2026-09-29 16:13:13
2026-09-29 16:13:14.046  2026-09-29 16:13:14
2026-09-29 16:13:14.514  $PECZ,[ 236014.9] FRAME   #10507 corr 0.35 - not decodable (too many bit errors, snr 0 dB)*3E
2026-09-29 16:13:15.047  2026-09-29 16:13:15
2026-09-29 16:13:16.039  2026-09-29 16:13:16
2026-09-29 16:13:17.040  2026-09-29 16:13:17
2026-09-29 16:13:18.041  2026-09-29 16:13:18
2026-09-29 16:13:19.042  2026-09-29 16:13:19
2026-09-29 16:13:19.087  $PECZ,[ 236019.3] SIGNAL  level  59% [###########---------] OK, volume 57/63, centre -3% | carrier 1014.06 Hz (+14.06) locked, '0' bits at -34 deg, noise 14 deg | radio RSSI 64 dBuV SNR 0 dB*4A
2026-09-29 16:13:20.042  2026-09-29 16:13:20
2026-09-29 16:13:20.087  $PECZ,[ 236020.3] STATUS  2026-09-29 16:13:19 UTC (18:13:19 local, UTC+2) VALID, last good frame 16 s ago | frames heard 10507, undecodable 6256, accepted 4099 (3366 by matching the expected f*0A
2026-09-29 16:13:21.042  2026-09-29 16:13:21
2026-09-29 16:13:22.043  2026-09-29 16:13:22
2026-09-29 16:13:23.044  2026-09-29 16:13:23
2026-09-29 16:13:24.045  2026-09-29 16:13:24
2026-09-29 16:13:25.046  2026-09-29 16:13:25
2026-09-29 16:13:26.047  2026-09-29 16:13:26
2026-09-29 16:13:27.048  2026-09-29 16:13:27
2026-09-29 16:13:28.039  2026-09-29 16:13:28
2026-09-29 16:13:29.040  2026-09-29 16:13:29
2026-09-29 16:13:29.091  $PECZ,[ 236029.3] SIGNAL  level  60% [############--------] OK, volume 57/63, centre -1% | carrier 1014.10 Hz (+14.10) locked, '0' bits at -34 deg, noise 14 deg | radio RSSI 63 dBuV SNR 0 dB*48
2026-09-29 16:13:30.045  2026-09-29 16:13:30
2026-09-29 16:13:30.086  $PECZ,[ 236030.3] STATUS  2026-09-29 16:13:29 UTC (18:13:29 local, UTC+2) VALID, last good frame 26 s ago | frames heard 10507, undecodable 6256, accepted 4099 (3366 by matching the expected f*08
2026-09-29 16:13:31.041  2026-09-29 16:13:31
2026-09-29 16:13:32.041  2026-09-29 16:13:32
2026-09-29 16:13:33.042  2026-09-29 16:13:33
2026-09-29 16:13:34.043  2026-09-29 16:13:34
2026-09-29 16:13:35.044  2026-09-29 16:13:35
2026-09-29 16:13:36.045  2026-09-29 16:13:36
2026-09-29 16:13:36.237  TX end CW at 16:13:36.195, 36.2 s
2026-09-29 16:13:37.047  2026-09-29 16:13:37
2026-09-29 16:13:38.049  2026-09-29 16:13:38
2026-09-29 16:13:39.040  2026-09-29 16:13:39
2026-09-29 16:13:39.090  $PECZ,[ 236039.3] SIGNAL  level  57% [###########---------] OK, volume 57/63, centre 0% | carrier 1014.09 Hz (+14.09) locked, '0' bits at -34 deg, noise 16 deg | radio RSSI 64 dBuV SNR 0 dB*6A
2026-09-29 16:13:40.045  2026-09-29 16:13:40
2026-09-29 16:13:40.086  $PECZ,[ 236040.3] STATUS  2026-09-29 16:13:39 UTC (18:13:39 local, UTC+2) VALID, last good frame 36 s ago | frames heard 10507, undecodable 6256, accepted 4099 (3366 by matching the expected f*0E
2026-09-29 16:13:41.041  2026-09-29 16:13:41
2026-09-29 16:13:41.428  $PECZ,[ 236041.8] FRAME   #10508 corr 0.31 - not decodable (too many bit errors, snr -2 dB)*1B
2026-09-29 16:13:42.043  2026-09-29 16:13:42
2026-09-29 16:13:43.044  2026-09-29 16:13:43
2026-09-29 16:13:44.045  2026-09-29 16:13:44
2026-09-29 16:13:44.082  $PECZ,[ 236044.4] FRAME   #10509 corr 0.33 - not decodable (too many bit errors, snr -1 dB)*12
2026-09-29 16:13:45.047  2026-09-29 16:13:45
2026-09-29 16:13:46.048  2026-09-29 16:13:46
2026-09-29 16:13:47.049  2026-09-29 16:13:47
2026-09-29 16:13:48.040  2026-09-29 16:13:48
2026-09-29 16:13:49.041  2026-09-29 16:13:49
2026-09-29 16:13:49.091  $PECZ,[ 236049.3] SIGNAL  level  60% [############--------] OK, volume 57/63, centre -2% | carrier 1014.08 Hz (+14.08) locked, '0' bits at -34 deg, noise 14 deg | radio RSSI 64 dBuV SNR 0 dB*4A
2026-09-29 16:13:50.046  2026-09-29 16:13:50
2026-09-29 16:13:50.087  $PECZ,[ 236050.3] STATUS  2026-09-29 16:13:49 UTC (18:13:49 local, UTC+2) VALID, last good frame 46 s ago | frames heard 10509, undecodable 6258, accepted 4099 (3366 by matching the expected f*08
2026-09-29 16:13:51.042  2026-09-29 16:13:51
2026-09-29 16:13:52.043  2026-09-29 16:13:52
2026-09-29 16:13:53.044  2026-09-29 16:13:53
2026-09-29 16:13:54.045  2026-09-29 16:13:54
2026-09-29 16:13:55.046  2026-09-29 16:13:55
2026-09-29 16:13:56.047  2026-09-29 16:13:56
