# Legnica receiver log, slot S = 2026-09-29 03:37:18 UTC, window S-30 s .. S+45 s ($GPRMC lines omitted)
# column 1-2: host receive time (UTC, NTP); $PECZ = receiver diagnostics, [uptime s]
2026-09-29 03:36:48.044  2026-09-29 03:36:48
2026-09-29 03:36:49.047  2026-09-29 03:36:49
2026-09-29 03:36:49.087  $PECZ,[ 190630.3] STATUS  2026-09-29 03:36:48 UTC (05:36:48 local, UTC+2) VALID, last good frame 132 s ago | frames heard 8991, undecodable 5258, accepted 3609 (2905 by matching the expected f*0C
2026-09-29 03:36:50.042  2026-09-29 03:36:50
2026-09-29 03:36:51.043  2026-09-29 03:36:51
2026-09-29 03:36:51.045  TX end Q65 at 03:36:51.000, 51.0 s
2026-09-29 03:36:52.044  2026-09-29 03:36:52
2026-09-29 03:36:53.045  2026-09-29 03:36:53
2026-09-29 03:36:54.046  2026-09-29 03:36:54
2026-09-29 03:36:55.047  2026-09-29 03:36:55
2026-09-29 03:36:56.048  2026-09-29 03:36:56
2026-09-29 03:36:57.039  2026-09-29 03:36:57
2026-09-29 03:36:57.731  $PECZ,[ 190639.2] SIGNAL  level  56% [###########---------] OK, volume 57/63, centre 4% | carrier 1015.46 Hz (+15.46) locked, '0' bits at -36 deg, noise 21 deg | radio RSSI 64 dBuV SNR 0 dB*61
2026-09-29 03:36:58.044  2026-09-29 03:36:58
2026-09-29 03:36:59.047  2026-09-29 03:36:59
2026-09-29 03:36:59.087  $PECZ,[ 190640.3] STATUS  2026-09-29 03:36:58 UTC (05:36:58 local, UTC+2) VALID, last good frame 142 s ago | frames heard 8991, undecodable 5258, accepted 3609 (2905 by matching the expected f*0C
2026-09-29 03:37:00.041  2026-09-29 03:37:00
2026-09-29 03:37:00.043  TX start CW at 03:37:00.003
2026-09-29 03:37:01.042  2026-09-29 03:37:01
2026-09-29 03:37:02.043  2026-09-29 03:37:02
2026-09-29 03:37:03.044  2026-09-29 03:37:03
2026-09-29 03:37:04.045  2026-09-29 03:37:04
2026-09-29 03:37:05.047  2026-09-29 03:37:05
2026-09-29 03:37:06.048  2026-09-29 03:37:06
2026-09-29 03:37:07.049  2026-09-29 03:37:07
2026-09-29 03:37:07.730  $PECZ,[ 190649.2] SIGNAL  level  60% [############--------] OK, volume 57/63, centre 3% | carrier 1015.42 Hz (+15.42) locked, '0' bits at -36 deg, noise 25 deg | radio RSSI 64 dBuV SNR 0 dB*6E
2026-09-29 03:37:08.043  2026-09-29 03:37:08
2026-09-29 03:37:09.045  2026-09-29 03:37:09
2026-09-29 03:37:09.086  $PECZ,[ 190650.3] STATUS  2026-09-29 03:37:08 UTC (05:37:08 local, UTC+2) VALID, last good frame 152 s ago | frames heard 8991, undecodable 5258, accepted 3609 (2905 by matching the expected f*0C
2026-09-29 03:37:10.040  2026-09-29 03:37:10
2026-09-29 03:37:11.042  2026-09-29 03:37:11
2026-09-29 03:37:12.042  2026-09-29 03:37:12
2026-09-29 03:37:13.043  2026-09-29 03:37:13
2026-09-29 03:37:14.044  2026-09-29 03:37:14
2026-09-29 03:37:15.045  2026-09-29 03:37:15
2026-09-29 03:37:16.046  2026-09-29 03:37:16
2026-09-29 03:37:17.047  2026-09-29 03:37:17
2026-09-29 03:37:17.730  $PECZ,[ 190659.2] SIGNAL  level  56% [###########---------] OK, volume 57/63, centre -1% | carrier 1015.58 Hz (+15.58) locked, '0' bits at -36 deg, noise 24 deg | radio RSSI 64 dBuV SNR 0 dB*4A
2026-09-29 03:37:18.042  2026-09-29 03:37:18
2026-09-29 03:37:19.046  2026-09-29 03:37:19
2026-09-29 03:37:19.086  $PECZ,[ 190660.3] STATUS  2026-09-29 03:37:18 UTC (05:37:18 local, UTC+2) VALID, last good frame 162 s ago | frames heard 8991, undecodable 5258, accepted 3609 (2905 by matching the expected f*0C
2026-09-29 03:37:20.042  2026-09-29 03:37:20
2026-09-29 03:37:21.043  2026-09-29 03:37:21
2026-09-29 03:37:22.044  2026-09-29 03:37:22
2026-09-29 03:37:23.045  2026-09-29 03:37:23
2026-09-29 03:37:24.046  2026-09-29 03:37:24
2026-09-29 03:37:25.047  2026-09-29 03:37:25
2026-09-29 03:37:26.049  2026-09-29 03:37:26
2026-09-29 03:37:27.049  2026-09-29 03:37:27
2026-09-29 03:37:27.731  $PECZ,[ 190669.2] SIGNAL  level  60% [############--------] OK, volume 57/63, centre 1% | carrier 1015.33 Hz (+15.33) locked, '0' bits at -36 deg, noise 24 deg | radio RSSI 64 dBuV SNR 0 dB*6F
2026-09-29 03:37:28.043  2026-09-29 03:37:28
2026-09-29 03:37:29.046  2026-09-29 03:37:29
2026-09-29 03:37:29.087  $PECZ,[ 190670.3] STATUS  2026-09-29 03:37:28 UTC (05:37:28 local, UTC+2) VALID, last good frame 172 s ago | frames heard 8991, undecodable 5258, accepted 3609 (2905 by matching the expected f*0C
2026-09-29 03:37:30.042  2026-09-29 03:37:30
2026-09-29 03:37:31.043  2026-09-29 03:37:31
2026-09-29 03:37:32.044  2026-09-29 03:37:32
2026-09-29 03:37:33.045  2026-09-29 03:37:33
2026-09-29 03:37:34.046  2026-09-29 03:37:34
2026-09-29 03:37:35.047  2026-09-29 03:37:35
2026-09-29 03:37:36.048  2026-09-29 03:37:36
2026-09-29 03:37:36.243  TX end CW at 03:37:36.198, 36.2 s
2026-09-29 03:37:37.049  2026-09-29 03:37:37
2026-09-29 03:37:37.730  $PECZ,[ 190679.2] SIGNAL  level  58% [###########---------] OK, volume 57/63, centre -3% | carrier 1015.45 Hz (+15.45) locked, '0' bits at -36 deg, noise 24 deg | radio RSSI 64 dBuV SNR 0 dB*44
2026-09-29 03:37:38.043  2026-09-29 03:37:38
2026-09-29 03:37:38.083  $PECZ,[ 190679.5] FRAME   #8992 corr 0.30 - not decodable (too many bit errors, snr -4 dB)*25
2026-09-29 03:37:39.047  2026-09-29 03:37:39
2026-09-29 03:37:39.088  $PECZ,[ 190680.3] STATUS  2026-09-29 03:37:38 UTC (05:37:38 local, UTC+2) VALID, last good frame 182 s ago | frames heard 8992, undecodable 5259, accepted 3609 (2905 by matching the expected f*0E
2026-09-29 03:37:40.042  2026-09-29 03:37:40
2026-09-29 03:37:41.043  2026-09-29 03:37:41
2026-09-29 03:37:42.045  2026-09-29 03:37:42
2026-09-29 03:37:43.046  2026-09-29 03:37:43
2026-09-29 03:37:44.047  2026-09-29 03:37:44
2026-09-29 03:37:45.048  2026-09-29 03:37:45
2026-09-29 03:37:46.049  2026-09-29 03:37:46
2026-09-29 03:37:47.050  2026-09-29 03:37:47
2026-09-29 03:37:47.732  $PECZ,[ 190689.2] SIGNAL  level  53% [##########----------] OK, volume 57/63, centre 0% | carrier 1015.38 Hz (+15.38) locked, '0' bits at -36 deg, noise 20 deg | radio RSSI 64 dBuV SNR 0 dB*64
2026-09-29 03:37:48.045  2026-09-29 03:37:48
2026-09-29 03:37:49.048  2026-09-29 03:37:49
2026-09-29 03:37:49.088  $PECZ,[ 190690.3] STATUS  2026-09-29 03:37:48 UTC (05:37:48 local, UTC+2) VALID, last good frame 192 s ago | frames heard 8992, undecodable 5259, accepted 3609 (2905 by matching the expected f*0E
2026-09-29 03:37:50.044  2026-09-29 03:37:50
2026-09-29 03:37:50.080  $PECZ,[ 190691.5] FRAME   #8993 corr 0.29 - not decodable (too many bit errors, snr -1 dB)*2F
2026-09-29 03:37:51.046  2026-09-29 03:37:51
2026-09-29 03:37:52.047  2026-09-29 03:37:52
2026-09-29 03:37:53.048  2026-09-29 03:37:53
2026-09-29 03:37:54.049  2026-09-29 03:37:54
2026-09-29 03:37:55.050  2026-09-29 03:37:55
2026-09-29 03:37:56.052  2026-09-29 03:37:56
2026-09-29 03:37:57.043  2026-09-29 03:37:57
2026-09-29 03:37:57.734  $PECZ,[ 190699.2] SIGNAL  level  60% [############--------] OK, volume 57/63, centre 1% | carrier 1015.46 Hz (+15.46) locked, '0' bits at -36 deg, noise 17 deg | radio RSSI 64 dBuV SNR 0 dB*60
2026-09-29 03:37:58.047  2026-09-29 03:37:58
2026-09-29 03:37:59.050  2026-09-29 03:37:59
2026-09-29 03:37:59.090  $PECZ,[ 190700.3] STATUS  2026-09-29 03:37:58 UTC (05:37:58 local, UTC+2) VALID, last good frame 202 s ago | frames heard 8993, undecodable 5260, accepted 3609 (2905 by matching the expected f*07
2026-09-29 03:38:00.046  2026-09-29 03:38:00
2026-09-29 03:38:00.048  TX start Q65 at 03:38:00.003
2026-09-29 03:38:01.047  2026-09-29 03:38:01
2026-09-29 03:38:02.047  2026-09-29 03:38:02
