# Legnica receiver log, slot S = 2026-09-27 23:20:36 UTC, window S-30 s .. S+45 s ($GPRMC lines omitted)
# column 1-2: host receive time (UTC, NTP); $PECZ = receiver diagnostics, [uptime s]
2026-09-27 23:20:06.055  2026-09-27 23:20:06
2026-09-27 23:20:06.175  $PECZ,[  88830.1] STATUS  2026-09-27 23:20:06 UTC (01:20:06 local, UTC+2) VALID, last good frame 12 s ago | frames heard 4863, undecodable 2763, accepted 2035 (1468 by matching the expected fr*56
2026-09-27 23:20:07.050  2026-09-27 23:20:07
2026-09-27 23:20:08.051  2026-09-27 23:20:08
2026-09-27 23:20:09.052  2026-09-27 23:20:09
2026-09-27 23:20:10.053  2026-09-27 23:20:10
2026-09-27 23:20:11.054  2026-09-27 23:20:11
2026-09-27 23:20:12.055  2026-09-27 23:20:12
2026-09-27 23:20:13.056  2026-09-27 23:20:13
2026-09-27 23:20:14.057  2026-09-27 23:20:14
2026-09-27 23:20:15.058  2026-09-27 23:20:15
2026-09-27 23:20:15.169  $PECZ,[  88839.1] SIGNAL  level  55% [###########---------] OK, volume 57/63, centre -1% | carrier 1018.38 Hz (+18.38) locked, '0' bits at -33 deg, noise 14 deg | radio RSSI 64 dBuV SNR 0 dB*5C
2026-09-27 23:20:16.053  2026-09-27 23:20:16
2026-09-27 23:20:16.175  $PECZ,[  88840.1] STATUS  2026-09-27 23:20:16 UTC (01:20:16 local, UTC+2) VALID, last good frame 22 s ago | frames heard 4863, undecodable 2763, accepted 2035 (1468 by matching the expected fr*52
2026-09-27 23:20:17.059  2026-09-27 23:20:17
2026-09-27 23:20:17.099  $PECZ,[  88841.0] FRAME   #4864 corr 0.37 snr 2 dB, fixed 3 symbol(s) + soft retry: 2026-09-27 23:20:15 UTC (01:20:15 local, UTC+2)*01
2026-09-27 23:20:17.110  $PECZ,[  88841.0] CLOCK   frame agrees with clock, error +0.62 ms, xtal -24183 ppb*58
2026-09-27 23:20:17.120  $PECZ,[  88841.0] RAW     55 55 60 A2 25 44 DA 8B C1 96 5F 08 *4A
2026-09-27 23:20:18.055  2026-09-27 23:20:18
2026-09-27 23:20:18.062  $PGGUM,A2,25,44,DA,8B,C1,96,5F,08,21*46
2026-09-27 23:20:19.056  2026-09-27 23:20:19
2026-09-27 23:20:20.057  2026-09-27 23:20:20
2026-09-27 23:20:21.058  2026-09-27 23:20:21
2026-09-27 23:20:22.059  2026-09-27 23:20:22
2026-09-27 23:20:23.050  2026-09-27 23:20:23
2026-09-27 23:20:24.051  2026-09-27 23:20:24
2026-09-27 23:20:25.052  2026-09-27 23:20:25
2026-09-27 23:20:25.165  $PECZ,[  88849.1] SIGNAL  level  58% [###########---------] OK, volume 57/63, centre 0% | carrier 1018.53 Hz (+18.53) locked, '0' bits at -33 deg, noise 14 deg | radio RSSI 64 dBuV SNR 0 dB*7A
2026-09-27 23:20:26.050  2026-09-27 23:20:26
2026-09-27 23:20:26.180  $PECZ,[  88850.1] STATUS  2026-09-27 23:20:26 UTC (01:20:26 local, UTC+2) VALID, last good frame 11 s ago | frames heard 4864, undecodable 2763, accepted 2036 (1468 by matching the expected fr*57
2026-09-27 23:20:27.055  2026-09-27 23:20:27
2026-09-27 23:20:28.056  2026-09-27 23:20:28
2026-09-27 23:20:29.057  2026-09-27 23:20:29
2026-09-27 23:20:30.058  2026-09-27 23:20:30
2026-09-27 23:20:31.059  2026-09-27 23:20:31
2026-09-27 23:20:32.050  2026-09-27 23:20:32
2026-09-27 23:20:33.051  2026-09-27 23:20:33
2026-09-27 23:20:34.052  2026-09-27 23:20:34
2026-09-27 23:20:35.053  2026-09-27 23:20:35
2026-09-27 23:20:35.166  $PECZ,[  88859.1] SIGNAL  level  58% [###########---------] OK, volume 57/63, centre 0% | carrier 1018.63 Hz (+18.63) locked, '0' bits at -33 deg, noise 16 deg | radio RSSI 64 dBuV SNR 0 dB*79
2026-09-27 23:20:36.051  2026-09-27 23:20:36
2026-09-27 23:20:36.175  $PECZ,[  88860.1] STATUS  2026-09-27 23:20:36 UTC (01:20:36 local, UTC+2) VALID, last good frame 21 s ago | frames heard 4864, undecodable 2763, accepted 2036 (1468 by matching the expected fr*57
2026-09-27 23:20:37.050  2026-09-27 23:20:37
2026-09-27 23:20:38.051  2026-09-27 23:20:38
2026-09-27 23:20:39.053  2026-09-27 23:20:39
2026-09-27 23:20:40.053  2026-09-27 23:20:40
2026-09-27 23:20:41.054  2026-09-27 23:20:41
2026-09-27 23:20:42.055  2026-09-27 23:20:42
2026-09-27 23:20:43.056  2026-09-27 23:20:43
2026-09-27 23:20:44.056  2026-09-27 23:20:44
2026-09-27 23:20:45.058  2026-09-27 23:20:45
2026-09-27 23:20:45.168  $PECZ,[  88869.1] SIGNAL  level  60% [############--------] OK, volume 57/63, centre -1% | carrier 1018.49 Hz (+18.49) locked, '0' bits at -33 deg, noise 13 deg | radio RSSI 65 dBuV SNR 0 dB*57
2026-09-27 23:20:46.053  2026-09-27 23:20:46
2026-09-27 23:20:46.175  $PECZ,[  88870.1] STATUS  2026-09-27 23:20:46 UTC (01:20:46 local, UTC+2) VALID, last good frame 31 s ago | frames heard 4864, undecodable 2763, accepted 2036 (1468 by matching the expected fr*57
2026-09-27 23:20:47.050  2026-09-27 23:20:47
2026-09-27 23:20:48.051  2026-09-27 23:20:48
2026-09-27 23:20:49.052  2026-09-27 23:20:49
2026-09-27 23:20:50.053  2026-09-27 23:20:50
2026-09-27 23:20:51.050  TX end Q65 at 23:20:51.000, 51.0 s
2026-09-27 23:20:51.054  2026-09-27 23:20:51
2026-09-27 23:20:52.055  2026-09-27 23:20:52
2026-09-27 23:20:53.056  2026-09-27 23:20:53
2026-09-27 23:20:54.057  2026-09-27 23:20:54
2026-09-27 23:20:55.058  2026-09-27 23:20:55
2026-09-27 23:20:55.168  $PECZ,[  88879.1] SIGNAL  level  55% [###########---------] OK, volume 57/63, centre 0% | carrier 1018.56 Hz (+18.56) locked, '0' bits at -33 deg, noise 13 deg | radio RSSI 64 dBuV SNR 0 dB*73
2026-09-27 23:20:56.053  2026-09-27 23:20:56
2026-09-27 23:20:56.175  $PECZ,[  88880.1] STATUS  2026-09-27 23:20:56 UTC (01:20:56 local, UTC+2) VALID, last good frame 41 s ago | frames heard 4864, undecodable 2763, accepted 2036 (1468 by matching the expected fr*5F
2026-09-27 23:20:57.049  2026-09-27 23:20:57
2026-09-27 23:20:58.052  2026-09-27 23:20:58
2026-09-27 23:20:59.052  2026-09-27 23:20:59
2026-09-27 23:21:00.049  TX start CW at 23:21:00.000
2026-09-27 23:21:00.054  2026-09-27 23:21:00
2026-09-27 23:21:01.055  2026-09-27 23:21:01
2026-09-27 23:21:02.056  2026-09-27 23:21:02
2026-09-27 23:21:03.057  2026-09-27 23:21:03
2026-09-27 23:21:04.058  2026-09-27 23:21:04
2026-09-27 23:21:05.059  2026-09-27 23:21:05
2026-09-27 23:21:05.169  $PECZ,[  88889.1] SIGNAL  level  56% [###########---------] OK, volume 57/63, centre 2% | carrier 1018.55 Hz (+18.55) locked, '0' bits at -33 deg, noise 14 deg | radio RSSI 64 dBuV SNR 0 dB*7A
2026-09-27 23:21:05.752  $PECZ,[  88889.7] FRAME   #4865 corr 0.31 - not decodable (too many bit errors, snr -5 dB)*3B
2026-09-27 23:21:06.054  2026-09-27 23:21:06
2026-09-27 23:21:06.175  $PECZ,[  88890.1] STATUS  2026-09-27 23:21:06 UTC (01:21:06 local, UTC+2) VALID, last good frame 51 s ago | frames heard 4865, undecodable 2764, accepted 2036 (1468 by matching the expected fr*59
2026-09-27 23:21:07.050  2026-09-27 23:21:07
2026-09-27 23:21:08.051  2026-09-27 23:21:08
2026-09-27 23:21:09.052  2026-09-27 23:21:09
2026-09-27 23:21:10.053  2026-09-27 23:21:10
2026-09-27 23:21:11.054  2026-09-27 23:21:11
2026-09-27 23:21:12.055  2026-09-27 23:21:12
2026-09-27 23:21:13.056  2026-09-27 23:21:13
2026-09-27 23:21:14.057  2026-09-27 23:21:14
2026-09-27 23:21:15.057  2026-09-27 23:21:15
2026-09-27 23:21:15.168  $PECZ,[  88899.1] SIGNAL  level  57% [###########---------] OK, volume 57/63, centre -2% | carrier 1018.43 Hz (+18.43) locked, '0' bits at -33 deg, noise 13 deg | radio RSSI 64 dBuV SNR 0 dB*50
2026-09-27 23:21:16.053  2026-09-27 23:21:16
2026-09-27 23:21:16.176  $PECZ,[  88900.1] STATUS  2026-09-27 23:21:16 UTC (01:21:16 local, UTC+2) VALID, last good frame 61 s ago | frames heard 4865, undecodable 2764, accepted 2036 (1468 by matching the expected fr*52
2026-09-27 23:21:17.051  2026-09-27 23:21:17
2026-09-27 23:21:17.100  $PECZ,[  88901.0] FRAME   #4866 corr 0.45 - not decodable, but 0.85 of it agrees with the expected frame (snr -1 dB): 2026-09-27 23:21:15 UTC (01:21:15 local, UTC+2)*10
2026-09-27 23:21:17.111  $PECZ,[  88901.0] CLOCK   confirmed, error +0.38 ms, xtal -24192 ppb*11
2026-09-27 23:21:18.057  2026-09-27 23:21:18
2026-09-27 23:21:19.058  2026-09-27 23:21:19
2026-09-27 23:21:20.059  2026-09-27 23:21:20
2026-09-27 23:21:21.050  2026-09-27 23:21:21
