# Legnica receiver log, slot S = 2026-09-26 07:12:00 UTC, window S-30 s .. S+45 s ($GPRMC lines omitted)
# column 1-2: host receive time (UTC, NTP); $PECZ = receiver diagnostics, [uptime s]
2026-09-26 07:11:30.025  2026-09-26 07:11:30
2026-09-26 07:11:31.026  2026-09-26 07:11:31
2026-09-26 07:11:32.028  2026-09-26 07:11:32
2026-09-26 07:11:32.072  $PECZ,[  31942.9] FRAME   #3534 corr 0.60 - not decodable, but 0.91 of it agrees with the expected frame (snr 0 dB): 2026-09-26 07:11:30 UTC (09:11:30 local, UTC+2)*30
2026-09-26 07:11:32.083  $PECZ,[  31942.9] CLOCK   confirmed, error +0.00 ms, xtal -23713 ppb*1E
2026-09-26 07:11:33.029  2026-09-26 07:11:33
2026-09-26 07:11:34.030  2026-09-26 07:11:34
2026-09-26 07:11:35.031  2026-09-26 07:11:35
2026-09-26 07:11:35.317  $PECZ,[  31946.2] FRAME   #3535 corr 0.33 - not decodable (too many bit errors, snr -8 dB)*3E
2026-09-26 07:11:36.024  2026-09-26 07:11:36
2026-09-26 07:11:36.223  TX end CW at 07:11:36.204, 36.2 s
2026-09-26 07:11:37.024  2026-09-26 07:11:37
2026-09-26 07:11:38.025  2026-09-26 07:11:38
2026-09-26 07:11:38.124  $PECZ,[  31949.0] SIGNAL  level  71% [##############------] OK, volume 58/63, centre 0% | carrier 1018.57 Hz (+18.57) locked, '0' bits at -25 deg, noise 7 deg | radio RSSI 60 dBuV SNR 0 dB*43
2026-09-26 07:11:39.030  2026-09-26 07:11:39
2026-09-26 07:11:39.119  $PECZ,[  31950.0] STATUS  2026-09-26 07:11:39 UTC (09:11:39 local, UTC+2) VALID, last good frame 9 s ago | frames heard 3535, undecodable 1722, accepted 1771 (839 by matching the expected fram*59
2026-09-26 07:11:40.025  2026-09-26 07:11:40
2026-09-26 07:11:41.026  2026-09-26 07:11:41
2026-09-26 07:11:41.073  $PECZ,[  31951.9] FRAME   #3536 corr 0.63 - not decodable, but 0.97 of it agrees with the expected frame (snr 5 dB): 2026-09-26 07:11:39 UTC (09:11:39 local, UTC+2)*30
2026-09-26 07:11:41.084  $PECZ,[  31951.9] CLOCK   confirmed, error -0.09 ms, xtal -23724 ppb*17
2026-09-26 07:11:42.030  2026-09-26 07:11:42
2026-09-26 07:11:42.416  $PECZ,[  31953.3] FRAME   #3537 corr 0.44 - not decodable (too many bit errors, snr -2 dB)*33
2026-09-26 07:11:43.032  2026-09-26 07:11:43
2026-09-26 07:11:44.023  2026-09-26 07:11:44
2026-09-26 07:11:44.071  $PECZ,[  31954.9] FRAME   #3538 corr 0.57 snr 1 dB, fixed 0 symbol(s): 2026-09-26 07:11:42 UTC (09:11:42 local, UTC+2)*68
2026-09-26 07:11:44.082  $PECZ,[  31954.9] CLOCK   frame agrees with clock, error +0.23 ms, xtal -23694 ppb*55
2026-09-26 07:11:44.093  $PECZ,[  31954.9] RAW     55 55 60 A2 26 E7 50 0B 99 7C 8D 68 *3D
2026-09-26 07:11:45.030  2026-09-26 07:11:45
2026-09-26 07:11:45.034  $PGGUM,A2,26,E7,50,0B,99,7C,8D,68,3*0F
2026-09-26 07:11:45.435  $PECZ,[  31956.3] FRAME   #3539 corr 0.30 - not decodable (too many bit errors, snr -6 dB)*3F
2026-09-26 07:11:46.032  2026-09-26 07:11:46
2026-09-26 07:11:47.032  2026-09-26 07:11:47
2026-09-26 07:11:48.024  2026-09-26 07:11:48
2026-09-26 07:11:48.122  $PECZ,[  31959.0] SIGNAL  level  64% [############--------] OK, volume 58/63, centre 1% | carrier 1018.80 Hz (+18.80) locked, '0' bits at -23 deg, noise 6 deg | radio RSSI 60 dBuV SNR 0 dB*40
2026-09-26 07:11:49.028  2026-09-26 07:11:49
2026-09-26 07:11:49.120  $PECZ,[  31960.0] STATUS  2026-09-26 07:11:49 UTC (09:11:49 local, UTC+2) VALID, last good frame 7 s ago | frames heard 3539, undecodable 1724, accepted 1773 (840 by matching the expected fram*52
2026-09-26 07:11:50.026  2026-09-26 07:11:50
2026-09-26 07:11:51.028  2026-09-26 07:11:51
2026-09-26 07:11:52.028  2026-09-26 07:11:52
2026-09-26 07:11:53.029  2026-09-26 07:11:53
2026-09-26 07:11:54.030  2026-09-26 07:11:54
2026-09-26 07:11:55.031  2026-09-26 07:11:55
2026-09-26 07:11:56.032  2026-09-26 07:11:56
2026-09-26 07:11:57.024  2026-09-26 07:11:57
2026-09-26 07:11:58.025  2026-09-26 07:11:58
2026-09-26 07:11:58.123  $PECZ,[  31969.0] SIGNAL  level  71% [##############------] OK, volume 58/63, centre -3% | carrier 1019.20 Hz (+19.20) locked, '0' bits at -23 deg, noise 6 deg | radio RSSI 59 dBuV SNR 0 dB*62
2026-09-26 07:11:59.031  2026-09-26 07:11:59
2026-09-26 07:11:59.119  $PECZ,[  31970.0] STATUS  2026-09-26 07:11:59 UTC (09:11:59 local, UTC+2) VALID, last good frame 17 s ago | frames heard 3539, undecodable 1724, accepted 1773 (840 by matching the expected fra*0F
2026-09-26 07:12:00.026  2026-09-26 07:12:00
2026-09-26 07:12:00.029  TX start Q65 at 07:12:00.001
2026-09-26 07:12:01.026  2026-09-26 07:12:01
2026-09-26 07:12:02.027  2026-09-26 07:12:02
2026-09-26 07:12:02.540  $PECZ,[  31973.4] FRAME   #3540 corr 0.66 snr 6 dB, fixed 0 symbol(s): 2026-09-26 07:12:03 UTC (09:12:03 local, UTC+2)*6A
2026-09-26 07:12:02.551  $PECZ,[  31973.4] CLOCK   REJECTED - frame differs from clock by -2459 ms (kept as candidate)*6C
2026-09-26 07:12:02.562  $PECZ,[  31973.4] RAW     55 55 60 A2 26 E7 6D 8B 12 C6 EE F1 *4D
2026-09-26 07:12:03.026  2026-09-26 07:12:03
2026-09-26 07:12:04.029  2026-09-26 07:12:04
2026-09-26 07:12:05.029  2026-09-26 07:12:05
2026-09-26 07:12:06.031  2026-09-26 07:12:06
2026-09-26 07:12:07.032  2026-09-26 07:12:07
2026-09-26 07:12:08.022  2026-09-26 07:12:08
2026-09-26 07:12:08.123  $PECZ,[  31979.0] SIGNAL  level  69% [#############-------] OK, volume 58/63, centre 0% | carrier 1019.25 Hz (+19.25) locked, '0' bits at -20 deg, noise 6 deg | radio RSSI 60 dBuV SNR 0 dB*43
2026-09-26 07:12:09.027  2026-09-26 07:12:09
2026-09-26 07:12:09.120  $PECZ,[  31980.0] STATUS  2026-09-26 07:12:09 UTC (09:12:09 local, UTC+2) VALID, last good frame 27 s ago | frames heard 3540, undecodable 1724, accepted 1773 (840 by matching the expected fra*0D
2026-09-26 07:12:10.026  2026-09-26 07:12:10
2026-09-26 07:12:11.027  2026-09-26 07:12:11
2026-09-26 07:12:12.027  2026-09-26 07:12:12
2026-09-26 07:12:13.030  2026-09-26 07:12:13
2026-09-26 07:12:14.029  2026-09-26 07:12:14
2026-09-26 07:12:14.070  $PECZ,[  31984.9] FRAME   #3541 corr 0.55 snr 3 dB, fixed 3 symbol(s): 2026-09-26 07:12:12 UTC (09:12:12 local, UTC+2)*68
2026-09-26 07:12:14.082  $PECZ,[  31984.9] CLOCK   frame agrees with clock, error -0.22 ms, xtal -23733 ppb*53
2026-09-26 07:12:14.091  $PECZ,[  31984.9] RAW     55 55 60 A6 A6 E7 6F 0B 7B 0A 1C 52 *45
2026-09-26 07:12:15.027  2026-09-26 07:12:15
2026-09-26 07:12:15.033  $PGGUM,A6,A6,E7,6F,0B,7B,0A,1C,52,29*42
2026-09-26 07:12:16.030  2026-09-26 07:12:16
2026-09-26 07:12:17.029  2026-09-26 07:12:17
2026-09-26 07:12:18.031  2026-09-26 07:12:18
2026-09-26 07:12:18.122  $PECZ,[  31989.0] SIGNAL  level  67% [#############-------] OK, volume 58/63, centre 0% | carrier 1019.29 Hz (+19.29) locked, '0' bits at -24 deg, noise 6 deg | radio RSSI 59 dBuV SNR 0 dB*4C
2026-09-26 07:12:19.027  2026-09-26 07:12:19
2026-09-26 07:12:19.121  $PECZ,[  31990.0] STATUS  2026-09-26 07:12:19 UTC (09:12:19 local, UTC+2) VALID, last good frame 7 s ago | frames heard 3541, undecodable 1724, accepted 1774 (840 by matching the expected fram*55
2026-09-26 07:12:20.025  2026-09-26 07:12:20
2026-09-26 07:12:20.070  $PECZ,[  31990.9] FRAME   #3542 corr 0.61 snr 2 dB, fixed 1 symbol(s): 2026-09-26 07:12:18 UTC (09:12:18 local, UTC+2)*6A
2026-09-26 07:12:20.082  $PECZ,[  31990.9] CLOCK   frame agrees with clock, error -0.17 ms, xtal -23733 ppb*50
2026-09-26 07:12:20.092  $PECZ,[  31990.9] RAW     55 55 60 B2 26 E7 6E 0B 51 D8 9D 47 *40
2026-09-26 07:12:21.027  2026-09-26 07:12:21
2026-09-26 07:12:21.034  $PGGUM,B2,26,E7,6E,0B,51,D8,9D,47,5*7C
2026-09-26 07:12:22.029  2026-09-26 07:12:22
2026-09-26 07:12:23.029  2026-09-26 07:12:23
2026-09-26 07:12:24.032  2026-09-26 07:12:24
2026-09-26 07:12:25.032  2026-09-26 07:12:25
2026-09-26 07:12:26.022  2026-09-26 07:12:26
2026-09-26 07:12:27.023  2026-09-26 07:12:27
2026-09-26 07:12:28.025  2026-09-26 07:12:28
2026-09-26 07:12:28.124  $PECZ,[  31999.0] SIGNAL  level  61% [############--------] OK, volume 58/63, centre 0% | carrier 1019.21 Hz (+19.21) locked, '0' bits at -26 deg, noise 7 deg | radio RSSI 59 dBuV SNR 0 dB*46
2026-09-26 07:12:28.586  $PECZ,[  31999.5] FRAME   #3543 corr 0.33 - not decodable (no modulation, snr 0 dB)*07
2026-09-26 07:12:29.029  2026-09-26 07:12:29
2026-09-26 07:12:29.121  $PECZ,[  32000.0] STATUS  2026-09-26 07:12:29 UTC (09:12:29 local, UTC+2) VALID, last good frame 11 s ago | frames heard 3543, undecodable 1725, accepted 1775 (840 by matching the expected fra*0E
2026-09-26 07:12:30.027  2026-09-26 07:12:30
2026-09-26 07:12:30.064  $PECZ,[  32001.0] FRAME   #3544 corr 0.33 - not decodable (too many bit errors, snr -5 dB)*3E
2026-09-26 07:12:31.029  2026-09-26 07:12:31
2026-09-26 07:12:32.030  2026-09-26 07:12:32
2026-09-26 07:12:33.031  2026-09-26 07:12:33
2026-09-26 07:12:34.032  2026-09-26 07:12:34
2026-09-26 07:12:35.023  2026-09-26 07:12:35
2026-09-26 07:12:36.023  2026-09-26 07:12:36
2026-09-26 07:12:37.025  2026-09-26 07:12:37
2026-09-26 07:12:38.026  2026-09-26 07:12:38
2026-09-26 07:12:38.125  $PECZ,[  32009.0] SIGNAL  level  63% [############--------] OK, volume 58/63, centre -3% | carrier 1019.32 Hz (+19.32) locked, '0' bits at -22 deg, noise 6 deg | radio RSSI 59 dBuV SNR 0 dB*6C
2026-09-26 07:12:39.030  2026-09-26 07:12:39
2026-09-26 07:12:39.122  $PECZ,[  32010.0] STATUS  2026-09-26 07:12:39 UTC (09:12:39 local, UTC+2) VALID, last good frame 21 s ago | frames heard 3544, undecodable 1726, accepted 1775 (840 by matching the expected fra*08
2026-09-26 07:12:40.027  2026-09-26 07:12:40
2026-09-26 07:12:41.028  2026-09-26 07:12:41
2026-09-26 07:12:42.029  2026-09-26 07:12:42
2026-09-26 07:12:43.030  2026-09-26 07:12:43
2026-09-26 07:12:44.031  2026-09-26 07:12:44
2026-09-26 07:12:45.032  2026-09-26 07:12:45
