# Legnica receiver log, slot S = 2026-09-27 13:19:48 UTC, window S-30 s .. S+45 s ($GPRMC lines omitted)
# column 1-2: host receive time (UTC, NTP); $PECZ = receiver diagnostics, [uptime s]
2026-09-27 13:19:18.045  2026-09-27 13:19:18
2026-09-27 13:19:19.046  2026-09-27 13:19:19
2026-09-27 13:19:20.048  2026-09-27 13:19:20
2026-09-27 13:19:21.048  2026-09-27 13:19:21
2026-09-27 13:19:22.049  2026-09-27 13:19:22
2026-09-27 13:19:23.050  2026-09-27 13:19:23
2026-09-27 13:19:24.051  2026-09-27 13:19:24
2026-09-27 13:19:24.181  $PECZ,[  52789.0] SIGNAL  level  56% [###########---------] OK, volume 57/63, centre 0% | carrier 1017.31 Hz (+17.31) locked, '0' bits at -38 deg, noise 20 deg | radio RSSI 64 dBuV SNR 0 dB*7D
2026-09-27 13:19:25.046  2026-09-27 13:19:25
2026-09-27 13:19:25.259  $PECZ,[  52790.1] STATUS  2026-09-27 13:19:25 UTC (15:19:25 local, UTC+2) VALID, last good frame 202 s ago | frames heard 3126, undecodable 1687, accepted 1396 (895 by matching the expected fr*50
2026-09-27 13:19:26.053  2026-09-27 13:19:26
2026-09-27 13:19:27.044  2026-09-27 13:19:27
2026-09-27 13:19:28.046  2026-09-27 13:19:28
2026-09-27 13:19:29.046  2026-09-27 13:19:29
2026-09-27 13:19:30.047  2026-09-27 13:19:30
2026-09-27 13:19:31.048  2026-09-27 13:19:31
2026-09-27 13:19:32.049  2026-09-27 13:19:32
2026-09-27 13:19:33.050  2026-09-27 13:19:33
2026-09-27 13:19:34.051  2026-09-27 13:19:34
2026-09-27 13:19:34.181  $PECZ,[  52799.0] SIGNAL  level  60% [############--------] OK, volume 57/63, centre 1% | carrier 1017.51 Hz (+17.51) locked, '0' bits at -38 deg, noise 19 deg | radio RSSI 64 dBuV SNR 0 dB*7C
2026-09-27 13:19:35.047  2026-09-27 13:19:35
2026-09-27 13:19:35.259  $PECZ,[  52800.1] STATUS  2026-09-27 13:19:35 UTC (15:19:35 local, UTC+2) VALID, last good frame 212 s ago | frames heard 3126, undecodable 1687, accepted 1396 (895 by matching the expected fr*57
2026-09-27 13:19:36.045  2026-09-27 13:19:36
2026-09-27 13:19:36.243  TX end CW at 13:19:36.202, 36.2 s
2026-09-27 13:19:37.045  2026-09-27 13:19:37
2026-09-27 13:19:38.047  2026-09-27 13:19:38
2026-09-27 13:19:39.047  2026-09-27 13:19:39
2026-09-27 13:19:40.049  2026-09-27 13:19:40
2026-09-27 13:19:41.050  2026-09-27 13:19:41
2026-09-27 13:19:42.051  2026-09-27 13:19:42
2026-09-27 13:19:43.052  2026-09-27 13:19:43
2026-09-27 13:19:44.053  2026-09-27 13:19:44
2026-09-27 13:19:44.182  $PECZ,[  52809.0] SIGNAL  level  62% [############--------] OK, volume 57/63, centre 0% | carrier 1017.62 Hz (+17.62) locked, '0' bits at -38 deg, noise 21 deg | radio RSSI 64 dBuV SNR 0 dB*72
2026-09-27 13:19:45.047  2026-09-27 13:19:45
2026-09-27 13:19:45.259  $PECZ,[  52810.1] STATUS  2026-09-27 13:19:45 UTC (15:19:45 local, UTC+2) VALID, last good frame 222 s ago | frames heard 3126, undecodable 1687, accepted 1396 (895 by matching the expected fr*55
2026-09-27 13:19:46.044  2026-09-27 13:19:46
2026-09-27 13:19:47.045  2026-09-27 13:19:47
2026-09-27 13:19:48.046  2026-09-27 13:19:48
2026-09-27 13:19:49.047  2026-09-27 13:19:49
2026-09-27 13:19:50.048  2026-09-27 13:19:50
2026-09-27 13:19:51.049  2026-09-27 13:19:51
2026-09-27 13:19:52.049  2026-09-27 13:19:52
2026-09-27 13:19:53.051  2026-09-27 13:19:53
2026-09-27 13:19:54.052  2026-09-27 13:19:54
2026-09-27 13:19:54.182  $PECZ,[  52819.0] SIGNAL  level  56% [###########---------] OK, volume 57/63, centre 0% | carrier 1017.58 Hz (+17.58) locked, '0' bits at -38 deg, noise 17 deg | radio RSSI 64 dBuV SNR 0 dB*7F
2026-09-27 13:19:55.047  2026-09-27 13:19:55
2026-09-27 13:19:55.259  $PECZ,[  52820.1] STATUS  2026-09-27 13:19:55 UTC (15:19:55 local, UTC+2) VALID, last good frame 232 s ago | frames heard 3126, undecodable 1687, accepted 1396 (895 by matching the expected fr*57
2026-09-27 13:19:56.044  2026-09-27 13:19:56
2026-09-27 13:19:57.045  2026-09-27 13:19:57
2026-09-27 13:19:58.046  2026-09-27 13:19:58
2026-09-27 13:19:59.047  2026-09-27 13:19:59
2026-09-27 13:20:00.044  TX start Q65 at 13:20:00.000
2026-09-27 13:20:00.049  2026-09-27 13:20:00
2026-09-27 13:20:01.050  2026-09-27 13:20:01
2026-09-27 13:20:02.051  2026-09-27 13:20:02
2026-09-27 13:20:03.052  2026-09-27 13:20:03
2026-09-27 13:20:04.053  2026-09-27 13:20:04
2026-09-27 13:20:04.184  $PECZ,[  52829.0] SIGNAL  level  58% [###########---------] OK, volume 57/63, centre 0% | carrier 1017.48 Hz (+17.48) locked, '0' bits at -38 deg, noise 20 deg | radio RSSI 64 dBuV SNR 0 dB*76
2026-09-27 13:20:05.048  2026-09-27 13:20:05
2026-09-27 13:20:05.260  $PECZ,[  52830.1] STATUS  2026-09-27 13:20:05 UTC (15:20:05 local, UTC+2) VALID, last good frame 242 s ago | frames heard 3126, undecodable 1687, accepted 1396 (895 by matching the expected fr*51
2026-09-27 13:20:06.045  2026-09-27 13:20:06
2026-09-27 13:20:07.046  2026-09-27 13:20:07
2026-09-27 13:20:08.047  2026-09-27 13:20:08
2026-09-27 13:20:09.048  2026-09-27 13:20:09
2026-09-27 13:20:10.049  2026-09-27 13:20:10
2026-09-27 13:20:11.050  2026-09-27 13:20:11
2026-09-27 13:20:12.051  2026-09-27 13:20:12
2026-09-27 13:20:13.052  2026-09-27 13:20:13
2026-09-27 13:20:14.053  2026-09-27 13:20:14
2026-09-27 13:20:14.184  $PECZ,[  52839.0] SIGNAL  level  59% [###########---------] OK, volume 57/63, centre 4% | carrier 1017.58 Hz (+17.58) locked, '0' bits at -38 deg, noise 20 deg | radio RSSI 64 dBuV SNR 0 dB*72
2026-09-27 13:20:15.048  2026-09-27 13:20:15
2026-09-27 13:20:15.260  $PECZ,[  52840.1] STATUS  2026-09-27 13:20:15 UTC (15:20:15 local, UTC+2) VALID, last good frame 252 s ago | frames heard 3126, undecodable 1687, accepted 1396 (895 by matching the expected fr*57
2026-09-27 13:20:16.045  2026-09-27 13:20:16
2026-09-27 13:20:17.047  2026-09-27 13:20:17
2026-09-27 13:20:18.047  2026-09-27 13:20:18
2026-09-27 13:20:19.048  2026-09-27 13:20:19
2026-09-27 13:20:20.049  2026-09-27 13:20:20
2026-09-27 13:20:21.049  2026-09-27 13:20:21
2026-09-27 13:20:22.051  2026-09-27 13:20:22
2026-09-27 13:20:23.052  2026-09-27 13:20:23
2026-09-27 13:20:24.053  2026-09-27 13:20:24
2026-09-27 13:20:24.183  $PECZ,[  52849.0] SIGNAL  level  58% [###########---------] OK, volume 57/63, centre 2% | carrier 1017.49 Hz (+17.49) locked, '0' bits at -38 deg, noise 16 deg | radio RSSI 64 dBuV SNR 0 dB*77
2026-09-27 13:20:25.048  2026-09-27 13:20:25
2026-09-27 13:20:25.260  $PECZ,[  52850.1] STATUS  2026-09-27 13:20:25 UTC (15:20:25 local, UTC+2) VALID, last good frame 262 s ago | frames heard 3126, undecodable 1687, accepted 1396 (895 by matching the expected fr*55
2026-09-27 13:20:26.045  2026-09-27 13:20:26
2026-09-27 13:20:27.046  2026-09-27 13:20:27
2026-09-27 13:20:28.047  2026-09-27 13:20:28
2026-09-27 13:20:29.048  2026-09-27 13:20:29
2026-09-27 13:20:30.049  2026-09-27 13:20:30
2026-09-27 13:20:31.050  2026-09-27 13:20:31
2026-09-27 13:20:32.051  2026-09-27 13:20:32
2026-09-27 13:20:33.052  2026-09-27 13:20:33
