# Legnica receiver log, slot S = 2026-09-28 14:50:15 UTC, window S-30 s .. S+45 s ($GPRMC lines omitted)
# column 1-2: host receive time (UTC, NTP); $PECZ = receiver diagnostics, [uptime s]
2026-09-28 14:49:45.046  2026-09-28 14:49:45
2026-09-28 14:49:46.047  2026-09-28 14:49:46
2026-09-28 14:49:46.580  $PECZ,[ 144609.2] SIGNAL  level  55% [###########---------] OK, volume 57/63, centre 0% | carrier 1016.14 Hz (+16.14) locked, '0' bits at -33 deg, noise 11 deg | radio RSSI 64 dBuV SNR 0 dB*6A
2026-09-28 14:49:47.053  2026-09-28 14:49:47
2026-09-28 14:49:47.577  $PECZ,[ 144610.2] STATUS  2026-09-28 14:49:47 UTC (16:49:47 local, UTC+2) VALID, last good frame 62 s ago | frames heard 6717, undecodable 3908, accepted 2713 (2112 by matching the expected fr*46
2026-09-28 14:49:48.050  2026-09-28 14:49:48
2026-09-28 14:49:49.052  2026-09-28 14:49:49
2026-09-28 14:49:50.053  2026-09-28 14:49:50
2026-09-28 14:49:51.054  2026-09-28 14:49:51
2026-09-28 14:49:52.045  2026-09-28 14:49:52
2026-09-28 14:49:53.046  2026-09-28 14:49:53
2026-09-28 14:49:54.047  2026-09-28 14:49:54
2026-09-28 14:49:55.048  2026-09-28 14:49:55
2026-09-28 14:49:56.049  2026-09-28 14:49:56
2026-09-28 14:49:56.580  $PECZ,[ 144619.2] SIGNAL  level  52% [##########----------] OK, volume 57/63, centre 2% | carrier 1016.23 Hz (+16.23) locked, '0' bits at -33 deg, noise 13 deg | radio RSSI 64 dBuV SNR 0 dB*62
2026-09-28 14:49:57.052  2026-09-28 14:49:57
2026-09-28 14:49:57.575  $PECZ,[ 144620.2] STATUS  2026-09-28 14:49:57 UTC (16:49:57 local, UTC+2) VALID, last good frame 72 s ago | frames heard 6717, undecodable 3908, accepted 2713 (2112 by matching the expected fr*44
2026-09-28 14:49:58.047  2026-09-28 14:49:58
2026-09-28 14:49:59.050  2026-09-28 14:49:59
2026-09-28 14:50:00.048  TX start Q65 at 14:50:00.000
2026-09-28 14:50:00.052  2026-09-28 14:50:00
2026-09-28 14:50:01.053  2026-09-28 14:50:01
2026-09-28 14:50:02.054  2026-09-28 14:50:02
2026-09-28 14:50:03.046  2026-09-28 14:50:03
2026-09-28 14:50:04.046  2026-09-28 14:50:04
2026-09-28 14:50:05.047  2026-09-28 14:50:05
2026-09-28 14:50:05.097  $PECZ,[ 144627.7] FRAME   #6718 corr 0.50 - not decodable, but 0.88 of it agrees with the expected frame (snr 3 dB): 2026-09-28 14:50:03 UTC (16:50:03 local, UTC+2)*22
2026-09-28 14:50:05.108  $PECZ,[ 144627.7] CLOCK   confirmed, error +0.73 ms, xtal -24163 ppb*0D
2026-09-28 14:50:06.053  2026-09-28 14:50:06
2026-09-28 14:50:06.576  $PECZ,[ 144629.2] SIGNAL  level  51% [##########----------] OK, volume 57/63, centre 1% | carrier 1016.10 Hz (+16.10) locked, '0' bits at -33 deg, noise 12 deg | radio RSSI 64 dBuV SNR 0 dB*60
2026-09-28 14:50:07.048  2026-09-28 14:50:07
2026-09-28 14:50:07.573  $PECZ,[ 144630.2] STATUS  2026-09-28 14:50:07 UTC (16:50:07 local, UTC+2) VALID, last good frame 4 s ago | frames heard 6718, undecodable 3908, accepted 2714 (2113 by matching the expected fra*1C
2026-09-28 14:50:08.046  2026-09-28 14:50:08
2026-09-28 14:50:09.049  2026-09-28 14:50:09
2026-09-28 14:50:10.050  2026-09-28 14:50:10
2026-09-28 14:50:11.052  2026-09-28 14:50:11
2026-09-28 14:50:12.052  2026-09-28 14:50:12
2026-09-28 14:50:13.053  2026-09-28 14:50:13
2026-09-28 14:50:14.054  2026-09-28 14:50:14
2026-09-28 14:50:14.096  $PECZ,[ 144636.7] FRAME   #6719 corr 0.39 - not decodable, but 0.91 of it agrees with the expected frame (snr 2 dB): 2026-09-28 14:50:12 UTC (16:50:12 local, UTC+2)*25
2026-09-28 14:50:14.106  $PECZ,[ 144636.7] CLOCK   confirmed, error +0.00 ms, xtal -24204 ppb*0B
2026-09-28 14:50:15.051  2026-09-28 14:50:15
2026-09-28 14:50:16.052  2026-09-28 14:50:16
2026-09-28 14:50:16.578  $PECZ,[ 144639.2] SIGNAL  level  56% [###########---------] OK, volume 57/63, centre 1% | carrier 1016.20 Hz (+16.20) locked, '0' bits at -33 deg, noise 13 deg | radio RSSI 64 dBuV SNR 0 dB*69
2026-09-28 14:50:17.050  2026-09-28 14:50:17
2026-09-28 14:50:17.575  $PECZ,[ 144640.2] STATUS  2026-09-28 14:50:17 UTC (16:50:17 local, UTC+2) VALID, last good frame 5 s ago | frames heard 6719, undecodable 3908, accepted 2715 (2114 by matching the expected fra*1D
2026-09-28 14:50:18.047  2026-09-28 14:50:18
2026-09-28 14:50:19.050  2026-09-28 14:50:19
2026-09-28 14:50:20.052  2026-09-28 14:50:20
2026-09-28 14:50:21.052  2026-09-28 14:50:21
2026-09-28 14:50:22.054  2026-09-28 14:50:22
2026-09-28 14:50:23.054  2026-09-28 14:50:23
2026-09-28 14:50:24.045  2026-09-28 14:50:24
2026-09-28 14:50:25.047  2026-09-28 14:50:25
2026-09-28 14:50:26.047  2026-09-28 14:50:26
2026-09-28 14:50:26.577  $PECZ,[ 144649.2] SIGNAL  level  54% [##########----------] OK, volume 57/63, centre -1% | carrier 1016.22 Hz (+16.22) locked, '0' bits at -33 deg, noise 15 deg | radio RSSI 64 dBuV SNR 0 dB*49
2026-09-28 14:50:27.050  2026-09-28 14:50:27
2026-09-28 14:50:27.574  $PECZ,[ 144650.2] STATUS  2026-09-28 14:50:27 UTC (16:50:27 local, UTC+2) VALID, last good frame 15 s ago | frames heard 6719, undecodable 3908, accepted 2715 (2114 by matching the expected fr*4C
2026-09-28 14:50:28.046  2026-09-28 14:50:28
2026-09-28 14:50:29.049  2026-09-28 14:50:29
2026-09-28 14:50:30.050  2026-09-28 14:50:30
2026-09-28 14:50:31.051  2026-09-28 14:50:31
2026-09-28 14:50:32.052  2026-09-28 14:50:32
2026-09-28 14:50:33.053  2026-09-28 14:50:33
2026-09-28 14:50:34.054  2026-09-28 14:50:34
2026-09-28 14:50:35.045  2026-09-28 14:50:35
2026-09-28 14:50:36.046  2026-09-28 14:50:36
2026-09-28 14:50:36.577  $PECZ,[ 144659.2] SIGNAL  level  55% [###########---------] OK, volume 57/63, centre 0% | carrier 1016.12 Hz (+16.12) locked, '0' bits at -33 deg, noise 14 deg | radio RSSI 64 dBuV SNR 0 dB*6A
2026-09-28 14:50:37.050  2026-09-28 14:50:37
2026-09-28 14:50:37.574  $PECZ,[ 144660.2] STATUS  2026-09-28 14:50:37 UTC (16:50:37 local, UTC+2) VALID, last good frame 25 s ago | frames heard 6719, undecodable 3908, accepted 2715 (2114 by matching the expected fr*4C
2026-09-28 14:50:38.047  2026-09-28 14:50:38
2026-09-28 14:50:39.050  2026-09-28 14:50:39
2026-09-28 14:50:40.051  2026-09-28 14:50:40
2026-09-28 14:50:41.052  2026-09-28 14:50:41
2026-09-28 14:50:41.459  $PECZ,[ 144664.1] FRAME   #6720 corr 0.36 - not decodable (too many bit errors, snr -1 dB)*2E
2026-09-28 14:50:42.052  2026-09-28 14:50:42
2026-09-28 14:50:43.056  2026-09-28 14:50:43
2026-09-28 14:50:44.047  2026-09-28 14:50:44
2026-09-28 14:50:45.048  2026-09-28 14:50:45
2026-09-28 14:50:46.049  2026-09-28 14:50:46
2026-09-28 14:50:46.580  $PECZ,[ 144669.2] SIGNAL  level  61% [############--------] OK, volume 57/63, centre 4% | carrier 1016.11 Hz (+16.11) locked, '0' bits at -33 deg, noise 11 deg | radio RSSI 64 dBuV SNR 0 dB*61
2026-09-28 14:50:47.056  2026-09-28 14:50:47
2026-09-28 14:50:47.577  $PECZ,[ 144670.2] STATUS  2026-09-28 14:50:47 UTC (16:50:47 local, UTC+2) VALID, last good frame 35 s ago | frames heard 6720, undecodable 3909, accepted 2715 (2114 by matching the expected fr*47
2026-09-28 14:50:48.051  2026-09-28 14:50:48
2026-09-28 14:50:49.054  2026-09-28 14:50:49
2026-09-28 14:50:50.055  2026-09-28 14:50:50
2026-09-28 14:50:51.048  TX end Q65 at 14:50:50.997, 51.0 s
2026-09-28 14:50:51.054  2026-09-28 14:50:51
2026-09-28 14:50:52.048  2026-09-28 14:50:52
2026-09-28 14:50:53.049  2026-09-28 14:50:53
2026-09-28 14:50:54.050  2026-09-28 14:50:54
2026-09-28 14:50:55.051  2026-09-28 14:50:55
2026-09-28 14:50:56.052  2026-09-28 14:50:56
2026-09-28 14:50:56.582  $PECZ,[ 144679.2] SIGNAL  level  54% [##########----------] OK, volume 57/63, centre -7% | carrier 1016.11 Hz (+16.11) locked, '0' bits at -33 deg, noise 11 deg | radio RSSI 63 dBuV SNR 0 dB*4F
2026-09-28 14:50:57.045  2026-09-28 14:50:57
2026-09-28 14:50:57.577  $PECZ,[ 144680.2] STATUS  2026-09-28 14:50:57 UTC (16:50:57 local, UTC+2) VALID, last good frame 45 s ago | frames heard 6720, undecodable 3909, accepted 2715 (2114 by matching the expected fr*4F
2026-09-28 14:50:58.050  2026-09-28 14:50:58
2026-09-28 14:50:59.052  2026-09-28 14:50:59
2026-09-28 14:50:59.090  $PECZ,[ 144681.6] FRAME   #6721 corr 0.44 - not decodable (too many bit errors, snr 3 dB)*09
