# Legnica receiver log, slot S = 2026-09-29 21:09:00 UTC, window S-30 s .. S+45 s ($GPRMC lines omitted)
# column 1-2: host receive time (UTC, NTP); $PECZ = receiver diagnostics, [uptime s]
2026-09-29 21:08:30.043  2026-09-29 21:08:30
2026-09-29 21:08:30.384  $PECZ,[ 253730.4] STATUS  2026-09-29 21:08:30 UTC (23:08:30 local, UTC+2) VALID, last good frame 3 s ago | frames heard 11445, undecodable 6801, accepted 4476 (3680 by matching the expected fr*44
2026-09-29 21:08:31.050  2026-09-29 21:08:31
2026-09-29 21:08:32.051  2026-09-29 21:08:32
2026-09-29 21:08:32.458  $PECZ,[ 253732.4] FRAME   #11446 corr 0.43 - not decodable (too many bit errors, snr -4 dB)*1E
2026-09-29 21:08:33.043  2026-09-29 21:08:33
2026-09-29 21:08:34.044  2026-09-29 21:08:34
2026-09-29 21:08:35.045  2026-09-29 21:08:35
2026-09-29 21:08:36.046  2026-09-29 21:08:36
2026-09-29 21:08:37.047  2026-09-29 21:08:37
2026-09-29 21:08:38.048  2026-09-29 21:08:38
2026-09-29 21:08:39.049  2026-09-29 21:08:39
2026-09-29 21:08:39.369  $PECZ,[ 253739.3] SIGNAL  level  54% [##########----------] OK, volume 57/63, centre 2% | carrier 1016.09 Hz (+16.09) locked, '0' bits at -32 deg, noise 10 deg | radio RSSI 64 dBuV SNR 0 dB*61
2026-09-29 21:08:40.044  2026-09-29 21:08:40
2026-09-29 21:08:40.385  $PECZ,[ 253740.4] STATUS  2026-09-29 21:08:40 UTC (23:08:40 local, UTC+2) VALID, last good frame 13 s ago | frames heard 11446, undecodable 6802, accepted 4476 (3680 by matching the expected f*00
2026-09-29 21:08:41.050  2026-09-29 21:08:41
2026-09-29 21:08:41.437  $PECZ,[ 253741.4] FRAME   #11447 corr 0.40 - not decodable (too many bit errors, snr -1 dB)*1D
2026-09-29 21:08:42.042  2026-09-29 21:08:42
2026-09-29 21:08:43.043  2026-09-29 21:08:43
2026-09-29 21:08:44.044  2026-09-29 21:08:44
2026-09-29 21:08:45.045  2026-09-29 21:08:45
2026-09-29 21:08:46.046  2026-09-29 21:08:46
2026-09-29 21:08:47.046  2026-09-29 21:08:47
2026-09-29 21:08:48.047  2026-09-29 21:08:48
2026-09-29 21:08:49.049  2026-09-29 21:08:49
2026-09-29 21:08:49.368  $PECZ,[ 253749.3] SIGNAL  level  52% [##########----------] OK, volume 57/63, centre 2% | carrier 1016.22 Hz (+16.22) locked, '0' bits at -32 deg, noise 9 deg | radio RSSI 64 dBuV SNR 0 dB*58
2026-09-29 21:08:50.043  2026-09-29 21:08:50
2026-09-29 21:08:50.385  $PECZ,[ 253750.4] STATUS  2026-09-29 21:08:50 UTC (23:08:50 local, UTC+2) VALID, last good frame 23 s ago | frames heard 11447, undecodable 6803, accepted 4476 (3680 by matching the expected f*02
2026-09-29 21:08:51.046  TX end Q65 at 21:08:51.006, 51.0 s
2026-09-29 21:08:51.050  2026-09-29 21:08:51
2026-09-29 21:08:52.043  2026-09-29 21:08:52
2026-09-29 21:08:53.043  2026-09-29 21:08:53
2026-09-29 21:08:54.044  2026-09-29 21:08:54
2026-09-29 21:08:55.045  2026-09-29 21:08:55
2026-09-29 21:08:56.046  2026-09-29 21:08:56
2026-09-29 21:08:57.047  2026-09-29 21:08:57
2026-09-29 21:08:58.049  2026-09-29 21:08:58
2026-09-29 21:08:59.050  2026-09-29 21:08:59
2026-09-29 21:08:59.370  $PECZ,[ 253759.3] SIGNAL  level  52% [##########----------] OK, volume 57/63, centre 0% | carrier 1016.19 Hz (+16.19) locked, '0' bits at -33 deg, noise 9 deg | radio RSSI 65 dBuV SNR 0 dB*5B
2026-09-29 21:09:00.045  2026-09-29 21:09:00
2026-09-29 21:09:00.046  TX start CW at 21:09:00.003
2026-09-29 21:09:00.387  $PECZ,[ 253760.4] STATUS  2026-09-29 21:09:00 UTC (23:09:00 local, UTC+2) VALID, last good frame 33 s ago | frames heard 11447, undecodable 6803, accepted 4476 (3680 by matching the expected f*00
2026-09-29 21:09:01.041  2026-09-29 21:09:01
2026-09-29 21:09:02.043  2026-09-29 21:09:02
2026-09-29 21:09:02.586  $PECZ,[ 253762.5] FRAME   #11448 corr 0.47 snr 2 dB, fixed 3 symbol(s) + soft retry: 2026-09-29 21:09:03 UTC (23:09:03 local, UTC+2)*23
2026-09-29 21:09:02.597  $PECZ,[ 253762.6] CLOCK   REJECTED - frame differs from clock by -2439 ms (kept as candidate)*70
2026-09-29 21:09:02.608  $PECZ,[ 253762.6] RAW     55 55 60 A2 6D 3E DE 8B C4 97 6B 09 *53
2026-09-29 21:09:03.041  2026-09-29 21:09:03
2026-09-29 21:09:04.044  2026-09-29 21:09:04
2026-09-29 21:09:05.045  2026-09-29 21:09:05
2026-09-29 21:09:06.046  2026-09-29 21:09:06
2026-09-29 21:09:07.047  2026-09-29 21:09:07
2026-09-29 21:09:08.048  2026-09-29 21:09:08
2026-09-29 21:09:09.049  2026-09-29 21:09:09
2026-09-29 21:09:09.369  $PECZ,[ 253769.3] SIGNAL  level  50% [##########----------] OK, volume 57/63, centre -1% | carrier 1016.12 Hz (+16.12) locked, '0' bits at -33 deg, noise 10 deg | radio RSSI 64 dBuV SNR 0 dB*4F
2026-09-29 21:09:10.045  2026-09-29 21:09:10
2026-09-29 21:09:10.386  $PECZ,[ 253770.4] STATUS  2026-09-29 21:09:10 UTC (23:09:10 local, UTC+2) VALID, last good frame 43 s ago | frames heard 11448, undecodable 6803, accepted 4476 (3680 by matching the expected f*09
2026-09-29 21:09:11.052  2026-09-29 21:09:11
2026-09-29 21:09:12.042  2026-09-29 21:09:12
2026-09-29 21:09:13.044  2026-09-29 21:09:13
2026-09-29 21:09:14.044  2026-09-29 21:09:14
2026-09-29 21:09:15.045  2026-09-29 21:09:15
2026-09-29 21:09:16.046  2026-09-29 21:09:16
2026-09-29 21:09:17.047  2026-09-29 21:09:17
2026-09-29 21:09:18.048  2026-09-29 21:09:18
2026-09-29 21:09:19.049  2026-09-29 21:09:19
2026-09-29 21:09:19.369  $PECZ,[ 253779.3] SIGNAL  level  55% [###########---------] OK, volume 57/63, centre 1% | carrier 1016.21 Hz (+16.21) locked, '0' bits at -33 deg, noise 11 deg | radio RSSI 64 dBuV SNR 0 dB*69
2026-09-29 21:09:20.043  2026-09-29 21:09:20
2026-09-29 21:09:20.387  $PECZ,[ 253780.4] STATUS  2026-09-29 21:09:20 UTC (23:09:20 local, UTC+2) VALID, last good frame 53 s ago | frames heard 11448, undecodable 6803, accepted 4476 (3680 by matching the expected f*07
2026-09-29 21:09:21.040  2026-09-29 21:09:21
2026-09-29 21:09:22.043  2026-09-29 21:09:22
2026-09-29 21:09:23.043  2026-09-29 21:09:23
2026-09-29 21:09:24.044  2026-09-29 21:09:24
2026-09-29 21:09:25.045  2026-09-29 21:09:25
2026-09-29 21:09:26.046  2026-09-29 21:09:26
2026-09-29 21:09:27.047  2026-09-29 21:09:27
2026-09-29 21:09:28.049  2026-09-29 21:09:28
2026-09-29 21:09:29.050  2026-09-29 21:09:29
2026-09-29 21:09:29.370  $PECZ,[ 253789.3] SIGNAL  level  57% [###########---------] OK, volume 57/63, centre -2% | carrier 1016.11 Hz (+16.11) locked, '0' bits at -32 deg, noise 10 deg | radio RSSI 64 dBuV SNR 0 dB*4A
2026-09-29 21:09:30.044  2026-09-29 21:09:30
2026-09-29 21:09:30.387  $PECZ,[ 253790.4] STATUS  2026-09-29 21:09:30 UTC (23:09:30 local, UTC+2) VALID, last good frame 63 s ago | frames heard 11448, undecodable 6803, accepted 4476 (3680 by matching the expected f*05
2026-09-29 21:09:31.041  2026-09-29 21:09:31
2026-09-29 21:09:32.043  2026-09-29 21:09:32
2026-09-29 21:09:33.044  2026-09-29 21:09:33
2026-09-29 21:09:34.045  2026-09-29 21:09:34
2026-09-29 21:09:35.046  2026-09-29 21:09:35
2026-09-29 21:09:36.047  2026-09-29 21:09:36
2026-09-29 21:09:36.244  TX end CW at 21:09:36.201, 36.2 s
2026-09-29 21:09:37.048  2026-09-29 21:09:37
2026-09-29 21:09:38.049  2026-09-29 21:09:38
2026-09-29 21:09:39.050  2026-09-29 21:09:39
2026-09-29 21:09:39.370  $PECZ,[ 253799.3] SIGNAL  level  54% [##########----------] OK, volume 57/63, centre -2% | carrier 1016.00 Hz (+16.00) locked, '0' bits at -33 deg, noise 11 deg | radio RSSI 64 dBuV SNR 0 dB*46
2026-09-29 21:09:40.045  2026-09-29 21:09:40
2026-09-29 21:09:40.386  $PECZ,[ 253800.4] STATUS  2026-09-29 21:09:40 UTC (23:09:40 local, UTC+2) VALID, last good frame 73 s ago | frames heard 11448, undecodable 6803, accepted 4476 (3680 by matching the expected f*02
2026-09-29 21:09:41.042  2026-09-29 21:09:41
2026-09-29 21:09:41.459  $PECZ,[ 253801.4] FRAME   #11449 corr 0.35 - not decodable (too many bit errors, snr -2 dB)*19
2026-09-29 21:09:42.044  2026-09-29 21:09:42
2026-09-29 21:09:43.045  2026-09-29 21:09:43
2026-09-29 21:09:44.046  2026-09-29 21:09:44
2026-09-29 21:09:44.092  $PECZ,[ 253804.0] FRAME   #11450 corr 0.46 - not decodable, but 0.82 of it agrees with the expected frame (snr 1 dB): 2026-09-29 21:09:42 UTC (23:09:42 local, UTC+2)*18
2026-09-29 21:09:44.103  $PECZ,[ 253804.0] CLOCK   confirmed, error +0.76 ms, xtal -24230 ppb*00
