# Legnica receiver log, slot S = 2026-09-29 04:05:00 UTC, window S-30 s .. S+45 s ($GPRMC lines omitted)
# column 1-2: host receive time (UTC, NTP); $PECZ = receiver diagnostics, [uptime s]
2026-09-29 04:04:30.062  2026-09-29 04:04:30
2026-09-29 04:04:31.063  2026-09-29 04:04:31
2026-09-29 04:04:32.065  2026-09-29 04:04:32
2026-09-29 04:04:33.065  2026-09-29 04:04:33
2026-09-29 04:04:34.066  2026-09-29 04:04:34
2026-09-29 04:04:35.067  2026-09-29 04:04:35
2026-09-29 04:04:36.068  2026-09-29 04:04:36
2026-09-29 04:04:37.059  2026-09-29 04:04:37
2026-09-29 04:04:38.060  2026-09-29 04:04:38
2026-09-29 04:04:38.111  $PECZ,[ 192299.2] SIGNAL  level  62% [############--------] OK, volume 57/63, centre 4% | carrier 1014.82 Hz (+14.82) locked, '0' bits at -33 deg, noise 48 deg | radio RSSI 64 dBuV SNR 0 dB*6E
2026-09-29 04:04:39.065  2026-09-29 04:04:39
2026-09-29 04:04:39.106  $PECZ,[ 192300.3] STATUS  2026-09-29 04:04:38 UTC (06:04:38 local, UTC+2) VALID, last good frame 527 s ago | frames heard 9050, undecodable 5290, accepted 3635 (2927 by matching the expected f*02
2026-09-29 04:04:40.060  2026-09-29 04:04:40
2026-09-29 04:04:41.061  2026-09-29 04:04:41
2026-09-29 04:04:42.062  2026-09-29 04:04:42
2026-09-29 04:04:43.063  2026-09-29 04:04:43
2026-09-29 04:04:44.064  2026-09-29 04:04:44
2026-09-29 04:04:45.065  2026-09-29 04:04:45
2026-09-29 04:04:46.066  2026-09-29 04:04:46
2026-09-29 04:04:47.067  2026-09-29 04:04:47
2026-09-29 04:04:48.068  2026-09-29 04:04:48
2026-09-29 04:04:48.109  $PECZ,[ 192309.2] SIGNAL  level  61% [############--------] OK, volume 57/63, centre 0% | carrier 1015.29 Hz (+15.29) locked, '0' bits at -33 deg, noise 60 deg | radio RSSI 64 dBuV SNR 0 dB*6B
2026-09-29 04:04:49.063  2026-09-29 04:04:49
2026-09-29 04:04:49.106  $PECZ,[ 192310.3] STATUS  2026-09-29 04:04:48 UTC (06:04:48 local, UTC+2) VALID, last good frame 537 s ago | frames heard 9050, undecodable 5290, accepted 3635 (2927 by matching the expected f*02
2026-09-29 04:04:50.060  2026-09-29 04:04:50
2026-09-29 04:04:51.061  2026-09-29 04:04:51
2026-09-29 04:04:51.063  TX end Q65 at 04:04:51.001, 51.0 s
2026-09-29 04:04:52.062  2026-09-29 04:04:52
2026-09-29 04:04:53.064  2026-09-29 04:04:53
2026-09-29 04:04:54.065  2026-09-29 04:04:54
2026-09-29 04:04:55.066  2026-09-29 04:04:55
2026-09-29 04:04:56.067  2026-09-29 04:04:56
2026-09-29 04:04:57.068  2026-09-29 04:04:57
2026-09-29 04:04:58.059  2026-09-29 04:04:58
2026-09-29 04:04:58.109  $PECZ,[ 192319.2] SIGNAL  level  60% [############--------] OK, volume 57/63, centre -2% | carrier 1014.56 Hz (+14.56) locking (fast) | radio RSSI 64 dBuV SNR 0 dB*78
2026-09-29 04:04:59.064  2026-09-29 04:04:59
2026-09-29 04:04:59.106  $PECZ,[ 192320.3] STATUS  2026-09-29 04:04:58 UTC (06:04:58 local, UTC+2) VALID, last good frame 547 s ago | frames heard 9050, undecodable 5290, accepted 3635 (2927 by matching the expected f*06
2026-09-29 04:05:00.061  2026-09-29 04:05:00
2026-09-29 04:05:00.063  TX start CW at 04:05:00.001
2026-09-29 04:05:01.062  2026-09-29 04:05:01
2026-09-29 04:05:02.063  2026-09-29 04:05:02
2026-09-29 04:05:03.064  2026-09-29 04:05:03
2026-09-29 04:05:04.065  2026-09-29 04:05:04
2026-09-29 04:05:05.066  2026-09-29 04:05:05
2026-09-29 04:05:06.067  2026-09-29 04:05:06
2026-09-29 04:05:07.068  2026-09-29 04:05:07
2026-09-29 04:05:08.059  2026-09-29 04:05:08
2026-09-29 04:05:08.109  $PECZ,[ 192329.2] SIGNAL  level  59% [###########---------] OK, volume 57/63, centre 2% | carrier 1014.81 Hz (+14.81) locked, '0' bits at -33 deg, noise 40 deg | radio RSSI 64 dBuV SNR 0 dB*6C
2026-09-29 04:05:09.064  2026-09-29 04:05:09
2026-09-29 04:05:09.106  $PECZ,[ 192330.3] STATUS  2026-09-29 04:05:08 UTC (06:05:08 local, UTC+2) VALID, last good frame 557 s ago | frames heard 9050, undecodable 5290, accepted 3635 (2927 by matching the expected f*06
2026-09-29 04:05:10.061  2026-09-29 04:05:10
2026-09-29 04:05:11.063  2026-09-29 04:05:11
2026-09-29 04:05:12.063  2026-09-29 04:05:12
2026-09-29 04:05:13.065  2026-09-29 04:05:13
2026-09-29 04:05:14.066  2026-09-29 04:05:14
2026-09-29 04:05:15.067  2026-09-29 04:05:15
2026-09-29 04:05:16.068  2026-09-29 04:05:16
2026-09-29 04:05:17.069  2026-09-29 04:05:17
2026-09-29 04:05:18.060  2026-09-29 04:05:18
2026-09-29 04:05:18.108  $PECZ,[ 192339.2] SIGNAL  level  58% [###########---------] OK, volume 57/63, centre 2% | carrier 1015.15 Hz (+15.15) locking | radio RSSI 64 dBuV SNR 0 dB*73
2026-09-29 04:05:19.064  2026-09-29 04:05:19
2026-09-29 04:05:19.106  $PECZ,[ 192340.3] STATUS  2026-09-29 04:05:18 UTC (06:05:18 local, UTC+2) VALID, last good frame 567 s ago | frames heard 9050, undecodable 5290, accepted 3635 (2927 by matching the expected f*02
2026-09-29 04:05:20.062  2026-09-29 04:05:20
2026-09-29 04:05:21.063  2026-09-29 04:05:21
2026-09-29 04:05:22.064  2026-09-29 04:05:22
2026-09-29 04:05:23.065  2026-09-29 04:05:23
2026-09-29 04:05:24.066  2026-09-29 04:05:24
2026-09-29 04:05:25.067  2026-09-29 04:05:25
2026-09-29 04:05:26.068  2026-09-29 04:05:26
2026-09-29 04:05:27.069  2026-09-29 04:05:27
2026-09-29 04:05:28.060  2026-09-29 04:05:28
2026-09-29 04:05:28.110  $PECZ,[ 192349.2] SIGNAL  level  60% [############--------] OK, volume 57/63, centre 0% | carrier 1014.87 Hz (+14.87) locked, '0' bits at -33 deg, noise 37 deg | radio RSSI 64 dBuV SNR 0 dB*6C
2026-09-29 04:05:29.065  2026-09-29 04:05:29
2026-09-29 04:05:29.107  $PECZ,[ 192350.3] STATUS  2026-09-29 04:05:28 UTC (06:05:28 local, UTC+2) VALID, last good frame 577 s ago | frames heard 9050, undecodable 5290, accepted 3635 (2927 by matching the expected f*02
2026-09-29 04:05:30.061  2026-09-29 04:05:30
2026-09-29 04:05:31.063  2026-09-29 04:05:31
2026-09-29 04:05:32.064  2026-09-29 04:05:32
2026-09-29 04:05:33.064  2026-09-29 04:05:33
2026-09-29 04:05:34.065  2026-09-29 04:05:34
2026-09-29 04:05:35.066  2026-09-29 04:05:35
2026-09-29 04:05:36.067  2026-09-29 04:05:36
2026-09-29 04:05:36.259  TX end CW at 04:05:36.195, 36.2 s
2026-09-29 04:05:37.068  2026-09-29 04:05:37
2026-09-29 04:05:38.059  2026-09-29 04:05:38
2026-09-29 04:05:38.110  $PECZ,[ 192359.2] SIGNAL  level  60% [############--------] OK, volume 57/63, centre -2% | carrier 1014.84 Hz (+14.84) locked, '0' bits at -33 deg, noise 34 deg | radio RSSI 64 dBuV SNR 0 dB*41
2026-09-29 04:05:39.064  2026-09-29 04:05:39
2026-09-29 04:05:39.107  $PECZ,[ 192360.3] STATUS  2026-09-29 04:05:38 UTC (06:05:38 local, UTC+2) VALID, last good frame 587 s ago | frames heard 9050, undecodable 5290, accepted 3635 (2927 by matching the expected f*0E
2026-09-29 04:05:40.062  2026-09-29 04:05:40
2026-09-29 04:05:41.063  2026-09-29 04:05:41
2026-09-29 04:05:42.064  2026-09-29 04:05:42
2026-09-29 04:05:43.065  2026-09-29 04:05:43
2026-09-29 04:05:44.066  2026-09-29 04:05:44
