# Legnica receiver log, slot S = 2026-09-29 06:55:00 UTC, window S-30 s .. S+45 s ($GPRMC lines omitted)
# column 1-2: host receive time (UTC, NTP); $PECZ = receiver diagnostics, [uptime s]
2026-09-29 06:54:30.047  2026-09-29 06:54:30
2026-09-29 06:54:31.048  2026-09-29 06:54:31
2026-09-29 06:54:32.049  2026-09-29 06:54:32
2026-09-29 06:54:33.051  2026-09-29 06:54:33
2026-09-29 06:54:34.051  2026-09-29 06:54:34
2026-09-29 06:54:35.042  2026-09-29 06:54:35
2026-09-29 06:54:36.043  2026-09-29 06:54:36
2026-09-29 06:54:37.044  2026-09-29 06:54:37
2026-09-29 06:54:38.044  2026-09-29 06:54:38
2026-09-29 06:54:38.087  $PECZ,[ 202499.3] SIGNAL  level  54% [##########----------] OK, volume 57/63, centre 0% | carrier 1018.45 Hz (+18.45) locked, '0' bits at -34 deg, noise 15 deg | radio RSSI 64 dBuV SNR 0 dB*6D
2026-09-29 06:54:39.042  2026-09-29 06:54:39
2026-09-29 06:54:39.133  $PECZ,[ 202500.3] STATUS  2026-09-29 06:54:39 UTC (08:54:39 local, UTC+2) VALID, last good frame 18 s ago | frames heard 9531, undecodable 5578, accepted 3822 (3099 by matching the expected fr*4F
2026-09-29 06:54:40.048  2026-09-29 06:54:40
2026-09-29 06:54:41.048  2026-09-29 06:54:41
2026-09-29 06:54:42.049  2026-09-29 06:54:42
2026-09-29 06:54:43.051  2026-09-29 06:54:43
2026-09-29 06:54:44.041  2026-09-29 06:54:44
2026-09-29 06:54:45.042  2026-09-29 06:54:45
2026-09-29 06:54:46.043  2026-09-29 06:54:46
2026-09-29 06:54:47.044  2026-09-29 06:54:47
2026-09-29 06:54:47.091  $PECZ,[ 202508.2] FRAME   #9532 corr 0.38 - not decodable, but 0.82 of it agrees with the expected frame (snr -2 dB): 2026-09-29 06:54:45 UTC (08:54:45 local, UTC+2)*08
2026-09-29 06:54:47.102  $PECZ,[ 202508.3] CLOCK   confirmed, error +1.16 ms, xtal -24243 ppb*05
2026-09-29 06:54:48.046  2026-09-29 06:54:48
2026-09-29 06:54:48.088  $PECZ,[ 202509.3] SIGNAL  level  57% [###########---------] OK, volume 57/63, centre -1% | carrier 1018.64 Hz (+18.64) locked, '0' bits at -34 deg, noise 15 deg | radio RSSI 64 dBuV SNR 0 dB*44
2026-09-29 06:54:49.042  2026-09-29 06:54:49
2026-09-29 06:54:49.133  $PECZ,[ 202510.3] STATUS  2026-09-29 06:54:49 UTC (08:54:49 local, UTC+2) VALID, last good frame 4 s ago | frames heard 9532, undecodable 5578, accepted 3823 (3100 by matching the expected fra*11
2026-09-29 06:54:50.047  2026-09-29 06:54:50
2026-09-29 06:54:51.042  TX end Q65 at 06:54:50.996, 51.0 s
2026-09-29 06:54:51.047  2026-09-29 06:54:51
2026-09-29 06:54:52.051  2026-09-29 06:54:52
2026-09-29 06:54:53.041  2026-09-29 06:54:53
2026-09-29 06:54:54.042  2026-09-29 06:54:54
2026-09-29 06:54:55.043  2026-09-29 06:54:55
2026-09-29 06:54:56.044  2026-09-29 06:54:56
2026-09-29 06:54:57.046  2026-09-29 06:54:57
2026-09-29 06:54:58.047  2026-09-29 06:54:58
2026-09-29 06:54:58.088  $PECZ,[ 202519.3] SIGNAL  level  61% [############--------] OK, volume 57/63, centre -2% | carrier 1018.97 Hz (+18.97) locked, '0' bits at -34 deg, noise 15 deg | radio RSSI 64 dBuV SNR 0 dB*4D
2026-09-29 06:54:59.043  2026-09-29 06:54:59
2026-09-29 06:54:59.133  $PECZ,[ 202520.3] STATUS  2026-09-29 06:54:59 UTC (08:54:59 local, UTC+2) VALID, last good frame 14 s ago | frames heard 9532, undecodable 5578, accepted 3823 (3100 by matching the expected fr*42
2026-09-29 06:55:00.040  TX start CW at 06:55:00.000
2026-09-29 06:55:00.046  2026-09-29 06:55:00
2026-09-29 06:55:01.050  2026-09-29 06:55:01
2026-09-29 06:55:02.042  2026-09-29 06:55:02
2026-09-29 06:55:02.559  $PECZ,[ 202523.8] FRAME   #9533 corr 0.32 - not decodable (too many bit errors, snr 1 dB)*00
2026-09-29 06:55:03.042  2026-09-29 06:55:03
2026-09-29 06:55:04.045  2026-09-29 06:55:04
2026-09-29 06:55:05.046  2026-09-29 06:55:05
2026-09-29 06:55:06.047  2026-09-29 06:55:06
2026-09-29 06:55:07.048  2026-09-29 06:55:07
2026-09-29 06:55:08.049  2026-09-29 06:55:08
2026-09-29 06:55:08.089  $PECZ,[ 202529.3] SIGNAL  level  61% [############--------] OK, volume 57/63, centre -2% | carrier 1019.10 Hz (+19.10) locked, '0' bits at -34 deg, noise 16 deg | radio RSSI 64 dBuV SNR 0 dB*4D
2026-09-29 06:55:09.044  2026-09-29 06:55:09
2026-09-29 06:55:09.134  $PECZ,[ 202530.3] STATUS  2026-09-29 06:55:09 UTC (08:55:09 local, UTC+2) VALID, last good frame 24 s ago | frames heard 9533, undecodable 5579, accepted 3823 (3100 by matching the expected fr*40
2026-09-29 06:55:10.049  2026-09-29 06:55:10
2026-09-29 06:55:11.050  2026-09-29 06:55:11
2026-09-29 06:55:12.051  2026-09-29 06:55:12
2026-09-29 06:55:13.042  2026-09-29 06:55:13
2026-09-29 06:55:14.043  2026-09-29 06:55:14
2026-09-29 06:55:15.044  2026-09-29 06:55:15
2026-09-29 06:55:16.045  2026-09-29 06:55:16
2026-09-29 06:55:17.046  2026-09-29 06:55:17
2026-09-29 06:55:18.047  2026-09-29 06:55:18
2026-09-29 06:55:18.088  $PECZ,[ 202539.3] SIGNAL  level  56% [###########---------] OK, volume 57/63, centre -1% | carrier 1019.17 Hz (+19.17) locked, '0' bits at -34 deg, noise 15 deg | radio RSSI 64 dBuV SNR 0 dB*46
2026-09-29 06:55:19.044  2026-09-29 06:55:19
2026-09-29 06:55:19.134  $PECZ,[ 202540.3] STATUS  2026-09-29 06:55:19 UTC (08:55:19 local, UTC+2) VALID, last good frame 34 s ago | frames heard 9533, undecodable 5579, accepted 3823 (3100 by matching the expected fr*46
2026-09-29 06:55:20.049  2026-09-29 06:55:20
2026-09-29 06:55:21.050  2026-09-29 06:55:21
2026-09-29 06:55:22.051  2026-09-29 06:55:22
2026-09-29 06:55:23.041  2026-09-29 06:55:23
2026-09-29 06:55:24.043  2026-09-29 06:55:24
2026-09-29 06:55:25.044  2026-09-29 06:55:25
2026-09-29 06:55:26.045  2026-09-29 06:55:26
2026-09-29 06:55:27.046  2026-09-29 06:55:27
2026-09-29 06:55:28.047  2026-09-29 06:55:28
2026-09-29 06:55:28.089  $PECZ,[ 202549.3] SIGNAL  level  59% [###########---------] OK, volume 57/63, centre -1% | carrier 1019.47 Hz (+19.47) locked, '0' bits at -34 deg, noise 15 deg | radio RSSI 64 dBuV SNR 0 dB*4E
2026-09-29 06:55:29.044  2026-09-29 06:55:29
2026-09-29 06:55:29.134  $PECZ,[ 202550.3] STATUS  2026-09-29 06:55:29 UTC (08:55:29 local, UTC+2) VALID, last good frame 44 s ago | frames heard 9533, undecodable 5579, accepted 3823 (3100 by matching the expected fr*40
2026-09-29 06:55:30.049  2026-09-29 06:55:30
2026-09-29 06:55:31.050  2026-09-29 06:55:31
2026-09-29 06:55:32.051  2026-09-29 06:55:32
2026-09-29 06:55:33.042  2026-09-29 06:55:33
2026-09-29 06:55:34.042  2026-09-29 06:55:34
2026-09-29 06:55:35.043  2026-09-29 06:55:35
2026-09-29 06:55:36.044  2026-09-29 06:55:36
2026-09-29 06:55:36.239  TX end CW at 06:55:36.198, 36.2 s
2026-09-29 06:55:37.045  2026-09-29 06:55:37
2026-09-29 06:55:38.046  2026-09-29 06:55:38
2026-09-29 06:55:38.088  $PECZ,[ 202559.3] SIGNAL  level  58% [###########---------] OK, volume 57/63, centre 0% | carrier 1019.68 Hz (+19.68) locked, '0' bits at -34 deg, noise 15 deg | radio RSSI 63 dBuV SNR 0 dB*65
2026-09-29 06:55:39.043  2026-09-29 06:55:39
2026-09-29 06:55:39.134  $PECZ,[ 202560.3] STATUS  2026-09-29 06:55:39 UTC (08:55:39 local, UTC+2) VALID, last good frame 54 s ago | frames heard 9533, undecodable 5579, accepted 3823 (3100 by matching the expected fr*42
2026-09-29 06:55:40.049  2026-09-29 06:55:40
2026-09-29 06:55:41.050  2026-09-29 06:55:41
2026-09-29 06:55:42.041  2026-09-29 06:55:42
2026-09-29 06:55:43.043  2026-09-29 06:55:43
2026-09-29 06:55:44.044  2026-09-29 06:55:44
