# Legnica receiver log, slot S = 2026-09-29 17:40:21 UTC, window S-30 s .. S+45 s ($GPRMC lines omitted)
# column 1-2: host receive time (UTC, NTP); $PECZ = receiver diagnostics, [uptime s]
2026-09-29 17:39:51.039  2026-09-29 17:39:51
2026-09-29 17:39:52.040  2026-09-29 17:39:52
2026-09-29 17:39:53.041  2026-09-29 17:39:53
2026-09-29 17:39:54.043  2026-09-29 17:39:54
2026-09-29 17:39:55.043  2026-09-29 17:39:55
2026-09-29 17:39:56.044  2026-09-29 17:39:56
2026-09-29 17:39:57.045  2026-09-29 17:39:57
2026-09-29 17:39:58.037  2026-09-29 17:39:58
2026-09-29 17:39:59.036  2026-09-29 17:39:59
2026-09-29 17:39:59.087  $PECZ,[ 241219.3] SIGNAL  level  56% [###########---------] OK, volume 57/63, centre 1% | carrier 1016.93 Hz (+16.93) locked, '0' bits at -34 deg, noise 19 deg | radio RSSI 64 dBuV SNR 0 dB*65
2026-09-29 17:39:59.428  $PECZ,[ 241219.7] FRAME   #10729 corr 0.33 - not decodable (too many bit errors, snr -3 dB)*19
2026-09-29 17:40:00.034  TX start Q65 at 17:40:00.000
2026-09-29 17:40:00.041  2026-09-29 17:40:00
2026-09-29 17:40:00.084  $PECZ,[ 241220.4] STATUS  2026-09-29 17:40:00 UTC (19:40:00 local, UTC+2) VALID, last good frame 117 s ago | frames heard 10729, undecodable 6420, accepted 4153 (3417 by matching the expected *56
2026-09-29 17:40:01.038  2026-09-29 17:40:01
2026-09-29 17:40:02.039  2026-09-29 17:40:02
2026-09-29 17:40:02.427  $PECZ,[ 241222.7] FRAME   #10730 corr 0.31 - not decodable (too many bit errors, snr -1 dB)*19
2026-09-29 17:40:03.040  2026-09-29 17:40:03
2026-09-29 17:40:04.043  2026-09-29 17:40:04
2026-09-29 17:40:05.044  2026-09-29 17:40:05
2026-09-29 17:40:06.045  2026-09-29 17:40:06
2026-09-29 17:40:07.036  2026-09-29 17:40:07
2026-09-29 17:40:08.036  2026-09-29 17:40:08
2026-09-29 17:40:09.037  2026-09-29 17:40:09
2026-09-29 17:40:09.082  $PECZ,[ 241229.3] SIGNAL  level  54% [##########----------] OK, volume 57/63, centre 2% | carrier 1016.75 Hz (+16.75) locked, '0' bits at -34 deg, noise 16 deg | radio RSSI 64 dBuV SNR 0 dB*66
2026-09-29 17:40:10.036  2026-09-29 17:40:10
2026-09-29 17:40:10.087  $PECZ,[ 241230.4] STATUS  2026-09-29 17:40:10 UTC (19:40:10 local, UTC+2) VALID, last good frame 127 s ago | frames heard 10730, undecodable 6421, accepted 4153 (3417 by matching the expected *5D
2026-09-29 17:40:11.041  2026-09-29 17:40:11
2026-09-29 17:40:12.043  2026-09-29 17:40:12
2026-09-29 17:40:13.044  2026-09-29 17:40:13
2026-09-29 17:40:14.044  2026-09-29 17:40:14
2026-09-29 17:40:15.036  2026-09-29 17:40:15
2026-09-29 17:40:16.037  2026-09-29 17:40:16
2026-09-29 17:40:17.038  2026-09-29 17:40:17
2026-09-29 17:40:18.039  2026-09-29 17:40:18
2026-09-29 17:40:19.040  2026-09-29 17:40:19
2026-09-29 17:40:19.082  $PECZ,[ 241239.3] SIGNAL  level  58% [###########---------] OK, volume 57/63, centre 1% | carrier 1016.89 Hz (+16.89) locked, '0' bits at -34 deg, noise 14 deg | radio RSSI 64 dBuV SNR 0 dB*64
2026-09-29 17:40:20.037  2026-09-29 17:40:20
2026-09-29 17:40:20.087  $PECZ,[ 241240.4] STATUS  2026-09-29 17:40:20 UTC (19:40:20 local, UTC+2) VALID, last good frame 137 s ago | frames heard 10730, undecodable 6421, accepted 4153 (3417 by matching the expected *5B
2026-09-29 17:40:21.042  2026-09-29 17:40:21
2026-09-29 17:40:22.043  2026-09-29 17:40:22
2026-09-29 17:40:23.044  2026-09-29 17:40:23
2026-09-29 17:40:23.571  $PECZ,[ 241243.9] FRAME   #10731 corr 0.33 - not decodable (too many bit errors, snr -1 dB)*13
2026-09-29 17:40:24.034  2026-09-29 17:40:24
2026-09-29 17:40:25.037  2026-09-29 17:40:25
2026-09-29 17:40:26.038  2026-09-29 17:40:26
2026-09-29 17:40:27.039  2026-09-29 17:40:27
2026-09-29 17:40:28.040  2026-09-29 17:40:28
2026-09-29 17:40:29.041  2026-09-29 17:40:29
2026-09-29 17:40:29.082  $PECZ,[ 241249.3] SIGNAL  level  57% [###########---------] OK, volume 57/63, centre 1% | carrier 1016.90 Hz (+16.90) locked, '0' bits at -34 deg, noise 12 deg | radio RSSI 64 dBuV SNR 0 dB*6A
2026-09-29 17:40:30.038  2026-09-29 17:40:30
2026-09-29 17:40:30.088  $PECZ,[ 241250.4] STATUS  2026-09-29 17:40:30 UTC (19:40:30 local, UTC+2) VALID, last good frame 147 s ago | frames heard 10731, undecodable 6422, accepted 4153 (3417 by matching the expected *5F
2026-09-29 17:40:31.043  2026-09-29 17:40:31
2026-09-29 17:40:32.044  2026-09-29 17:40:32
2026-09-29 17:40:33.045  2026-09-29 17:40:33
2026-09-29 17:40:34.036  2026-09-29 17:40:34
2026-09-29 17:40:35.037  2026-09-29 17:40:35
2026-09-29 17:40:36.038  2026-09-29 17:40:36
2026-09-29 17:40:37.040  2026-09-29 17:40:37
2026-09-29 17:40:38.040  2026-09-29 17:40:38
2026-09-29 17:40:39.040  2026-09-29 17:40:39
2026-09-29 17:40:39.082  $PECZ,[ 241259.3] SIGNAL  level  54% [##########----------] OK, volume 57/63, centre -2% | carrier 1016.85 Hz (+16.85) locked, '0' bits at -34 deg, noise 13 deg | radio RSSI 64 dBuV SNR 0 dB*49
2026-09-29 17:40:40.037  2026-09-29 17:40:40
2026-09-29 17:40:40.087  $PECZ,[ 241260.4] STATUS  2026-09-29 17:40:40 UTC (19:40:40 local, UTC+2) VALID, last good frame 157 s ago | frames heard 10731, undecodable 6422, accepted 4153 (3417 by matching the expected *5D
2026-09-29 17:40:41.042  2026-09-29 17:40:41
2026-09-29 17:40:42.044  2026-09-29 17:40:42
2026-09-29 17:40:43.044  2026-09-29 17:40:43
2026-09-29 17:40:44.036  2026-09-29 17:40:44
2026-09-29 17:40:45.036  2026-09-29 17:40:45
2026-09-29 17:40:46.037  2026-09-29 17:40:46
2026-09-29 17:40:47.038  2026-09-29 17:40:47
2026-09-29 17:40:48.039  2026-09-29 17:40:48
2026-09-29 17:40:49.040  2026-09-29 17:40:49
2026-09-29 17:40:49.082  $PECZ,[ 241269.3] SIGNAL  level  58% [###########---------] OK, volume 57/63, centre 0% | carrier 1016.85 Hz (+16.85) locked, '0' bits at -34 deg, noise 12 deg | radio RSSI 65 dBuV SNR 0 dB*67
2026-09-29 17:40:50.037  2026-09-29 17:40:50
2026-09-29 17:40:50.087  $PECZ,[ 241270.4] STATUS  2026-09-29 17:40:50 UTC (19:40:50 local, UTC+2) VALID, last good frame 167 s ago | frames heard 10731, undecodable 6422, accepted 4153 (3417 by matching the expected *5F
2026-09-29 17:40:51.035  TX end Q65 at 17:40:51.000, 51.0 s
2026-09-29 17:40:51.040  2026-09-29 17:40:51
2026-09-29 17:40:52.043  2026-09-29 17:40:52
2026-09-29 17:40:53.045  2026-09-29 17:40:53
2026-09-29 17:40:53.461  $PECZ,[ 241273.8] FRAME   #10732 corr 0.30 - not decodable (too many bit errors, snr -1 dB)*11
2026-09-29 17:40:54.036  2026-09-29 17:40:54
2026-09-29 17:40:55.037  2026-09-29 17:40:55
2026-09-29 17:40:56.038  2026-09-29 17:40:56
2026-09-29 17:40:56.086  $PECZ,[ 241276.3] FRAME   #10733 corr 0.39 - not decodable, but 0.89 of it agrees with the expected frame (snr 0 dB): 2026-09-29 17:40:54 UTC (19:40:54 local, UTC+2)*1E
2026-09-29 17:40:56.097  $PECZ,[ 241276.3] CLOCK   confirmed, error -1.22 ms, xtal -24444 ppb*0C
2026-09-29 17:40:57.042  2026-09-29 17:40:57
2026-09-29 17:40:58.044  2026-09-29 17:40:58
2026-09-29 17:40:59.045  2026-09-29 17:40:59
2026-09-29 17:40:59.084  $PECZ,[ 241279.3] SIGNAL  level  60% [############--------] OK, volume 57/63, centre -7% | carrier 1016.84 Hz (+16.84) locked, '0' bits at -34 deg, noise 12 deg | radio RSSI 64 dBuV SNR 0 dB*48
2026-09-29 17:41:00.040  2026-09-29 17:41:00
2026-09-29 17:41:00.042  TX start CW at 17:41:00.003
2026-09-29 17:41:00.083  $PECZ,[ 241280.4] STATUS  2026-09-29 17:41:00 UTC (19:41:00 local, UTC+2) VALID, last good frame 6 s ago | frames heard 10733, undecodable 6423, accepted 4154 (3418 by matching the expected fr*49
2026-09-29 17:41:01.039  2026-09-29 17:41:01
2026-09-29 17:41:02.040  2026-09-29 17:41:02
2026-09-29 17:41:03.041  2026-09-29 17:41:03
2026-09-29 17:41:04.043  2026-09-29 17:41:04
2026-09-29 17:41:05.043  2026-09-29 17:41:05
