# Legnica receiver log, slot S = 2026-09-28 18:57:57 UTC, window S-30 s .. S+45 s ($GPRMC lines omitted)
# column 1-2: host receive time (UTC, NTP); $PECZ = receiver diagnostics, [uptime s]
2026-09-28 18:57:27.045  2026-09-28 18:57:27
2026-09-28 18:57:27.089  $PECZ,[ 159469.2] SIGNAL  level  56% [###########---------] OK, volume 57/63, centre 0% | carrier 1014.17 Hz (+14.17) locked, '0' bits at -34 deg, noise 13 deg | radio RSSI 64 dBuV SNR 0 dB*64
2026-09-28 18:57:28.044  2026-09-28 18:57:28
2026-09-28 18:57:28.095  $PECZ,[ 159470.2] STATUS  2026-09-28 18:57:27 UTC (20:57:27 local, UTC+2) VALID, last good frame 24 s ago | frames heard 7573, undecodable 4408, accepted 3055 (2413 by matching the expected fr*4E
2026-09-28 18:57:29.049  2026-09-28 18:57:29
2026-09-28 18:57:29.093  $PECZ,[ 159471.3] FRAME   #7574 corr 0.46 - not decodable, but 0.80 of it agrees with the expected frame (snr 1 dB): 2026-09-28 18:57:27 UTC (20:57:27 local, UTC+2)*26
2026-09-28 18:57:29.103  $PECZ,[ 159471.3] CLOCK   confirmed, error -0.83 ms, xtal -24361 ppb*0D
2026-09-28 18:57:30.048  2026-09-28 18:57:30
2026-09-28 18:57:31.049  2026-09-28 18:57:31
2026-09-28 18:57:32.050  2026-09-28 18:57:32
2026-09-28 18:57:32.093  $PECZ,[ 159474.3] FRAME   #7575 corr 0.43 - not decodable, but 0.81 of it agrees with the expected frame (snr 3 dB): 2026-09-28 18:57:30 UTC (20:57:30 local, UTC+2)*24
2026-09-28 18:57:32.103  $PECZ,[ 159474.3] CLOCK   confirmed, error -0.15 ms, xtal -24327 ppb*05
2026-09-28 18:57:33.048  2026-09-28 18:57:33
2026-09-28 18:57:34.049  2026-09-28 18:57:34
2026-09-28 18:57:35.050  2026-09-28 18:57:35
2026-09-28 18:57:36.051  2026-09-28 18:57:36
2026-09-28 18:57:36.248  TX end CW at 18:57:36.200, 36.2 s
2026-09-28 18:57:37.052  2026-09-28 18:57:37
2026-09-28 18:57:37.093  $PECZ,[ 159479.2] SIGNAL  level  56% [###########---------] OK, volume 57/63, centre 2% | carrier 1014.35 Hz (+14.35) locked, '0' bits at -34 deg, noise 13 deg | radio RSSI 64 dBuV SNR 0 dB*67
2026-09-28 18:57:38.048  2026-09-28 18:57:38
2026-09-28 18:57:38.090  $PECZ,[ 159480.2] STATUS  2026-09-28 18:57:37 UTC (20:57:37 local, UTC+2) VALID, last good frame 7 s ago | frames heard 7575, undecodable 4408, accepted 3057 (2415 by matching the expected fra*13
2026-09-28 18:57:39.044  2026-09-28 18:57:39
2026-09-28 18:57:40.045  2026-09-28 18:57:40
2026-09-28 18:57:41.046  2026-09-28 18:57:41
2026-09-28 18:57:41.093  $PECZ,[ 159483.3] FRAME   #7576 corr 0.40 - not decodable, but 0.82 of it agrees with the expected frame (snr 0 dB): 2026-09-28 18:57:39 UTC (20:57:39 local, UTC+2)*2C
2026-09-28 18:57:41.103  $PECZ,[ 159483.3] CLOCK   confirmed, error +0.24 ms, xtal -24301 ppb*0D
2026-09-28 18:57:42.048  2026-09-28 18:57:42
2026-09-28 18:57:43.049  2026-09-28 18:57:43
2026-09-28 18:57:44.050  2026-09-28 18:57:44
2026-09-28 18:57:44.428  $PECZ,[ 159486.7] FRAME   #7577 corr 0.36 - not decodable (too many bit errors, snr -5 dB)*2F
2026-09-28 18:57:45.052  2026-09-28 18:57:45
2026-09-28 18:57:46.043  2026-09-28 18:57:46
2026-09-28 18:57:47.044  2026-09-28 18:57:47
2026-09-28 18:57:47.094  $PECZ,[ 159489.2] SIGNAL  level  50% [##########----------] OK, volume 57/63, centre 1% | carrier 1014.15 Hz (+14.15) locked, '0' bits at -34 deg, noise 11 deg | radio RSSI 64 dBuV SNR 0 dB*61
2026-09-28 18:57:48.049  2026-09-28 18:57:48
2026-09-28 18:57:48.090  $PECZ,[ 159490.2] STATUS  2026-09-28 18:57:47 UTC (20:57:47 local, UTC+2) VALID, last good frame 8 s ago | frames heard 7577, undecodable 4409, accepted 3058 (2416 by matching the expected fra*12
2026-09-28 18:57:49.046  2026-09-28 18:57:49
2026-09-28 18:57:50.046  2026-09-28 18:57:50
2026-09-28 18:57:50.093  $PECZ,[ 159492.3] FRAME   #7578 corr 0.39 - not decodable, but 0.89 of it agrees with the expected frame (snr -1 dB): 2026-09-28 18:57:48 UTC (20:57:48 local, UTC+2)*0B
2026-09-28 18:57:50.104  $PECZ,[ 159492.3] CLOCK   confirmed, error -0.06 ms, xtal -24319 ppb*02
2026-09-28 18:57:51.049  2026-09-28 18:57:51
2026-09-28 18:57:52.050  2026-09-28 18:57:52
2026-09-28 18:57:53.052  2026-09-28 18:57:53
2026-09-28 18:57:54.053  2026-09-28 18:57:54
2026-09-28 18:57:55.043  2026-09-28 18:57:55
2026-09-28 18:57:56.044  2026-09-28 18:57:56
2026-09-28 18:57:57.045  2026-09-28 18:57:57
2026-09-28 18:57:57.095  $PECZ,[ 159499.2] SIGNAL  level  58% [###########---------] OK, volume 57/63, centre -1% | carrier 1014.32 Hz (+14.32) locked, '0' bits at -34 deg, noise 12 deg | radio RSSI 64 dBuV SNR 0 dB*48
2026-09-28 18:57:58.050  2026-09-28 18:57:58
2026-09-28 18:57:58.090  $PECZ,[ 159500.2] STATUS  2026-09-28 18:57:57 UTC (20:57:57 local, UTC+2) VALID, last good frame 9 s ago | frames heard 7578, undecodable 4409, accepted 3059 (2417 by matching the expected fra*14
2026-09-28 18:57:59.045  2026-09-28 18:57:59
2026-09-28 18:57:59.572  $PECZ,[ 159501.8] FRAME   #7579 corr 0.35 - not decodable (too many bit errors, snr -2 dB)*24
2026-09-28 18:58:00.041  TX start Q65 at 18:58:00.000
2026-09-28 18:58:00.045  2026-09-28 18:58:00
2026-09-28 18:58:01.049  2026-09-28 18:58:01
2026-09-28 18:58:02.050  2026-09-28 18:58:02
2026-09-28 18:58:03.051  2026-09-28 18:58:03
2026-09-28 18:58:04.052  2026-09-28 18:58:04
2026-09-28 18:58:05.043  2026-09-28 18:58:05
2026-09-28 18:58:05.093  $PECZ,[ 159507.3] FRAME   #7580 corr 0.39 - not decodable, but 0.80 of it agrees with the expected frame (snr -1 dB): 2026-09-28 18:58:03 UTC (20:58:03 local, UTC+2)*08
2026-09-28 18:58:05.104  $PECZ,[ 159507.3] CLOCK   confirmed, error +0.07 ms, xtal -24310 ppb*01
2026-09-28 18:58:06.049  2026-09-28 18:58:06
2026-09-28 18:58:07.050  2026-09-28 18:58:07
2026-09-28 18:58:07.090  $PECZ,[ 159509.2] SIGNAL  level  56% [###########---------] OK, volume 57/63, centre 1% | carrier 1014.19 Hz (+14.19) locked, '0' bits at -34 deg, noise 13 deg | radio RSSI 64 dBuV SNR 0 dB*62
2026-09-28 18:58:08.045  2026-09-28 18:58:08
2026-09-28 18:58:08.095  $PECZ,[ 159510.2] STATUS  2026-09-28 18:58:07 UTC (20:58:07 local, UTC+2) VALID, last good frame 4 s ago | frames heard 7580, undecodable 4410, accepted 3060 (2418 by matching the expected fra*12
2026-09-28 18:58:09.050  2026-09-28 18:58:09
2026-09-28 18:58:10.051  2026-09-28 18:58:10
2026-09-28 18:58:11.052  2026-09-28 18:58:11
2026-09-28 18:58:11.093  $PECZ,[ 159513.3] FRAME   #7581 corr 0.32 - not decodable, but 0.87 of it agrees with the expected frame (snr -3 dB): 2026-09-28 18:58:09 UTC (20:58:09 local, UTC+2)*02
2026-09-28 18:58:11.104  $PECZ,[ 159513.3] CLOCK   confirmed, error -1.10 ms, xtal -24394 ppb*09
2026-09-28 18:58:12.049  2026-09-28 18:58:12
2026-09-28 18:58:13.051  2026-09-28 18:58:13
2026-09-28 18:58:14.051  2026-09-28 18:58:14
2026-09-28 18:58:15.052  2026-09-28 18:58:15
2026-09-28 18:58:16.043  2026-09-28 18:58:16
2026-09-28 18:58:17.044  2026-09-28 18:58:17
2026-09-28 18:58:17.094  $PECZ,[ 159519.2] SIGNAL  level  54% [##########----------] OK, volume 57/63, centre 0% | carrier 1014.24 Hz (+14.24) locked, '0' bits at -34 deg, noise 11 deg | radio RSSI 64 dBuV SNR 0 dB*6C
2026-09-28 18:58:18.049  2026-09-28 18:58:18
2026-09-28 18:58:18.090  $PECZ,[ 159520.2] STATUS  2026-09-28 18:58:17 UTC (20:58:17 local, UTC+2) VALID, last good frame 8 s ago | frames heard 7581, undecodable 4410, accepted 3061 (2419 by matching the expected fra*1C
2026-09-28 18:58:19.045  2026-09-28 18:58:19
2026-09-28 18:58:20.046  2026-09-28 18:58:20
2026-09-28 18:58:20.463  $PECZ,[ 159522.7] FRAME   #7582 corr 0.33 - not decodable (too many bit errors, snr -3 dB)*29
2026-09-28 18:58:21.048  2026-09-28 18:58:21
2026-09-28 18:58:22.049  2026-09-28 18:58:22
2026-09-28 18:58:23.050  2026-09-28 18:58:23
2026-09-28 18:58:24.051  2026-09-28 18:58:24
2026-09-28 18:58:25.052  2026-09-28 18:58:25
2026-09-28 18:58:26.043  2026-09-28 18:58:26
2026-09-28 18:58:27.044  2026-09-28 18:58:27
2026-09-28 18:58:27.088  $PECZ,[ 159529.2] SIGNAL  level  55% [###########---------] OK, volume 57/63, centre 3% | carrier 1014.21 Hz (+14.21) locked, '0' bits at -34 deg, noise 11 deg | radio RSSI 64 dBuV SNR 0 dB*63
2026-09-28 18:58:28.043  2026-09-28 18:58:28
2026-09-28 18:58:28.093  $PECZ,[ 159530.2] STATUS  2026-09-28 18:58:27 UTC (20:58:27 local, UTC+2) VALID, last good frame 18 s ago | frames heard 7582, undecodable 4411, accepted 3061 (2419 by matching the expected fr*4F
2026-09-28 18:58:29.048  2026-09-28 18:58:29
2026-09-28 18:58:30.049  2026-09-28 18:58:30
2026-09-28 18:58:31.050  2026-09-28 18:58:31
2026-09-28 18:58:32.051  2026-09-28 18:58:32
2026-09-28 18:58:33.052  2026-09-28 18:58:33
2026-09-28 18:58:34.043  2026-09-28 18:58:34
2026-09-28 18:58:35.044  2026-09-28 18:58:35
2026-09-28 18:58:36.045  2026-09-28 18:58:36
2026-09-28 18:58:37.046  2026-09-28 18:58:37
2026-09-28 18:58:37.088  $PECZ,[ 159539.2] SIGNAL  level  53% [##########----------] OK, volume 57/63, centre 3% | carrier 1014.28 Hz (+14.28) locked, '0' bits at -34 deg, noise 14 deg | radio RSSI 64 dBuV SNR 0 dB*6F
2026-09-28 18:58:38.044  2026-09-28 18:58:38
2026-09-28 18:58:38.094  $PECZ,[ 159540.2] STATUS  2026-09-28 18:58:37 UTC (20:58:37 local, UTC+2) VALID, last good frame 28 s ago | frames heard 7582, undecodable 4411, accepted 3061 (2419 by matching the expected fr*4B
2026-09-28 18:58:39.049  2026-09-28 18:58:39
2026-09-28 18:58:40.050  2026-09-28 18:58:40
2026-09-28 18:58:41.051  2026-09-28 18:58:41
