# Legnica receiver log, slot S = 2026-09-28 08:32:36 UTC, window S-30 s .. S+45 s ($GPRMC lines omitted)
# column 1-2: host receive time (UTC, NTP); $PECZ = receiver diagnostics, [uptime s]
2026-09-28 08:32:06.038  2026-09-28 08:32:06
2026-09-28 08:32:06.079  $PECZ,[ 121949.2] SIGNAL  level  60% [############--------] OK, volume 57/63, centre 3% | carrier 1014.00 Hz (+14.00) locked, '0' bits at -33 deg, noise 17 deg | radio RSSI 64 dBuV SNR 0 dB*6F
2026-09-28 08:32:07.034  2026-09-28 08:32:07
2026-09-28 08:32:07.084  $PECZ,[ 121950.1] STATUS  2026-09-28 08:32:06 UTC (10:32:06 local, UTC+2) VALID, last good frame 177 s ago | frames heard 5926, undecodable 3369, accepted 2471 (1880 by matching the expected f*05
2026-09-28 08:32:08.039  2026-09-28 08:32:08
2026-09-28 08:32:09.041  2026-09-28 08:32:09
2026-09-28 08:32:10.042  2026-09-28 08:32:10
2026-09-28 08:32:11.043  2026-09-28 08:32:11
2026-09-28 08:32:12.044  2026-09-28 08:32:12
2026-09-28 08:32:13.034  2026-09-28 08:32:13
2026-09-28 08:32:14.035  2026-09-28 08:32:14
2026-09-28 08:32:15.036  2026-09-28 08:32:15
2026-09-28 08:32:16.037  2026-09-28 08:32:16
2026-09-28 08:32:16.079  $PECZ,[ 121959.2] SIGNAL  level  56% [###########---------] OK, volume 57/63, centre 0% | carrier 1013.90 Hz (+13.90) locked, '0' bits at -33 deg, noise 18 deg | radio RSSI 64 dBuV SNR 0 dB*69
2026-09-28 08:32:17.035  2026-09-28 08:32:17
2026-09-28 08:32:17.085  $PECZ,[ 121960.1] STATUS  2026-09-28 08:32:16 UTC (10:32:16 local, UTC+2) VALID, last good frame 187 s ago | frames heard 5926, undecodable 3369, accepted 2471 (1880 by matching the expected f*09
2026-09-28 08:32:18.040  2026-09-28 08:32:18
2026-09-28 08:32:19.041  2026-09-28 08:32:19
2026-09-28 08:32:20.042  2026-09-28 08:32:20
2026-09-28 08:32:21.043  2026-09-28 08:32:21
2026-09-28 08:32:22.034  2026-09-28 08:32:22
2026-09-28 08:32:23.035  2026-09-28 08:32:23
2026-09-28 08:32:24.036  2026-09-28 08:32:24
2026-09-28 08:32:25.037  2026-09-28 08:32:25
2026-09-28 08:32:26.038  2026-09-28 08:32:26
2026-09-28 08:32:26.080  $PECZ,[ 121969.2] SIGNAL  level  57% [###########---------] OK, volume 57/63, centre 0% | carrier 1013.91 Hz (+13.91) locked, '0' bits at -33 deg, noise 17 deg | radio RSSI 64 dBuV SNR 0 dB*64
2026-09-28 08:32:27.035  2026-09-28 08:32:27
2026-09-28 08:32:27.086  $PECZ,[ 121970.1] STATUS  2026-09-28 08:32:26 UTC (10:32:26 local, UTC+2) VALID, last good frame 197 s ago | frames heard 5926, undecodable 3369, accepted 2471 (1880 by matching the expected f*09
2026-09-28 08:32:28.040  2026-09-28 08:32:28
2026-09-28 08:32:29.041  2026-09-28 08:32:29
2026-09-28 08:32:29.079  $PECZ,[ 121972.2] FRAME   #5927 corr 0.32 - not decodable (too many bit errors, snr -2 dB)*2B
2026-09-28 08:32:30.043  2026-09-28 08:32:30
2026-09-28 08:32:31.034  2026-09-28 08:32:31
2026-09-28 08:32:32.035  2026-09-28 08:32:32
2026-09-28 08:32:33.036  2026-09-28 08:32:33
2026-09-28 08:32:34.037  2026-09-28 08:32:34
2026-09-28 08:32:35.038  2026-09-28 08:32:35
2026-09-28 08:32:36.039  2026-09-28 08:32:36
2026-09-28 08:32:36.081  $PECZ,[ 121979.2] SIGNAL  level  58% [###########---------] OK, volume 57/63, centre 2% | carrier 1013.74 Hz (+13.74) locked, '0' bits at -33 deg, noise 17 deg | radio RSSI 64 dBuV SNR 0 dB*68
2026-09-28 08:32:37.035  2026-09-28 08:32:37
2026-09-28 08:32:37.086  $PECZ,[ 121980.1] STATUS  2026-09-28 08:32:36 UTC (10:32:36 local, UTC+2) VALID, last good frame 207 s ago | frames heard 5927, undecodable 3370, accepted 2471 (1880 by matching the expected f*05
2026-09-28 08:32:38.040  2026-09-28 08:32:38
2026-09-28 08:32:39.041  2026-09-28 08:32:39
2026-09-28 08:32:40.042  2026-09-28 08:32:40
2026-09-28 08:32:41.043  2026-09-28 08:32:41
2026-09-28 08:32:42.034  2026-09-28 08:32:42
2026-09-28 08:32:43.035  2026-09-28 08:32:43
2026-09-28 08:32:44.036  2026-09-28 08:32:44
2026-09-28 08:32:45.037  2026-09-28 08:32:45
2026-09-28 08:32:46.038  2026-09-28 08:32:46
2026-09-28 08:32:46.080  $PECZ,[ 121989.2] SIGNAL  level  57% [###########---------] OK, volume 57/63, centre -1% | carrier 1013.74 Hz (+13.74) locked, '0' bits at -33 deg, noise 17 deg | radio RSSI 65 dBuV SNR 0 dB*47
2026-09-28 08:32:47.035  2026-09-28 08:32:47
2026-09-28 08:32:47.085  $PECZ,[ 121990.1] STATUS  2026-09-28 08:32:46 UTC (10:32:46 local, UTC+2) VALID, last good frame 217 s ago | frames heard 5927, undecodable 3370, accepted 2471 (1880 by matching the expected f*05
2026-09-28 08:32:48.041  2026-09-28 08:32:48
2026-09-28 08:32:49.041  2026-09-28 08:32:49
2026-09-28 08:32:50.043  2026-09-28 08:32:50
2026-09-28 08:32:51.034  2026-09-28 08:32:51
2026-09-28 08:32:51.036  TX end Q65 at 08:32:51.005, 51.0 s
2026-09-28 08:32:52.035  2026-09-28 08:32:52
2026-09-28 08:32:53.036  2026-09-28 08:32:53
2026-09-28 08:32:54.037  2026-09-28 08:32:54
2026-09-28 08:32:55.038  2026-09-28 08:32:55
2026-09-28 08:32:56.039  2026-09-28 08:32:56
2026-09-28 08:32:56.081  $PECZ,[ 121999.2] SIGNAL  level  57% [###########---------] OK, volume 57/63, centre 0% | carrier 1013.67 Hz (+13.67) locked, '0' bits at -33 deg, noise 19 deg | radio RSSI 64 dBuV SNR 0 dB*65
2026-09-28 08:32:57.036  2026-09-28 08:32:57
2026-09-28 08:32:57.086  $PECZ,[ 122000.1] STATUS  2026-09-28 08:32:56 UTC (10:32:56 local, UTC+2) VALID, last good frame 227 s ago | frames heard 5927, undecodable 3370, accepted 2471 (1880 by matching the expected f*05
2026-09-28 08:32:58.041  2026-09-28 08:32:58
2026-09-28 08:32:59.042  2026-09-28 08:32:59
2026-09-28 08:32:59.084  $PECZ,[ 122002.2] FRAME   #5928 corr 0.32 - not decodable, but 0.85 of it agrees with the expected frame (snr -1 dB): 2026-09-28 08:32:57 UTC (10:32:57 local, UTC+2)*05
2026-09-28 08:32:59.095  $PECZ,[ 122002.2] CLOCK   confirmed, error +0.96 ms, xtal -24322 ppb*05
2026-09-28 08:33:00.040  2026-09-28 08:33:00
2026-09-28 08:33:00.042  TX start CW at 08:33:00.000
2026-09-28 08:33:01.041  2026-09-28 08:33:01
2026-09-28 08:33:02.042  2026-09-28 08:33:02
2026-09-28 08:33:03.043  2026-09-28 08:33:03
2026-09-28 08:33:04.034  2026-09-28 08:33:04
2026-09-28 08:33:05.035  2026-09-28 08:33:05
2026-09-28 08:33:06.036  2026-09-28 08:33:06
2026-09-28 08:33:06.086  $PECZ,[ 122009.2] SIGNAL  level  55% [###########---------] OK, volume 57/63, centre 0% | carrier 1013.78 Hz (+13.78) locked, '0' bits at -33 deg, noise 20 deg | radio RSSI 64 dBuV SNR 0 dB*6E
2026-09-28 08:33:07.041  2026-09-28 08:33:07
2026-09-28 08:33:07.081  $PECZ,[ 122010.1] STATUS  2026-09-28 08:33:06 UTC (10:33:06 local, UTC+2) VALID, last good frame 9 s ago | frames heard 5928, undecodable 3370, accepted 2472 (1881 by matching the expected fra*14
2026-09-28 08:33:08.036  2026-09-28 08:33:08
2026-09-28 08:33:09.037  2026-09-28 08:33:09
2026-09-28 08:33:10.038  2026-09-28 08:33:10
2026-09-28 08:33:11.040  2026-09-28 08:33:11
2026-09-28 08:33:12.041  2026-09-28 08:33:12
2026-09-28 08:33:13.041  2026-09-28 08:33:13
2026-09-28 08:33:14.042  2026-09-28 08:33:14
2026-09-28 08:33:15.043  2026-09-28 08:33:15
2026-09-28 08:33:16.034  2026-09-28 08:33:16
2026-09-28 08:33:16.084  $PECZ,[ 122019.2] SIGNAL  level  55% [###########---------] OK, volume 57/63, centre 0% | carrier 1013.75 Hz (+13.75) locked, '0' bits at -33 deg, noise 19 deg | radio RSSI 64 dBuV SNR 0 dB*65
2026-09-28 08:33:17.039  2026-09-28 08:33:17
2026-09-28 08:33:17.082  $PECZ,[ 122020.1] STATUS  2026-09-28 08:33:16 UTC (10:33:16 local, UTC+2) VALID, last good frame 19 s ago | frames heard 5928, undecodable 3370, accepted 2472 (1881 by matching the expected fr*47
2026-09-28 08:33:18.037  2026-09-28 08:33:18
2026-09-28 08:33:19.038  2026-09-28 08:33:19
2026-09-28 08:33:20.039  2026-09-28 08:33:20
2026-09-28 08:33:21.068  2026-09-28 08:33:21
