# Legnica receiver log, slot S = 2026-09-27 00:02:57 UTC, window S-30 s .. S+45 s ($GPRMC lines omitted)
# column 1-2: host receive time (UTC, NTP); $PECZ = receiver diagnostics, [uptime s]
2026-09-27 00:02:27.069  2026-09-27 00:02:27
2026-09-27 00:02:28.071  2026-09-27 00:02:28
2026-09-27 00:02:29.071  2026-09-27 00:02:29
2026-09-27 00:02:30.072  2026-09-27 00:02:30
2026-09-27 00:02:31.073  2026-09-27 00:02:31
2026-09-27 00:02:32.064  2026-09-27 00:02:32
2026-09-27 00:02:33.065  2026-09-27 00:02:33
2026-09-27 00:02:33.116  $PECZ,[   4979.0] SIGNAL  level  55% [###########---------] OK, volume 57/63, centre 0% | carrier 1017.91 Hz (+17.91) locked, '0' bits at -37 deg, noise 21 deg | radio RSSI 62 dBuV SNR 3 dB*67
2026-09-27 00:02:34.070  2026-09-27 00:02:34
2026-09-27 00:02:34.112  $PECZ,[   4980.0] STATUS  2026-09-27 00:02:33 UTC (02:02:33 local, UTC+2) VALID, last good frame 141 s ago | frames heard 492, undecodable 257, accepted 228 (84 by matching the expected frame)*01
2026-09-27 00:02:35.067  2026-09-27 00:02:35
2026-09-27 00:02:36.068  2026-09-27 00:02:36
2026-09-27 00:02:37.069  2026-09-27 00:02:37
2026-09-27 00:02:38.070  2026-09-27 00:02:38
2026-09-27 00:02:39.071  2026-09-27 00:02:39
2026-09-27 00:02:40.072  2026-09-27 00:02:40
2026-09-27 00:02:41.073  2026-09-27 00:02:41
2026-09-27 00:02:42.064  2026-09-27 00:02:42
2026-09-27 00:02:43.065  2026-09-27 00:02:43
2026-09-27 00:02:43.116  $PECZ,[   4989.0] SIGNAL  level  52% [##########----------] OK, volume 57/63, centre -1% | carrier 1017.80 Hz (+17.80) locked, '0' bits at -37 deg, noise 21 deg | radio RSSI 63 dBuV SNR 3 dB*4C
2026-09-27 00:02:44.071  2026-09-27 00:02:44
2026-09-27 00:02:44.113  $PECZ,[   4990.0] STATUS  2026-09-27 00:02:43 UTC (02:02:43 local, UTC+2) VALID, last good frame 151 s ago | frames heard 492, undecodable 257, accepted 228 (84 by matching the expected frame)*01
2026-09-27 00:02:45.067  2026-09-27 00:02:45
2026-09-27 00:02:46.069  2026-09-27 00:02:46
2026-09-27 00:02:47.070  2026-09-27 00:02:47
2026-09-27 00:02:48.071  2026-09-27 00:02:48
2026-09-27 00:02:49.072  2026-09-27 00:02:49
2026-09-27 00:02:50.072  2026-09-27 00:02:50
2026-09-27 00:02:51.069  TX end Q65 at 00:02:50.999, 51.0 s
2026-09-27 00:02:51.074  2026-09-27 00:02:51
2026-09-27 00:02:52.065  2026-09-27 00:02:52
2026-09-27 00:02:53.066  2026-09-27 00:02:53
2026-09-27 00:02:53.116  $PECZ,[   4999.0] SIGNAL  level  56% [###########---------] OK, volume 57/63, centre 2% | carrier 1017.74 Hz (+17.74) locked, '0' bits at -37 deg, noise 25 deg | radio RSSI 62 dBuV SNR 3 dB*6C
2026-09-27 00:02:54.071  2026-09-27 00:02:54
2026-09-27 00:02:54.111  $PECZ,[   5000.0] STATUS  2026-09-27 00:02:53 UTC (02:02:53 local, UTC+2) VALID, last good frame 161 s ago | frames heard 492, undecodable 257, accepted 228 (84 by matching the expected frame)*03
2026-09-27 00:02:55.066  2026-09-27 00:02:55
2026-09-27 00:02:56.067  2026-09-27 00:02:56
2026-09-27 00:02:57.068  2026-09-27 00:02:57
2026-09-27 00:02:58.069  2026-09-27 00:02:58
2026-09-27 00:02:59.070  2026-09-27 00:02:59
2026-09-27 00:03:00.067  TX start CW at 00:03:00.000
2026-09-27 00:03:00.072  2026-09-27 00:03:00
2026-09-27 00:03:01.072  2026-09-27 00:03:01
2026-09-27 00:03:02.073  2026-09-27 00:03:02
2026-09-27 00:03:03.074  2026-09-27 00:03:03
2026-09-27 00:03:03.113  $PECZ,[   5009.0] SIGNAL  level  54% [##########----------] OK, volume 57/63, centre 0% | carrier 1017.85 Hz (+17.85) locked, '0' bits at -37 deg, noise 23 deg | radio RSSI 62 dBuV SNR 3 dB*65
2026-09-27 00:03:04.069  2026-09-27 00:03:04
2026-09-27 00:03:04.111  $PECZ,[   5010.0] STATUS  2026-09-27 00:03:03 UTC (02:03:03 local, UTC+2) VALID, last good frame 171 s ago | frames heard 492, undecodable 257, accepted 228 (84 by matching the expected frame)*03
2026-09-27 00:03:05.067  2026-09-27 00:03:05
2026-09-27 00:03:06.068  2026-09-27 00:03:06
2026-09-27 00:03:07.069  2026-09-27 00:03:07
2026-09-27 00:03:08.070  2026-09-27 00:03:08
2026-09-27 00:03:09.071  2026-09-27 00:03:09
2026-09-27 00:03:10.072  2026-09-27 00:03:10
2026-09-27 00:03:11.073  2026-09-27 00:03:11
2026-09-27 00:03:12.074  2026-09-27 00:03:12
2026-09-27 00:03:13.065  2026-09-27 00:03:13
2026-09-27 00:03:13.115  $PECZ,[   5019.0] SIGNAL  level  57% [###########---------] OK, volume 57/63, centre 0% | carrier 1017.29 Hz (+17.29) locked, '0' bits at -37 deg, noise 24 deg | radio RSSI 62 dBuV SNR 3 dB*6E
2026-09-27 00:03:14.070  2026-09-27 00:03:14
2026-09-27 00:03:14.112  $PECZ,[   5020.0] STATUS  2026-09-27 00:03:13 UTC (02:03:13 local, UTC+2) VALID, last good frame 181 s ago | frames heard 492, undecodable 257, accepted 228 (84 by matching the expected frame)*0F
2026-09-27 00:03:15.067  2026-09-27 00:03:15
2026-09-27 00:03:16.068  2026-09-27 00:03:16
2026-09-27 00:03:17.069  2026-09-27 00:03:17
2026-09-27 00:03:18.070  2026-09-27 00:03:18
2026-09-27 00:03:19.071  2026-09-27 00:03:19
2026-09-27 00:03:20.072  2026-09-27 00:03:20
2026-09-27 00:03:21.073  2026-09-27 00:03:21
2026-09-27 00:03:21.290  $PECZ,[   5027.3] FRAME   #493 corr 0.32 - not decodable (too many bit errors, snr -6 dB)*17
2026-09-27 00:03:22.065  2026-09-27 00:03:22
2026-09-27 00:03:23.066  2026-09-27 00:03:23
2026-09-27 00:03:23.115  $PECZ,[   5029.0] SIGNAL  level  54% [##########----------] OK, volume 57/63, centre -1% | carrier 1017.38 Hz (+17.38) locked, '0' bits at -37 deg, noise 32 deg | radio RSSI 63 dBuV SNR 3 dB*4A
2026-09-27 00:03:24.070  2026-09-27 00:03:24
2026-09-27 00:03:24.111  $PECZ,[   5030.0] STATUS  2026-09-27 00:03:23 UTC (02:03:23 local, UTC+2) VALID, last good frame 191 s ago | frames heard 493, undecodable 258, accepted 228 (84 by matching the expected frame)*01
2026-09-27 00:03:25.066  2026-09-27 00:03:25
2026-09-27 00:03:26.068  2026-09-27 00:03:26
2026-09-27 00:03:27.068  2026-09-27 00:03:27
2026-09-27 00:03:28.070  2026-09-27 00:03:28
2026-09-27 00:03:29.071  2026-09-27 00:03:29
2026-09-27 00:03:30.072  2026-09-27 00:03:30
2026-09-27 00:03:31.073  2026-09-27 00:03:31
2026-09-27 00:03:32.074  2026-09-27 00:03:32
2026-09-27 00:03:33.065  2026-09-27 00:03:33
2026-09-27 00:03:33.115  $PECZ,[   5039.0] SIGNAL  level  57% [###########---------] OK, volume 57/63, centre 0% | carrier 1017.30 Hz (+17.30) locked, '0' bits at -37 deg, noise 38 deg | radio RSSI 62 dBuV SNR 3 dB*61
2026-09-27 00:03:34.069  2026-09-27 00:03:34
2026-09-27 00:03:34.112  $PECZ,[   5040.0] STATUS  2026-09-27 00:03:33 UTC (02:03:33 local, UTC+2) VALID, last good frame 201 s ago | frames heard 493, undecodable 258, accepted 228 (84 by matching the expected frame)*0C
2026-09-27 00:03:35.066  2026-09-27 00:03:35
2026-09-27 00:03:36.068  2026-09-27 00:03:36
2026-09-27 00:03:36.266  TX end CW at 00:03:36.202, 36.2 s
2026-09-27 00:03:37.069  2026-09-27 00:03:37
2026-09-27 00:03:38.069  2026-09-27 00:03:38
2026-09-27 00:03:39.070  2026-09-27 00:03:39
2026-09-27 00:03:40.071  2026-09-27 00:03:40
2026-09-27 00:03:41.072  2026-09-27 00:03:41
2026-09-27 00:03:42.073  2026-09-27 00:03:42
