# Legnica receiver log, slot S = 2026-09-26 11:12:21 UTC, window S-30 s .. S+45 s ($GPRMC lines omitted)
# column 1-2: host receive time (UTC, NTP); $PECZ = receiver diagnostics, [uptime s]
2026-09-26 11:11:51.042  2026-09-26 11:11:51
2026-09-26 11:11:52.044  2026-09-26 11:11:52
2026-09-26 11:11:53.045  2026-09-26 11:11:53
2026-09-26 11:11:54.046  2026-09-26 11:11:54
2026-09-26 11:11:55.036  2026-09-26 11:11:55
2026-09-26 11:11:56.039  2026-09-26 11:11:56
2026-09-26 11:11:57.038  2026-09-26 11:11:57
2026-09-26 11:11:58.039  2026-09-26 11:11:58
2026-09-26 11:11:58.509  $PECZ,[  46369.1] SIGNAL  level  65% [#############-------] OK, volume 58/63, centre 0% | carrier 1017.37 Hz (+17.37) locked, '0' bits at -34 deg, noise 10 deg | radio RSSI 60 dBuV SNR 0 dB*77
2026-09-26 11:11:59.042  2026-09-26 11:11:59
2026-09-26 11:11:59.517  $PECZ,[  46370.0] STATUS  2026-09-26 11:11:59 UTC (13:11:59 local, UTC+2) VALID, last good frame 32 s ago | frames heard 5235, undecodable 2563, accepted 2609 (1214 by matching the expected fr*55
2026-09-26 11:12:00.040  2026-09-26 11:12:00
2026-09-26 11:12:00.044  TX start Q65 at 11:12:00.001
2026-09-26 11:12:01.043  2026-09-26 11:12:01
2026-09-26 11:12:02.045  2026-09-26 11:12:02
2026-09-26 11:12:03.046  2026-09-26 11:12:03
2026-09-26 11:12:04.037  2026-09-26 11:12:04
2026-09-26 11:12:05.038  2026-09-26 11:12:05
2026-09-26 11:12:05.087  $PECZ,[  46375.6] FRAME   #5236 corr 0.43 - not decodable, but 0.92 of it agrees with the expected frame (snr 0 dB): 2026-09-26 11:12:03 UTC (13:12:03 local, UTC+2)*3C
2026-09-26 11:12:05.097  $PECZ,[  46375.6] CLOCK   confirmed, error -0.32 ms, xtal -23763 ppb*1F
2026-09-26 11:12:06.044  2026-09-26 11:12:06
2026-09-26 11:12:07.045  2026-09-26 11:12:07
2026-09-26 11:12:08.046  2026-09-26 11:12:08
2026-09-26 11:12:08.509  $PECZ,[  46379.1] SIGNAL  level  63% [############--------] OK, volume 58/63, centre 1% | carrier 1018.08 Hz (+18.08) locked, '0' bits at -33 deg, noise 10 deg | radio RSSI 60 dBuV SNR 0 dB*78
2026-09-26 11:12:09.044  2026-09-26 11:12:09
2026-09-26 11:12:09.516  $PECZ,[  46380.0] STATUS  2026-09-26 11:12:09 UTC (13:12:09 local, UTC+2) VALID, last good frame 6 s ago | frames heard 5236, undecodable 2563, accepted 2610 (1215 by matching the expected fra*06
2026-09-26 11:12:10.039  2026-09-26 11:12:10
2026-09-26 11:12:11.042  2026-09-26 11:12:11
2026-09-26 11:12:12.044  2026-09-26 11:12:12
2026-09-26 11:12:13.044  2026-09-26 11:12:13
2026-09-26 11:12:14.045  2026-09-26 11:12:14
2026-09-26 11:12:15.037  2026-09-26 11:12:15
2026-09-26 11:12:16.040  2026-09-26 11:12:16
2026-09-26 11:12:17.038  2026-09-26 11:12:17
2026-09-26 11:12:18.040  2026-09-26 11:12:18
2026-09-26 11:12:18.510  $PECZ,[  46389.1] SIGNAL  level  60% [############--------] OK, volume 58/63, centre 1% | carrier 1018.09 Hz (+18.09) locked, '0' bits at -32 deg, noise 10 deg | radio RSSI 60 dBuV SNR 0 dB*75
2026-09-26 11:12:19.043  2026-09-26 11:12:19
2026-09-26 11:12:19.517  $PECZ,[  46390.0] STATUS  2026-09-26 11:12:19 UTC (13:12:19 local, UTC+2) VALID, last good frame 16 s ago | frames heard 5236, undecodable 2563, accepted 2610 (1215 by matching the expected fr*57
2026-09-26 11:12:20.042  2026-09-26 11:12:20
2026-09-26 11:12:21.043  2026-09-26 11:12:21
2026-09-26 11:12:22.044  2026-09-26 11:12:22
2026-09-26 11:12:23.045  2026-09-26 11:12:23
2026-09-26 11:12:23.585  $PECZ,[  46394.1] FRAME   #5237 corr 0.52 snr -1 dB, fixed 3 symbol(s) + soft retry: 2026-09-26 11:12:24 UTC (13:12:24 local, UTC+2)*22
2026-09-26 11:12:23.596  $PECZ,[  46394.1] CLOCK   REJECTED - frame differs from clock by -2439 ms (kept as candidate)*6C
2026-09-26 11:12:23.607  $PECZ,[  46394.1] RAW     55 55 60 A2 26 E6 40 0B 98 C4 8A 2E *4D
2026-09-26 11:12:24.041  2026-09-26 11:12:24
2026-09-26 11:12:25.042  2026-09-26 11:12:25
2026-09-26 11:12:26.043  2026-09-26 11:12:26
2026-09-26 11:12:27.044  2026-09-26 11:12:27
2026-09-26 11:12:28.035  2026-09-26 11:12:28
2026-09-26 11:12:28.509  $PECZ,[  46399.1] SIGNAL  level  60% [############--------] OK, volume 58/63, centre -2% | carrier 1018.28 Hz (+18.28) locked, '0' bits at -32 deg, noise 9 deg | radio RSSI 59 dBuV SNR 0 dB*68
2026-09-26 11:12:29.044  2026-09-26 11:12:29
2026-09-26 11:12:29.516  $PECZ,[  46400.0] STATUS  2026-09-26 11:12:29 UTC (13:12:29 local, UTC+2) VALID, last good frame 26 s ago | frames heard 5237, undecodable 2563, accepted 2610 (1215 by matching the expected fr*5B
2026-09-26 11:12:30.040  2026-09-26 11:12:30
2026-09-26 11:12:31.043  2026-09-26 11:12:31
2026-09-26 11:12:32.044  2026-09-26 11:12:32
2026-09-26 11:12:33.045  2026-09-26 11:12:33
2026-09-26 11:12:34.036  2026-09-26 11:12:34
2026-09-26 11:12:35.038  2026-09-26 11:12:35
2026-09-26 11:12:36.037  2026-09-26 11:12:36
2026-09-26 11:12:37.039  2026-09-26 11:12:37
2026-09-26 11:12:38.040  2026-09-26 11:12:38
2026-09-26 11:12:38.077  $PECZ,[  46408.6] FRAME   #5238 corr 0.48 - not decodable (too many bit errors, snr 1 dB)*19
2026-09-26 11:12:38.519  $PECZ,[  46409.1] SIGNAL  level  66% [#############-------] OK, volume 58/63, centre -1% | carrier 1018.31 Hz (+18.31) locked, '0' bits at -33 deg, noise 18 deg | radio RSSI 60 dBuV SNR 0 dB*56
2026-09-26 11:12:39.034  2026-09-26 11:12:39
2026-09-26 11:12:39.517  $PECZ,[  46410.0] STATUS  2026-09-26 11:12:39 UTC (13:12:39 local, UTC+2) VALID, last good frame 36 s ago | frames heard 5238, undecodable 2564, accepted 2610 (1215 by matching the expected fr*53
2026-09-26 11:12:40.040  2026-09-26 11:12:40
2026-09-26 11:12:41.044  2026-09-26 11:12:41
2026-09-26 11:12:41.086  $PECZ,[  46411.6] FRAME   #5239 corr 0.52 - not decodable, but 0.87 of it agrees with the expected frame (snr 4 dB): 2026-09-26 11:12:39 UTC (13:12:39 local, UTC+2)*36
2026-09-26 11:12:41.096  $PECZ,[  46411.6] CLOCK   confirmed, error +0.38 ms, xtal -23700 ppb*13
2026-09-26 11:12:42.042  2026-09-26 11:12:42
2026-09-26 11:12:43.043  2026-09-26 11:12:43
2026-09-26 11:12:44.045  2026-09-26 11:12:44
2026-09-26 11:12:44.081  $PECZ,[  46414.6] FRAME   #5240 corr 0.47 - not decodable (too many bit errors, snr 5 dB)*10
2026-09-26 11:12:45.036  2026-09-26 11:12:45
2026-09-26 11:12:46.037  2026-09-26 11:12:46
2026-09-26 11:12:47.039  2026-09-26 11:12:47
2026-09-26 11:12:48.039  2026-09-26 11:12:48
2026-09-26 11:12:48.510  $PECZ,[  46419.1] SIGNAL  level  59% [###########---------] OK, volume 58/63, centre -1% | carrier 1018.19 Hz (+18.19) locked, '0' bits at -33 deg, noise 13 deg | radio RSSI 60 dBuV SNR 0 dB*50
2026-09-26 11:12:49.034  2026-09-26 11:12:49
2026-09-26 11:12:49.517  $PECZ,[  46420.0] STATUS  2026-09-26 11:12:49 UTC (13:12:49 local, UTC+2) VALID, last good frame 10 s ago | frames heard 5240, undecodable 2565, accepted 2611 (1216 by matching the expected fr*58
2026-09-26 11:12:50.041  2026-09-26 11:12:50
2026-09-26 11:12:51.044  TX end Q65 at 11:12:51.000, 51.0 s
2026-09-26 11:12:51.046  2026-09-26 11:12:51
2026-09-26 11:12:52.037  2026-09-26 11:12:52
2026-09-26 11:12:53.038  2026-09-26 11:12:53
2026-09-26 11:12:53.074  $PECZ,[  46423.6] FRAME   #5241 corr 0.59 - not decodable (too many bit errors, snr 3 dB)*1C
2026-09-26 11:12:54.040  2026-09-26 11:12:54
2026-09-26 11:12:55.040  2026-09-26 11:12:55
2026-09-26 11:12:56.041  2026-09-26 11:12:56
2026-09-26 11:12:57.041  2026-09-26 11:12:57
2026-09-26 11:12:58.043  2026-09-26 11:12:58
2026-09-26 11:12:58.512  $PECZ,[  46429.1] SIGNAL  level  63% [############--------] OK, volume 58/63, centre 3% | carrier 1017.86 Hz (+17.86) locked, '0' bits at -33 deg, noise 12 deg | radio RSSI 59 dBuV SNR 0 dB*70
2026-09-26 11:12:59.037  2026-09-26 11:12:59
2026-09-26 11:12:59.087  $PECZ,[  46429.6] FRAME   #5242 corr 0.54 - not decodable, but 0.92 of it agrees with the expected frame (snr 1 dB): 2026-09-26 11:12:57 UTC (13:12:57 local, UTC+2)*36
2026-09-26 11:12:59.098  $PECZ,[  46429.6] CLOCK   confirmed, error -0.18 ms, xtal -23747 ppb*1F
2026-09-26 11:12:59.517  $PECZ,[  46430.0] STATUS  2026-09-26 11:12:59 UTC (13:12:59 local, UTC+2) VALID, last good frame 2 s ago | frames heard 5242, undecodable 2566, accepted 2612 (1217 by matching the expected fra*08
2026-09-26 11:13:00.033  TX start CW at 11:13:00.000
2026-09-26 11:13:00.040  2026-09-26 11:13:00
2026-09-26 11:13:01.044  2026-09-26 11:13:01
2026-09-26 11:13:02.046  2026-09-26 11:13:02
2026-09-26 11:13:03.037  2026-09-26 11:13:03
2026-09-26 11:13:04.037  2026-09-26 11:13:04
2026-09-26 11:13:05.038  2026-09-26 11:13:05
2026-09-26 11:13:06.038  2026-09-26 11:13:06
