# Legnica receiver log, slot S = 2026-09-28 08:34:00 UTC, window S-30 s .. S+45 s ($GPRMC lines omitted)
# column 1-2: host receive time (UTC, NTP); $PECZ = receiver diagnostics, [uptime s]
2026-09-28 08:33:30.038  2026-09-28 08:33:30
2026-09-28 08:33:31.039  2026-09-28 08:33:31
2026-09-28 08:33:32.041  2026-09-28 08:33:32
2026-09-28 08:33:33.041  2026-09-28 08:33:33
2026-09-28 08:33:34.043  2026-09-28 08:33:34
2026-09-28 08:33:35.034  2026-09-28 08:33:35
2026-09-28 08:33:35.081  $PECZ,[ 122038.3] FRAME   #5930 corr 0.36 - not decodable (too many bit errors, snr -1 dB)*2F
2026-09-28 08:33:36.036  2026-09-28 08:33:36
2026-09-28 08:33:36.086  $PECZ,[ 122039.2] SIGNAL  level  57% [###########---------] OK, volume 57/63, centre -2% | carrier 1013.62 Hz (+13.62) locked, '0' bits at -33 deg, noise 18 deg | radio RSSI 64 dBuV SNR 0 dB*4B
2026-09-28 08:33:36.236  TX end CW at 08:33:36.204, 36.2 s
2026-09-28 08:33:37.041  2026-09-28 08:33:37
2026-09-28 08:33:37.081  $PECZ,[ 122040.1] STATUS  2026-09-28 08:33:36 UTC (10:33:36 local, UTC+2) VALID, last good frame 39 s ago | frames heard 5930, undecodable 3372, accepted 2472 (1881 by matching the expected fr*48
2026-09-28 08:33:38.036  2026-09-28 08:33:38
2026-09-28 08:33:39.037  2026-09-28 08:33:39
2026-09-28 08:33:40.038  2026-09-28 08:33:40
2026-09-28 08:33:41.039  2026-09-28 08:33:41
2026-09-28 08:33:42.040  2026-09-28 08:33:42
2026-09-28 08:33:43.041  2026-09-28 08:33:43
2026-09-28 08:33:44.042  2026-09-28 08:33:44
2026-09-28 08:33:45.043  2026-09-28 08:33:45
2026-09-28 08:33:46.034  2026-09-28 08:33:46
2026-09-28 08:33:46.084  $PECZ,[ 122049.2] SIGNAL  level  57% [###########---------] OK, volume 57/63, centre 2% | carrier 1013.71 Hz (+13.71) locked, '0' bits at -33 deg, noise 18 deg | radio RSSI 64 dBuV SNR 0 dB*61
2026-09-28 08:33:47.038  2026-09-28 08:33:47
2026-09-28 08:33:47.080  $PECZ,[ 122050.1] STATUS  2026-09-28 08:33:46 UTC (10:33:46 local, UTC+2) VALID, last good frame 49 s ago | frames heard 5930, undecodable 3372, accepted 2472 (1881 by matching the expected fr*4E
2026-09-28 08:33:48.035  2026-09-28 08:33:48
2026-09-28 08:33:49.036  2026-09-28 08:33:49
2026-09-28 08:33:50.037  2026-09-28 08:33:50
2026-09-28 08:33:51.038  2026-09-28 08:33:51
2026-09-28 08:33:52.039  2026-09-28 08:33:52
2026-09-28 08:33:53.040  2026-09-28 08:33:53
2026-09-28 08:33:54.041  2026-09-28 08:33:54
2026-09-28 08:33:55.042  2026-09-28 08:33:55
2026-09-28 08:33:56.043  2026-09-28 08:33:56
2026-09-28 08:33:56.082  $PECZ,[ 122059.2] SIGNAL  level  56% [###########---------] OK, volume 57/63, centre -3% | carrier 1013.67 Hz (+13.67) locked, '0' bits at -33 deg, noise 19 deg | radio RSSI 63 dBuV SNR 0 dB*4B
2026-09-28 08:33:57.038  2026-09-28 08:33:57
2026-09-28 08:33:57.080  $PECZ,[ 122060.1] STATUS  2026-09-28 08:33:56 UTC (10:33:56 local, UTC+2) VALID, last good frame 59 s ago | frames heard 5930, undecodable 3372, accepted 2472 (1881 by matching the expected fr*4C
2026-09-28 08:33:58.036  2026-09-28 08:33:58
2026-09-28 08:33:59.037  2026-09-28 08:33:59
2026-09-28 08:34:00.033  TX start Q65 at 08:34:00.000
2026-09-28 08:34:00.038  2026-09-28 08:34:00
2026-09-28 08:34:01.039  2026-09-28 08:34:01
2026-09-28 08:34:02.040  2026-09-28 08:34:02
2026-09-28 08:34:03.041  2026-09-28 08:34:03
2026-09-28 08:34:04.042  2026-09-28 08:34:04
2026-09-28 08:34:05.033  2026-09-28 08:34:05
2026-09-28 08:34:06.034  2026-09-28 08:34:06
2026-09-28 08:34:06.084  $PECZ,[ 122069.2] SIGNAL  level  61% [############--------] OK, volume 57/63, centre 0% | carrier 1013.54 Hz (+13.54) locked, '0' bits at -33 deg, noise 18 deg | radio RSSI 64 dBuV SNR 0 dB*6A
2026-09-28 08:34:07.039  2026-09-28 08:34:07
2026-09-28 08:34:07.080  $PECZ,[ 122070.1] STATUS  2026-09-28 08:34:06 UTC (10:34:06 local, UTC+2) VALID, last good frame 69 s ago | frames heard 5930, undecodable 3372, accepted 2472 (1881 by matching the expected fr*4E
2026-09-28 08:34:08.035  2026-09-28 08:34:08
2026-09-28 08:34:09.036  2026-09-28 08:34:09
2026-09-28 08:34:10.038  2026-09-28 08:34:10
2026-09-28 08:34:11.039  2026-09-28 08:34:11
2026-09-28 08:34:12.039  2026-09-28 08:34:12
2026-09-28 08:34:13.040  2026-09-28 08:34:13
2026-09-28 08:34:14.041  2026-09-28 08:34:14
2026-09-28 08:34:15.042  2026-09-28 08:34:15
2026-09-28 08:34:16.033  2026-09-28 08:34:16
2026-09-28 08:34:16.083  $PECZ,[ 122079.2] SIGNAL  level  60% [############--------] OK, volume 57/63, centre 2% | carrier 1013.61 Hz (+13.61) locked, '0' bits at -33 deg, noise 19 deg | radio RSSI 64 dBuV SNR 0 dB*69
2026-09-28 08:34:17.039  2026-09-28 08:34:17
2026-09-28 08:34:17.081  $PECZ,[ 122080.1] STATUS  2026-09-28 08:34:16 UTC (10:34:16 local, UTC+2) VALID, last good frame 79 s ago | frames heard 5930, undecodable 3372, accepted 2472 (1881 by matching the expected fr*40
2026-09-28 08:34:18.036  2026-09-28 08:34:18
2026-09-28 08:34:19.037  2026-09-28 08:34:19
2026-09-28 08:34:20.038  2026-09-28 08:34:20
2026-09-28 08:34:21.039  2026-09-28 08:34:21
2026-09-28 08:34:22.040  2026-09-28 08:34:22
2026-09-28 08:34:23.041  2026-09-28 08:34:23
2026-09-28 08:34:24.042  2026-09-28 08:34:24
2026-09-28 08:34:25.043  2026-09-28 08:34:25
2026-09-28 08:34:26.034  2026-09-28 08:34:26
2026-09-28 08:34:26.084  $PECZ,[ 122089.2] SIGNAL  level  57% [###########---------] OK, volume 57/63, centre -1% | carrier 1013.53 Hz (+13.53) locked, '0' bits at -33 deg, noise 16 deg | radio RSSI 64 dBuV SNR 0 dB*4D
2026-09-28 08:34:27.039  2026-09-28 08:34:27
2026-09-28 08:34:27.081  $PECZ,[ 122090.1] STATUS  2026-09-28 08:34:26 UTC (10:34:26 local, UTC+2) VALID, last good frame 89 s ago | frames heard 5930, undecodable 3372, accepted 2472 (1881 by matching the expected fr*4E
2026-09-28 08:34:28.037  2026-09-28 08:34:28
2026-09-28 08:34:29.038  2026-09-28 08:34:29
2026-09-28 08:34:30.039  2026-09-28 08:34:30
2026-09-28 08:34:31.040  2026-09-28 08:34:31
2026-09-28 08:34:32.041  2026-09-28 08:34:32
2026-09-28 08:34:33.042  2026-09-28 08:34:33
2026-09-28 08:34:34.043  2026-09-28 08:34:34
2026-09-28 08:34:35.034  2026-09-28 08:34:35
2026-09-28 08:34:36.035  2026-09-28 08:34:36
2026-09-28 08:34:36.085  $PECZ,[ 122099.2] SIGNAL  level  56% [###########---------] OK, volume 57/63, centre 3% | carrier 1013.44 Hz (+13.44) locked, '0' bits at -33 deg, noise 19 deg | radio RSSI 64 dBuV SNR 0 dB*6D
2026-09-28 08:34:37.039  2026-09-28 08:34:37
2026-09-28 08:34:37.082  $PECZ,[ 122100.1] STATUS  2026-09-28 08:34:36 UTC (10:34:36 local, UTC+2) VALID, last good frame 99 s ago | frames heard 5930, undecodable 3372, accepted 2472 (1881 by matching the expected fr*47
2026-09-28 08:34:38.036  2026-09-28 08:34:38
2026-09-28 08:34:38.074  $PECZ,[ 122101.2] FRAME   #5931 corr 0.40 - not decodable (too many bit errors, snr 3 dB)*0A
2026-09-28 08:34:39.038  2026-09-28 08:34:39
2026-09-28 08:34:40.039  2026-09-28 08:34:40
2026-09-28 08:34:41.040  2026-09-28 08:34:41
2026-09-28 08:34:42.041  2026-09-28 08:34:42
2026-09-28 08:34:43.042  2026-09-28 08:34:43
2026-09-28 08:34:44.033  2026-09-28 08:34:44
2026-09-28 08:34:44.085  $PECZ,[ 122107.2] FRAME   #5932 corr 0.29 - not decodable, but 0.89 of it agrees with the expected frame (snr 3 dB): 2026-09-28 08:34:42 UTC (10:34:42 local, UTC+2)*23
2026-09-28 08:34:44.096  $PECZ,[ 122107.2] CLOCK   confirmed, error -0.28 ms, xtal -24401 ppb*04
2026-09-28 08:34:45.040  2026-09-28 08:34:45
