# Legnica receiver log, slot S = 2026-09-26 11:35:27 UTC, window S-30 s .. S+45 s ($GPRMC lines omitted)
# column 1-2: host receive time (UTC, NTP); $PECZ = receiver diagnostics, [uptime s]
2026-09-26 11:34:57.046  2026-09-26 11:34:57
2026-09-26 11:34:58.046  2026-09-26 11:34:58
2026-09-26 11:34:58.547  $PECZ,[  47749.1] SIGNAL  level  60% [############--------] OK, volume 58/63, centre 0% | carrier 1015.18 Hz (+15.18) locked, '0' bits at -34 deg, noise 8 deg | radio RSSI 60 dBuV SNR 0 dB*42
2026-09-26 11:34:59.040  2026-09-26 11:34:59
2026-09-26 11:34:59.552  $PECZ,[  47750.0] STATUS  2026-09-26 11:34:59 UTC (13:34:59 local, UTC+2) VALID, last good frame 20 s ago | frames heard 5409, undecodable 2655, accepted 2688 (1255 by matching the expected fr*52
2026-09-26 11:35:00.038  TX start CW at 11:35:00.000
2026-09-26 11:35:00.045  2026-09-26 11:35:00
2026-09-26 11:35:01.040  2026-09-26 11:35:01
2026-09-26 11:35:02.041  2026-09-26 11:35:02
2026-09-26 11:35:02.428  $PECZ,[  47752.9] FRAME   #5410 corr 0.34 - not decodable (too many bit errors, snr -5 dB)*35
2026-09-26 11:35:03.041  2026-09-26 11:35:03
2026-09-26 11:35:04.046  2026-09-26 11:35:04
2026-09-26 11:35:05.045  2026-09-26 11:35:05
2026-09-26 11:35:05.087  $PECZ,[  47755.5] FRAME   #5411 corr 0.50 snr 1 dB, fixed 3 symbol(s): 2026-09-26 11:35:03 UTC (13:35:03 local, UTC+2)*6E
2026-09-26 11:35:05.099  $PECZ,[  47755.5] CLOCK   frame agrees with clock, error +0.30 ms, xtal -23713 ppb*5B
2026-09-26 11:35:05.109  $PECZ,[  47755.5] RAW     55 55 60 B7 76 E9 2B 8B CC B7 7F F8 *33
2026-09-26 11:35:06.045  2026-09-26 11:35:06
2026-09-26 11:35:06.051  $PGGUM,B7,76,E9,2B,8B,CC,B7,7F,F8,24*36
2026-09-26 11:35:07.047  2026-09-26 11:35:07
2026-09-26 11:35:08.046  2026-09-26 11:35:08
2026-09-26 11:35:08.548  $PECZ,[  47759.1] SIGNAL  level  61% [############--------] OK, volume 58/63, centre 0% | carrier 1015.65 Hz (+15.65) locked, '0' bits at -32 deg, noise 9 deg | radio RSSI 60 dBuV SNR 0 dB*45
2026-09-26 11:35:09.040  2026-09-26 11:35:09
2026-09-26 11:35:09.553  $PECZ,[  47760.0] STATUS  2026-09-26 11:35:09 UTC (13:35:09 local, UTC+2) VALID, last good frame 6 s ago | frames heard 5411, undecodable 2656, accepted 2689 (1255 by matching the expected fra*0F
2026-09-26 11:35:10.046  2026-09-26 11:35:10
2026-09-26 11:35:11.050  2026-09-26 11:35:11
2026-09-26 11:35:11.426  $PECZ,[  47761.9] FRAME   #5412 corr 0.33 - not decodable (too many bit errors, snr -4 dB)*31
2026-09-26 11:35:12.040  2026-09-26 11:35:12
2026-09-26 11:35:13.043  2026-09-26 11:35:13
2026-09-26 11:35:14.043  2026-09-26 11:35:14
2026-09-26 11:35:15.045  2026-09-26 11:35:15
2026-09-26 11:35:16.044  2026-09-26 11:35:16
2026-09-26 11:35:17.047  2026-09-26 11:35:17
2026-09-26 11:35:18.047  2026-09-26 11:35:18
2026-09-26 11:35:18.546  $PECZ,[  47769.1] SIGNAL  level  55% [###########---------] OK, volume 58/63, centre 0% | carrier 1015.72 Hz (+15.72) locked, '0' bits at -32 deg, noise 9 deg | radio RSSI 59 dBuV SNR 0 dB*45
2026-09-26 11:35:19.040  2026-09-26 11:35:19
2026-09-26 11:35:19.552  $PECZ,[  47770.0] STATUS  2026-09-26 11:35:19 UTC (13:35:19 local, UTC+2) VALID, last good frame 16 s ago | frames heard 5412, undecodable 2657, accepted 2689 (1255 by matching the expected fr*5C
2026-09-26 11:35:20.047  2026-09-26 11:35:20
2026-09-26 11:35:21.050  2026-09-26 11:35:21
2026-09-26 11:35:22.040  2026-09-26 11:35:22
2026-09-26 11:35:23.041  2026-09-26 11:35:23
2026-09-26 11:35:24.043  2026-09-26 11:35:24
2026-09-26 11:35:25.044  2026-09-26 11:35:25
2026-09-26 11:35:26.044  2026-09-26 11:35:26
2026-09-26 11:35:27.046  2026-09-26 11:35:27
2026-09-26 11:35:28.047  2026-09-26 11:35:28
2026-09-26 11:35:28.545  $PECZ,[  47779.1] SIGNAL  level  57% [###########---------] OK, volume 58/63, centre -2% | carrier 1017.33 Hz (+17.33) locked, '0' bits at -29 deg, noise 9 deg | radio RSSI 60 dBuV SNR 0 dB*69
2026-09-26 11:35:29.039  2026-09-26 11:35:29
2026-09-26 11:35:29.536  $PECZ,[  47780.0] FRAME   #5413 corr 0.55 snr 2 dB, fixed 1 symbol(s): 2026-09-26 11:35:30 UTC (13:35:30 local, UTC+2)*65
2026-09-26 11:35:29.547  $PECZ,[  47780.0] CLOCK   REJECTED - frame differs from clock by -2480 ms (kept as candidate)*6F
2026-09-26 11:35:29.557  $PECZ,[  47780.0] RAW     55 55 60 A3 26 E9 26 0B EC 3C 48 98 *41
2026-09-26 11:35:29.571  $PECZ,[  47780.1] STATUS  2026-09-26 11:35:29 UTC (13:35:29 local, UTC+2) VALID, last good frame 26 s ago | frames heard 5413, undecodable 2657, accepted 2689 (1255 by matching the expected fr*50
2026-09-26 11:35:30.045  2026-09-26 11:35:30
2026-09-26 11:35:31.048  2026-09-26 11:35:31
2026-09-26 11:35:32.049  2026-09-26 11:35:32
2026-09-26 11:35:32.196  $PECZ,[  47782.7] FRAME   #5414 corr 0.30 - not decodable (too many bit errors, snr -3 dB)*30
2026-09-26 11:35:33.042  2026-09-26 11:35:33
2026-09-26 11:35:34.042  2026-09-26 11:35:34
2026-09-26 11:35:35.042  2026-09-26 11:35:35
2026-09-26 11:35:36.045  2026-09-26 11:35:36
2026-09-26 11:35:36.239  TX end CW at 11:35:36.198, 36.2 s
2026-09-26 11:35:37.045  2026-09-26 11:35:37
2026-09-26 11:35:38.046  2026-09-26 11:35:38
2026-09-26 11:35:38.547  $PECZ,[  47789.1] SIGNAL  level  65% [#############-------] OK, volume 58/63, centre 1% | carrier 1017.10 Hz (+17.10) locked, '0' bits at -31 deg, noise 9 deg | radio RSSI 60 dBuV SNR 0 dB*40
2026-09-26 11:35:39.043  2026-09-26 11:35:39
2026-09-26 11:35:39.564  $PECZ,[  47790.1] STATUS  2026-09-26 11:35:39 UTC (13:35:39 local, UTC+2) VALID, last good frame 36 s ago | frames heard 5414, undecodable 2658, accepted 2689 (1255 by matching the expected fr*58
2026-09-26 11:35:40.038  2026-09-26 11:35:40
2026-09-26 11:35:41.041  2026-09-26 11:35:41
2026-09-26 11:35:41.427  $PECZ,[  47791.9] FRAME   #5415 corr 0.39 - not decodable (too many bit errors, snr -2 dB)*35
2026-09-26 11:35:42.044  2026-09-26 11:35:42
2026-09-26 11:35:43.045  2026-09-26 11:35:43
2026-09-26 11:35:44.046  2026-09-26 11:35:44
2026-09-26 11:35:45.046  2026-09-26 11:35:45
2026-09-26 11:35:46.048  2026-09-26 11:35:46
2026-09-26 11:35:47.048  2026-09-26 11:35:47
2026-09-26 11:35:47.455  $PECZ,[  47798.0] FRAME   #5416 corr 0.41 - not decodable (too many bit errors, snr -2 dB)*39
2026-09-26 11:35:48.041  2026-09-26 11:35:48
2026-09-26 11:35:48.550  $PECZ,[  47799.1] SIGNAL  level  69% [#############-------] OK, volume 58/63, centre 0% | carrier 1016.98 Hz (+16.98) locked, '0' bits at -34 deg, noise 9 deg | radio RSSI 60 dBuV SNR 0 dB*49
2026-09-26 11:35:49.043  2026-09-26 11:35:49
2026-09-26 11:35:49.558  $PECZ,[  47800.1] STATUS  2026-09-26 11:35:49 UTC (13:35:49 local, UTC+2) VALID, last good frame 46 s ago | frames heard 5416, undecodable 2660, accepted 2689 (1255 by matching the expected fr*50
2026-09-26 11:35:50.042  2026-09-26 11:35:50
2026-09-26 11:35:50.090  $PECZ,[  47800.5] FRAME   #5417 corr 0.53 snr 4 dB, fixed 3 symbol(s) + soft retry: 2026-09-26 11:35:48 UTC (13:35:48 local, UTC+2)*0C
2026-09-26 11:35:50.101  $PECZ,[  47800.5] CLOCK   frame agrees with clock, error +0.23 ms, xtal -23712 ppb*57
2026-09-26 11:35:50.111  $PECZ,[  47800.5] RAW     55 55 60 B6 6E E9 23 0B 25 87 BC F9 *3A
2026-09-26 11:35:51.047  2026-09-26 11:35:51
2026-09-26 11:35:51.052  $PGGUM,B6,6E,E9,23,0B,25,87,BC,F9,44*36
2026-09-26 11:35:52.048  2026-09-26 11:35:52
2026-09-26 11:35:53.049  2026-09-26 11:35:53
2026-09-26 11:35:53.436  $PECZ,[  47803.9] FRAME   #5418 corr 0.40 - not decodable (too many bit errors, snr -2 dB)*32
2026-09-26 11:35:54.039  2026-09-26 11:35:54
2026-09-26 11:35:55.042  2026-09-26 11:35:55
2026-09-26 11:35:56.043  2026-09-26 11:35:56
2026-09-26 11:35:57.044  2026-09-26 11:35:57
2026-09-26 11:35:58.044  2026-09-26 11:35:58
2026-09-26 11:35:58.547  $PECZ,[  47809.1] SIGNAL  level  60% [############--------] OK, volume 58/63, centre 1% | carrier 1015.58 Hz (+15.58) locked, '0' bits at -38 deg, noise 10 deg | radio RSSI 59 dBuV SNR 0 dB*77
2026-09-26 11:35:59.040  2026-09-26 11:35:59
2026-09-26 11:35:59.562  $PECZ,[  47810.1] STATUS  2026-09-26 11:35:59 UTC (13:35:59 local, UTC+2) VALID, last good frame 11 s ago | frames heard 5418, undecodable 2661, accepted 2690 (1255 by matching the expected fr*54
2026-09-26 11:36:00.038  TX start Q65 at 11:36:00.000
2026-09-26 11:36:00.045  2026-09-26 11:36:00
2026-09-26 11:36:01.049  2026-09-26 11:36:01
2026-09-26 11:36:02.039  2026-09-26 11:36:02
2026-09-26 11:36:03.041  2026-09-26 11:36:03
2026-09-26 11:36:04.041  2026-09-26 11:36:04
2026-09-26 11:36:05.042  2026-09-26 11:36:05
2026-09-26 11:36:05.092  $PECZ,[  47815.5] FRAME   #5419 corr 0.48 snr 2 dB, fixed 3 symbol(s) + soft retry: 2026-09-26 11:36:03 UTC (13:36:03 local, UTC+2)*0A
2026-09-26 11:36:05.103  $PECZ,[  47815.5] CLOCK   frame agrees with clock, error +0.26 ms, xtal -23705 ppb*50
2026-09-26 11:36:05.113  $PECZ,[  47815.5] RAW     55 55 60 B7 77 F9 3D 8B 8E 51 E6 D1 *38
2026-09-26 11:36:06.050  2026-09-26 11:36:06
2026-09-26 11:36:06.055  $PGGUM,B7,77,F9,3D,8B,8E,51,E6,D1,14*35
2026-09-26 11:36:07.049  2026-09-26 11:36:07
2026-09-26 11:36:08.041  2026-09-26 11:36:08
2026-09-26 11:36:08.552  $PECZ,[  47819.1] SIGNAL  level  67% [#############-------] OK, volume 58/63, centre 0% | carrier 1014.74 Hz (+14.74) locked, '0' bits at -35 deg, noise 20 deg | radio RSSI 62 dBuV SNR 0 dB*78
2026-09-26 11:36:09.049  2026-09-26 11:36:09
2026-09-26 11:36:09.560  $PECZ,[  47820.1] STATUS  2026-09-26 11:36:09 UTC (13:36:09 local, UTC+2) VALID, last good frame 6 s ago | frames heard 5419, undecodable 2661, accepted 2691 (1255 by matching the expected fra*00
2026-09-26 11:36:10.043  2026-09-26 11:36:10
2026-09-26 11:36:11.045  2026-09-26 11:36:11
2026-09-26 11:36:12.046  2026-09-26 11:36:12
