# Legnica receiver log, slot S = 2026-09-27 12:07:48 UTC, window S-30 s .. S+45 s ($GPRMC lines omitted)
# column 1-2: host receive time (UTC, NTP); $PECZ = receiver diagnostics, [uptime s]
2026-09-27 12:07:18.047  2026-09-27 12:07:18
2026-09-27 12:07:19.047  2026-09-27 12:07:19
2026-09-27 12:07:20.048  2026-09-27 12:07:20
2026-09-27 12:07:21.039  2026-09-27 12:07:21
2026-09-27 12:07:22.040  2026-09-27 12:07:22
2026-09-27 12:07:23.042  2026-09-27 12:07:23
2026-09-27 12:07:24.042  2026-09-27 12:07:24
2026-09-27 12:07:24.086  $PECZ,[  48469.0] SIGNAL  level  63% [############--------] OK, volume 57/63, centre 4% | carrier 1015.73 Hz (+15.73) locked, '0' bits at -38 deg, noise 20 deg | radio RSSI 64 dBuV SNR 0 dB*77
2026-09-27 12:07:25.042  2026-09-27 12:07:25
2026-09-27 12:07:25.152  $PECZ,[  48470.1] STATUS  2026-09-27 12:07:25 UTC (14:07:25 local, UTC+2) VALID, last good frame 262 s ago | frames heard 2991, undecodable 1590, accepted 1359 (859 by matching the expected fr*53
2026-09-27 12:07:26.047  2026-09-27 12:07:26
2026-09-27 12:07:27.048  2026-09-27 12:07:27
2026-09-27 12:07:28.049  2026-09-27 12:07:28
2026-09-27 12:07:29.040  2026-09-27 12:07:29
2026-09-27 12:07:30.041  2026-09-27 12:07:30
2026-09-27 12:07:31.042  2026-09-27 12:07:31
2026-09-27 12:07:32.043  2026-09-27 12:07:32
2026-09-27 12:07:32.081  $PECZ,[  48477.0] FRAME   #2992 corr 0.37 - not decodable (too many bit errors, snr 3 dB)*1F
2026-09-27 12:07:33.045  2026-09-27 12:07:33
2026-09-27 12:07:34.046  2026-09-27 12:07:34
2026-09-27 12:07:34.087  $PECZ,[  48479.0] SIGNAL  level  58% [###########---------] OK, volume 57/63, centre 0% | carrier 1016.18 Hz (+16.18) locked, '0' bits at -38 deg, noise 23 deg | radio RSSI 64 dBuV SNR 0 dB*77
2026-09-27 12:07:35.042  2026-09-27 12:07:35
2026-09-27 12:07:35.153  $PECZ,[  48480.1] STATUS  2026-09-27 12:07:35 UTC (14:07:35 local, UTC+2) VALID, last good frame 272 s ago | frames heard 2992, undecodable 1591, accepted 1359 (859 by matching the expected fr*5F
2026-09-27 12:07:36.047  2026-09-27 12:07:36
2026-09-27 12:07:36.244  TX end CW at 12:07:36.200, 36.2 s
2026-09-27 12:07:37.048  2026-09-27 12:07:37
2026-09-27 12:07:38.040  2026-09-27 12:07:38
2026-09-27 12:07:39.041  2026-09-27 12:07:39
2026-09-27 12:07:40.042  2026-09-27 12:07:40
2026-09-27 12:07:41.043  2026-09-27 12:07:41
2026-09-27 12:07:42.044  2026-09-27 12:07:42
2026-09-27 12:07:43.045  2026-09-27 12:07:43
2026-09-27 12:07:44.046  2026-09-27 12:07:44
2026-09-27 12:07:44.088  $PECZ,[  48489.0] SIGNAL  level  63% [############--------] OK, volume 57/63, centre 0% | carrier 1016.42 Hz (+16.42) locked, '0' bits at -38 deg, noise 20 deg | radio RSSI 64 dBuV SNR 0 dB*7D
2026-09-27 12:07:45.042  2026-09-27 12:07:45
2026-09-27 12:07:45.152  $PECZ,[  48490.1] STATUS  2026-09-27 12:07:45 UTC (14:07:45 local, UTC+2) VALID, last good frame 282 s ago | frames heard 2992, undecodable 1591, accepted 1359 (859 by matching the expected fr*51
2026-09-27 12:07:46.047  2026-09-27 12:07:46
2026-09-27 12:07:47.048  2026-09-27 12:07:47
2026-09-27 12:07:48.049  2026-09-27 12:07:48
2026-09-27 12:07:49.040  2026-09-27 12:07:49
2026-09-27 12:07:50.041  2026-09-27 12:07:50
2026-09-27 12:07:51.042  2026-09-27 12:07:51
2026-09-27 12:07:52.043  2026-09-27 12:07:52
2026-09-27 12:07:53.044  2026-09-27 12:07:53
2026-09-27 12:07:54.045  2026-09-27 12:07:54
2026-09-27 12:07:54.088  $PECZ,[  48499.0] SIGNAL  level  62% [############--------] OK, volume 57/63, centre 2% | carrier 1016.72 Hz (+16.72) locked, '0' bits at -38 deg, noise 19 deg | radio RSSI 64 dBuV SNR 0 dB*75
2026-09-27 12:07:55.043  2026-09-27 12:07:55
2026-09-27 12:07:55.153  $PECZ,[  48500.1] STATUS  2026-09-27 12:07:55 UTC (14:07:55 local, UTC+2) VALID, last good frame 292 s ago | frames heard 2992, undecodable 1591, accepted 1359 (859 by matching the expected fr*58
2026-09-27 12:07:56.048  2026-09-27 12:07:56
2026-09-27 12:07:57.049  2026-09-27 12:07:57
2026-09-27 12:07:58.040  2026-09-27 12:07:58
2026-09-27 12:07:59.041  2026-09-27 12:07:59
2026-09-27 12:08:00.038  TX start Q65 at 12:08:00.000
2026-09-27 12:08:00.043  2026-09-27 12:08:00
2026-09-27 12:08:01.044  2026-09-27 12:08:01
2026-09-27 12:08:02.046  2026-09-27 12:08:02
2026-09-27 12:08:03.046  2026-09-27 12:08:03
2026-09-27 12:08:04.047  2026-09-27 12:08:04
2026-09-27 12:08:04.087  $PECZ,[  48509.0] SIGNAL  level  56% [###########---------] OK, volume 57/63, centre -3% | carrier 1016.87 Hz (+16.87) locked, '0' bits at -38 deg, noise 21 deg | radio RSSI 64 dBuV SNR 0 dB*53
2026-09-27 12:08:05.042  2026-09-27 12:08:05
2026-09-27 12:08:05.152  $PECZ,[  48510.1] STATUS  2026-09-27 12:08:05 UTC (14:08:05 local, UTC+2) VALID, last good frame 302 s ago | frames heard 2992, undecodable 1591, accepted 1359 (859 by matching the expected fr*51
2026-09-27 12:08:06.047  2026-09-27 12:08:06
2026-09-27 12:08:07.048  2026-09-27 12:08:07
2026-09-27 12:08:08.049  2026-09-27 12:08:08
2026-09-27 12:08:09.040  2026-09-27 12:08:09
2026-09-27 12:08:10.041  2026-09-27 12:08:10
2026-09-27 12:08:11.043  2026-09-27 12:08:11
2026-09-27 12:08:12.043  2026-09-27 12:08:12
2026-09-27 12:08:13.044  2026-09-27 12:08:13
2026-09-27 12:08:14.045  2026-09-27 12:08:14
2026-09-27 12:08:14.086  $PECZ,[  48519.0] SIGNAL  level  59% [###########---------] OK, volume 57/63, centre -2% | carrier 1017.16 Hz (+17.16) locked, '0' bits at -38 deg, noise 20 deg | radio RSSI 65 dBuV SNR 0 dB*5C
2026-09-27 12:08:15.041  2026-09-27 12:08:15
2026-09-27 12:08:15.151  $PECZ,[  48520.1] STATUS  2026-09-27 12:08:15 UTC (14:08:15 local, UTC+2) VALID, last good frame 312 s ago | frames heard 2992, undecodable 1591, accepted 1359 (859 by matching the expected fr*53
2026-09-27 12:08:16.045  2026-09-27 12:08:16
2026-09-27 12:08:17.047  2026-09-27 12:08:17
2026-09-27 12:08:18.048  2026-09-27 12:08:18
2026-09-27 12:08:19.050  2026-09-27 12:08:19
2026-09-27 12:08:20.039  2026-09-27 12:08:20
2026-09-27 12:08:21.040  2026-09-27 12:08:21
2026-09-27 12:08:22.041  2026-09-27 12:08:22
2026-09-27 12:08:23.042  2026-09-27 12:08:23
2026-09-27 12:08:24.043  2026-09-27 12:08:24
2026-09-27 12:08:24.086  $PECZ,[  48529.0] SIGNAL  level  60% [############--------] OK, volume 57/63, centre -2% | carrier 1017.43 Hz (+17.43) locked, '0' bits at -38 deg, noise 21 deg | radio RSSI 64 dBuV SNR 0 dB*5B
2026-09-27 12:08:25.040  2026-09-27 12:08:25
2026-09-27 12:08:25.151  $PECZ,[  48530.1] STATUS  2026-09-27 12:08:25 UTC (14:08:25 local, UTC+2) VALID, last good frame 322 s ago | frames heard 2992, undecodable 1591, accepted 1359 (859 by matching the expected fr*51
2026-09-27 12:08:26.045  2026-09-27 12:08:26
2026-09-27 12:08:27.046  2026-09-27 12:08:27
2026-09-27 12:08:28.047  2026-09-27 12:08:28
2026-09-27 12:08:29.048  2026-09-27 12:08:29
2026-09-27 12:08:30.039  2026-09-27 12:08:30
2026-09-27 12:08:31.040  2026-09-27 12:08:31
2026-09-27 12:08:32.042  2026-09-27 12:08:32
2026-09-27 12:08:33.042  2026-09-27 12:08:33
