# Legnica receiver log, slot S = 2026-09-29 03:42:57 UTC, window S-30 s .. S+45 s ($GPRMC lines omitted)
# column 1-2: host receive time (UTC, NTP); $PECZ = receiver diagnostics, [uptime s]
2026-09-29 03:42:27.058  2026-09-29 03:42:27
2026-09-29 03:42:27.749  $PECZ,[ 190969.2] SIGNAL  level  59% [###########---------] OK, volume 57/63, centre -1% | carrier 1015.41 Hz (+15.41) locked, '0' bits at -36 deg, noise 20 deg | radio RSSI 64 dBuV SNR 0 dB*4D
2026-09-29 03:42:28.052  2026-09-29 03:42:28
2026-09-29 03:42:29.054  2026-09-29 03:42:29
2026-09-29 03:42:29.095  $PECZ,[ 190970.3] STATUS  2026-09-29 03:42:28 UTC (05:42:28 local, UTC+2) VALID, last good frame 205 s ago | frames heard 9004, undecodable 5269, accepted 3611 (2906 by matching the expected f*0C
2026-09-29 03:42:30.051  2026-09-29 03:42:30
2026-09-29 03:42:31.051  2026-09-29 03:42:31
2026-09-29 03:42:32.053  2026-09-29 03:42:32
2026-09-29 03:42:33.054  2026-09-29 03:42:33
2026-09-29 03:42:34.055  2026-09-29 03:42:34
2026-09-29 03:42:35.056  2026-09-29 03:42:35
2026-09-29 03:42:36.057  2026-09-29 03:42:36
2026-09-29 03:42:37.058  2026-09-29 03:42:37
2026-09-29 03:42:37.749  $PECZ,[ 190979.2] SIGNAL  level  60% [############--------] OK, volume 57/63, centre -3% | carrier 1015.33 Hz (+15.33) locked, '0' bits at -36 deg, noise 18 deg | radio RSSI 64 dBuV SNR 0 dB*41
2026-09-29 03:42:38.053  2026-09-29 03:42:38
2026-09-29 03:42:39.056  2026-09-29 03:42:39
2026-09-29 03:42:39.095  $PECZ,[ 190980.3] STATUS  2026-09-29 03:42:38 UTC (05:42:38 local, UTC+2) VALID, last good frame 215 s ago | frames heard 9004, undecodable 5269, accepted 3611 (2906 by matching the expected f*02
2026-09-29 03:42:40.051  2026-09-29 03:42:40
2026-09-29 03:42:41.052  2026-09-29 03:42:41
2026-09-29 03:42:42.053  2026-09-29 03:42:42
2026-09-29 03:42:43.054  2026-09-29 03:42:43
2026-09-29 03:42:44.055  2026-09-29 03:42:44
2026-09-29 03:42:45.056  2026-09-29 03:42:45
2026-09-29 03:42:46.057  2026-09-29 03:42:46
2026-09-29 03:42:47.058  2026-09-29 03:42:47
2026-09-29 03:42:47.750  $PECZ,[ 190989.2] SIGNAL  level  59% [###########---------] OK, volume 57/63, centre 4% | carrier 1015.34 Hz (+15.34) locked, '0' bits at -36 deg, noise 19 deg | radio RSSI 64 dBuV SNR 0 dB*61
2026-09-29 03:42:48.053  2026-09-29 03:42:48
2026-09-29 03:42:49.056  2026-09-29 03:42:49
2026-09-29 03:42:49.096  $PECZ,[ 190990.3] STATUS  2026-09-29 03:42:48 UTC (05:42:48 local, UTC+2) VALID, last good frame 225 s ago | frames heard 9004, undecodable 5269, accepted 3611 (2906 by matching the expected f*00
2026-09-29 03:42:50.052  2026-09-29 03:42:50
2026-09-29 03:42:51.053  2026-09-29 03:42:51
2026-09-29 03:42:51.055  TX end Q65 at 03:42:51.001, 51.0 s
2026-09-29 03:42:52.054  2026-09-29 03:42:52
2026-09-29 03:42:53.055  2026-09-29 03:42:53
2026-09-29 03:42:54.056  2026-09-29 03:42:54
2026-09-29 03:42:55.057  2026-09-29 03:42:55
2026-09-29 03:42:56.058  2026-09-29 03:42:56
2026-09-29 03:42:57.050  2026-09-29 03:42:57
2026-09-29 03:42:57.751  $PECZ,[ 190999.2] SIGNAL  level  57% [###########---------] OK, volume 57/63, centre 0% | carrier 1015.29 Hz (+15.29) locked, '0' bits at -36 deg, noise 15 deg | radio RSSI 64 dBuV SNR 0 dB*66
2026-09-29 03:42:58.054  2026-09-29 03:42:58
2026-09-29 03:42:59.056  2026-09-29 03:42:59
2026-09-29 03:42:59.097  $PECZ,[ 191000.3] STATUS  2026-09-29 03:42:58 UTC (05:42:58 local, UTC+2) VALID, last good frame 235 s ago | frames heard 9004, undecodable 5269, accepted 3611 (2906 by matching the expected f*00
2026-09-29 03:43:00.052  2026-09-29 03:43:00
2026-09-29 03:43:00.054  TX start CW at 03:43:00.003
2026-09-29 03:43:00.089  $PECZ,[ 191001.4] FRAME   #9005 corr 0.31 - not decodable (too many bit errors, snr -2 dB)*2D
2026-09-29 03:43:01.053  2026-09-29 03:43:01
2026-09-29 03:43:02.054  2026-09-29 03:43:02
2026-09-29 03:43:03.056  2026-09-29 03:43:03
2026-09-29 03:43:04.057  2026-09-29 03:43:04
2026-09-29 03:43:05.058  2026-09-29 03:43:05
2026-09-29 03:43:06.049  2026-09-29 03:43:06
2026-09-29 03:43:07.050  2026-09-29 03:43:07
2026-09-29 03:43:07.752  $PECZ,[ 191009.2] SIGNAL  level  57% [###########---------] OK, volume 57/63, centre -1% | carrier 1015.23 Hz (+15.23) locked, '0' bits at -36 deg, noise 14 deg | radio RSSI 64 dBuV SNR 0 dB*4A
2026-09-29 03:43:08.054  2026-09-29 03:43:08
2026-09-29 03:43:09.057  2026-09-29 03:43:09
2026-09-29 03:43:09.098  $PECZ,[ 191010.3] STATUS  2026-09-29 03:43:08 UTC (05:43:08 local, UTC+2) VALID, last good frame 245 s ago | frames heard 9005, undecodable 5270, accepted 3611 (2906 by matching the expected f*0F
2026-09-29 03:43:10.053  2026-09-29 03:43:10
2026-09-29 03:43:11.054  2026-09-29 03:43:11
2026-09-29 03:43:12.055  2026-09-29 03:43:12
2026-09-29 03:43:13.056  2026-09-29 03:43:13
2026-09-29 03:43:14.057  2026-09-29 03:43:14
2026-09-29 03:43:15.058  2026-09-29 03:43:15
2026-09-29 03:43:16.049  2026-09-29 03:43:16
2026-09-29 03:43:17.050  2026-09-29 03:43:17
2026-09-29 03:43:17.751  $PECZ,[ 191019.2] SIGNAL  level  58% [###########---------] OK, volume 57/63, centre -1% | carrier 1015.32 Hz (+15.32) locked, '0' bits at -36 deg, noise 13 deg | radio RSSI 64 dBuV SNR 0 dB*43
2026-09-29 03:43:18.053  2026-09-29 03:43:18
2026-09-29 03:43:19.056  2026-09-29 03:43:19
2026-09-29 03:43:19.097  $PECZ,[ 191020.3] STATUS  2026-09-29 03:43:18 UTC (05:43:18 local, UTC+2) VALID, last good frame 255 s ago | frames heard 9005, undecodable 5270, accepted 3611 (2906 by matching the expected f*0D
2026-09-29 03:43:20.051  2026-09-29 03:43:20
2026-09-29 03:43:21.052  2026-09-29 03:43:21
2026-09-29 03:43:22.053  2026-09-29 03:43:22
2026-09-29 03:43:23.054  2026-09-29 03:43:23
2026-09-29 03:43:24.055  2026-09-29 03:43:24
2026-09-29 03:43:25.056  2026-09-29 03:43:25
2026-09-29 03:43:26.057  2026-09-29 03:43:26
2026-09-29 03:43:27.058  2026-09-29 03:43:27
2026-09-29 03:43:27.750  $PECZ,[ 191029.2] SIGNAL  level  57% [###########---------] OK, volume 57/63, centre 3% | carrier 1015.31 Hz (+15.31) locked, '0' bits at -36 deg, noise 15 deg | radio RSSI 64 dBuV SNR 0 dB*66
2026-09-29 03:43:28.052  2026-09-29 03:43:28
2026-09-29 03:43:29.055  2026-09-29 03:43:29
2026-09-29 03:43:29.096  $PECZ,[ 191030.3] STATUS  2026-09-29 03:43:28 UTC (05:43:28 local, UTC+2) VALID, last good frame 265 s ago | frames heard 9005, undecodable 5270, accepted 3611 (2906 by matching the expected f*0F
2026-09-29 03:43:30.051  2026-09-29 03:43:30
2026-09-29 03:43:31.052  2026-09-29 03:43:31
2026-09-29 03:43:32.053  2026-09-29 03:43:32
2026-09-29 03:43:33.054  2026-09-29 03:43:33
2026-09-29 03:43:34.055  2026-09-29 03:43:34
2026-09-29 03:43:35.056  2026-09-29 03:43:35
2026-09-29 03:43:36.057  2026-09-29 03:43:36
2026-09-29 03:43:36.252  TX end CW at 03:43:36.198, 36.2 s
2026-09-29 03:43:37.058  2026-09-29 03:43:37
2026-09-29 03:43:37.750  $PECZ,[ 191039.2] SIGNAL  level  67% [#############-------] OK, volume 57/63, centre -1% | carrier 1015.31 Hz (+15.31) locked, '0' bits at -36 deg, noise 12 deg | radio RSSI 64 dBuV SNR 0 dB*4C
2026-09-29 03:43:38.052  2026-09-29 03:43:38
2026-09-29 03:43:39.055  2026-09-29 03:43:39
2026-09-29 03:43:39.096  $PECZ,[ 191040.3] STATUS  2026-09-29 03:43:38 UTC (05:43:38 local, UTC+2) VALID, last good frame 275 s ago | frames heard 9005, undecodable 5270, accepted 3611 (2906 by matching the expected f*09
2026-09-29 03:43:40.051  2026-09-29 03:43:40
2026-09-29 03:43:41.052  2026-09-29 03:43:41
