# Legnica receiver log, slot S = 2026-09-28 11:02:00 UTC, window S-30 s .. S+45 s ($GPRMC lines omitted)
# column 1-2: host receive time (UTC, NTP); $PECZ = receiver diagnostics, [uptime s]
2026-09-28 11:01:30.036  2026-09-28 11:01:30
2026-09-28 11:01:31.037  2026-09-28 11:01:31
2026-09-28 11:01:32.038  2026-09-28 11:01:32
2026-09-28 11:01:33.039  2026-09-28 11:01:33
2026-09-28 11:01:34.040  2026-09-28 11:01:34
2026-09-28 11:01:35.041  2026-09-28 11:01:35
2026-09-28 11:01:36.042  2026-09-28 11:01:36
2026-09-28 11:01:36.234  $PECZ,[ 130919.2] SIGNAL  level  59% [###########---------] OK, volume 57/63, centre 1% | carrier 1015.21 Hz (+15.21) locked, '0' bits at -33 deg, noise 17 deg | radio RSSI 64 dBuV SNR 0 dB*6C
2026-09-28 11:01:36.240  TX end CW at 11:01:36.202, 36.2 s
2026-09-28 11:01:37.039  2026-09-28 11:01:37
2026-09-28 11:01:37.219  $PECZ,[ 130920.2] STATUS  2026-09-28 11:01:37 UTC (13:01:37 local, UTC+2) VALID, last good frame 265 s ago | frames heard 6209, undecodable 3559, accepted 2562 (1967 by matching the expected f*01
2026-09-28 11:01:38.043  2026-09-28 11:01:38
2026-09-28 11:01:39.044  2026-09-28 11:01:39
2026-09-28 11:01:40.035  2026-09-28 11:01:40
2026-09-28 11:01:41.036  2026-09-28 11:01:41
2026-09-28 11:01:41.074  $PECZ,[ 130924.0] FRAME   #6210 corr 0.30 - not decodable (too many bit errors, snr 0 dB)*0B
2026-09-28 11:01:42.038  2026-09-28 11:01:42
2026-09-28 11:01:43.039  2026-09-28 11:01:43
2026-09-28 11:01:44.040  2026-09-28 11:01:44
2026-09-28 11:01:45.041  2026-09-28 11:01:45
2026-09-28 11:01:46.043  2026-09-28 11:01:46
2026-09-28 11:01:46.234  $PECZ,[ 130929.2] SIGNAL  level  55% [###########---------] OK, volume 57/63, centre 0% | carrier 1015.38 Hz (+15.38) locked, '0' bits at -33 deg, noise 17 deg | radio RSSI 64 dBuV SNR 0 dB*62
2026-09-28 11:01:47.038  2026-09-28 11:01:47
2026-09-28 11:01:47.219  $PECZ,[ 130930.2] STATUS  2026-09-28 11:01:47 UTC (13:01:47 local, UTC+2) VALID, last good frame 275 s ago | frames heard 6210, undecodable 3560, accepted 2562 (1967 by matching the expected f*03
2026-09-28 11:01:48.043  2026-09-28 11:01:48
2026-09-28 11:01:49.044  2026-09-28 11:01:49
2026-09-28 11:01:50.046  2026-09-28 11:01:50
2026-09-28 11:01:51.036  2026-09-28 11:01:51
2026-09-28 11:01:52.037  2026-09-28 11:01:52
2026-09-28 11:01:53.039  2026-09-28 11:01:53
2026-09-28 11:01:54.039  2026-09-28 11:01:54
2026-09-28 11:01:55.040  2026-09-28 11:01:55
2026-09-28 11:01:56.041  2026-09-28 11:01:56
2026-09-28 11:01:56.235  $PECZ,[ 130939.2] SIGNAL  level  67% [#############-------] OK, volume 57/63, centre -3% | carrier 1015.43 Hz (+15.43) locked, '0' bits at -33 deg, noise 19 deg | radio RSSI 64 dBuV SNR 0 dB*42
2026-09-28 11:01:57.039  2026-09-28 11:01:57
2026-09-28 11:01:57.220  $PECZ,[ 130940.2] STATUS  2026-09-28 11:01:57 UTC (13:01:57 local, UTC+2) VALID, last good frame 285 s ago | frames heard 6210, undecodable 3560, accepted 2562 (1967 by matching the expected f*0B
2026-09-28 11:01:58.045  2026-09-28 11:01:58
2026-09-28 11:01:59.045  2026-09-28 11:01:59
2026-09-28 11:02:00.037  2026-09-28 11:02:00
2026-09-28 11:02:00.040  TX start Q65 at 11:02:00.007
2026-09-28 11:02:01.037  2026-09-28 11:02:01
2026-09-28 11:02:02.040  2026-09-28 11:02:02
2026-09-28 11:02:03.041  2026-09-28 11:02:03
2026-09-28 11:02:04.042  2026-09-28 11:02:04
2026-09-28 11:02:05.043  2026-09-28 11:02:05
2026-09-28 11:02:06.044  2026-09-28 11:02:06
2026-09-28 11:02:06.235  $PECZ,[ 130949.2] SIGNAL  level  60% [############--------] OK, volume 57/63, centre 0% | carrier 1015.29 Hz (+15.29) locked, '0' bits at -33 deg, noise 17 deg | radio RSSI 64 dBuV SNR 0 dB*6C
2026-09-28 11:02:07.040  2026-09-28 11:02:07
2026-09-28 11:02:07.220  $PECZ,[ 130950.2] STATUS  2026-09-28 11:02:07 UTC (13:02:07 local, UTC+2) VALID, last good frame 295 s ago | frames heard 6210, undecodable 3560, accepted 2562 (1967 by matching the expected f*0B
2026-09-28 11:02:08.045  2026-09-28 11:02:08
2026-09-28 11:02:09.046  2026-09-28 11:02:09
2026-09-28 11:02:10.037  2026-09-28 11:02:10
2026-09-28 11:02:11.038  2026-09-28 11:02:11
2026-09-28 11:02:12.039  2026-09-28 11:02:12
2026-09-28 11:02:13.040  2026-09-28 11:02:13
2026-09-28 11:02:14.041  2026-09-28 11:02:14
2026-09-28 11:02:15.042  2026-09-28 11:02:15
2026-09-28 11:02:16.043  2026-09-28 11:02:16
2026-09-28 11:02:16.235  $PECZ,[ 130959.2] SIGNAL  level  59% [###########---------] OK, volume 57/63, centre 0% | carrier 1015.21 Hz (+15.21) locked, '0' bits at -33 deg, noise 17 deg | radio RSSI 64 dBuV SNR 0 dB*69
2026-09-28 11:02:17.040  2026-09-28 11:02:17
2026-09-28 11:02:17.219  $PECZ,[ 130960.2] STATUS  2026-09-28 11:02:17 UTC (13:02:17 local, UTC+2) VALID, last good frame 305 s ago | frames heard 6210, undecodable 3560, accepted 2562 (1967 by matching the expected f*00
2026-09-28 11:02:18.045  2026-09-28 11:02:18
2026-09-28 11:02:19.046  2026-09-28 11:02:19
2026-09-28 11:02:20.037  2026-09-28 11:02:20
2026-09-28 11:02:21.038  2026-09-28 11:02:21
2026-09-28 11:02:22.039  2026-09-28 11:02:22
2026-09-28 11:02:23.040  2026-09-28 11:02:23
2026-09-28 11:02:24.041  2026-09-28 11:02:24
2026-09-28 11:02:25.042  2026-09-28 11:02:25
2026-09-28 11:02:26.043  2026-09-28 11:02:26
2026-09-28 11:02:26.235  $PECZ,[ 130969.2] SIGNAL  level  57% [###########---------] OK, volume 57/63, centre -1% | carrier 1015.34 Hz (+15.34) locked, '0' bits at -33 deg, noise 18 deg | radio RSSI 64 dBuV SNR 0 dB*47
2026-09-28 11:02:27.041  2026-09-28 11:02:27
2026-09-28 11:02:27.220  $PECZ,[ 130970.2] STATUS  2026-09-28 11:02:27 UTC (13:02:27 local, UTC+2) VALID, last good frame 315 s ago | frames heard 6210, undecodable 3560, accepted 2562 (1967 by matching the expected f*00
2026-09-28 11:02:28.046  2026-09-28 11:02:28
2026-09-28 11:02:29.036  2026-09-28 11:02:29
2026-09-28 11:02:30.037  2026-09-28 11:02:30
2026-09-28 11:02:31.038  2026-09-28 11:02:31
2026-09-28 11:02:32.039  2026-09-28 11:02:32
2026-09-28 11:02:33.040  2026-09-28 11:02:33
2026-09-28 11:02:34.041  2026-09-28 11:02:34
2026-09-28 11:02:35.042  2026-09-28 11:02:35
2026-09-28 11:02:36.043  2026-09-28 11:02:36
2026-09-28 11:02:36.235  $PECZ,[ 130979.2] SIGNAL  level  54% [##########----------] OK, volume 57/63, centre 0% | carrier 1015.25 Hz (+15.25) locked, '0' bits at -33 deg, noise 16 deg | radio RSSI 64 dBuV SNR 0 dB*69
2026-09-28 11:02:37.040  2026-09-28 11:02:37
2026-09-28 11:02:37.220  $PECZ,[ 130980.2] STATUS  2026-09-28 11:02:37 UTC (13:02:37 local, UTC+2) VALID, last good frame 325 s ago | frames heard 6210, undecodable 3560, accepted 2562 (1967 by matching the expected f*0C
2026-09-28 11:02:38.045  2026-09-28 11:02:38
2026-09-28 11:02:39.036  2026-09-28 11:02:39
2026-09-28 11:02:40.037  2026-09-28 11:02:40
2026-09-28 11:02:41.039  2026-09-28 11:02:41
2026-09-28 11:02:42.040  2026-09-28 11:02:42
2026-09-28 11:02:43.041  2026-09-28 11:02:43
2026-09-28 11:02:44.041  2026-09-28 11:02:44
2026-09-28 11:02:45.043  2026-09-28 11:02:45
