# Legnica receiver log, slot S = 2026-09-28 12:26:09 UTC, window S-30 s .. S+45 s ($GPRMC lines omitted)
# column 1-2: host receive time (UTC, NTP); $PECZ = receiver diagnostics, [uptime s]
2026-09-28 12:25:39.038  2026-09-28 12:25:39
2026-09-28 12:25:40.040  2026-09-28 12:25:40
2026-09-28 12:25:41.040  2026-09-28 12:25:41
2026-09-28 12:25:42.041  2026-09-28 12:25:42
2026-09-28 12:25:43.043  2026-09-28 12:25:43
2026-09-28 12:25:44.044  2026-09-28 12:25:44
2026-09-28 12:25:45.045  2026-09-28 12:25:45
2026-09-28 12:25:46.046  2026-09-28 12:25:46
2026-09-28 12:25:46.359  $PECZ,[ 135969.2] SIGNAL  level  57% [###########---------] OK, volume 57/63, centre 5% | carrier 1015.20 Hz (+15.20) locked, '0' bits at -33 deg, noise 17 deg | radio RSSI 64 dBuV SNR 0 dB*64
2026-09-28 12:25:47.043  2026-09-28 12:25:47
2026-09-28 12:25:47.344  $PECZ,[ 135970.2] STATUS  2026-09-28 12:25:47 UTC (14:25:47 local, UTC+2) VALID, last good frame 137 s ago | frames heard 6375, undecodable 3667, accepted 2618 (2020 by matching the expected f*02
2026-09-28 12:25:48.038  2026-09-28 12:25:48
2026-09-28 12:25:49.039  2026-09-28 12:25:49
2026-09-28 12:25:50.040  2026-09-28 12:25:50
2026-09-28 12:25:51.041  2026-09-28 12:25:51
2026-09-28 12:25:52.042  2026-09-28 12:25:52
2026-09-28 12:25:53.043  2026-09-28 12:25:53
2026-09-28 12:25:54.044  2026-09-28 12:25:54
2026-09-28 12:25:55.045  2026-09-28 12:25:55
2026-09-28 12:25:56.046  2026-09-28 12:25:56
2026-09-28 12:25:56.358  $PECZ,[ 135979.2] SIGNAL  level  56% [###########---------] OK, volume 57/63, centre 1% | carrier 1015.39 Hz (+15.39) locked, '0' bits at -33 deg, noise 17 deg | radio RSSI 64 dBuV SNR 0 dB*60
2026-09-28 12:25:57.043  2026-09-28 12:25:57
2026-09-28 12:25:57.344  $PECZ,[ 135980.2] STATUS  2026-09-28 12:25:57 UTC (14:25:57 local, UTC+2) VALID, last good frame 147 s ago | frames heard 6375, undecodable 3667, accepted 2618 (2020 by matching the expected f*0A
2026-09-28 12:25:58.038  2026-09-28 12:25:58
2026-09-28 12:25:59.039  2026-09-28 12:25:59
2026-09-28 12:26:00.037  TX start Q65 at 12:26:00.000
2026-09-28 12:26:00.042  2026-09-28 12:26:00
2026-09-28 12:26:01.042  2026-09-28 12:26:01
2026-09-28 12:26:02.043  2026-09-28 12:26:02
2026-09-28 12:26:02.431  $PECZ,[ 135985.3] FRAME   #6376 corr 0.31 - not decodable (too many bit errors, snr -3 dB)*28
2026-09-28 12:26:03.043  2026-09-28 12:26:03
2026-09-28 12:26:04.046  2026-09-28 12:26:04
2026-09-28 12:26:05.037  2026-09-28 12:26:05
2026-09-28 12:26:05.085  $PECZ,[ 135987.9] FRAME   #6377 corr 0.32 - not decodable (too many bit errors, snr 0 dB)*0C
2026-09-28 12:26:06.040  2026-09-28 12:26:06
2026-09-28 12:26:06.359  $PECZ,[ 135989.2] SIGNAL  level  60% [############--------] OK, volume 57/63, centre 1% | carrier 1015.18 Hz (+15.18) locked, '0' bits at -33 deg, noise 17 deg | radio RSSI 64 dBuV SNR 0 dB*64
2026-09-28 12:26:07.042  2026-09-28 12:26:07
2026-09-28 12:26:07.345  $PECZ,[ 135990.2] STATUS  2026-09-28 12:26:07 UTC (14:26:07 local, UTC+2) VALID, last good frame 157 s ago | frames heard 6377, undecodable 3669, accepted 2618 (2020 by matching the expected f*06
2026-09-28 12:26:08.038  2026-09-28 12:26:08
2026-09-28 12:26:09.041  2026-09-28 12:26:09
2026-09-28 12:26:10.041  2026-09-28 12:26:10
2026-09-28 12:26:11.043  2026-09-28 12:26:11
2026-09-28 12:26:12.044  2026-09-28 12:26:12
2026-09-28 12:26:13.045  2026-09-28 12:26:13
2026-09-28 12:26:14.046  2026-09-28 12:26:14
2026-09-28 12:26:15.047  2026-09-28 12:26:15
2026-09-28 12:26:16.038  2026-09-28 12:26:16
2026-09-28 12:26:16.359  $PECZ,[ 135999.2] SIGNAL  level  57% [###########---------] OK, volume 57/63, centre -1% | carrier 1015.26 Hz (+15.26) locked, '0' bits at -33 deg, noise 19 deg | radio RSSI 64 dBuV SNR 0 dB*4C
2026-09-28 12:26:17.045  2026-09-28 12:26:17
2026-09-28 12:26:17.344  $PECZ,[ 136000.2] STATUS  2026-09-28 12:26:17 UTC (14:26:17 local, UTC+2) VALID, last good frame 167 s ago | frames heard 6377, undecodable 3669, accepted 2618 (2020 by matching the expected f*06
2026-09-28 12:26:18.040  2026-09-28 12:26:18
2026-09-28 12:26:19.041  2026-09-28 12:26:19
2026-09-28 12:26:20.042  2026-09-28 12:26:20
2026-09-28 12:26:21.043  2026-09-28 12:26:21
2026-09-28 12:26:22.044  2026-09-28 12:26:22
2026-09-28 12:26:23.045  2026-09-28 12:26:23
2026-09-28 12:26:24.046  2026-09-28 12:26:24
2026-09-28 12:26:25.047  2026-09-28 12:26:25
2026-09-28 12:26:26.048  2026-09-28 12:26:26
2026-09-28 12:26:26.359  $PECZ,[ 136009.2] SIGNAL  level  61% [############--------] OK, volume 57/63, centre 2% | carrier 1015.27 Hz (+15.27) locked, '0' bits at -33 deg, noise 17 deg | radio RSSI 64 dBuV SNR 0 dB*64
2026-09-28 12:26:27.045  2026-09-28 12:26:27
2026-09-28 12:26:27.344  $PECZ,[ 136010.2] STATUS  2026-09-28 12:26:27 UTC (14:26:27 local, UTC+2) VALID, last good frame 177 s ago | frames heard 6377, undecodable 3669, accepted 2618 (2020 by matching the expected f*06
2026-09-28 12:26:28.040  2026-09-28 12:26:28
2026-09-28 12:26:29.041  2026-09-28 12:26:29
2026-09-28 12:26:30.042  2026-09-28 12:26:30
2026-09-28 12:26:31.043  2026-09-28 12:26:31
2026-09-28 12:26:32.044  2026-09-28 12:26:32
2026-09-28 12:26:33.045  2026-09-28 12:26:33
2026-09-28 12:26:34.046  2026-09-28 12:26:34
2026-09-28 12:26:35.047  2026-09-28 12:26:35
2026-09-28 12:26:36.038  2026-09-28 12:26:36
2026-09-28 12:26:36.360  $PECZ,[ 136019.2] SIGNAL  level  58% [###########---------] OK, volume 57/63, centre 2% | carrier 1015.18 Hz (+15.18) locked, '0' bits at -33 deg, noise 17 deg | radio RSSI 64 dBuV SNR 0 dB*61
2026-09-28 12:26:37.043  2026-09-28 12:26:37
2026-09-28 12:26:37.345  $PECZ,[ 136020.2] STATUS  2026-09-28 12:26:37 UTC (14:26:37 local, UTC+2) VALID, last good frame 187 s ago | frames heard 6377, undecodable 3669, accepted 2618 (2020 by matching the expected f*0A
2026-09-28 12:26:38.038  2026-09-28 12:26:38
2026-09-28 12:26:39.041  2026-09-28 12:26:39
2026-09-28 12:26:40.042  2026-09-28 12:26:40
2026-09-28 12:26:41.043  2026-09-28 12:26:41
2026-09-28 12:26:42.044  2026-09-28 12:26:42
2026-09-28 12:26:43.045  2026-09-28 12:26:43
2026-09-28 12:26:44.046  2026-09-28 12:26:44
2026-09-28 12:26:45.045  2026-09-28 12:26:45
2026-09-28 12:26:46.037  2026-09-28 12:26:46
2026-09-28 12:26:46.360  $PECZ,[ 136029.2] SIGNAL  level  58% [###########---------] OK, volume 57/63, centre -1% | carrier 1015.27 Hz (+15.27) locked, '0' bits at -33 deg, noise 19 deg | radio RSSI 64 dBuV SNR 0 dB*42
2026-09-28 12:26:47.045  2026-09-28 12:26:47
2026-09-28 12:26:47.346  $PECZ,[ 136030.2] STATUS  2026-09-28 12:26:47 UTC (14:26:47 local, UTC+2) VALID, last good frame 197 s ago | frames heard 6377, undecodable 3669, accepted 2618 (2020 by matching the expected f*0A
2026-09-28 12:26:48.040  2026-09-28 12:26:48
2026-09-28 12:26:49.041  2026-09-28 12:26:49
2026-09-28 12:26:50.042  2026-09-28 12:26:50
2026-09-28 12:26:51.038  TX end Q65 at 12:26:50.998, 51.0 s
2026-09-28 12:26:51.041  2026-09-28 12:26:51
2026-09-28 12:26:52.045  2026-09-28 12:26:52
2026-09-28 12:26:53.046  2026-09-28 12:26:53
