# Legnica receiver log, slot S = 2026-09-29 11:11:00 UTC, window S-30 s .. S+45 s ($GPRMC lines omitted)
# column 1-2: host receive time (UTC, NTP); $PECZ = receiver diagnostics, [uptime s]
2026-09-29 11:10:30.038  2026-09-29 11:10:30
2026-09-29 11:10:31.041  2026-09-29 11:10:31
2026-09-29 11:10:32.043  2026-09-29 11:10:32
2026-09-29 11:10:33.044  2026-09-29 11:10:33
2026-09-29 11:10:34.044  2026-09-29 11:10:34
2026-09-29 11:10:35.046  2026-09-29 11:10:35
2026-09-29 11:10:36.047  2026-09-29 11:10:36
2026-09-29 11:10:37.038  2026-09-29 11:10:37
2026-09-29 11:10:38.039  2026-09-29 11:10:38
2026-09-29 11:10:38.428  $PECZ,[ 217859.3] SIGNAL  level  56% [###########---------] OK, volume 57/63, centre -3% | carrier 1014.56 Hz (+14.56) locked, '0' bits at -34 deg, noise 17 deg | radio RSSI 64 dBuV SNR 0 dB*49
2026-09-29 11:10:39.042  2026-09-29 11:10:39
2026-09-29 11:10:39.505  $PECZ,[ 217860.3] STATUS  2026-09-29 11:10:39 UTC (13:10:39 local, UTC+2) VALID, last good frame 75 s ago | frames heard 10003, undecodable 5898, accepted 3963 (3236 by matching the expected f*09
2026-09-29 11:10:40.041  2026-09-29 11:10:40
2026-09-29 11:10:41.042  2026-09-29 11:10:41
2026-09-29 11:10:42.042  2026-09-29 11:10:42
2026-09-29 11:10:43.043  2026-09-29 11:10:43
2026-09-29 11:10:44.044  2026-09-29 11:10:44
2026-09-29 11:10:45.045  2026-09-29 11:10:45
2026-09-29 11:10:46.046  2026-09-29 11:10:46
2026-09-29 11:10:47.037  2026-09-29 11:10:47
2026-09-29 11:10:48.038  2026-09-29 11:10:48
2026-09-29 11:10:48.428  $PECZ,[ 217869.3] SIGNAL  level  56% [###########---------] OK, volume 57/63, centre 4% | carrier 1014.41 Hz (+14.41) locked, '0' bits at -34 deg, noise 22 deg | radio RSSI 64 dBuV SNR 0 dB*66
2026-09-29 11:10:49.043  2026-09-29 11:10:49
2026-09-29 11:10:49.505  $PECZ,[ 217870.3] STATUS  2026-09-29 11:10:49 UTC (13:10:49 local, UTC+2) VALID, last good frame 85 s ago | frames heard 10003, undecodable 5898, accepted 3963 (3236 by matching the expected f*07
2026-09-29 11:10:50.039  2026-09-29 11:10:50
2026-09-29 11:10:51.041  2026-09-29 11:10:51
2026-09-29 11:10:51.043  TX end Q65 at 11:10:51.000, 51.0 s
2026-09-29 11:10:52.042  2026-09-29 11:10:52
2026-09-29 11:10:53.043  2026-09-29 11:10:53
2026-09-29 11:10:54.044  2026-09-29 11:10:54
2026-09-29 11:10:54.661  $PECZ,[ 217875.5] FRAME   #10004 corr 0.29 - not decodable (too many bit errors, snr -1 dB)*19
2026-09-29 11:10:55.044  2026-09-29 11:10:55
2026-09-29 11:10:56.037  2026-09-29 11:10:56
2026-09-29 11:10:57.038  2026-09-29 11:10:57
2026-09-29 11:10:58.039  2026-09-29 11:10:58
2026-09-29 11:10:58.429  $PECZ,[ 217879.3] SIGNAL  level  58% [###########---------] OK, volume 57/63, centre 2% | carrier 1014.41 Hz (+14.41) locked, '0' bits at -34 deg, noise 24 deg | radio RSSI 64 dBuV SNR 0 dB*69
2026-09-29 11:10:59.042  2026-09-29 11:10:59
2026-09-29 11:10:59.504  $PECZ,[ 217880.3] STATUS  2026-09-29 11:10:59 UTC (13:10:59 local, UTC+2) VALID, last good frame 95 s ago | frames heard 10004, undecodable 5899, accepted 3963 (3236 by matching the expected f*0F
2026-09-29 11:11:00.038  2026-09-29 11:11:00
2026-09-29 11:11:00.040  TX start CW at 11:11:00.002
2026-09-29 11:11:01.040  2026-09-29 11:11:01
2026-09-29 11:11:02.041  2026-09-29 11:11:02
2026-09-29 11:11:03.043  2026-09-29 11:11:03
2026-09-29 11:11:04.043  2026-09-29 11:11:04
2026-09-29 11:11:05.045  2026-09-29 11:11:05
2026-09-29 11:11:06.046  2026-09-29 11:11:06
2026-09-29 11:11:07.037  2026-09-29 11:11:07
2026-09-29 11:11:08.038  2026-09-29 11:11:08
2026-09-29 11:11:08.429  $PECZ,[ 217889.3] SIGNAL  level  62% [############--------] OK, volume 57/63, centre 1% | carrier 1014.32 Hz (+14.32) locked, '0' bits at -34 deg, noise 22 deg | radio RSSI 64 dBuV SNR 0 dB*64
2026-09-29 11:11:09.042  2026-09-29 11:11:09
2026-09-29 11:11:09.507  $PECZ,[ 217890.3] STATUS  2026-09-29 11:11:09 UTC (13:11:09 local, UTC+2) VALID, last good frame 105 s ago | frames heard 10004, undecodable 5899, accepted 3963 (3236 by matching the expected *50
2026-09-29 11:11:10.040  2026-09-29 11:11:10
2026-09-29 11:11:11.042  2026-09-29 11:11:11
2026-09-29 11:11:12.043  2026-09-29 11:11:12
2026-09-29 11:11:13.044  2026-09-29 11:11:13
2026-09-29 11:11:14.045  2026-09-29 11:11:14
2026-09-29 11:11:15.046  2026-09-29 11:11:15
2026-09-29 11:11:16.037  2026-09-29 11:11:16
2026-09-29 11:11:17.038  2026-09-29 11:11:17
2026-09-29 11:11:18.039  2026-09-29 11:11:18
2026-09-29 11:11:18.430  $PECZ,[ 217899.3] SIGNAL  level  59% [###########---------] OK, volume 57/63, centre 0% | carrier 1014.30 Hz (+14.30) locked, '0' bits at -34 deg, noise 20 deg | radio RSSI 64 dBuV SNR 0 dB*60
2026-09-29 11:11:19.044  2026-09-29 11:11:19
2026-09-29 11:11:19.507  $PECZ,[ 217900.3] STATUS  2026-09-29 11:11:19 UTC (13:11:19 local, UTC+2) VALID, last good frame 115 s ago | frames heard 10004, undecodable 5899, accepted 3963 (3236 by matching the expected *59
2026-09-29 11:11:20.040  2026-09-29 11:11:20
2026-09-29 11:11:21.044  2026-09-29 11:11:21
2026-09-29 11:11:22.044  2026-09-29 11:11:22
2026-09-29 11:11:23.045  2026-09-29 11:11:23
2026-09-29 11:11:24.046  2026-09-29 11:11:24
2026-09-29 11:11:25.037  2026-09-29 11:11:25
2026-09-29 11:11:26.038  2026-09-29 11:11:26
2026-09-29 11:11:27.039  2026-09-29 11:11:27
2026-09-29 11:11:28.040  2026-09-29 11:11:28
2026-09-29 11:11:28.431  $PECZ,[ 217909.3] SIGNAL  level  57% [###########---------] OK, volume 57/63, centre 0% | carrier 1014.45 Hz (+14.45) locked, '0' bits at -34 deg, noise 19 deg | radio RSSI 65 dBuV SNR 0 dB*6D
2026-09-29 11:11:29.043  2026-09-29 11:11:29
2026-09-29 11:11:29.507  $PECZ,[ 217910.3] STATUS  2026-09-29 11:11:29 UTC (13:11:29 local, UTC+2) VALID, last good frame 125 s ago | frames heard 10004, undecodable 5899, accepted 3963 (3236 by matching the expected *5B
2026-09-29 11:11:30.039  2026-09-29 11:11:30
2026-09-29 11:11:31.042  2026-09-29 11:11:31
2026-09-29 11:11:32.043  2026-09-29 11:11:32
2026-09-29 11:11:33.044  2026-09-29 11:11:33
2026-09-29 11:11:34.045  2026-09-29 11:11:34
2026-09-29 11:11:35.046  2026-09-29 11:11:35
2026-09-29 11:11:36.037  2026-09-29 11:11:36
2026-09-29 11:11:36.239  TX end CW at 11:11:36.205, 36.2 s
2026-09-29 11:11:37.038  2026-09-29 11:11:37
2026-09-29 11:11:38.040  2026-09-29 11:11:38
2026-09-29 11:11:38.430  $PECZ,[ 217919.3] SIGNAL  level  58% [###########---------] OK, volume 57/63, centre 1% | carrier 1014.51 Hz (+14.51) locked, '0' bits at -34 deg, noise 20 deg | radio RSSI 64 dBuV SNR 0 dB*69
2026-09-29 11:11:39.043  2026-09-29 11:11:39
2026-09-29 11:11:39.507  $PECZ,[ 217920.3] STATUS  2026-09-29 11:11:39 UTC (13:11:39 local, UTC+2) VALID, last good frame 135 s ago | frames heard 10004, undecodable 5899, accepted 3963 (3236 by matching the expected *59
2026-09-29 11:11:40.040  2026-09-29 11:11:40
2026-09-29 11:11:41.043  2026-09-29 11:11:41
2026-09-29 11:11:42.044  2026-09-29 11:11:42
2026-09-29 11:11:43.045  2026-09-29 11:11:43
2026-09-29 11:11:44.046  2026-09-29 11:11:44
