# Legnica receiver log, slot S = 2026-09-28 22:51:24 UTC, window S-30 s .. S+45 s ($GPRMC lines omitted)
# column 1-2: host receive time (UTC, NTP); $PECZ = receiver diagnostics, [uptime s]
2026-09-28 22:50:54.071  2026-09-28 22:50:54
2026-09-28 22:50:55.071  2026-09-28 22:50:55
2026-09-28 22:50:56.073  2026-09-28 22:50:56
2026-09-28 22:50:57.064  2026-09-28 22:50:57
2026-09-28 22:50:57.336  $PECZ,[ 173479.2] SIGNAL  level  55% [###########---------] OK, volume 57/63, centre 2% | carrier 1017.05 Hz (+17.05) locked, '0' bits at -35 deg, noise 12 deg | radio RSSI 64 dBuV SNR 0 dB*6C
2026-09-28 22:50:58.072  2026-09-28 22:50:58
2026-09-28 22:50:58.372  $PECZ,[ 173480.3] STATUS  2026-09-28 22:50:58 UTC (00:50:58 local, UTC+2) VALID, last good frame 301 s ago | frames heard 8336, undecodable 4863, accepted 3358 (2678 by matching the expected f*0D
2026-09-28 22:50:59.067  2026-09-28 22:50:59
2026-09-28 22:51:00.063  TX start CW at 22:51:00.000
2026-09-28 22:51:00.068  2026-09-28 22:51:00
2026-09-28 22:51:01.069  2026-09-28 22:51:01
2026-09-28 22:51:02.070  2026-09-28 22:51:02
2026-09-28 22:51:03.071  2026-09-28 22:51:03
2026-09-28 22:51:04.072  2026-09-28 22:51:04
2026-09-28 22:51:05.073  2026-09-28 22:51:05
2026-09-28 22:51:05.110  $PECZ,[ 173486.9] FRAME   #8337 corr 0.37 - not decodable (too many bit errors, snr -2 dB)*22
2026-09-28 22:51:06.065  2026-09-28 22:51:06
2026-09-28 22:51:07.066  2026-09-28 22:51:07
2026-09-28 22:51:07.337  $PECZ,[ 173489.2] SIGNAL  level  55% [###########---------] OK, volume 57/63, centre 0% | carrier 1015.97 Hz (+15.97) locked, '0' bits at -35 deg, noise 23 deg | radio RSSI 64 dBuV SNR 0 dB*63
2026-09-28 22:51:08.072  2026-09-28 22:51:08
2026-09-28 22:51:08.372  $PECZ,[ 173490.3] STATUS  2026-09-28 22:51:08 UTC (00:51:08 local, UTC+2) VALID, last good frame 311 s ago | frames heard 8337, undecodable 4864, accepted 3358 (2678 by matching the expected f*0B
2026-09-28 22:51:09.067  2026-09-28 22:51:09
2026-09-28 22:51:10.068  2026-09-28 22:51:10
2026-09-28 22:51:11.069  2026-09-28 22:51:11
2026-09-28 22:51:12.070  2026-09-28 22:51:12
2026-09-28 22:51:13.071  2026-09-28 22:51:13
2026-09-28 22:51:14.072  2026-09-28 22:51:14
2026-09-28 22:51:14.109  $PECZ,[ 173496.0] FRAME   #8338 corr 0.45 - not decodable (too many bit errors, snr -2 dB)*20
2026-09-28 22:51:15.064  2026-09-28 22:51:15
2026-09-28 22:51:16.065  2026-09-28 22:51:16
2026-09-28 22:51:17.065  2026-09-28 22:51:17
2026-09-28 22:51:17.336  $PECZ,[ 173499.2] SIGNAL  level  49% [#########-----------] OK, volume 57/63, centre -3% | carrier 1013.63 Hz (+13.63) locked, '0' bits at -35 deg, noise 10 deg | radio RSSI 64 dBuV SNR 0 dB*41
2026-09-28 22:51:18.072  2026-09-28 22:51:18
2026-09-28 22:51:18.372  $PECZ,[ 173500.3] STATUS  2026-09-28 22:51:18 UTC (00:51:18 local, UTC+2) VALID, last good frame 321 s ago | frames heard 8338, undecodable 4865, accepted 3358 (2678 by matching the expected f*0E
2026-09-28 22:51:19.066  2026-09-28 22:51:19
2026-09-28 22:51:20.068  2026-09-28 22:51:20
2026-09-28 22:51:21.069  2026-09-28 22:51:21
2026-09-28 22:51:22.070  2026-09-28 22:51:22
2026-09-28 22:51:23.071  2026-09-28 22:51:23
2026-09-28 22:51:24.072  2026-09-28 22:51:24
2026-09-28 22:51:25.073  2026-09-28 22:51:25
2026-09-28 22:51:26.064  2026-09-28 22:51:26
2026-09-28 22:51:27.065  2026-09-28 22:51:27
2026-09-28 22:51:27.337  $PECZ,[ 173509.2] SIGNAL  level  52% [##########----------] OK, volume 57/63, centre 0% | carrier 1014.54 Hz (+14.54) locked, '0' bits at -35 deg, noise 21 deg | radio RSSI 64 dBuV SNR 0 dB*61
2026-09-28 22:51:28.073  2026-09-28 22:51:28
2026-09-28 22:51:28.373  $PECZ,[ 173510.3] STATUS  2026-09-28 22:51:28 UTC (00:51:28 local, UTC+2) VALID, last good frame 331 s ago | frames heard 8338, undecodable 4865, accepted 3358 (2678 by matching the expected f*0E
2026-09-28 22:51:29.068  2026-09-28 22:51:29
2026-09-28 22:51:30.069  2026-09-28 22:51:30
2026-09-28 22:51:31.070  2026-09-28 22:51:31
2026-09-28 22:51:32.071  2026-09-28 22:51:32
2026-09-28 22:51:33.072  2026-09-28 22:51:33
2026-09-28 22:51:34.073  2026-09-28 22:51:34
2026-09-28 22:51:35.064  2026-09-28 22:51:35
2026-09-28 22:51:36.065  2026-09-28 22:51:36
2026-09-28 22:51:36.263  TX end CW at 22:51:36.202, 36.2 s
2026-09-28 22:51:36.422  $PECZ,[ 173518.3] FRAME   #8339 corr 0.36 - not decodable (too many bit errors, snr -7 dB)*24
2026-09-28 22:51:37.066  2026-09-28 22:51:37
2026-09-28 22:51:37.337  $PECZ,[ 173519.2] SIGNAL  level  52% [##########----------] OK, volume 57/63, centre -1% | carrier 1014.40 Hz (+14.40) locked, '0' bits at -35 deg, noise 17 deg | radio RSSI 65 dBuV SNR 0 dB*48
2026-09-28 22:51:38.071  2026-09-28 22:51:38
2026-09-28 22:51:38.372  $PECZ,[ 173520.3] STATUS  2026-09-28 22:51:38 UTC (00:51:38 local, UTC+2) VALID, last good frame 341 s ago | frames heard 8339, undecodable 4866, accepted 3358 (2678 by matching the expected f*08
2026-09-28 22:51:39.066  2026-09-28 22:51:39
2026-09-28 22:51:40.067  2026-09-28 22:51:40
2026-09-28 22:51:41.068  2026-09-28 22:51:41
2026-09-28 22:51:42.069  2026-09-28 22:51:42
2026-09-28 22:51:43.070  2026-09-28 22:51:43
2026-09-28 22:51:44.071  2026-09-28 22:51:44
2026-09-28 22:51:45.072  2026-09-28 22:51:45
2026-09-28 22:51:46.064  2026-09-28 22:51:46
2026-09-28 22:51:47.064  2026-09-28 22:51:47
2026-09-28 22:51:47.338  $PECZ,[ 173529.2] SIGNAL  level  52% [##########----------] OK, volume 57/63, centre 0% | carrier 1013.78 Hz (+13.78) locked, '0' bits at -35 deg, noise 13 deg | radio RSSI 64 dBuV SNR 0 dB*62
2026-09-28 22:51:48.072  2026-09-28 22:51:48
2026-09-28 22:51:48.373  $PECZ,[ 173530.3] STATUS  2026-09-28 22:51:48 UTC (00:51:48 local, UTC+2) VALID, last good frame 351 s ago | frames heard 8339, undecodable 4866, accepted 3358 (2678 by matching the expected f*08
2026-09-28 22:51:49.068  2026-09-28 22:51:49
2026-09-28 22:51:50.068  2026-09-28 22:51:50
2026-09-28 22:51:50.106  $PECZ,[ 173532.0] FRAME   #8340 corr 0.34 - not decodable (too many bit errors, snr 0 dB)*09
2026-09-28 22:51:51.071  2026-09-28 22:51:51
2026-09-28 22:51:52.072  2026-09-28 22:51:52
2026-09-28 22:51:53.073  2026-09-28 22:51:53
2026-09-28 22:51:54.074  2026-09-28 22:51:54
2026-09-28 22:51:55.065  2026-09-28 22:51:55
2026-09-28 22:51:56.066  2026-09-28 22:51:56
2026-09-28 22:51:57.067  2026-09-28 22:51:57
2026-09-28 22:51:57.338  $PECZ,[ 173539.2] SIGNAL  level  52% [##########----------] OK, volume 57/63, centre -1% | carrier 1013.53 Hz (+13.53) locked, '0' bits at -35 deg, noise 13 deg | radio RSSI 64 dBuV SNR 0 dB*4F
2026-09-28 22:51:58.073  2026-09-28 22:51:58
2026-09-28 22:51:58.373  $PECZ,[ 173540.3] STATUS  2026-09-28 22:51:58 UTC (00:51:58 local, UTC+2) VALID, last good frame 361 s ago | frames heard 8340, undecodable 4867, accepted 3358 (2678 by matching the expected f*03
2026-09-28 22:51:59.068  2026-09-28 22:51:59
2026-09-28 22:52:00.065  TX start Q65 at 22:52:00.000
2026-09-28 22:52:00.070  2026-09-28 22:52:00
2026-09-28 22:52:01.071  2026-09-28 22:52:01
2026-09-28 22:52:02.072  2026-09-28 22:52:02
2026-09-28 22:52:03.073  2026-09-28 22:52:03
2026-09-28 22:52:04.074  2026-09-28 22:52:04
2026-09-28 22:52:05.065  2026-09-28 22:52:05
2026-09-28 22:52:06.066  2026-09-28 22:52:06
2026-09-28 22:52:07.067  2026-09-28 22:52:07
2026-09-28 22:52:07.338  $PECZ,[ 173549.2] SIGNAL  level  50% [##########----------] OK, volume 57/63, centre -2% | carrier 1013.56 Hz (+13.56) locked, '0' bits at -35 deg, noise 11 deg | radio RSSI 64 dBuV SNR 0 dB*4B
2026-09-28 22:52:08.074  2026-09-28 22:52:08
2026-09-28 22:52:08.374  $PECZ,[ 173550.3] STATUS  2026-09-28 22:52:08 UTC (00:52:08 local, UTC+2) VALID, last good frame 371 s ago | frames heard 8340, undecodable 4867, accepted 3358 (2678 by matching the expected f*03
