# Legnica receiver log, slot S = 2026-09-27 18:41:00 UTC, window S-30 s .. S+45 s ($GPRMC lines omitted)
# column 1-2: host receive time (UTC, NTP); $PECZ = receiver diagnostics, [uptime s]
2026-09-27 18:40:30.040  2026-09-27 18:40:30
2026-09-27 18:40:31.041  2026-09-27 18:40:31
2026-09-27 18:40:32.042  2026-09-27 18:40:32
2026-09-27 18:40:33.043  2026-09-27 18:40:33
2026-09-27 18:40:34.044  2026-09-27 18:40:34
2026-09-27 18:40:34.696  $PECZ,[  72059.1] SIGNAL  level  55% [###########---------] OK, volume 57/63, centre -1% | carrier 1019.83 Hz (+19.83) locked, '0' bits at -34 deg, noise 14 deg | radio RSSI 64 dBuV SNR 0 dB*50
2026-09-27 18:40:35.039  2026-09-27 18:40:35
2026-09-27 18:40:35.723  $PECZ,[  72060.1] STATUS  2026-09-27 18:40:35 UTC (20:40:35 local, UTC+2) VALID, last good frame 14 s ago | frames heard 3919, undecodable 2265, accepted 1600 (1085 by matching the expected fr*5F
2026-09-27 18:40:36.036  2026-09-27 18:40:36
2026-09-27 18:40:37.039  2026-09-27 18:40:37
2026-09-27 18:40:38.040  2026-09-27 18:40:38
2026-09-27 18:40:39.041  2026-09-27 18:40:39
2026-09-27 18:40:40.042  2026-09-27 18:40:40
2026-09-27 18:40:41.043  2026-09-27 18:40:41
2026-09-27 18:40:41.080  $PECZ,[  72065.4] FRAME   #3920 corr 0.42 - not decodable (too many bit errors, snr -1 dB)*30
2026-09-27 18:40:42.045  2026-09-27 18:40:42
2026-09-27 18:40:43.046  2026-09-27 18:40:43
2026-09-27 18:40:44.047  2026-09-27 18:40:44
2026-09-27 18:40:44.693  $PECZ,[  72069.1] SIGNAL  level  57% [###########---------] OK, volume 57/63, centre 0% | carrier 1019.92 Hz (+19.92) locked, '0' bits at -34 deg, noise 16 deg | radio RSSI 64 dBuV SNR 0 dB*7F
2026-09-27 18:40:45.036  2026-09-27 18:40:45
2026-09-27 18:40:45.720  $PECZ,[  72070.1] STATUS  2026-09-27 18:40:45 UTC (20:40:45 local, UTC+2) VALID, last good frame 24 s ago | frames heard 3920, undecodable 2266, accepted 1600 (1085 by matching the expected fr*54
2026-09-27 18:40:46.043  2026-09-27 18:40:46
2026-09-27 18:40:47.046  2026-09-27 18:40:47
2026-09-27 18:40:48.047  2026-09-27 18:40:48
2026-09-27 18:40:49.039  2026-09-27 18:40:49
2026-09-27 18:40:50.039  2026-09-27 18:40:50
2026-09-27 18:40:51.036  TX end Q65 at 18:40:50.999, 51.0 s
2026-09-27 18:40:51.041  2026-09-27 18:40:51
2026-09-27 18:40:52.041  2026-09-27 18:40:52
2026-09-27 18:40:53.042  2026-09-27 18:40:53
2026-09-27 18:40:54.043  2026-09-27 18:40:54
2026-09-27 18:40:54.693  $PECZ,[  72079.1] SIGNAL  level  57% [###########---------] OK, volume 57/63, centre -1% | carrier 1019.81 Hz (+19.81) locked, '0' bits at -34 deg, noise 15 deg | radio RSSI 64 dBuV SNR 0 dB*51
2026-09-27 18:40:55.036  2026-09-27 18:40:55
2026-09-27 18:40:55.720  $PECZ,[  72080.1] STATUS  2026-09-27 18:40:55 UTC (20:40:55 local, UTC+2) VALID, last good frame 34 s ago | frames heard 3920, undecodable 2266, accepted 1600 (1085 by matching the expected fr*5A
2026-09-27 18:40:56.043  2026-09-27 18:40:56
2026-09-27 18:40:56.087  $PECZ,[  72080.4] FRAME   #3921 corr 0.32 snr -2 dB, fixed 5 symbol(s): 2080-08-07 10:08:15 UTC (11:08:15 local, UTC+1) DST change announced*5E
2026-09-27 18:40:56.098  $PECZ,[  72080.4] CLOCK   REJECTED - frame differs from clock by -1046555048 ms (kept as candidate)*6E
2026-09-27 18:40:56.109  $PECZ,[  72080.4] RAW     55 55 60 B2 AF D2 CE 0F B0 16 02 FA *42
2026-09-27 18:40:57.043  2026-09-27 18:40:57
2026-09-27 18:40:58.045  2026-09-27 18:40:58
2026-09-27 18:40:59.045  2026-09-27 18:40:59
2026-09-27 18:41:00.043  TX start CW at 18:41:00.000
2026-09-27 18:41:00.048  2026-09-27 18:41:00
2026-09-27 18:41:01.038  2026-09-27 18:41:01
2026-09-27 18:41:02.039  2026-09-27 18:41:02
2026-09-27 18:41:03.040  2026-09-27 18:41:03
2026-09-27 18:41:04.041  2026-09-27 18:41:04
2026-09-27 18:41:04.694  $PECZ,[  72089.1] SIGNAL  level  65% [#############-------] OK, volume 57/63, centre 1% | carrier 1019.90 Hz (+19.90) locked, '0' bits at -34 deg, noise 17 deg | radio RSSI 64 dBuV SNR 0 dB*70
2026-09-27 18:41:05.037  2026-09-27 18:41:05
2026-09-27 18:41:05.721  $PECZ,[  72090.1] STATUS  2026-09-27 18:41:05 UTC (20:41:05 local, UTC+2) VALID, last good frame 44 s ago | frames heard 3921, undecodable 2266, accepted 1600 (1085 by matching the expected fr*5D
2026-09-27 18:41:06.044  2026-09-27 18:41:06
2026-09-27 18:41:07.047  2026-09-27 18:41:07
2026-09-27 18:41:08.037  2026-09-27 18:41:08
2026-09-27 18:41:09.039  2026-09-27 18:41:09
2026-09-27 18:41:10.040  2026-09-27 18:41:10
2026-09-27 18:41:11.041  2026-09-27 18:41:11
2026-09-27 18:41:12.042  2026-09-27 18:41:12
2026-09-27 18:41:13.043  2026-09-27 18:41:13
2026-09-27 18:41:14.044  2026-09-27 18:41:14
2026-09-27 18:41:14.695  $PECZ,[  72099.1] SIGNAL  level  56% [###########---------] OK, volume 57/63, centre 0% | carrier 1019.87 Hz (+19.87) locked, '0' bits at -34 deg, noise 16 deg | radio RSSI 64 dBuV SNR 0 dB*71
2026-09-27 18:41:15.038  2026-09-27 18:41:15
2026-09-27 18:41:15.727  $PECZ,[  72100.1] STATUS  2026-09-27 18:41:15 UTC (20:41:15 local, UTC+2) VALID, last good frame 54 s ago | frames heard 3921, undecodable 2266, accepted 1600 (1085 by matching the expected fr*54
2026-09-27 18:41:16.044  2026-09-27 18:41:16
2026-09-27 18:41:17.047  2026-09-27 18:41:17
2026-09-27 18:41:18.038  2026-09-27 18:41:18
2026-09-27 18:41:19.039  2026-09-27 18:41:19
2026-09-27 18:41:20.040  2026-09-27 18:41:20
2026-09-27 18:41:21.041  2026-09-27 18:41:21
2026-09-27 18:41:22.042  2026-09-27 18:41:22
2026-09-27 18:41:23.043  2026-09-27 18:41:23
2026-09-27 18:41:24.044  2026-09-27 18:41:24
2026-09-27 18:41:24.694  $PECZ,[  72109.1] SIGNAL  level  60% [############--------] OK, volume 57/63, centre -1% | carrier 1019.71 Hz (+19.71) locked, '0' bits at -34 deg, noise 21 deg | radio RSSI 64 dBuV SNR 0 dB*5A
2026-09-27 18:41:25.037  2026-09-27 18:41:25
2026-09-27 18:41:25.719  $PECZ,[  72110.1] STATUS  2026-09-27 18:41:25 UTC (20:41:25 local, UTC+2) VALID, last good frame 64 s ago | frames heard 3921, undecodable 2266, accepted 1600 (1085 by matching the expected fr*56
2026-09-27 18:41:26.042  2026-09-27 18:41:26
2026-09-27 18:41:27.045  2026-09-27 18:41:27
2026-09-27 18:41:28.046  2026-09-27 18:41:28
2026-09-27 18:41:29.047  2026-09-27 18:41:29
2026-09-27 18:41:30.038  2026-09-27 18:41:30
2026-09-27 18:41:31.039  2026-09-27 18:41:31
2026-09-27 18:41:32.040  2026-09-27 18:41:32
2026-09-27 18:41:33.041  2026-09-27 18:41:33
2026-09-27 18:41:34.042  2026-09-27 18:41:34
2026-09-27 18:41:34.693  $PECZ,[  72119.1] SIGNAL  level  57% [###########---------] OK, volume 57/63, centre 0% | carrier 1019.96 Hz (+19.96) locked, '0' bits at -34 deg, noise 26 deg | radio RSSI 64 dBuV SNR 0 dB*7A
2026-09-27 18:41:35.036  2026-09-27 18:41:35
2026-09-27 18:41:35.721  $PECZ,[  72120.1] STATUS  2026-09-27 18:41:35 UTC (20:41:35 local, UTC+2) VALID, last good frame 74 s ago | frames heard 3921, undecodable 2266, accepted 1600 (1085 by matching the expected fr*54
2026-09-27 18:41:36.044  2026-09-27 18:41:36
2026-09-27 18:41:36.242  TX end CW at 18:41:36.200, 36.2 s
2026-09-27 18:41:37.047  2026-09-27 18:41:37
2026-09-27 18:41:37.084  $PECZ,[  72121.2] FRAME   #3922 corr 0.31 - not decodable (too many bit errors, snr 0 dB)*1D
2026-09-27 18:41:38.039  2026-09-27 18:41:38
2026-09-27 18:41:39.040  2026-09-27 18:41:39
2026-09-27 18:41:40.041  2026-09-27 18:41:40
2026-09-27 18:41:41.042  2026-09-27 18:41:41
2026-09-27 18:41:42.043  2026-09-27 18:41:42
2026-09-27 18:41:43.044  2026-09-27 18:41:43
2026-09-27 18:41:44.045  2026-09-27 18:41:44
2026-09-27 18:41:44.697  $PECZ,[  72129.1] SIGNAL  level  65% [#############-------] OK, volume 57/63, centre 1% | carrier 1019.74 Hz (+19.74) locked, '0' bits at -34 deg, noise 22 deg | radio RSSI 64 dBuV SNR 0 dB*7D
2026-09-27 18:41:45.040  2026-09-27 18:41:45
2026-09-27 18:41:45.724  $PECZ,[  72130.1] STATUS  2026-09-27 18:41:45 UTC (20:41:45 local, UTC+2) VALID, last good frame 84 s ago | frames heard 3922, undecodable 2267, accepted 1600 (1085 by matching the expected fr*58
