# Legnica receiver log, slot S = 2026-09-27 16:19:12 UTC, window S-30 s .. S+45 s ($GPRMC lines omitted)
# column 1-2: host receive time (UTC, NTP); $PECZ = receiver diagnostics, [uptime s]
2026-09-27 16:18:42.057  2026-09-27 16:18:42
2026-09-27 16:18:43.058  2026-09-27 16:18:43
2026-09-27 16:18:44.059  2026-09-27 16:18:44
2026-09-27 16:18:44.500  $PECZ,[  63549.1] SIGNAL  level  58% [###########---------] OK, volume 57/63, centre 2% | carrier 1017.41 Hz (+17.41) locked, '0' bits at -38 deg, noise 21 deg | radio RSSI 64 dBuV SNR 0 dB*7D
2026-09-27 16:18:45.054  2026-09-27 16:18:45
2026-09-27 16:18:45.527  $PECZ,[  63550.1] STATUS  2026-09-27 16:18:45 UTC (18:18:45 local, UTC+2) VALID, last good frame 102 s ago | frames heard 3512, undecodable 1949, accepted 1516 (1008 by matching the expected f*18
2026-09-27 16:18:46.052  2026-09-27 16:18:46
2026-09-27 16:18:47.053  2026-09-27 16:18:47
2026-09-27 16:18:47.480  $PECZ,[  63552.1] FRAME   #3513 corr 0.30 - not decodable (too many bit errors, snr -4 dB)*38
2026-09-27 16:18:48.055  2026-09-27 16:18:48
2026-09-27 16:18:49.056  2026-09-27 16:18:49
2026-09-27 16:18:50.057  2026-09-27 16:18:50
2026-09-27 16:18:51.051  TX end Q65 at 16:18:50.997, 51.0 s
2026-09-27 16:18:51.056  2026-09-27 16:18:51
2026-09-27 16:18:52.060  2026-09-27 16:18:52
2026-09-27 16:18:53.051  2026-09-27 16:18:53
2026-09-27 16:18:54.052  2026-09-27 16:18:54
2026-09-27 16:18:54.501  $PECZ,[  63559.1] SIGNAL  level  54% [##########----------] OK, volume 57/63, centre 1% | carrier 1017.39 Hz (+17.39) locked, '0' bits at -38 deg, noise 18 deg | radio RSSI 64 dBuV SNR 0 dB*77
2026-09-27 16:18:55.055  2026-09-27 16:18:55
2026-09-27 16:18:55.526  $PECZ,[  63560.1] STATUS  2026-09-27 16:18:55 UTC (18:18:55 local, UTC+2) VALID, last good frame 112 s ago | frames heard 3513, undecodable 1950, accepted 1516 (1008 by matching the expected f*13
2026-09-27 16:18:56.050  2026-09-27 16:18:56
2026-09-27 16:18:57.053  2026-09-27 16:18:57
2026-09-27 16:18:58.054  2026-09-27 16:18:58
2026-09-27 16:18:59.055  2026-09-27 16:18:59
2026-09-27 16:19:00.051  TX start CW at 16:19:00.000
2026-09-27 16:19:00.056  2026-09-27 16:19:00
2026-09-27 16:19:01.057  2026-09-27 16:19:01
2026-09-27 16:19:02.057  2026-09-27 16:19:02
2026-09-27 16:19:03.059  2026-09-27 16:19:03
2026-09-27 16:19:04.059  2026-09-27 16:19:04
2026-09-27 16:19:04.499  $PECZ,[  63569.1] SIGNAL  level  56% [###########---------] OK, volume 57/63, centre 0% | carrier 1017.30 Hz (+17.30) locked, '0' bits at -38 deg, noise 21 deg | radio RSSI 65 dBuV SNR 0 dB*72
2026-09-27 16:19:05.052  2026-09-27 16:19:05
2026-09-27 16:19:05.526  $PECZ,[  63570.1] STATUS  2026-09-27 16:19:05 UTC (18:19:05 local, UTC+2) VALID, last good frame 122 s ago | frames heard 3513, undecodable 1950, accepted 1516 (1008 by matching the expected f*11
2026-09-27 16:19:06.049  2026-09-27 16:19:06
2026-09-27 16:19:07.052  2026-09-27 16:19:07
2026-09-27 16:19:08.053  2026-09-27 16:19:08
2026-09-27 16:19:09.054  2026-09-27 16:19:09
2026-09-27 16:19:10.055  2026-09-27 16:19:10
2026-09-27 16:19:11.057  2026-09-27 16:19:11
2026-09-27 16:19:12.057  2026-09-27 16:19:12
2026-09-27 16:19:13.058  2026-09-27 16:19:13
2026-09-27 16:19:14.059  2026-09-27 16:19:14
2026-09-27 16:19:14.499  $PECZ,[  63579.1] SIGNAL  level  59% [###########---------] OK, volume 57/63, centre -5% | carrier 1017.32 Hz (+17.32) locked, '0' bits at -38 deg, noise 22 deg | radio RSSI 64 dBuV SNR 0 dB*56
2026-09-27 16:19:15.055  2026-09-27 16:19:15
2026-09-27 16:19:15.526  $PECZ,[  63580.1] STATUS  2026-09-27 16:19:15 UTC (18:19:15 local, UTC+2) VALID, last good frame 132 s ago | frames heard 3513, undecodable 1950, accepted 1516 (1008 by matching the expected f*1F
2026-09-27 16:19:16.051  2026-09-27 16:19:16
2026-09-27 16:19:17.052  2026-09-27 16:19:17
2026-09-27 16:19:18.053  2026-09-27 16:19:18
2026-09-27 16:19:19.054  2026-09-27 16:19:19
2026-09-27 16:19:20.056  2026-09-27 16:19:20
2026-09-27 16:19:21.056  2026-09-27 16:19:21
2026-09-27 16:19:22.057  2026-09-27 16:19:22
2026-09-27 16:19:23.058  2026-09-27 16:19:23
2026-09-27 16:19:24.059  2026-09-27 16:19:24
2026-09-27 16:19:24.499  $PECZ,[  63589.1] SIGNAL  level  56% [###########---------] OK, volume 57/63, centre 1% | carrier 1017.42 Hz (+17.42) locked, '0' bits at -38 deg, noise 20 deg | radio RSSI 64 dBuV SNR 0 dB*7D
2026-09-27 16:19:25.052  2026-09-27 16:19:25
2026-09-27 16:19:25.527  $PECZ,[  63590.1] STATUS  2026-09-27 16:19:25 UTC (18:19:25 local, UTC+2) VALID, last good frame 142 s ago | frames heard 3513, undecodable 1950, accepted 1516 (1008 by matching the expected f*19
2026-09-27 16:19:26.050  2026-09-27 16:19:26
2026-09-27 16:19:27.053  2026-09-27 16:19:27
2026-09-27 16:19:28.054  2026-09-27 16:19:28
2026-09-27 16:19:29.055  2026-09-27 16:19:29
2026-09-27 16:19:30.055  2026-09-27 16:19:30
2026-09-27 16:19:31.056  2026-09-27 16:19:31
2026-09-27 16:19:32.056  2026-09-27 16:19:32
2026-09-27 16:19:33.058  2026-09-27 16:19:33
2026-09-27 16:19:34.058  2026-09-27 16:19:34
2026-09-27 16:19:34.499  $PECZ,[  63599.1] SIGNAL  level  60% [############--------] OK, volume 57/63, centre 0% | carrier 1017.50 Hz (+17.50) locked, '0' bits at -38 deg, noise 21 deg | radio RSSI 64 dBuV SNR 0 dB*77
2026-09-27 16:19:35.053  2026-09-27 16:19:35
2026-09-27 16:19:35.526  $PECZ,[  63600.1] STATUS  2026-09-27 16:19:35 UTC (18:19:35 local, UTC+2) VALID, last good frame 152 s ago | frames heard 3513, undecodable 1950, accepted 1516 (1008 by matching the expected f*12
2026-09-27 16:19:36.050  2026-09-27 16:19:36
2026-09-27 16:19:36.249  TX end CW at 16:19:36.202, 36.2 s
2026-09-27 16:19:37.051  2026-09-27 16:19:37
2026-09-27 16:19:38.053  2026-09-27 16:19:38
2026-09-27 16:19:39.053  2026-09-27 16:19:39
2026-09-27 16:19:40.054  2026-09-27 16:19:40
2026-09-27 16:19:41.055  2026-09-27 16:19:41
2026-09-27 16:19:42.057  2026-09-27 16:19:42
2026-09-27 16:19:43.058  2026-09-27 16:19:43
2026-09-27 16:19:44.059  2026-09-27 16:19:44
2026-09-27 16:19:44.499  $PECZ,[  63609.1] SIGNAL  level  59% [###########---------] OK, volume 57/63, centre -1% | carrier 1017.39 Hz (+17.39) locked, '0' bits at -38 deg, noise 21 deg | radio RSSI 64 dBuV SNR 0 dB*55
2026-09-27 16:19:45.054  2026-09-27 16:19:45
2026-09-27 16:19:45.527  $PECZ,[  63610.1] STATUS  2026-09-27 16:19:45 UTC (18:19:45 local, UTC+2) VALID, last good frame 162 s ago | frames heard 3513, undecodable 1950, accepted 1516 (1008 by matching the expected f*10
2026-09-27 16:19:46.052  2026-09-27 16:19:46
2026-09-27 16:19:47.053  2026-09-27 16:19:47
2026-09-27 16:19:48.053  2026-09-27 16:19:48
2026-09-27 16:19:49.055  2026-09-27 16:19:49
2026-09-27 16:19:50.056  2026-09-27 16:19:50
2026-09-27 16:19:51.057  2026-09-27 16:19:51
2026-09-27 16:19:52.057  2026-09-27 16:19:52
2026-09-27 16:19:53.059  2026-09-27 16:19:53
2026-09-27 16:19:54.049  2026-09-27 16:19:54
2026-09-27 16:19:54.500  $PECZ,[  63619.1] SIGNAL  level  58% [###########---------] OK, volume 57/63, centre 1% | carrier 1017.44 Hz (+17.44) locked, '0' bits at -38 deg, noise 22 deg | radio RSSI 64 dBuV SNR 0 dB*7B
2026-09-27 16:19:55.052  2026-09-27 16:19:55
2026-09-27 16:19:55.526  $PECZ,[  63620.1] STATUS  2026-09-27 16:19:55 UTC (18:19:55 local, UTC+2) VALID, last good frame 172 s ago | frames heard 3513, undecodable 1950, accepted 1516 (1008 by matching the expected f*12
2026-09-27 16:19:56.048  2026-09-27 16:19:56
2026-09-27 16:19:57.051  2026-09-27 16:19:57
