# Legnica receiver log, slot S = 2026-09-30 07:37:00 UTC, window S-30 s .. S+45 s ($GPRMC lines omitted)
# column 1-2: host receive time (UTC, NTP); $PECZ = receiver diagnostics, [uptime s]
2026-09-30 07:36:30.053  2026-09-30 07:36:30
2026-09-30 07:36:30.314  $PECZ,[ 291409.4] SIGNAL  level  55% [###########---------] OK, volume 57/63, centre 0% | carrier 1016.23 Hz (+16.23) locked, '0' bits at -35 deg, noise 13 deg | radio RSSI 64 dBuV SNR 0 dB*61
2026-09-30 07:36:31.049  2026-09-30 07:36:31
2026-09-30 07:36:31.322  $PECZ,[ 291410.4] STATUS  2026-09-30 07:36:31 UTC (09:36:31 local, UTC+2) VALID, last good frame 4 s ago | frames heard 13242, undecodable 7532, accepted 5519 (4504 by matching the expected fr*46
2026-09-30 07:36:32.056  2026-09-30 07:36:32
2026-09-30 07:36:33.048  2026-09-30 07:36:33
2026-09-30 07:36:34.049  2026-09-30 07:36:34
2026-09-30 07:36:35.050  2026-09-30 07:36:35
2026-09-30 07:36:36.050  2026-09-30 07:36:36
2026-09-30 07:36:37.051  2026-09-30 07:36:37
2026-09-30 07:36:38.052  2026-09-30 07:36:38
2026-09-30 07:36:39.053  2026-09-30 07:36:39
2026-09-30 07:36:40.055  2026-09-30 07:36:40
2026-09-30 07:36:40.315  $PECZ,[ 291419.4] SIGNAL  level  57% [###########---------] OK, volume 57/63, centre 0% | carrier 1017.47 Hz (+17.47) locked, '0' bits at -35 deg, noise 28 deg | radio RSSI 64 dBuV SNR 0 dB*6A
2026-09-30 07:36:41.049  2026-09-30 07:36:41
2026-09-30 07:36:41.322  $PECZ,[ 291420.4] STATUS  2026-09-30 07:36:41 UTC (09:36:41 local, UTC+2) VALID, last good frame 14 s ago | frames heard 13242, undecodable 7532, accepted 5519 (4504 by matching the expected f*06
2026-09-30 07:36:42.047  2026-09-30 07:36:42
2026-09-30 07:36:43.048  2026-09-30 07:36:43
2026-09-30 07:36:44.049  2026-09-30 07:36:44
2026-09-30 07:36:45.050  2026-09-30 07:36:45
2026-09-30 07:36:46.051  2026-09-30 07:36:46
2026-09-30 07:36:47.052  2026-09-30 07:36:47
2026-09-30 07:36:48.053  2026-09-30 07:36:48
2026-09-30 07:36:49.054  2026-09-30 07:36:49
2026-09-30 07:36:50.055  2026-09-30 07:36:50
2026-09-30 07:36:50.316  $PECZ,[ 291429.4] SIGNAL  level  59% [###########---------] OK, volume 57/63, centre 0% | carrier 1019.94 Hz (+19.94) locked, '0' bits at -35 deg, noise 17 deg | radio RSSI 64 dBuV SNR 0 dB*6B
2026-09-30 07:36:51.050  2026-09-30 07:36:51
2026-09-30 07:36:51.052  TX end Q65 at 07:36:51.004, 51.0 s
2026-09-30 07:36:51.323  $PECZ,[ 291430.4] STATUS  2026-09-30 07:36:51 UTC (09:36:51 local, UTC+2) VALID, last good frame 24 s ago | frames heard 13242, undecodable 7532, accepted 5519 (4504 by matching the expected f*04
2026-09-30 07:36:52.047  2026-09-30 07:36:52
2026-09-30 07:36:53.048  2026-09-30 07:36:53
2026-09-30 07:36:53.086  $PECZ,[ 291432.1] FRAME   #13243 corr 0.36 - not decodable (too many bit errors, snr -5 dB)*14
2026-09-30 07:36:54.050  2026-09-30 07:36:54
2026-09-30 07:36:55.051  2026-09-30 07:36:55
2026-09-30 07:36:56.052  2026-09-30 07:36:56
2026-09-30 07:36:56.098  $PECZ,[ 291435.1] FRAME   #13244 corr 0.40 - not decodable, but 0.83 of it agrees with the expected frame (snr 0 dB): 2026-09-30 07:36:54 UTC (09:36:54 local, UTC+2)*1A
2026-09-30 07:36:56.108  $PECZ,[ 291435.1] CLOCK   confirmed, error +1.40 ms, xtal -24376 ppb*06
2026-09-30 07:36:57.053  2026-09-30 07:36:57
2026-09-30 07:36:58.054  2026-09-30 07:36:58
2026-09-30 07:36:59.055  2026-09-30 07:36:59
2026-09-30 07:37:00.053  TX start CW at 07:37:00.000
2026-09-30 07:37:00.057  2026-09-30 07:37:00
2026-09-30 07:37:00.318  $PECZ,[ 291439.4] SIGNAL  level  63% [############--------] OK, volume 57/63, centre -3% | carrier 1019.83 Hz (+19.83) locked, '0' bits at -35 deg, noise 14 deg | radio RSSI 64 dBuV SNR 0 dB*40
2026-09-30 07:37:01.052  2026-09-30 07:37:01
2026-09-30 07:37:01.323  $PECZ,[ 291440.4] STATUS  2026-09-30 07:37:01 UTC (09:37:01 local, UTC+2) VALID, last good frame 7 s ago | frames heard 13244, undecodable 7533, accepted 5520 (4505 by matching the expected fr*4C
2026-09-30 07:37:02.057  2026-09-30 07:37:02
2026-09-30 07:37:02.535  $PECZ,[ 291441.6] FRAME   #13245 corr 0.35 - not decodable (too many bit errors, snr 0 dB)*3A
2026-09-30 07:37:03.047  2026-09-30 07:37:03
2026-09-30 07:37:04.050  2026-09-30 07:37:04
2026-09-30 07:37:05.051  2026-09-30 07:37:05
2026-09-30 07:37:06.052  2026-09-30 07:37:06
2026-09-30 07:37:07.053  2026-09-30 07:37:07
2026-09-30 07:37:08.054  2026-09-30 07:37:08
2026-09-30 07:37:09.055  2026-09-30 07:37:09
2026-09-30 07:37:10.056  2026-09-30 07:37:10
2026-09-30 07:37:10.316  $PECZ,[ 291449.4] SIGNAL  level  60% [############--------] OK, volume 57/63, centre 0% | carrier 1019.69 Hz (+19.69) locked, '0' bits at -35 deg, noise 15 deg | radio RSSI 64 dBuV SNR 0 dB*6B
2026-09-30 07:37:11.051  2026-09-30 07:37:11
2026-09-30 07:37:11.323  $PECZ,[ 291450.4] STATUS  2026-09-30 07:37:11 UTC (09:37:11 local, UTC+2) VALID, last good frame 17 s ago | frames heard 13245, undecodable 7534, accepted 5520 (4505 by matching the expected f*08
2026-09-30 07:37:12.057  2026-09-30 07:37:12
2026-09-30 07:37:13.048  2026-09-30 07:37:13
2026-09-30 07:37:14.049  2026-09-30 07:37:14
2026-09-30 07:37:15.051  2026-09-30 07:37:15
2026-09-30 07:37:16.052  2026-09-30 07:37:16
2026-09-30 07:37:17.053  2026-09-30 07:37:17
2026-09-30 07:37:18.053  2026-09-30 07:37:18
2026-09-30 07:37:19.055  2026-09-30 07:37:19
2026-09-30 07:37:20.056  2026-09-30 07:37:20
2026-09-30 07:37:20.315  $PECZ,[ 291459.4] SIGNAL  level  60% [############--------] OK, volume 57/63, centre 0% | carrier 1019.40 Hz (+19.40) locked, '0' bits at -35 deg, noise 15 deg | radio RSSI 64 dBuV SNR 0 dB*6A
2026-09-30 07:37:21.051  2026-09-30 07:37:21
2026-09-30 07:37:21.323  $PECZ,[ 291460.4] STATUS  2026-09-30 07:37:21 UTC (09:37:21 local, UTC+2) VALID, last good frame 27 s ago | frames heard 13245, undecodable 7534, accepted 5520 (4505 by matching the expected f*08
2026-09-30 07:37:22.058  2026-09-30 07:37:22
2026-09-30 07:37:23.049  2026-09-30 07:37:23
2026-09-30 07:37:24.050  2026-09-30 07:37:24
2026-09-30 07:37:25.051  2026-09-30 07:37:25
2026-09-30 07:37:26.052  2026-09-30 07:37:26
2026-09-30 07:37:27.053  2026-09-30 07:37:27
2026-09-30 07:37:28.054  2026-09-30 07:37:28
2026-09-30 07:37:29.055  2026-09-30 07:37:29
2026-09-30 07:37:29.098  $PECZ,[ 291468.1] FRAME   #13246 corr 0.42 - not decodable, but 0.84 of it agrees with the expected frame (snr 0 dB): 2026-09-30 07:37:27 UTC (09:37:27 local, UTC+2)*15
2026-09-30 07:37:29.109  $PECZ,[ 291468.1] CLOCK   confirmed, error -1.59 ms, xtal -24582 ppb*0D
2026-09-30 07:37:30.055  2026-09-30 07:37:30
2026-09-30 07:37:30.315  $PECZ,[ 291469.4] SIGNAL  level  56% [###########---------] OK, volume 57/63, centre 0% | carrier 1019.35 Hz (+19.35) locked, '0' bits at -35 deg, noise 13 deg | radio RSSI 64 dBuV SNR 0 dB*64
2026-09-30 07:37:31.051  2026-09-30 07:37:31
2026-09-30 07:37:31.323  $PECZ,[ 291470.4] STATUS  2026-09-30 07:37:31 UTC (09:37:31 local, UTC+2) VALID, last good frame 4 s ago | frames heard 13246, undecodable 7534, accepted 5521 (4506 by matching the expected fr*4B
2026-09-30 07:37:32.049  2026-09-30 07:37:32
2026-09-30 07:37:33.050  2026-09-30 07:37:33
2026-09-30 07:37:34.051  2026-09-30 07:37:34
2026-09-30 07:37:35.052  2026-09-30 07:37:35
2026-09-30 07:37:36.053  2026-09-30 07:37:36
2026-09-30 07:37:36.252  TX end CW at 07:37:36.203, 36.2 s
2026-09-30 07:37:37.054  2026-09-30 07:37:37
2026-09-30 07:37:38.055  2026-09-30 07:37:38
2026-09-30 07:37:38.096  $PECZ,[ 291477.1] FRAME   #13247 corr 0.30 - not decodable, but 0.84 of it agrees with the expected frame (snr -1 dB): 2026-09-30 07:37:36 UTC (09:37:36 local, UTC+2)*33
2026-09-30 07:37:38.107  $PECZ,[ 291477.1] CLOCK   confirmed, error +0.48 ms, xtal -24451 ppb*0B
2026-09-30 07:37:39.053  2026-09-30 07:37:39
2026-09-30 07:37:40.054  2026-09-30 07:37:40
2026-09-30 07:37:40.315  $PECZ,[ 291479.4] SIGNAL  level  54% [##########----------] OK, volume 57/63, centre -1% | carrier 1019.10 Hz (+19.10) locked, '0' bits at -35 deg, noise 13 deg | radio RSSI 64 dBuV SNR 0 dB*45
2026-09-30 07:37:41.051  2026-09-30 07:37:41
2026-09-30 07:37:41.322  $PECZ,[ 291480.4] STATUS  2026-09-30 07:37:41 UTC (09:37:41 local, UTC+2) VALID, last good frame 5 s ago | frames heard 13247, undecodable 7534, accepted 5522 (4507 by matching the expected fr*46
2026-09-30 07:37:42.048  2026-09-30 07:37:42
2026-09-30 07:37:43.049  2026-09-30 07:37:43
2026-09-30 07:37:44.050  2026-09-30 07:37:44
