# Legnica receiver log, slot S = 2026-09-29 22:49:36 UTC, window S-30 s .. S+45 s ($GPRMC lines omitted)
# column 1-2: host receive time (UTC, NTP); $PECZ = receiver diagnostics, [uptime s]
2026-09-29 22:49:06.073  2026-09-29 22:49:06
2026-09-29 22:49:07.074  2026-09-29 22:49:07
2026-09-29 22:49:08.076  2026-09-29 22:49:08
2026-09-29 22:49:08.112  $PECZ,[ 259767.8] FRAME   #11756 corr 0.32 - not decodable (too many bit errors, snr -1 dB)*19
2026-09-29 22:49:09.078  2026-09-29 22:49:09
2026-09-29 22:49:09.547  $PECZ,[ 259769.3] SIGNAL  level  51% [##########----------] OK, volume 57/63, centre 0% | carrier 1015.31 Hz (+15.31) locked, '0' bits at -35 deg, noise 10 deg | radio RSSI 64 dBuV SNR 0 dB*6E
2026-09-29 22:49:10.073  2026-09-29 22:49:10
2026-09-29 22:49:10.565  $PECZ,[ 259770.4] STATUS  2026-09-29 22:49:10 UTC (00:49:10 local, UTC+2) VALID, last good frame 40 s ago | frames heard 11756, undecodable 6959, accepted 4625 (3808 by matching the expected f*0A
2026-09-29 22:49:11.080  2026-09-29 22:49:11
2026-09-29 22:49:12.081  2026-09-29 22:49:12
2026-09-29 22:49:13.082  2026-09-29 22:49:13
2026-09-29 22:49:14.073  2026-09-29 22:49:14
2026-09-29 22:49:14.123  $PECZ,[ 259773.9] FRAME   #11757 corr 0.45 - not decodable, but 0.81 of it agrees with the expected frame (snr 0 dB): 2026-09-29 22:49:12 UTC (00:49:12 local, UTC+2)*13
2026-09-29 22:49:14.134  $PECZ,[ 259773.9] CLOCK   confirmed, error -0.09 ms, xtal -24356 ppb*03
2026-09-29 22:49:15.079  2026-09-29 22:49:15
2026-09-29 22:49:16.080  2026-09-29 22:49:16
2026-09-29 22:49:17.081  2026-09-29 22:49:17
2026-09-29 22:49:18.082  2026-09-29 22:49:18
2026-09-29 22:49:19.072  2026-09-29 22:49:19
2026-09-29 22:49:19.543  $PECZ,[ 259779.3] SIGNAL  level  51% [##########----------] OK, volume 57/63, centre 0% | carrier 1015.39 Hz (+15.39) locked, '0' bits at -35 deg, noise 13 deg | radio RSSI 64 dBuV SNR 0 dB*6C
2026-09-29 22:49:20.076  2026-09-29 22:49:20
2026-09-29 22:49:20.123  $PECZ,[ 259779.9] FRAME   #11758 corr 0.44 - not decodable, but 0.83 of it agrees with the expected frame (snr 0 dB): 2026-09-29 22:49:18 UTC (00:49:18 local, UTC+2)*15
2026-09-29 22:49:20.134  $PECZ,[ 259779.9] CLOCK   confirmed, error +0.35 ms, xtal -24318 ppb*0A
2026-09-29 22:49:20.568  $PECZ,[ 259780.4] STATUS  2026-09-29 22:49:20 UTC (00:49:20 local, UTC+2) VALID, last good frame 2 s ago | frames heard 11758, undecodable 6959, accepted 4627 (3810 by matching the expected fr*44
2026-09-29 22:49:21.071  2026-09-29 22:49:21
2026-09-29 22:49:22.073  2026-09-29 22:49:22
2026-09-29 22:49:23.074  2026-09-29 22:49:23
2026-09-29 22:49:24.075  2026-09-29 22:49:24
2026-09-29 22:49:25.076  2026-09-29 22:49:25
2026-09-29 22:49:26.077  2026-09-29 22:49:26
2026-09-29 22:49:27.078  2026-09-29 22:49:27
2026-09-29 22:49:28.079  2026-09-29 22:49:28
2026-09-29 22:49:29.080  2026-09-29 22:49:29
2026-09-29 22:49:29.544  $PECZ,[ 259789.3] SIGNAL  level  53% [##########----------] OK, volume 57/63, centre 1% | carrier 1015.37 Hz (+15.37) locked, '0' bits at -35 deg, noise 12 deg | radio RSSI 64 dBuV SNR 0 dB*61
2026-09-29 22:49:30.076  2026-09-29 22:49:30
2026-09-29 22:49:30.563  $PECZ,[ 259790.4] STATUS  2026-09-29 22:49:30 UTC (00:49:30 local, UTC+2) VALID, last good frame 12 s ago | frames heard 11758, undecodable 6959, accepted 4627 (3810 by matching the expected f*06
2026-09-29 22:49:31.077  2026-09-29 22:49:31
2026-09-29 22:49:32.080  2026-09-29 22:49:32
2026-09-29 22:49:32.117  $PECZ,[ 259791.9] FRAME   #11759 corr 0.47 - not decodable (too many bit errors, snr -1 dB)*1C
2026-09-29 22:49:33.081  2026-09-29 22:49:33
2026-09-29 22:49:34.072  2026-09-29 22:49:34
2026-09-29 22:49:35.073  2026-09-29 22:49:35
2026-09-29 22:49:36.074  2026-09-29 22:49:36
2026-09-29 22:49:36.272  TX end CW at 22:49:36.201, 36.2 s
2026-09-29 22:49:37.075  2026-09-29 22:49:37
2026-09-29 22:49:38.077  2026-09-29 22:49:38
2026-09-29 22:49:38.637  $PECZ,[ 259798.4] FRAME   #11760 corr 0.37 - not decodable (too many bit errors, snr 0 dB)*39
2026-09-29 22:49:39.077  2026-09-29 22:49:39
2026-09-29 22:49:39.543  $PECZ,[ 259799.3] SIGNAL  level  53% [##########----------] OK, volume 57/63, centre 4% | carrier 1015.36 Hz (+15.36) locked, '0' bits at -35 deg, noise 12 deg | radio RSSI 64 dBuV SNR 0 dB*65
2026-09-29 22:49:40.078  2026-09-29 22:49:40
2026-09-29 22:49:40.570  $PECZ,[ 259800.4] STATUS  2026-09-29 22:49:40 UTC (00:49:40 local, UTC+2) VALID, last good frame 22 s ago | frames heard 11760, undecodable 6961, accepted 4627 (3810 by matching the expected f*03
2026-09-29 22:49:41.074  2026-09-29 22:49:41
2026-09-29 22:49:42.075  2026-09-29 22:49:42
2026-09-29 22:49:43.076  2026-09-29 22:49:43
2026-09-29 22:49:44.077  2026-09-29 22:49:44
2026-09-29 22:49:44.123  $PECZ,[ 259803.8] FRAME   #11761 corr 0.45 - not decodable, but 0.87 of it agrees with the expected frame (snr 0 dB): 2026-09-29 22:49:42 UTC (00:49:42 local, UTC+2)*19
2026-09-29 22:49:44.134  $PECZ,[ 259803.9] CLOCK   confirmed, error -0.06 ms, xtal -24348 ppb*0B
2026-09-29 22:49:45.079  2026-09-29 22:49:45
2026-09-29 22:49:46.080  2026-09-29 22:49:46
2026-09-29 22:49:47.081  2026-09-29 22:49:47
2026-09-29 22:49:48.072  2026-09-29 22:49:48
2026-09-29 22:49:49.074  2026-09-29 22:49:49
2026-09-29 22:49:49.544  $PECZ,[ 259809.3] SIGNAL  level  54% [##########----------] OK, volume 57/63, centre 0% | carrier 1015.36 Hz (+15.36) locked, '0' bits at -35 deg, noise 11 deg | radio RSSI 64 dBuV SNR 0 dB*63
2026-09-29 22:49:50.077  2026-09-29 22:49:50
2026-09-29 22:49:50.563  $PECZ,[ 259810.4] STATUS  2026-09-29 22:49:50 UTC (00:49:50 local, UTC+2) VALID, last good frame 8 s ago | frames heard 11761, undecodable 6961, accepted 4628 (3811 by matching the expected fr*47
2026-09-29 22:49:51.077  2026-09-29 22:49:51
2026-09-29 22:49:52.080  2026-09-29 22:49:52
2026-09-29 22:49:53.081  2026-09-29 22:49:53
2026-09-29 22:49:54.082  2026-09-29 22:49:54
2026-09-29 22:49:55.073  2026-09-29 22:49:55
2026-09-29 22:49:56.074  2026-09-29 22:49:56
2026-09-29 22:49:56.123  $PECZ,[ 259815.9] FRAME   #11762 corr 0.37 - not decodable, but 0.88 of it agrees with the expected frame (snr -1 dB): 2026-09-29 22:49:54 UTC (00:49:54 local, UTC+2)*3A
2026-09-29 22:49:56.134  $PECZ,[ 259815.9] CLOCK   confirmed, error -0.07 ms, xtal -24350 ppb*04
2026-09-29 22:49:57.080  2026-09-29 22:49:57
2026-09-29 22:49:58.081  2026-09-29 22:49:58
2026-09-29 22:49:59.082  2026-09-29 22:49:59
2026-09-29 22:49:59.544  $PECZ,[ 259819.3] SIGNAL  level  56% [###########---------] OK, volume 57/63, centre -1% | carrier 1015.30 Hz (+15.30) locked, '0' bits at -35 deg, noise 12 deg | radio RSSI 64 dBuV SNR 0 dB*41
2026-09-29 22:50:00.078  2026-09-29 22:50:00
2026-09-29 22:50:00.080  TX start Q65 at 22:50:00.001
2026-09-29 22:50:00.564  $PECZ,[ 259820.4] STATUS  2026-09-29 22:50:00 UTC (00:50:00 local, UTC+2) VALID, last good frame 6 s ago | frames heard 11762, undecodable 6961, accepted 4629 (3812 by matching the expected fr*4B
2026-09-29 22:50:01.077  2026-09-29 22:50:01
2026-09-29 22:50:02.081  2026-09-29 22:50:02
2026-09-29 22:50:03.082  2026-09-29 22:50:03
2026-09-29 22:50:04.073  2026-09-29 22:50:04
2026-09-29 22:50:05.074  2026-09-29 22:50:05
2026-09-29 22:50:05.123  $PECZ,[ 259824.8] FRAME   #11763 corr 0.31 - not decodable, but 0.84 of it agrees with the expected frame (snr -1 dB): 2026-09-29 22:50:03 UTC (00:50:03 local, UTC+2)*32
2026-09-29 22:50:05.134  $PECZ,[ 259824.9] CLOCK   confirmed, error -0.06 ms, xtal -24351 ppb*06
2026-09-29 22:50:06.080  2026-09-29 22:50:06
2026-09-29 22:50:07.081  2026-09-29 22:50:07
2026-09-29 22:50:08.081  2026-09-29 22:50:08
2026-09-29 22:50:09.072  2026-09-29 22:50:09
2026-09-29 22:50:09.544  $PECZ,[ 259829.3] SIGNAL  level  57% [###########---------] OK, volume 57/63, centre -1% | carrier 1015.30 Hz (+15.30) locked, '0' bits at -35 deg, noise 15 deg | radio RSSI 64 dBuV SNR 0 dB*44
2026-09-29 22:50:10.079  2026-09-29 22:50:10
2026-09-29 22:50:10.565  $PECZ,[ 259830.4] STATUS  2026-09-29 22:50:10 UTC (00:50:10 local, UTC+2) VALID, last good frame 7 s ago | frames heard 11763, undecodable 6961, accepted 4630 (3813 by matching the expected fr*43
2026-09-29 22:50:11.080  2026-09-29 22:50:11
2026-09-29 22:50:12.081  2026-09-29 22:50:12
2026-09-29 22:50:13.082  2026-09-29 22:50:13
2026-09-29 22:50:14.073  2026-09-29 22:50:14
2026-09-29 22:50:15.074  2026-09-29 22:50:15
2026-09-29 22:50:16.075  2026-09-29 22:50:16
2026-09-29 22:50:17.076  2026-09-29 22:50:17
2026-09-29 22:50:18.077  2026-09-29 22:50:18
2026-09-29 22:50:19.078  2026-09-29 22:50:19
2026-09-29 22:50:19.548  $PECZ,[ 259839.3] SIGNAL  level  54% [##########----------] OK, volume 57/63, centre 3% | carrier 1015.36 Hz (+15.36) locked, '0' bits at -35 deg, noise 18 deg | radio RSSI 64 dBuV SNR 0 dB*6A
2026-09-29 22:50:20.072  2026-09-29 22:50:20
2026-09-29 22:50:20.565  $PECZ,[ 259840.4] STATUS  2026-09-29 22:50:20 UTC (00:50:20 local, UTC+2) VALID, last good frame 17 s ago | frames heard 11763, undecodable 6961, accepted 4630 (3813 by matching the expected f*07
