# NUCLEO-H723ZG receiver log (Wroclaw, ferrite rod, direct sampling; carrier-coherent receiver, mixer phase-locked to true time, time base 32.768 kHz crystal (LSE); frame decoder and timekeeper = eCzas 2.0.5 core), slot S = 2026-09-28 14:50:15 UTC, window S-30 s .. S+45 s
# column 1: host receive time (UTC, NTP); [uptime s]; STATUS / FRAME / CLOCK lines only (DCF77, CARRIER, TIMEMAP, OCXO and audio dump omitted)
2026-09-28T14:49:54.993+00:00 [   1970.0] STATUS  2026-09-28 14:49:54 UTC | eCzas carrier locked -0.3 Hz noise 11.0 deg lvl0 -46.3 | heard 155, decoded 50, confirmed 53, rejected 0 | DCF77 carrier locked (second marks) -98.1 mHz | clock +6583 ppm (LSE) | cpu 21%, longest block 1 ms, max lag 0 ms | adc A0 mean 32283 min 32104 max 32523, A1 mean 32280 min 31975 max 32644
2026-09-28T14:49:55.794+00:00 [   1970.8] FRAME   #156 corr 38% - not decodable (snr -4 dB)
2026-09-28T14:49:57.194+00:00 [   1972.2] FRAME   #157 corr 33% - not decodable (snr -5 dB)
2026-09-28T14:50:04.998+00:00 [   1980.0] STATUS  2026-09-28 14:50:04 UTC | eCzas carrier locked -0.3 Hz noise 13.9 deg lvl0 -52.7 | heard 157, decoded 50, confirmed 53, rejected 0 | DCF77 carrier locked (second marks) -98.1 mHz | clock +6761 ppm (LSE) | cpu 21%, longest block 2 ms, max lag 0 ms | adc A0 mean 32282 min 32106 max 32522, A1 mean 32278 min 31981 max 32643
2026-09-28T14:50:04.998+00:00 [   1980.1] FRAME   #158 corr 53% snr 9 dB, fixed 3: 2026-09-28 14:50:03 UTC
2026-09-28T14:50:04.998+00:00 [   1980.1] CLOCK   frame agrees with clock, error -0.5 ms
2026-09-28T14:50:08.599+00:00 [   1983.6] FRAME   #159 corr 36% - not decodable (snr -2 dB)
2026-09-28T14:50:11.000+00:00 [   1986.1] FRAME   #160 corr 62% snr 7 dB, fixed 0: 2026-09-28 14:50:09 UTC
2026-09-28T14:50:11.000+00:00 [   1986.1] CLOCK   frame agrees with clock, error +0.2 ms
2026-09-28T14:50:14.001+00:00 [   1989.1] FRAME   #161 corr 45% snr 3 dB, fixed 1: 2026-09-28 14:50:12 UTC
2026-09-28T14:50:14.001+00:00 [   1989.1] CLOCK   frame agrees with clock, error +0.1 ms
2026-09-28T14:50:15.002+00:00 [   1990.0] STATUS  2026-09-28 14:50:14 UTC | eCzas carrier locked -0.3 Hz noise 12.0 deg lvl0 -42.8 | heard 161, decoded 53, confirmed 53, rejected 0 | DCF77 carrier locked (second marks) -98.1 mHz | clock +6598 ppm (LSE) | cpu 21%, longest block 2 ms, max lag 0 ms | adc A0 mean 32283 min 32101 max 32523, A1 mean 32276 min 31981 max 32641
2026-09-28T14:50:17.603+00:00 [   1992.7] FRAME   #162 corr 66% snr 4 dB, fixed 3 + soft retry: 2026-09-28 14:50:18 UTC
2026-09-28T14:50:17.603+00:00 [   1992.7] CLOCK   REJECTED - differs from clock by -2460 ms
2026-09-28T14:50:23.005+00:00 [   1998.1] FRAME   #163 not decodable, but 97% agrees with the expected frame: 2026-09-28 14:50:21 UTC - confirmed
2026-09-28T14:50:24.806+00:00 [   2000.0] STATUS  2026-09-28 14:50:24 UTC | eCzas carrier locked -0.3 Hz noise 11.9 deg lvl0 -47.6 | heard 163, decoded 54, confirmed 54, rejected 1 | DCF77 carrier locked (second marks) -98.0 mHz | clock +6667 ppm (LSE) | cpu 21%, longest block 2 ms, max lag 0 ms | adc A0 mean 32283 min 32097 max 32533, A1 mean 32281 min 31972 max 32641
2026-09-28T14:50:34.811+00:00 [   2010.0] STATUS  2026-09-28 14:50:34 UTC | eCzas carrier locked -0.3 Hz noise 15.3 deg lvl0 -57.9 | heard 163, decoded 54, confirmed 54, rejected 1 | DCF77 carrier locked (second marks) -98.1 mHz | clock +7051 ppm (LSE) | cpu 21%, longest block 1 ms, max lag 0 ms | adc A0 mean 32283 min 32089 max 32518, A1 mean 32280 min 31976 max 32640
2026-09-28T14:50:44.817+00:00 [   2020.0] STATUS  2026-09-28 14:50:44 UTC | eCzas carrier locked -0.3 Hz noise 13.9 deg lvl0 -55.5 | heard 163, decoded 54, confirmed 54, rejected 1 | DCF77 carrier locked (second marks) -98.1 mHz | clock +6787 ppm (LSE) | cpu 21%, longest block 1 ms, max lag 0 ms | adc A0 mean 32282 min 32105 max 32518, A1 mean 32277 min 31981 max 32638
2026-09-28T14:50:54.829+00:00 [   2030.0] STATUS  2026-09-28 14:50:54 UTC | eCzas carrier locked -0.3 Hz noise 11.1 deg lvl0 -53.7 | heard 163, decoded 54, confirmed 54, rejected 1 | DCF77 carrier locked (second marks) -98.1 mHz | clock +6920 ppm (LSE) | cpu 21%, longest block 1 ms, max lag 0 ms | adc A0 mean 32282 min 32079 max 32532, A1 mean 32277 min 31977 max 32648
2026-09-28T14:50:59.040+00:00 [   2034.1] FRAME   #164 corr 64% snr 6 dB, fixed 0: 2026-09-28 14:50:57 UTC
2026-09-28T14:50:59.040+00:00 [   2034.1] CLOCK   frame agrees with clock, error +0.1 ms
