# NUCLEO-H723ZG receiver log (Wroclaw, ferrite rod, direct sampling; 10 MHz OCXO time base since 28.09 17:15 UTC, steered to the received carriers since 28.09 ~17:40 UTC, carrier-coherent receiver; firmware 4d7468f since 30.09 04:48 UTC (OCXO steering changes only, frame decoder unchanged); frame decoder and timekeeper = eCzas 2.0.5 core), slot S = 2026-09-30 07:41:45 UTC, window S-30 s .. S+45 s
# column 1: host receive time (UTC, NTP); [uptime s]; STATUS / FRAME / CLOCK lines only (DCF77, CARRIER, TIMEMAP, OCXO and audio dump omitted)
2026-09-30T07:41:24.029+00:00 [  10360.0] STATUS  2026-09-30 07:41:23 UTC | eCzas carrier locked +0.0 Hz noise 6.3 deg lvl0 -34.8 | heard 1196, decoded 875, confirmed 0, rejected 6 | DCF77 carrier locked (second marks) -0.1 mHz | clock +6191 ppm (OCXO) | cpu 21%, longest block 1 ms, max lag 0 ms | adc A0 mean 32284 min 32109 max 32520, A1 mean 32286 min 31972 max 32670
2026-09-30T07:41:26.030+00:00 [  10362.0] FRAME   #1197 corr 80% snr 7 dB, fixed 0: 2026-09-30 07:41:24 UTC
2026-09-30T07:41:26.030+00:00 [  10362.0] CLOCK   frame agrees with clock, error +0.1 ms
2026-09-30T07:41:29.031+00:00 [  10365.0] FRAME   #1198 corr 84% snr 8 dB, fixed 0: 2026-09-30 07:41:27 UTC
2026-09-30T07:41:29.031+00:00 [  10365.0] CLOCK   frame agrees with clock, error -0.2 ms
2026-09-30T07:41:34.034+00:00 [  10370.0] STATUS  2026-09-30 07:41:33 UTC | eCzas carrier locked +0.0 Hz noise 7.1 deg lvl0 -36.1 | heard 1198, decoded 877, confirmed 0, rejected 6 | DCF77 carrier locked (second marks) -0.1 mHz | clock +6394 ppm (OCXO) | cpu 21%, longest block 1 ms, max lag 0 ms | adc A0 mean 32283 min 32116 max 32507, A1 mean 32283 min 31971 max 32660
2026-09-30T07:41:36.435+00:00 [  10372.4] FRAME   #1199 corr 34% - not decodable (snr -7 dB)
2026-09-30T07:41:41.037+00:00 [  10377.0] FRAME   #1200 corr 82% snr 8 dB, fixed 0: 2026-09-30 07:41:39 UTC
2026-09-30T07:41:41.037+00:00 [  10377.0] CLOCK   frame agrees with clock, error +0.3 ms
2026-09-30T07:41:44.039+00:00 [  10380.0] STATUS  2026-09-30 07:41:43 UTC | eCzas carrier locked +0.0 Hz noise 7.3 deg lvl0 -35.5 | heard 1200, decoded 878, confirmed 0, rejected 6 | DCF77 carrier locked (second marks) -0.1 mHz | clock +6212 ppm (OCXO) | cpu 21%, longest block 1 ms, max lag 0 ms | adc A0 mean 32284 min 32117 max 32512, A1 mean 32286 min 31965 max 32667
2026-09-30T07:41:44.039+00:00 [  10380.0] FRAME   #1201 corr 82% snr 10 dB, fixed 0: 2026-09-30 07:41:42 UTC
2026-09-30T07:41:44.039+00:00 [  10380.0] CLOCK   frame agrees with clock, error -0.4 ms
2026-09-30T07:41:47.640+00:00 [  10383.5] FRAME   #1202 corr 82% snr 11 dB, fixed 0: 2026-09-30 07:41:48 UTC
2026-09-30T07:41:47.640+00:00 [  10383.5] CLOCK   REJECTED - differs from clock by -2439 ms
2026-09-30T07:41:54.043+00:00 [  10390.0] STATUS  2026-09-30 07:41:53 UTC | eCzas carrier locked +0.0 Hz noise 6.0 deg lvl0 -33.2 | heard 1202, decoded 880, confirmed 0, rejected 7 | DCF77 carrier locked (second marks) -0.1 mHz | clock +6236 ppm (OCXO) | cpu 21%, longest block 1 ms, max lag 0 ms | adc A0 mean 32284 min 32119 max 32512, A1 mean 32286 min 31965 max 32662
2026-09-30T07:41:59.045+00:00 [  10395.0] FRAME   #1203 corr 81% snr 7 dB, fixed 0: 2026-09-30 07:41:57 UTC
2026-09-30T07:41:59.045+00:00 [  10395.0] CLOCK   frame agrees with clock, error +0.0 ms
2026-09-30T07:42:02.046+00:00 [  10398.0] FRAME   #1204 corr 82% snr 10 dB, fixed 0: 2026-09-30 07:42:00 UTC
2026-09-30T07:42:02.047+00:00 [  10398.0] CLOCK   frame agrees with clock, error +0.1 ms
2026-09-30T07:42:04.050+00:00 [  10400.0] STATUS  2026-09-30 07:42:03 UTC | eCzas carrier locked +0.0 Hz noise 7.4 deg lvl0 -35.2 | heard 1204, decoded 882, confirmed 0, rejected 7 | DCF77 carrier locked (second marks) -0.1 mHz | clock +5793 ppm (OCXO) | cpu 21%, longest block 1 ms, max lag 0 ms | adc A0 mean 32284 min 31813 max 32504, A1 mean 32287 min 31967 max 32674
2026-09-30T07:42:05.053+00:00 [  10401.0] FRAME   #1205 corr 82% snr 7 dB, fixed 0: 2026-09-30 07:42:03 UTC
2026-09-30T07:42:05.053+00:00 [  10401.0] CLOCK   frame agrees with clock, error +0.3 ms
2026-09-30T07:42:14.061+00:00 [  10410.0] STATUS  2026-09-30 07:42:13 UTC | eCzas carrier locked +0.0 Hz noise 7.6 deg lvl0 -37.3 | heard 1205, decoded 883, confirmed 0, rejected 7 | DCF77 carrier locked (second marks) -0.1 mHz | clock +6396 ppm (OCXO) | cpu 21%, longest block 1 ms, max lag 0 ms | adc A0 mean 32285 min 32119 max 32509, A1 mean 32288 min 31971 max 32664
2026-09-30T07:42:14.061+00:00 [  10410.0] FRAME   #1206 corr 78% snr 9 dB, fixed 0: 2026-09-30 07:42:12 UTC
2026-09-30T07:42:14.061+00:00 [  10410.0] CLOCK   frame agrees with clock, error +0.4 ms
2026-09-30T07:42:20.066+00:00 [  10416.0] FRAME   #1207 corr 83% snr 10 dB, fixed 0: 2026-09-30 07:42:18 UTC
2026-09-30T07:42:20.066+00:00 [  10416.0] CLOCK   frame agrees with clock, error -0.1 ms
2026-09-30T07:42:24.069+00:00 [  10420.0] STATUS  2026-09-30 07:42:23 UTC | eCzas carrier locked +0.0 Hz noise 6.2 deg lvl0 -31.9 | heard 1207, decoded 885, confirmed 0, rejected 7 | DCF77 carrier locked (second marks) -0.1 mHz | clock +6206 ppm (OCXO) | cpu 21%, longest block 1 ms, max lag 0 ms | adc A0 mean 32284 min 32125 max 32512, A1 mean 32286 min 31965 max 32670
2026-09-30T07:42:29.073+00:00 [  10425.0] FRAME   #1208 corr 78% snr 5 dB, fixed 0: 2026-09-30 07:42:27 UTC
2026-09-30T07:42:29.073+00:00 [  10425.0] CLOCK   frame agrees with clock, error +0.3 ms
