# NUCLEO-H723ZG receiver log (Wroclaw, ferrite rod, direct sampling; carrier-coherent receiver, mixer phase-locked to true time, time base 32.768 kHz crystal (LSE); frame decoder and timekeeper = eCzas 2.0.5 core), slot S = 2026-09-28 16:32:15 UTC, window S-30 s .. S+45 s
# column 1: host receive time (UTC, NTP); [uptime s]; STATUS / FRAME / CLOCK lines only (DCF77, CARRIER, TIMEMAP, OCXO and audio dump omitted)
2026-09-28T16:31:47.029+00:00 [   8082.1] FRAME   #903 not decodable, but 99% agrees with the expected frame: 2026-09-28 16:31:45 UTC - confirmed
2026-09-28T16:31:54.841+00:00 [   8090.0] STATUS  2026-09-28 16:31:54 UTC | eCzas carrier locked -0.4 Hz noise 14.1 deg lvl0 -58.7 | heard 903, decoded 431, confirmed 151, rejected 6 | DCF77 carrier locked (second marks) -122.6 mHz | clock +6990 ppm (LSE) | cpu 21%, longest block 2 ms, max lag 0 ms | adc A0 mean 32283 min 32104 max 32514, A1 mean 32278 min 31978 max 32640
2026-09-28T16:32:02.050+00:00 [   8097.1] FRAME   #904 not decodable, but 94% agrees with the expected frame: 2026-09-28 16:32:00 UTC - confirmed
2026-09-28T16:32:04.859+00:00 [   8100.0] STATUS  2026-09-28 16:32:04 UTC | eCzas carrier locked -0.3 Hz noise 15.5 deg lvl0 -59.5 | heard 904, decoded 431, confirmed 152, rejected 6 | DCF77 carrier locked (second marks) -122.6 mHz | clock +6994 ppm (LSE) | cpu 21%, longest block 2 ms, max lag 0 ms | adc A0 mean 32282 min 32097 max 32528, A1 mean 32278 min 31977 max 32645
2026-09-28T16:32:05.059+00:00 [   8100.1] FRAME   #905 corr 52% snr 3 dB, fixed 1: 2026-09-28 16:32:03 UTC
2026-09-28T16:32:05.059+00:00 [   8100.1] CLOCK   frame agrees with clock, error +0.1 ms
2026-09-28T16:32:08.063+00:00 [   8103.1] FRAME   #906 corr 31% - not decodable (snr -3 dB)
2026-09-28T16:32:11.071+00:00 [   8106.1] FRAME   #907 not decodable, but 92% agrees with the expected frame: 2026-09-28 16:32:09 UTC - confirmed
2026-09-28T16:32:14.874+00:00 [   8110.0] STATUS  2026-09-28 16:32:14 UTC | eCzas carrier locked -0.4 Hz noise 14.7 deg lvl0 -57.8 | heard 907, decoded 432, confirmed 153, rejected 6 | DCF77 carrier locked (second marks) -122.6 mHz | clock +6702 ppm (LSE) | cpu 21%, longest block 2 ms, max lag 0 ms | adc A0 mean 32282 min 32104 max 32521, A1 mean 32279 min 31978 max 32644
2026-09-28T16:32:17.676+00:00 [   8112.7] FRAME   #908 corr 53% snr 7 dB, fixed 1: 2026-09-28 16:32:18 UTC
2026-09-28T16:32:17.676+00:00 [   8112.7] CLOCK   REJECTED - differs from clock by -2459 ms
2026-09-28T16:32:24.880+00:00 [   8120.0] STATUS  2026-09-28 16:32:24 UTC | eCzas carrier locked -0.4 Hz noise 12.2 deg lvl0 -50.4 | heard 908, decoded 433, confirmed 153, rejected 7 | DCF77 carrier locked (second marks) -122.6 mHz | clock +6649 ppm (LSE) | cpu 21%, longest block 1 ms, max lag 0 ms | adc A0 mean 32283 min 32087 max 32519, A1 mean 32281 min 31976 max 32644
2026-09-28T16:32:30.083+00:00 [   8125.2] FRAME   #909 corr 34% - not decodable (snr -4 dB)
2026-09-28T16:32:34.886+00:00 [   8130.0] STATUS  2026-09-28 16:32:34 UTC | eCzas carrier locked -0.4 Hz noise 15.1 deg lvl0 -56.2 | heard 909, decoded 433, confirmed 153, rejected 7 | DCF77 carrier locked (second marks) -122.8 mHz | clock +6688 ppm (LSE) | cpu 21%, longest block 2 ms, max lag 0 ms | adc A0 mean 32283 min 32110 max 32521, A1 mean 32279 min 31982 max 32640
2026-09-28T16:32:44.892+00:00 [   8140.0] STATUS  2026-09-28 16:32:44 UTC | eCzas carrier locked -0.4 Hz noise 12.6 deg lvl0 -57.0 | heard 909, decoded 433, confirmed 153, rejected 7 | DCF77 carrier locked (second marks) -123.0 mHz | clock +6734 ppm (LSE) | cpu 21%, longest block 1 ms, max lag 0 ms | adc A0 mean 32283 min 32112 max 32515, A1 mean 32279 min 31976 max 32645
2026-09-28T16:32:54.897+00:00 [   8150.0] STATUS  2026-09-28 16:32:54 UTC | eCzas carrier locked -0.4 Hz noise 15.8 deg lvl0 -60.0 | heard 909, decoded 433, confirmed 153, rejected 7 | DCF77 carrier locked (second marks) -123.4 mHz | clock +7117 ppm (LSE) | cpu 21%, longest block 1 ms, max lag 0 ms | adc A0 mean 32282 min 32101 max 32536, A1 mean 32278 min 31976 max 32642
2026-09-28T16:32:59.100+00:00 [   8154.1] FRAME   #910 corr 49% snr 0 dB, fixed 3 + soft retry: 2026-09-28 16:32:57 UTC
2026-09-28T16:32:59.100+00:00 [   8154.1] CLOCK   frame agrees with clock, error -0.7 ms
