# NUCLEO-H723ZG receiver log (Wroclaw, ferrite rod, direct sampling; 10 MHz OCXO time base since 28.09 17:15 UTC, steered to the received carriers since 28.09 ~17:40 UTC, carrier-coherent receiver; frame decoder and timekeeper = eCzas 2.0.5 core), slot S = 2026-09-28 20:36:39 UTC, window S-30 s .. S+45 s
# column 1: host receive time (UTC, NTP); [uptime s]; STATUS / FRAME / CLOCK lines only (DCF77, CARRIER, TIMEMAP, OCXO and audio dump omitted)
2026-09-28T20:36:10.987+00:00 [    429.0] FRAME   #57 corr 46% - not decodable (snr -1 dB)
2026-09-28T20:36:11.988+00:00 [    430.0] STATUS  2026-09-28 20:36:11 UTC | eCzas carrier locked +0.0 Hz noise 6.5 deg lvl0 -34.5 | heard 57, decoded 37, confirmed 0, rejected 1 | DCF77 carrier tracking, not verified -0.2 mHz | clock +6509 ppm (OCXO) | cpu 21%, longest block 1 ms, max lag 0 ms | adc A0 mean 32278 min 32116 max 32586, A1 mean 32274 min 31955 max 32726
2026-09-28T20:36:13.989+00:00 [    432.0] FRAME   #58 corr 82% snr 9 dB, fixed 0: 2026-09-28 20:36:12 UTC
2026-09-28T20:36:13.989+00:00 [    432.0] CLOCK   frame agrees with clock, error -0.4 ms
2026-09-28T20:36:22.001+00:00 [    440.0] STATUS  2026-09-28 20:36:21 UTC | eCzas carrier locked +0.0 Hz noise 6.3 deg lvl0 -34.6 | heard 58, decoded 38, confirmed 0, rejected 1 | DCF77 carrier tracking, not verified -0.2 mHz | clock +6511 ppm (OCXO) | cpu 21%, longest block 1 ms, max lag 0 ms | adc A0 mean 32278 min 32111 max 32503, A1 mean 32276 min 31968 max 32650
2026-09-28T20:36:32.016+00:00 [    450.0] STATUS  2026-09-28 20:36:31 UTC | eCzas carrier locked +0.0 Hz noise 7.1 deg lvl0 -36.2 | heard 58, decoded 38, confirmed 0, rejected 1 | DCF77 carrier tracking, not verified -0.2 mHz | clock +6645 ppm (OCXO) | cpu 21%, longest block 1 ms, max lag 0 ms | adc A0 mean 32278 min 32109 max 32501, A1 mean 32274 min 31965 max 32660
2026-09-28T20:36:36.419+00:00 [    454.4] FRAME   #59 corr 44% - not decodable (snr -4 dB)
2026-09-28T20:36:38.026+00:00 [    456.0] FRAME   #60 corr 80% snr 7 dB, fixed 0: 2026-09-28 20:36:36 UTC
2026-09-28T20:36:38.026+00:00 [    456.0] CLOCK   frame agrees with clock, error +0.0 ms
2026-09-28T20:36:41.633+00:00 [    459.6] FRAME   #61 corr 83% snr 8 dB, fixed 0: 2026-09-28 20:36:42 UTC
2026-09-28T20:36:41.633+00:00 [    459.6] CLOCK   REJECTED - differs from clock by -2420 ms
2026-09-28T20:36:42.034+00:00 [    460.0] STATUS  2026-09-28 20:36:41 UTC | eCzas carrier locked +0.0 Hz noise 6.8 deg lvl0 -33.4 | heard 61, decoded 40, confirmed 0, rejected 2 | DCF77 carrier tracking, not verified -0.2 mHz | clock +6513 ppm (OCXO) | cpu 21%, longest block 2 ms, max lag 0 ms | adc A0 mean 32277 min 32117 max 32536, A1 mean 32275 min 31952 max 32670
2026-09-28T20:36:47.047+00:00 [    465.0] FRAME   #62 corr 83% snr 9 dB, fixed 0: 2026-09-28 20:36:45 UTC
2026-09-28T20:36:47.047+00:00 [    465.0] CLOCK   frame agrees with clock, error -0.2 ms
2026-09-28T20:36:50.055+00:00 [    468.0] FRAME   #63 corr 44% - not decodable (snr -3 dB)
2026-09-28T20:36:52.057+00:00 [    470.0] STATUS  2026-09-28 20:36:51 UTC | eCzas carrier locked +0.0 Hz noise 6.2 deg lvl0 -35.8 | heard 63, decoded 41, confirmed 0, rejected 2 | DCF77 carrier tracking, not verified -0.2 mHz | clock +6422 ppm (OCXO) | cpu 21%, longest block 1 ms, max lag 0 ms | adc A0 mean 32278 min 32110 max 32503, A1 mean 32276 min 31964 max 32652
2026-09-28T20:36:59.072+00:00 [    477.0] FRAME   #64 corr 81% snr 8 dB, fixed 0: 2026-09-28 20:36:57 UTC
2026-09-28T20:36:59.072+00:00 [    477.0] CLOCK   frame agrees with clock, error +0.2 ms
2026-09-28T20:37:02.076+00:00 [    480.0] STATUS  2026-09-28 20:37:01 UTC | eCzas carrier locked +0.0 Hz noise 6.0 deg lvl0 -34.1 | heard 64, decoded 42, confirmed 0, rejected 2 | DCF77 carrier tracking, not verified -0.2 mHz | clock +6759 ppm (OCXO) | cpu 21%, longest block 1 ms, max lag 0 ms | adc A0 mean 32277 min 32116 max 32543, A1 mean 32274 min 31959 max 32652
2026-09-28T20:37:05.078+00:00 [    483.0] FRAME   #65 corr 82% snr 11 dB, fixed 0: 2026-09-28 20:37:03 UTC
2026-09-28T20:37:05.078+00:00 [    483.0] CLOCK   frame agrees with clock, error +0.0 ms
2026-09-28T20:37:12.085+00:00 [    490.0] STATUS  2026-09-28 20:37:11 UTC | eCzas carrier locked +0.0 Hz noise 5.9 deg lvl0 -34.8 | heard 65, decoded 43, confirmed 0, rejected 2 | DCF77 carrier tracking, not verified -0.2 mHz | clock +6348 ppm (OCXO) | cpu 21%, longest block 1 ms, max lag 0 ms | adc A0 mean 32278 min 32115 max 32500, A1 mean 32276 min 31962 max 32660
2026-09-28T20:37:14.087+00:00 [    492.0] FRAME   #66 corr 79% snr 6 dB, fixed 0: 2026-09-28 20:37:12 UTC
2026-09-28T20:37:14.087+00:00 [    492.0] CLOCK   frame agrees with clock, error -0.3 ms
2026-09-28T20:37:15.490+00:00 [    493.4] FRAME   #67 corr 32% - not decodable (snr -9 dB)
2026-09-28T20:37:17.093+00:00 [    495.0] FRAME   #68 corr 83% snr 10 dB, fixed 0: 2026-09-28 20:37:15 UTC
2026-09-28T20:37:17.093+00:00 [    495.0] CLOCK   frame agrees with clock, error +0.2 ms
2026-09-28T20:37:22.098+00:00 [    500.0] STATUS  2026-09-28 20:37:21 UTC | eCzas carrier locked +0.0 Hz noise 6.0 deg lvl0 -33.3 | heard 68, decoded 45, confirmed 0, rejected 2 | DCF77 carrier tracking, not verified -0.3 mHz | clock +6677 ppm (OCXO) | cpu 21%, longest block 2 ms, max lag 0 ms | adc A0 mean 32278 min 32111 max 32501, A1 mean 32275 min 31964 max 32661
