# NUCLEO-H723ZG receiver log (Wroclaw, ferrite rod, direct sampling; 10 MHz OCXO time base since 28.09 17:15 UTC, steered to the received carriers since 28.09 ~17:40 UTC, carrier-coherent receiver; frame decoder and timekeeper = eCzas 2.0.5 core), slot S = 2026-09-29 17:40:21 UTC, window S-30 s .. S+45 s
# column 1: host receive time (UTC, NTP); [uptime s]; STATUS / FRAME / CLOCK lines only (DCF77, CARRIER, TIMEMAP, OCXO and audio dump omitted)
2026-09-29T17:39:56.752+00:00 [  25170.0] STATUS  2026-09-29 17:39:56 UTC | eCzas carrier locked +0.0 Hz noise 7.5 deg lvl0 -35.0 | heard 2889, decoded 2012, confirmed 0, rejected 9 | DCF77 carrier locked (second marks) +0.0 mHz | clock +6905 ppm (OCXO) | cpu 21%, longest block 1 ms, max lag 0 ms | adc A0 mean 32276 min 32115 max 32497, A1 mean 32273 min 31957 max 32647
2026-09-29T17:40:04.956+00:00 [  25178.2] FRAME   #2890 corr 75% snr 8 dB, fixed 0: 2026-09-29 17:40:03 UTC
2026-09-29T17:40:04.956+00:00 [  25178.2] CLOCK   frame agrees with clock, error -0.5 ms
2026-09-29T17:40:06.757+00:00 [  25180.0] STATUS  2026-09-29 17:40:06 UTC | eCzas carrier locked +0.0 Hz noise 7.5 deg lvl0 -33.5 | heard 2890, decoded 2013, confirmed 0, rejected 9 | DCF77 carrier locked (second marks) +0.0 mHz | clock +6519 ppm (OCXO) | cpu 21%, longest block 1 ms, max lag 0 ms | adc A0 mean 32277 min 32120 max 32502, A1 mean 32274 min 31963 max 32648
2026-09-29T17:40:16.763+00:00 [  25190.0] STATUS  2026-09-29 17:40:16 UTC | eCzas carrier locked +0.0 Hz noise 8.4 deg lvl0 -38.5 | heard 2890, decoded 2013, confirmed 0, rejected 9 | DCF77 carrier locked (second marks) +0.0 mHz | clock +6362 ppm (OCXO) | cpu 21%, longest block 1 ms, max lag 0 ms | adc A0 mean 32276 min 32100 max 32551, A1 mean 32273 min 31963 max 32641
2026-09-29T17:40:16.963+00:00 [  25190.2] FRAME   #2891 corr 73% snr 6 dB, fixed 1: 2026-09-29 17:40:15 UTC
2026-09-29T17:40:16.963+00:00 [  25190.2] CLOCK   frame agrees with clock, error +0.3 ms
2026-09-29T17:40:23.566+00:00 [  25196.8] FRAME   #2892 corr 80% snr 9 dB, fixed 3: 2026-09-29 17:40:24 UTC
2026-09-29T17:40:23.566+00:00 [  25196.8] CLOCK   REJECTED - differs from clock by -2439 ms
2026-09-29T17:40:26.768+00:00 [  25200.0] STATUS  2026-09-29 17:40:26 UTC | eCzas carrier locked +0.0 Hz noise 7.2 deg lvl0 -35.2 | heard 2892, decoded 2015, confirmed 0, rejected 10 | DCF77 carrier locked (second marks) +0.0 mHz | clock +6774 ppm (OCXO) | cpu 21%, longest block 8 ms, max lag 0 ms | adc A0 mean 32275 min 32111 max 32497, A1 mean 32271 min 31963 max 32651
2026-09-29T17:40:36.773+00:00 [  25210.0] STATUS  2026-09-29 17:40:36 UTC | eCzas carrier locked +0.0 Hz noise 6.8 deg lvl0 -36.5 | heard 2892, decoded 2015, confirmed 0, rejected 10 | DCF77 carrier locked (second marks) +0.0 mHz | clock +6475 ppm (OCXO) | cpu 21%, longest block 9 ms, max lag 4 ms | adc A0 mean 32276 min 32118 max 32495, A1 mean 32273 min 31960 max 32661
2026-09-29T17:40:43.976+00:00 [  25217.2] FRAME   #2893 corr 79% snr 9 dB, fixed 2: 2026-09-29 17:40:42 UTC
2026-09-29T17:40:43.976+00:00 [  25217.2] CLOCK   frame agrees with clock, error +0.0 ms
2026-09-29T17:40:46.777+00:00 [  25220.0] STATUS  2026-09-29 17:40:46 UTC | eCzas carrier locked +0.0 Hz noise 7.1 deg lvl0 -33.0 | heard 2893, decoded 2016, confirmed 0, rejected 10 | DCF77 carrier locked (second marks) +0.0 mHz | clock +6385 ppm (OCXO) | cpu 21%, longest block 1 ms, max lag 0 ms | adc A0 mean 32276 min 32112 max 32508, A1 mean 32273 min 31958 max 32661
2026-09-29T17:40:52.980+00:00 [  25226.2] FRAME   #2894 corr 46% - not decodable (snr -4 dB)
2026-09-29T17:40:55.981+00:00 [  25229.2] FRAME   #2895 corr 80% snr 9 dB, fixed 0: 2026-09-29 17:40:54 UTC
2026-09-29T17:40:55.981+00:00 [  25229.2] CLOCK   frame agrees with clock, error +0.2 ms
2026-09-29T17:40:56.782+00:00 [  25230.0] STATUS  2026-09-29 17:40:56 UTC | eCzas carrier locked +0.0 Hz noise 7.3 deg lvl0 -33.8 | heard 2895, decoded 2017, confirmed 0, rejected 10 | DCF77 carrier locked (second marks) +0.0 mHz | clock +6256 ppm (OCXO) | cpu 21%, longest block 1 ms, max lag 0 ms | adc A0 mean 32276 min 32105 max 32493, A1 mean 32271 min 31957 max 32653
2026-09-29T17:41:04.986+00:00 [  25238.2] FRAME   #2896 corr 82% snr 10 dB, fixed 0: 2026-09-29 17:41:03 UTC
2026-09-29T17:41:04.986+00:00 [  25238.2] CLOCK   frame agrees with clock, error -0.1 ms
