# NUCLEO-H723ZG receiver log (Wroclaw, ferrite rod, direct sampling; 10 MHz OCXO time base since 28.09 17:15 UTC, steered to the received carriers since 28.09 ~17:40 UTC, carrier-coherent receiver; frame decoder and timekeeper = eCzas 2.0.5 core), slot S = 2026-09-29 04:05:00 UTC, window S-30 s .. S+45 s
# column 1: host receive time (UTC, NTP); [uptime s]; STATUS / FRAME / CLOCK lines only (DCF77, CARRIER, TIMEMAP, OCXO and audio dump omitted)
2026-09-29T04:04:32.830+00:00 [  13740.0] STATUS  2026-09-29 04:04:32 UTC | eCzas carrier locked +0.0 Hz noise 6.9 deg lvl0 -36.1 | heard 1549, decoded 1121, confirmed 2, rejected 9 | DCF77 carrier locked (second marks) -0.1 mHz | clock +6347 ppm (OCXO) | cpu 20%, longest block 1 ms, max lag 0 ms | adc A0 mean 32283 min 32111 max 32511, A1 mean 32282 min 31959 max 32657
2026-09-29T04:04:36.434+00:00 [  13743.7] FRAME   #1550 corr 40% - not decodable (snr -5 dB)
2026-09-29T04:04:42.643+00:00 [  13750.0] STATUS  2026-09-29 04:04:42 UTC | eCzas carrier locked +0.0 Hz noise 7.0 deg lvl0 -36.8 | heard 1550, decoded 1121, confirmed 2, rejected 9 | DCF77 carrier locked (second marks) -0.1 mHz | clock +6113 ppm (OCXO) | cpu 20%, longest block 2 ms, max lag 0 ms | adc A0 mean 32282 min 32120 max 32509, A1 mean 32281 min 31970 max 32654
2026-09-29T04:04:47.054+00:00 [  13754.3] FRAME   #1551 corr 84% snr 8 dB, fixed 0: 2026-09-29 04:04:45 UTC
2026-09-29T04:04:47.054+00:00 [  13754.3] CLOCK   frame agrees with clock, error +0.4 ms
2026-09-29T04:04:52.662+00:00 [  13760.0] STATUS  2026-09-29 04:04:52 UTC | eCzas carrier locked +0.0 Hz noise 7.1 deg lvl0 -34.8 | heard 1551, decoded 1122, confirmed 2, rejected 9 | DCF77 carrier locked (second marks) -0.1 mHz | clock +6441 ppm (OCXO) | cpu 20%, longest block 1 ms, max lag 0 ms | adc A0 mean 32283 min 32113 max 32503, A1 mean 32283 min 31966 max 32666
2026-09-29T04:05:02.683+00:00 [  13769.9] FRAME   #1552 corr 83% snr 9 dB, fixed 0: 2026-09-29 04:05:03 UTC
2026-09-29T04:05:02.683+00:00 [  13769.9] CLOCK   REJECTED - differs from clock by -2439 ms
2026-09-29T04:05:02.684+00:00 [  13770.0] STATUS  2026-09-29 04:05:02 UTC | eCzas carrier locked +0.0 Hz noise 7.2 deg lvl0 -34.0 | heard 1552, decoded 1123, confirmed 2, rejected 10 | DCF77 carrier locked (second marks) -0.1 mHz | clock +6205 ppm (OCXO) | cpu 20%, longest block 1 ms, max lag 0 ms | adc A0 mean 32282 min 32115 max 32511, A1 mean 32282 min 31964 max 32657
2026-09-29T04:05:12.708+00:00 [  13780.0] STATUS  2026-09-29 04:05:12 UTC | eCzas carrier locked +0.0 Hz noise 5.8 deg lvl0 -33.6 | heard 1552, decoded 1123, confirmed 2, rejected 10 | DCF77 carrier locked (second marks) -0.1 mHz | clock +6179 ppm (OCXO) | cpu 20%, longest block 1 ms, max lag 0 ms | adc A0 mean 32282 min 32112 max 32509, A1 mean 32281 min 31971 max 32652
2026-09-29T04:05:22.719+00:00 [  13790.0] STATUS  2026-09-29 04:05:22 UTC | eCzas carrier locked +0.0 Hz noise 6.3 deg lvl0 -34.2 | heard 1552, decoded 1123, confirmed 2, rejected 10 | DCF77 carrier locked (second marks) -0.1 mHz | clock +6341 ppm (OCXO) | cpu 20%, longest block 1 ms, max lag 0 ms | adc A0 mean 32282 min 32110 max 32520, A1 mean 32282 min 31960 max 32673
2026-09-29T04:05:29.131+00:00 [  13796.3] FRAME   #1553 corr 83% snr 11 dB, fixed 0: 2026-09-29 04:05:27 UTC
2026-09-29T04:05:29.132+00:00 [  13796.3] CLOCK   frame agrees with clock, error -0.3 ms
2026-09-29T04:05:32.736+00:00 [  13800.0] STATUS  2026-09-29 04:05:32 UTC | eCzas carrier locked +0.0 Hz noise 6.2 deg lvl0 -33.3 | heard 1553, decoded 1124, confirmed 2, rejected 10 | DCF77 carrier locked (second marks) -0.1 mHz | clock +6440 ppm (OCXO) | cpu 20%, longest block 24 ms, max lag 0 ms | adc A0 mean 32282 min 32115 max 32505, A1 mean 32281 min 31968 max 32660
2026-09-29T04:05:36.340+00:00 [  13803.7] FRAME   #1554 corr 36% - not decodable (snr -7 dB)
2026-09-29T04:05:41.150+00:00 [  13808.3] FRAME   #1555 corr 78% snr 9 dB, fixed 0: 2026-09-29 04:05:39 UTC
2026-09-29T04:05:41.150+00:00 [  13808.3] CLOCK   frame agrees with clock, error +0.5 ms
2026-09-29T04:05:42.753+00:00 [  13810.0] STATUS  2026-09-29 04:05:42 UTC | eCzas carrier locked +0.0 Hz noise 7.0 deg lvl0 -34.7 | heard 1555, decoded 1125, confirmed 2, rejected 10 | DCF77 carrier locked (second marks) +0.0 mHz | clock +6446 ppm (OCXO) | cpu 20%, longest block 1 ms, max lag 19 ms | adc A0 mean 32282 min 32113 max 32516, A1 mean 32281 min 31966 max 32668
2026-09-29T04:05:43.954+00:00 [  13811.3] FRAME   #1556 corr 86% snr 9 dB, fixed 0: 2026-09-29 04:05:42 UTC
2026-09-29T04:05:43.954+00:00 [  13811.3] CLOCK   frame agrees with clock, error +0.3 ms
